#0 building with "desktop-linux" instance using docker driver

#1 [internal] load build definition from Dockerfile.qualification
#1 transferring dockerfile:
#1 transferring dockerfile: 836B 0.1s done
#1 DONE 0.5s

#2 [internal] load metadata for docker.io/library/python:3.14.7-slim
#2 ...

#3 [internal] load metadata for ghcr.io/astral-sh/uv:0.12.9
#3 DONE 1.1s

#2 [internal] load metadata for docker.io/library/python:3.14.7-slim
#2 DONE 1.5s

#4 [internal] load .dockerignore
#4 transferring context:
#4 transferring context: 164B 0.2s done
#4 DONE 0.8s

#5 [uv 1/1] FROM ghcr.io/astral-sh/uv:0.12.9@sha256:8b940d3a9d65bed080436972241af2e21c84b5e8c9193f7014ed71479ee795ff
#5 resolve ghcr.io/astral-sh/uv:0.12.9@sha256:8b940d3a9d65bed080436972241af2e21c84b5e8c9193f7014ed71479ee795ff 0.3s done
#5 DONE 0.4s

#6 [stage-1 1/8] FROM docker.io/library/python:3.14.7-slim@sha256:51dafde81dbdb6ebde285137a295cf18a47ca95234fe388a343719cb97305b3d
#6 resolve docker.io/library/python:3.14.7-slim@sha256:51dafde81dbdb6ebde285137a295cf18a47ca95234fe388a343719cb97305b3d 0.3s done
#6 DONE 0.4s

#7 [internal] load build context
#7 transferring context: 4.46MB 4.2s
#7 transferring context: 4.55MB 4.3s done
#7 DONE 4.7s

#8 [stage-1 6/8] RUN /app/.venv/bin/playwright install --with-deps --only-shell chromium && apt-get install -y --no-install-recommends poppler-utils && chmod -R a+rX /ms-playwright && rm -rf /var/lib/apt/lists/*
#8 CACHED

#9 [stage-1 7/8] COPY source/ ./
#9 DONE 2.1s

#10 [stage-1 8/8] RUN groupadd --gid 10001 qualification && useradd --uid 10001 --gid 10001 --no-create-home qualification
#10 DONE 8.0s

#11 exporting to image
#11 exporting layers
#11 exporting layers 3.8s done
#11 exporting manifest sha256:9fd98d6ffbb2e4172cd9feea251cceb1e88944e5c81291517b29477e9cb3ee3f 0.1s done
#11 exporting config sha256:df71483d85c711a89c3387395119788e4f9f12f71ac3aa8958cb8235e7a79bb1 0.1s done
#11 exporting attestation manifest sha256:f78387e521c13b101a65303ef63f07576b9b1a7b7d81cafa06e2f47252bc93f7
#11 exporting attestation manifest sha256:f78387e521c13b101a65303ef63f07576b9b1a7b7d81cafa06e2f47252bc93f7 0.3s done
#11 exporting manifest list sha256:5a87efcc28f3e425c22638bad3c94ddccd266f612c8ad020521833bc536676f6
#11 exporting manifest list sha256:5a87efcc28f3e425c22638bad3c94ddccd266f612c8ad020521833bc536676f6 0.2s done
#11 naming to docker.io/library/stewardence-local-qualification:stewardence-local-f416c70ee7
#11 naming to docker.io/library/stewardence-local-qualification:stewardence-local-f416c70ee7 0.0s done
#11 unpacking to docker.io/library/stewardence-local-qualification:stewardence-local-f416c70ee7
#11 unpacking to docker.io/library/stewardence-local-qualification:stewardence-local-f416c70ee7 2.1s done
#11 DONE 7.8s
