Operations to perform:
  Apply all migrations: accounts, assessments, audit, auth, billing, catalog, contenttypes, imports, integrations, inventory, jobs, organizations, policies, reports, reviews, sessions
Running migrations:
  Applying contenttypes.0001_initial... OK
  Applying contenttypes.0002_remove_content_type_name... OK
  Applying auth.0001_initial... OK
  Applying auth.0002_alter_permission_name_max_length... OK
  Applying auth.0003_alter_user_email_max_length... OK
  Applying auth.0004_alter_user_username_opts... OK
  Applying auth.0005_alter_user_last_login_null... OK
  Applying auth.0006_require_contenttypes_0002... OK
  Applying auth.0007_alter_validators_add_error_messages... OK
  Applying auth.0008_alter_user_username_max_length... OK
  Applying auth.0009_alter_user_last_name_max_length... OK
  Applying auth.0010_alter_group_name_max_length... OK
  Applying auth.0011_update_proxy_permissions... OK
  Applying auth.0012_alter_user_first_name_max_length... OK
  Applying accounts.0001_initial... OK
  Applying sessions.0001_initial... OK
  Applying organizations.0001_initial... OK
  Applying inventory.0001_initial... OK
  Applying inventory.0002_database_security... OK
  Applying catalog.0001_initial... OK
  Applying inventory.0003_remove_inventoryitem_product_id_and_more... OK
  Applying assessments.0001_initial... OK
  Applying assessments.0002_snapshot_security... OK
  Applying audit.0001_initial... OK
  Applying audit.0002_audit_security... OK
  Applying reports.0001_initial... OK
  Applying reports.0002_report_security... OK
  Applying reports.0003_reportartifact... OK
  Applying reports.0004_reportartifact_security... OK
  Applying organizations.0002_public_onboarding... OK
  Applying organizations.0003_workflow_profile... OK
  Applying jobs.0001_initial... OK
  Applying jobs.0002_job_security... OK
  Applying jobs.0003_recovery_receipts... OK
  Applying jobs.0004_receipt_admission... OK
  Applying jobs.0005_atomic_recovery_admission... OK
  Applying jobs.0006_corecontrol_workflowschedule_actioncardrevision_and_more... OK
  Applying jobs.0007_core_workflow_security... OK
  Applying jobs.0008_worker_transition_authority... OK
  Applying billing.0001_initial... OK
  Applying billing.0002_stripewebhookevent... OK
  Applying billing.0003_founderslot... OK
  Applying billing.0004_founderslot_reservation_token... OK
  Applying billing.0005_billing_security... OK
  Applying jobs.0009_core_issuance_authority... OK
  Applying jobs.0010_job_input_admission... OK
  Applying jobs.0011_action_card_issuance... OK
  Applying jobs.0012_core_authority_successor... OK
  Applying billing.0006_paid_coverage... OK
  Applying billing.0007_ingester_effects... OK
  Applying billing.0008_checkout_intent... OK
  Applying billing.0009_customer_request... OK
  Applying catalog.0002_catalog_security... OK
  Applying imports.0001_initial... OK
  Applying imports.0002_import_staging_security... OK
  Applying integrations.0001_initial... OK
  Applying integrations.0002_providerconnection_providerattempt_providerevent_and_more... OK
  Applying inventory.0004_discovery_evidence... OK
  Applying inventory.0005_discovery_security... OK
  Applying inventory.0006_detectionevidence_inventory_item_and_more... OK
  Applying inventory.0007_inventoryitem_declared_fields... OK
  Applying jobs.0013_paid_entitlement... OK
  Applying jobs.0014_decision_desk... OK
  Applying policies.0001_initial... OK
  Applying policies.0002_organization_rule_security... OK
  Applying policies.0003_remove_organizationrule_unique_organization_rule_name_and_more... OK
  Applying reviews.0001_initial... OK
  Applying reviews.0002_pack_lifecycle... OK
..............F..................................................        [100%]
=================================== FAILURES ===================================
______________ test_head_lock_wait_cannot_reuse_pre_expiry_lease _______________

pack_context = (<User: reports@example.com>, <Organization: Report Firm>, <AssessmentSnapshot: 25b32da9-fdb6-459a-a723-ae07347e951f v1>, <PackIdentity: PackIdentity object (a42cfd36-cc4c-4bfe-afc0-9b681d1d41d4)>)
report_context = (<User: reports@example.com>, <Organization: Report Firm>, <OrganizationMember: reports@example.com — Report Firm (Owner)>, <InventoryItem: Payroll Assistant>, <AssessmentSnapshot: 25b32da9-fdb6-459a-a723-ae07347e951f v1>)
enabled = None
tmp_path = PosixPath('/tmp/pytest-of-qualification/pytest-0/test_head_lock_wait_cannot_reu0')

    def test_head_lock_wait_cannot_reuse_pre_expiry_lease(pack_context,report_context,enabled,tmp_path):
        import threading
        import time
        user,org,snapshot,firstpack=pack_context
        request(pack_context,promote_baseline=True)
        firstjob=claimed(pack_context)
        execute_claimed_job(JobExecution(job=firstjob,worker_id='review-qualification'),handler(tmp_path),using='worker_runtime')
        next_snapshot=create_assessment_snapshot(organization_id=org.id,created_by_id=user.id,
            assessed_item_id=report_context[3].id,roi_inputs=_roi_inputs(),
            captured_at=snapshot.captured_at+timedelta(days=1),previous_snapshot=snapshot)
        cycle=open_cycle(organization_id=org.id,actor_id=user.id,input_snapshot_id=next_snapshot.id,using='app_runtime')
        pack=freeze_cycle(cycle_id=cycle.id,organization_id=org.id,actor_id=user.id,expected_revision=1,using='app_runtime')
        staged=request((user,org,next_snapshot,pack),promote_baseline=True)
        BackgroundJob.objects.filter(id=staged.job_id).update(priority=-200)
        job=claim_next_job('review-qualification',using='worker_runtime')
        assert job.id==staged.job_id
        wrapped=handler(tmp_path)
        with tenant_transaction(org.id,using='worker_runtime'):
            prepared=wrapped.prepare(job)
        result=wrapped.execute_external(prepared,lambda:None)
        with connections['default'].cursor() as cursor:
            cursor.execute("UPDATE background_jobs SET lock_expires_at=clock_timestamp()+interval '3 seconds' WHERE id=%s",[job.id])
        outcome=[]
        def attempt():
            try:
                with tenant_transaction(org.id,using='worker_runtime'):
                    wrapped.persist(job,result)
                outcome.append('admitted')
            except DatabaseError as error:
                outcome.append('denied' if 'completion authority unavailable' in str(error) else type(error).__name__)
            finally:
                connections['worker_runtime'].close()
        thread=threading.Thread(target=attempt)
        try:
            with transaction.atomic():
                with connections['default'].cursor() as cursor:
                    cursor.execute('SELECT revision FROM review_baseline_heads WHERE organization_id=%s FOR UPDATE',[org.id])
                    assert cursor.fetchone()[0]==1
                thread.start()
                deadline=time.monotonic()+8
                observed=False
                expired=False
                while time.monotonic()<deadline:
                    with connections['default'].cursor() as cursor:
                        cursor.execute("SELECT EXISTS(SELECT 1 FROM pg_stat_activity a JOIN pg_locks l ON l.pid=a.pid WHERE a.usename='agentledger_worker' AND position('app_private.complete_review_pack' in a.query)>0 AND l.locktype='transactionid' AND NOT l.granted)")
                        observed=observed or cursor.fetchone()[0]
                        cursor.execute('SELECT clock_timestamp()>lock_expires_at FROM background_jobs WHERE id=%s',[job.id])
                        expired=cursor.fetchone()[0]
                    if observed and expired:
                        break
                    threading.Event().wait(.02)
>               assert observed,'Actual worker did not reach the head row-lock barrier'
E               AssertionError: Actual worker did not reach the head row-lock barrier
E               assert False

tests/test_review_pack_lifecycle.py:256: AssertionError
=========================== short test summary info ============================
FAILED tests/test_review_pack_lifecycle.py::test_head_lock_wait_cannot_reuse_pre_expiry_lease
1 failed, 64 passed in 79.01s (0:01:19)
