#0 building with "desktop-linux" instance using docker driver

#1 [internal] load build definition from Dockerfile.qualification
#1 transferring dockerfile:
#1 transferring dockerfile: 836B 0.1s done
#1 DONE 0.3s

#2 [internal] load metadata for ghcr.io/astral-sh/uv:0.12.9
#2 ...

#3 [auth] library/python:pull token for registry-1.docker.io
#3 DONE 0.0s

#4 [internal] load metadata for docker.io/library/python:3.14.7-slim
#4 ...

#2 [internal] load metadata for ghcr.io/astral-sh/uv:0.12.9
#2 DONE 4.2s

#4 [internal] load metadata for docker.io/library/python:3.14.7-slim
#4 DONE 4.7s

#5 [internal] load .dockerignore
#5 transferring context: 164B 0.1s done
#5 DONE 0.2s

#6 [internal] load build context
#6 DONE 0.0s

#7 [stage-1 1/8] FROM docker.io/library/python:3.14.7-slim@sha256:51dafde81dbdb6ebde285137a295cf18a47ca95234fe388a343719cb97305b3d
#7 resolve docker.io/library/python:3.14.7-slim@sha256:51dafde81dbdb6ebde285137a295cf18a47ca95234fe388a343719cb97305b3d
#7 resolve docker.io/library/python:3.14.7-slim@sha256:51dafde81dbdb6ebde285137a295cf18a47ca95234fe388a343719cb97305b3d 0.3s done
#7 DONE 0.3s

#8 [uv 1/1] FROM ghcr.io/astral-sh/uv:0.12.9@sha256:8b940d3a9d65bed080436972241af2e21c84b5e8c9193f7014ed71479ee795ff
#8 resolve ghcr.io/astral-sh/uv:0.12.9@sha256:8b940d3a9d65bed080436972241af2e21c84b5e8c9193f7014ed71479ee795ff 0.2s done
#8 DONE 0.3s

#6 [internal] load build context
#6 transferring context: 335.97kB 0.8s done
#6 DONE 1.1s

#9 [stage-1 2/8] COPY --from=uv /uv /bin/uv
#9 CACHED

#10 [stage-1 3/8] WORKDIR /app
#10 CACHED

#11 [stage-1 4/8] COPY source/pyproject.toml source/uv.lock ./
#11 CACHED

#12 [stage-1 5/8] RUN uv sync --frozen --no-install-project
#12 CACHED

#13 [stage-1 6/8] RUN /app/.venv/bin/playwright install --with-deps --only-shell chromium && apt-get install -y --no-install-recommends poppler-utils && chmod -R a+rX /ms-playwright && rm -rf /var/lib/apt/lists/*
#13 CACHED

#14 [stage-1 7/8] COPY source/ ./
#14 DONE 8.6s

#15 [stage-1 8/8] RUN groupadd --gid 10001 qualification && useradd --uid 10001 --gid 10001 --no-create-home qualification
#15 DONE 11.6s

#16 exporting to image
#16 exporting layers
#16 exporting layers 2.2s done
#16 exporting manifest sha256:bfd06da359c1d474696ce19602a6bd1335c611f30b155a29e76e0423037da543 0.1s done
#16 exporting config sha256:d630a78e351031ce1aadfca8047fce369fa9b76a87d67871c0af4fb3c8373e5d 0.1s done
#16 exporting attestation manifest sha256:93a4ea2b8b4b2d34a27285bda5e75d40ab4ed58750b08bc059aabdaeef7ac272
#16 exporting attestation manifest sha256:93a4ea2b8b4b2d34a27285bda5e75d40ab4ed58750b08bc059aabdaeef7ac272 0.2s done
#16 exporting manifest list sha256:9b64e9fcc794565b659cea579e8dcbac492523f3ed90db057c23a243f855e614
#16 exporting manifest list sha256:9b64e9fcc794565b659cea579e8dcbac492523f3ed90db057c23a243f855e614 0.1s done
#16 naming to docker.io/library/stewardence-local-qualification:stewardence-local-e32df75709 done
#16 unpacking to docker.io/library/stewardence-local-qualification:stewardence-local-e32df75709
#16 unpacking to docker.io/library/stewardence-local-qualification:stewardence-local-e32df75709 1.4s done
#16 DONE 4.3s
