#0 building with "desktop-linux" instance using docker driver

#1 [internal] load build definition from Dockerfile.qualification
#1 transferring dockerfile: 836B 0.0s done
#1 DONE 0.1s

#2 [internal] load metadata for docker.io/library/python:3.14.7-slim
#2 ...

#3 [internal] load metadata for ghcr.io/astral-sh/uv:0.12.9
#3 DONE 0.2s

#2 [internal] load metadata for docker.io/library/python:3.14.7-slim
#2 DONE 0.3s

#4 [internal] load .dockerignore
#4 transferring context: 164B 0.0s done
#4 DONE 0.1s

#5 [uv 1/1] FROM ghcr.io/astral-sh/uv:0.12.9@sha256:8b940d3a9d65bed080436972241af2e21c84b5e8c9193f7014ed71479ee795ff
#5 resolve ghcr.io/astral-sh/uv:0.12.9@sha256:8b940d3a9d65bed080436972241af2e21c84b5e8c9193f7014ed71479ee795ff 0.1s done
#5 DONE 0.1s

#6 [builder 1/5] FROM docker.io/library/python:3.14.7-slim@sha256:51dafde81dbdb6ebde285137a295cf18a47ca95234fe388a343719cb97305b3d
#6 resolve docker.io/library/python:3.14.7-slim@sha256:51dafde81dbdb6ebde285137a295cf18a47ca95234fe388a343719cb97305b3d 0.1s done
#6 DONE 0.1s

#7 [internal] load build context
#7 transferring context: 38.67kB 0.1s done
#7 DONE 0.1s

#8 [stage-1 4/8] COPY source/pyproject.toml source/uv.lock ./
#8 CACHED

#9 [stage-1 5/8] RUN uv sync --frozen --no-install-project
#9 CACHED

#10 [stage-1 2/8] COPY --from=uv /uv /bin/uv
#10 CACHED

#11 [stage-1 3/8] WORKDIR /app
#11 CACHED

#12 [stage-1 6/8] RUN /app/.venv/bin/playwright install --with-deps --only-shell chromium && apt-get install -y --no-install-recommends poppler-utils && chmod -R a+rX /ms-playwright && rm -rf /var/lib/apt/lists/*
#12 CACHED

#13 [stage-1 7/8] COPY source/ ./
#13 DONE 0.4s

#14 [stage-1 8/8] RUN groupadd --gid 10001 qualification && useradd --uid 10001 --gid 10001 --no-create-home qualification
#14 DONE 0.9s

#15 exporting to image
#15 exporting layers
#15 exporting layers 0.6s done
#15 exporting manifest sha256:33f3a9c96cf20a2faddc3da51ce744d2cc7eaf222cee682f1b076b972a4f9545 0.1s done
#15 exporting config sha256:c4f7e6e25cfd08e63f463f2d1d58995a0ca18c69a905cd996f73b7d0dbebfb01 0.1s done
#15 exporting attestation manifest sha256:c6df2d5d47fbfc40d059ca0e9deb5bb9b1d425f8aad20930234f7e8f20ed35c5 0.1s done
#15 exporting manifest list sha256:56c6876be025c7c9c99ec15eda6de0cbfad2166ac5d6d2728f20462b63de7cf7
#15 exporting manifest list sha256:56c6876be025c7c9c99ec15eda6de0cbfad2166ac5d6d2728f20462b63de7cf7 0.1s done
#15 naming to docker.io/library/stewardence-local-qualification:stewardence-local-5a735c2951 0.0s done
#15 unpacking to docker.io/library/stewardence-local-qualification:stewardence-local-5a735c2951
#15 unpacking to docker.io/library/stewardence-local-qualification:stewardence-local-5a735c2951 0.4s done
#15 DONE 1.5s
