#0 building with "desktop-linux" instance using docker driver

#1 [internal] load build definition from Dockerfile.qualification
#1 transferring dockerfile: 836B 0.0s done
#1 DONE 0.1s

#2 [internal] load metadata for ghcr.io/astral-sh/uv:0.12.9
#2 ...

#3 [internal] load metadata for docker.io/library/python:3.14.7-slim
#3 DONE 0.9s

#2 [internal] load metadata for ghcr.io/astral-sh/uv:0.12.9
#2 DONE 0.9s

#4 [internal] load .dockerignore
#4 transferring context: 164B 0.0s done
#4 DONE 0.1s

#5 [internal] load build context
#5 DONE 0.0s

#6 [uv 1/1] FROM ghcr.io/astral-sh/uv:0.12.9@sha256:8b940d3a9d65bed080436972241af2e21c84b5e8c9193f7014ed71479ee795ff
#6 resolve ghcr.io/astral-sh/uv:0.12.9@sha256:8b940d3a9d65bed080436972241af2e21c84b5e8c9193f7014ed71479ee795ff 0.2s done
#6 DONE 0.2s

#7 [stage-1 1/8] FROM docker.io/library/python:3.14.7-slim@sha256:51dafde81dbdb6ebde285137a295cf18a47ca95234fe388a343719cb97305b3d
#7 resolve docker.io/library/python:3.14.7-slim@sha256:51dafde81dbdb6ebde285137a295cf18a47ca95234fe388a343719cb97305b3d 0.2s done
#7 DONE 0.2s

#5 [internal] load build context
#5 transferring context: 64.82kB 0.1s done
#5 DONE 0.1s

#8 [stage-1 4/8] COPY source/pyproject.toml source/uv.lock ./
#8 CACHED

#9 [stage-1 5/8] RUN uv sync --frozen --no-install-project
#9 CACHED

#10 [stage-1 2/8] COPY --from=uv /uv /bin/uv
#10 CACHED

#11 [stage-1 3/8] WORKDIR /app
#11 CACHED

#12 [stage-1 6/8] RUN /app/.venv/bin/playwright install --with-deps --only-shell chromium && apt-get install -y --no-install-recommends poppler-utils && chmod -R a+rX /ms-playwright && rm -rf /var/lib/apt/lists/*
#12 CACHED

#13 [stage-1 7/8] COPY source/ ./
#13 DONE 1.3s

#14 [stage-1 8/8] RUN groupadd --gid 10001 qualification && useradd --uid 10001 --gid 10001 --no-create-home qualification
#14 DONE 2.3s

#15 exporting to image
#15 exporting layers
#15 exporting layers 1.8s done
#15 exporting manifest sha256:88acb82815b344451c3df0ac07afc0700e3b2de9ad61a3f3d91cad60d0d214f9 0.1s done
#15 exporting config sha256:2f51cb7ab6084f1a163529f6056f596c1cd715648e4d2440f4eef99f3bb13b1e 0.1s done
#15 exporting attestation manifest sha256:eb47d1e60938ebae58c856545ef1511024c62844f407d625fccc2be7f88151cc
#15 exporting attestation manifest sha256:eb47d1e60938ebae58c856545ef1511024c62844f407d625fccc2be7f88151cc 0.1s done
#15 exporting manifest list sha256:3696e00e681df1bee15fa64f75f8482cc5dc8c9c223ffc7333012ea38f7911c5 0.1s done
#15 naming to docker.io/library/stewardence-local-qualification:stewardence-local-ff41045766 0.0s done
#15 unpacking to docker.io/library/stewardence-local-qualification:stewardence-local-ff41045766
#15 unpacking to docker.io/library/stewardence-local-qualification:stewardence-local-ff41045766 1.2s done
#15 DONE 3.5s
