#0 building with "desktop-linux" instance using docker driver

#1 [internal] load build definition from Dockerfile
#1 transferring dockerfile: 1.56kB 0.0s done
#1 DONE 0.2s

#2 resolve image config for docker-image://docker.io/docker/dockerfile:1
#2 ...

#3 [auth] docker/dockerfile:pull token for registry-1.docker.io
#3 DONE 0.0s

#2 resolve image config for docker-image://docker.io/docker/dockerfile:1
#2 DONE 3.0s

#4 docker-image://docker.io/docker/dockerfile:1@sha256:4edf897a3ffa55b89f906fc8cc78afdb3f1834cc9c7083565e611a8a7d5fe99e
#4 resolve docker.io/docker/dockerfile:1@sha256:4edf897a3ffa55b89f906fc8cc78afdb3f1834cc9c7083565e611a8a7d5fe99e 0.1s done
#4 DONE 0.1s

#4 docker-image://docker.io/docker/dockerfile:1@sha256:4edf897a3ffa55b89f906fc8cc78afdb3f1834cc9c7083565e611a8a7d5fe99e
#4 CACHED

#5 [internal] load metadata for docker.io/library/python:3.14.7-slim
#5 ...

#6 [auth] library/python:pull token for registry-1.docker.io
#6 DONE 0.0s

#7 [internal] load metadata for ghcr.io/astral-sh/uv:0.12.9
#7 ...

#5 [internal] load metadata for docker.io/library/python:3.14.7-slim
#5 DONE 1.6s

#7 [internal] load metadata for ghcr.io/astral-sh/uv:0.12.9
#7 DONE 3.9s

#8 [internal] load .dockerignore
#8 transferring context: 121B 0.0s done
#8 DONE 0.1s

#9 [internal] load build context
#9 DONE 0.0s

#10 [builder  1/12] FROM docker.io/library/python:3.14.7-slim@sha256:51dafde81dbdb6ebde285137a295cf18a47ca95234fe388a343719cb97305b3d
#10 resolve docker.io/library/python:3.14.7-slim@sha256:51dafde81dbdb6ebde285137a295cf18a47ca95234fe388a343719cb97305b3d
#10 resolve docker.io/library/python:3.14.7-slim@sha256:51dafde81dbdb6ebde285137a295cf18a47ca95234fe388a343719cb97305b3d 0.2s done
#10 DONE 0.2s

#11 [uv 1/1] FROM ghcr.io/astral-sh/uv:0.12.9@sha256:8b940d3a9d65bed080436972241af2e21c84b5e8c9193f7014ed71479ee795ff
#11 resolve ghcr.io/astral-sh/uv:0.12.9@sha256:8b940d3a9d65bed080436972241af2e21c84b5e8c9193f7014ed71479ee795ff 0.2s done
#11 DONE 0.2s

#9 [internal] load build context
#9 transferring context: 1.70MB 0.6s done
#9 DONE 0.6s

#12 [builder  8/12] COPY collector ./collector
#12 CACHED

#13 [builder  6/12] COPY manage.py ./
#13 CACHED

#14 [builder 11/12] COPY static ./static
#14 CACHED

#15 [builder 12/12] RUN DJANGO_SETTINGS_MODULE=agentledger.settings.production     DJANGO_SECRET_KEY=build-only-staticfiles-secret-with-no-runtime-authority-123456     DATABASE_URL=postgresql://build:build@localhost/build     ALLOWED_HOSTS=localhost     CSRF_TRUSTED_ORIGINS=https://localhost     REPORTS_BUCKET_NAME=build     REPORTS_BUCKET_ENDPOINT=https://localhost     REPORTS_BUCKET_ACCESS_KEY_ID=build     REPORTS_BUCKET_SECRET_ACCESS_KEY=build     REPORT_RENDERER_URL=http://localhost     .venv/bin/python manage.py collectstatic --no-input
#15 CACHED

#16 [builder  3/12] COPY --from=uv /uv /bin/uv
#16 CACHED

#17 [runtime 2/4] RUN groupadd --gid 10001 agentledger     && useradd --uid 10001 --gid agentledger --home-dir /app --no-create-home agentledger
#17 CACHED

#18 [builder  4/12] COPY pyproject.toml uv.lock ./
#18 CACHED

#19 [builder  7/12] COPY apps ./apps
#19 CACHED

#20 [builder 10/12] COPY templates ./templates
#20 CACHED

#21 [builder  2/12] WORKDIR /app
#21 CACHED

#22 [builder  5/12] RUN uv sync --frozen --no-default-groups --no-install-project
#22 CACHED

#23 [builder  9/12] COPY src ./src
#23 CACHED

#24 [runtime 3/4] WORKDIR /app
#24 CACHED

#25 [runtime 4/4] COPY --from=builder --chown=agentledger:agentledger /app /app
#25 CACHED

#26 exporting to image
#26 exporting layers 0.0s done
#26 exporting manifest sha256:affb987bc988029af723e65186a0abb8fe8b9fbe40b78cb72ccb7bc673dfae4e 0.0s done
#26 exporting config sha256:b20398636e8ba1dcce261a8e67de97512b7c9f3f1c0cee2cb4d13efc04aa6f26 0.0s done
#26 exporting attestation manifest sha256:256303800ce682f468cb5720bec77bf15f38d3f9a03d067d4a1ed09699b0c5fd
#26 exporting attestation manifest sha256:256303800ce682f468cb5720bec77bf15f38d3f9a03d067d4a1ed09699b0c5fd 0.1s done
#26 exporting manifest list sha256:931d17f2c85b3470d420fba78513d5fe2c02f02759c52e1c5d74582ada27b6c1 0.1s done
#26 naming to docker.io/library/stewardence-release-2fd8d9c2744e:app 0.0s done
#26 unpacking to docker.io/library/stewardence-release-2fd8d9c2744e:app 0.0s done
#26 DONE 0.5s
#0 building with "desktop-linux" instance using docker driver

#1 [internal] load build definition from Dockerfile.renderer
#1 transferring dockerfile: 1.59kB 0.1s done
#1 DONE 0.1s

#2 resolve image config for docker-image://docker.io/docker/dockerfile:1
#2 DONE 0.6s

#3 docker-image://docker.io/docker/dockerfile:1@sha256:4edf897a3ffa55b89f906fc8cc78afdb3f1834cc9c7083565e611a8a7d5fe99e
#3 resolve docker.io/docker/dockerfile:1@sha256:4edf897a3ffa55b89f906fc8cc78afdb3f1834cc9c7083565e611a8a7d5fe99e
#3 resolve docker.io/docker/dockerfile:1@sha256:4edf897a3ffa55b89f906fc8cc78afdb3f1834cc9c7083565e611a8a7d5fe99e 0.7s done
#3 CACHED

#4 [internal] load metadata for ghcr.io/astral-sh/uv:0.12.9
#4 ...

#5 [internal] load metadata for docker.io/library/python:3.14.7-slim
#5 DONE 1.4s

#4 [internal] load metadata for ghcr.io/astral-sh/uv:0.12.9
#4 DONE 1.6s

#6 [internal] load .dockerignore
#6 transferring context: 32B 0.0s
#6 transferring context: 121B 0.0s done
#6 DONE 0.4s

#7 [internal] load build context
#7 DONE 0.0s

#8 [uv 1/1] FROM ghcr.io/astral-sh/uv:0.12.9@sha256:8b940d3a9d65bed080436972241af2e21c84b5e8c9193f7014ed71479ee795ff
#8 resolve ghcr.io/astral-sh/uv:0.12.9@sha256:8b940d3a9d65bed080436972241af2e21c84b5e8c9193f7014ed71479ee795ff
#8 resolve ghcr.io/astral-sh/uv:0.12.9@sha256:8b940d3a9d65bed080436972241af2e21c84b5e8c9193f7014ed71479ee795ff 0.9s done
#8 DONE 1.0s

#9 [builder 1/5] FROM docker.io/library/python:3.14.7-slim@sha256:51dafde81dbdb6ebde285137a295cf18a47ca95234fe388a343719cb97305b3d
#9 resolve docker.io/library/python:3.14.7-slim@sha256:51dafde81dbdb6ebde285137a295cf18a47ca95234fe388a343719cb97305b3d 0.9s done
#9 DONE 1.0s

#7 [internal] load build context
#7 transferring context: 141.84kB 0.1s done
#7 DONE 0.2s

#10 [builder 4/5] COPY pyproject.toml uv.lock ./
#10 CACHED

#11 [runtime  6/10] RUN groupadd --gid 10001 renderer     && useradd --uid 10001 --gid renderer --home-dir /app --no-create-home renderer
#11 CACHED

#12 [runtime  7/10] COPY renderer ./renderer
#12 CACHED

#13 [runtime  4/10] COPY --from=builder /ms-playwright /ms-playwright
#13 CACHED

#14 [runtime  8/10] COPY static/brand/stewardence-helix-orbit-light.png ./static/brand/stewardence-helix-orbit-light.png
#14 CACHED

#15 [builder 3/5] COPY --from=uv /uv /bin/uv
#15 CACHED

#16 [builder 5/5] RUN uv sync --frozen --only-group renderer --no-install-project     && uv run --no-sync playwright install --only-shell chromium     && rm -rf /tmp/* /var/lib/apt/lists/*
#16 CACHED

#17 [runtime  3/10] COPY --from=builder /app/.venv /app/.venv
#17 CACHED

#18 [builder 2/5] WORKDIR /app
#18 CACHED

#19 [runtime  5/10] RUN .venv/bin/playwright install-deps chromium     && chmod -R a+rX /ms-playwright     && rm -rf /tmp/* /var/lib/apt/lists/*
#19 CACHED

#20 [runtime  9/10] COPY static/brand/atlas/reports.svg ./static/brand/atlas/reports.svg
#20 CACHED

#21 [runtime 10/10] RUN install -d -o renderer -g renderer -m 0700 /work/output
#21 CACHED

#22 exporting to image
#22 exporting layers 0.0s done
#22 exporting manifest sha256:4f242a9504e5f155cec718e914bb528b3d476a9362b429dffcdfa0c0851160c2 0.0s done
#22 exporting config sha256:27cf620f73979c07f8d766676bf98cc1bf353d86ffeb5c69b35cc24152b9d581 0.0s done
#22 exporting attestation manifest sha256:fb1a9bde6b41c763aae2792740a9b779a2c137f0d9b80decfeb8a6edb77d2b0c
#22 exporting attestation manifest sha256:fb1a9bde6b41c763aae2792740a9b779a2c137f0d9b80decfeb8a6edb77d2b0c 0.1s done
#22 exporting manifest list sha256:233efa98fd9399688a8812370d7abc835012f641a2b09b60c36730bce0ad0f3b
#22 exporting manifest list sha256:233efa98fd9399688a8812370d7abc835012f641a2b09b60c36730bce0ad0f3b 0.1s done
#22 naming to docker.io/library/stewardence-release-2fd8d9c2744e:renderer 0.0s done
#22 unpacking to docker.io/library/stewardence-release-2fd8d9c2744e:renderer 0.1s done
#22 DONE 0.7s
