#0 building with "desktop-linux" instance using docker driver

#1 [internal] load build definition from Dockerfile.qualification
#1 transferring dockerfile: 525B 0.0s done
#1 DONE 0.0s

#2 [internal] load metadata for docker.io/library/python:3.14.7-slim
#2 DONE 0.4s

#3 [internal] load metadata for ghcr.io/astral-sh/uv:0.12.9
#3 DONE 0.5s

#4 [internal] load .dockerignore
#4 transferring context: 164B done
#4 DONE 0.0s

#5 [internal] load build context
#5 DONE 0.0s

#6 [stage-1 1/7] FROM docker.io/library/python:3.14.7-slim@sha256:51dafde81dbdb6ebde285137a295cf18a47ca95234fe388a343719cb97305b3d
#6 resolve docker.io/library/python:3.14.7-slim@sha256:51dafde81dbdb6ebde285137a295cf18a47ca95234fe388a343719cb97305b3d 0.1s done
#6 DONE 0.1s

#7 [uv 1/1] FROM ghcr.io/astral-sh/uv:0.12.9@sha256:8b940d3a9d65bed080436972241af2e21c84b5e8c9193f7014ed71479ee795ff
#7 resolve ghcr.io/astral-sh/uv:0.12.9@sha256:8b940d3a9d65bed080436972241af2e21c84b5e8c9193f7014ed71479ee795ff 0.1s done
#7 DONE 0.1s

#5 [internal] load build context
#5 transferring context: 27.35kB 0.0s done
#5 DONE 0.1s

#8 [stage-1 2/7] COPY --from=uv /uv /bin/uv
#8 CACHED

#9 [stage-1 3/7] WORKDIR /app
#9 CACHED

#10 [stage-1 4/7] COPY source/pyproject.toml source/uv.lock ./
#10 CACHED

#11 [stage-1 5/7] RUN uv sync --frozen --no-install-project
#11 CACHED

#12 [stage-1 6/7] COPY source/ ./
#12 DONE 0.3s

#13 [stage-1 7/7] RUN groupadd --gid 10001 qualification && useradd --uid 10001 --gid 10001 --no-create-home qualification
#13 DONE 0.5s

#14 exporting to image
#14 exporting layers
#14 exporting layers 0.5s done
#14 exporting manifest sha256:0f80af16279b546adf5ea5af97d9bef66e9d989fe999f44f6fadc447008662df 0.0s done
#14 exporting config sha256:dc0e45293631c8187218db8d308d7710967e6b9eb1c340314d9d43fa6fd370f2 0.0s done
#14 exporting attestation manifest sha256:329e971aef3c42be74cce698aa144a81381f64ae651b82d07f0816390540c2c8
#14 exporting attestation manifest sha256:329e971aef3c42be74cce698aa144a81381f64ae651b82d07f0816390540c2c8 0.0s done
#14 exporting manifest list sha256:534ba749828919ecbfea4fb7d7e631e72c93f9b322c9c11ab3f2de65d6da2277 0.0s done
#14 naming to docker.io/library/stewardence-local-qualification:stewardence-local-f69c42c13e done
#14 unpacking to docker.io/library/stewardence-local-qualification:stewardence-local-f69c42c13e
#14 unpacking to docker.io/library/stewardence-local-qualification:stewardence-local-f69c42c13e 0.2s done
#14 DONE 1.0s
