#0 building with "desktop-linux" instance using docker driver

#1 [internal] load build definition from Dockerfile.qualification
#1 transferring dockerfile: 836B 0.0s done
#1 DONE 0.1s

#2 [internal] load metadata for ghcr.io/astral-sh/uv:0.12.9
#2 ...

#3 [auth] library/python:pull token for registry-1.docker.io
#3 DONE 0.0s

#4 [internal] load metadata for docker.io/library/python:3.14.7-slim
#4 ...

#2 [internal] load metadata for ghcr.io/astral-sh/uv:0.12.9
#2 DONE 0.9s

#4 [internal] load metadata for docker.io/library/python:3.14.7-slim
#4 DONE 0.9s

#5 [internal] load .dockerignore
#5 transferring context: 164B 0.0s done
#5 DONE 0.1s

#6 [internal] load build context
#6 DONE 0.0s

#7 [uv 1/1] FROM ghcr.io/astral-sh/uv:0.12.9@sha256:8b940d3a9d65bed080436972241af2e21c84b5e8c9193f7014ed71479ee795ff
#7 resolve ghcr.io/astral-sh/uv:0.12.9@sha256:8b940d3a9d65bed080436972241af2e21c84b5e8c9193f7014ed71479ee795ff 0.2s done
#7 DONE 0.2s

#8 [stage-1 1/8] FROM docker.io/library/python:3.14.7-slim@sha256:51dafde81dbdb6ebde285137a295cf18a47ca95234fe388a343719cb97305b3d
#8 resolve docker.io/library/python:3.14.7-slim@sha256:51dafde81dbdb6ebde285137a295cf18a47ca95234fe388a343719cb97305b3d 0.1s done
#8 DONE 0.2s

#6 [internal] load build context
#6 transferring context: 48.93kB 0.1s done
#6 DONE 0.1s

#9 [stage-1 4/8] COPY source/pyproject.toml source/uv.lock ./
#9 CACHED

#10 [stage-1 5/8] RUN uv sync --frozen --no-install-project
#10 CACHED

#11 [stage-1 2/8] COPY --from=uv /uv /bin/uv
#11 CACHED

#12 [stage-1 3/8] WORKDIR /app
#12 CACHED

#13 [stage-1 6/8] RUN /app/.venv/bin/playwright install --with-deps --only-shell chromium && apt-get install -y --no-install-recommends poppler-utils && chmod -R a+rX /ms-playwright && rm -rf /var/lib/apt/lists/*
#13 CACHED

#14 [stage-1 7/8] COPY source/ ./
#14 DONE 1.9s

#15 [stage-1 8/8] RUN groupadd --gid 10001 qualification && useradd --uid 10001 --gid 10001 --no-create-home qualification
#15 DONE 3.8s

#16 exporting to image
#16 exporting layers
#16 exporting layers 1.5s done
#16 exporting manifest sha256:80298ae4ccedfa990b9d82f7b0f30121bdf71eff0e517611ee7a2583161c81c1 0.1s done
#16 exporting config sha256:94a2101b44a22e7766d059a2b918ba934768f0de50612761c028f4050c6329f1 0.1s done
#16 exporting attestation manifest sha256:941d2edd28fb2664a968b15bf218af3f21aa80a0544ee9ebb206ef257ffbce09 0.1s done
#16 exporting manifest list sha256:b200417b87b0464bfcfe0e491a63a06b1d9ad85e9f37910d9af67c469b86e91c
#16 exporting manifest list sha256:b200417b87b0464bfcfe0e491a63a06b1d9ad85e9f37910d9af67c469b86e91c 0.1s done
#16 naming to docker.io/library/stewardence-local-qualification:stewardence-local-3c1a07eba9 0.0s done
#16 unpacking to docker.io/library/stewardence-local-qualification:stewardence-local-3c1a07eba9
#16 unpacking to docker.io/library/stewardence-local-qualification:stewardence-local-3c1a07eba9 0.7s done
#16 DONE 2.7s
