#0 building with "desktop-linux" instance using docker driver

#1 [internal] load build definition from Dockerfile.qualification
#1 transferring dockerfile: 836B 0.1s done
#1 DONE 0.2s

#2 [internal] load metadata for ghcr.io/astral-sh/uv:0.12.9
#2 DONE 0.1s

#3 [internal] load metadata for docker.io/library/python:3.14.7-slim
#3 DONE 0.4s

#4 [stage-1 1/8] FROM docker.io/library/python:3.14.7-slim@sha256:51dafde81dbdb6ebde285137a295cf18a47ca95234fe388a343719cb97305b3d
#4 resolve docker.io/library/python:3.14.7-slim@sha256:51dafde81dbdb6ebde285137a295cf18a47ca95234fe388a343719cb97305b3d 0.2s done
#4 DONE 0.2s

#5 [uv 1/1] FROM ghcr.io/astral-sh/uv:0.12.9@sha256:8b940d3a9d65bed080436972241af2e21c84b5e8c9193f7014ed71479ee795ff
#5 resolve ghcr.io/astral-sh/uv:0.12.9@sha256:8b940d3a9d65bed080436972241af2e21c84b5e8c9193f7014ed71479ee795ff 0.2s done
#5 DONE 0.2s

#6 [internal] load .dockerignore
#6 transferring context: 164B 0.0s done
#6 DONE 0.1s

#7 [internal] load build context
#7 transferring context: 320.68kB 0.3s done
#7 DONE 0.4s

#8 [stage-1 6/8] RUN /app/.venv/bin/playwright install --with-deps --only-shell chromium && apt-get install -y --no-install-recommends poppler-utils && chmod -R a+rX /ms-playwright && rm -rf /var/lib/apt/lists/*
#8 CACHED

#9 [stage-1 7/8] COPY source/ ./
#9 DONE 0.8s

#10 [stage-1 8/8] RUN groupadd --gid 10001 qualification && useradd --uid 10001 --gid 10001 --no-create-home qualification
#10 DONE 1.2s

#11 exporting to image
#11 exporting layers
#11 exporting layers 1.3s done
#11 exporting manifest sha256:59f0f85665c846d72ba503cd8126910f7ee48d1ba3ea63b87d9f26b3c94b48e5 0.1s done
#11 exporting config sha256:c4a528cf0913ac519b4260cc94dd3c9f808eadcdff1782370ef15c768451883f
#11 exporting config sha256:c4a528cf0913ac519b4260cc94dd3c9f808eadcdff1782370ef15c768451883f 0.2s done
#11 exporting attestation manifest sha256:83cc6b1552cf1d22ad8e4ead4161a54b68ada5a61b1867068fd111c48de9d9dc
#11 exporting attestation manifest sha256:83cc6b1552cf1d22ad8e4ead4161a54b68ada5a61b1867068fd111c48de9d9dc 0.2s done
#11 exporting manifest list sha256:113a2d5e0f28916f66390ece5eacac2d180dc5abcc617791fa5f84c1e7bc7a2f
#11 exporting manifest list sha256:113a2d5e0f28916f66390ece5eacac2d180dc5abcc617791fa5f84c1e7bc7a2f 0.2s done
#11 naming to docker.io/library/stewardence-local-qualification:stewardence-local-9787aefb7c
#11 naming to docker.io/library/stewardence-local-qualification:stewardence-local-9787aefb7c 0.1s done
#11 unpacking to docker.io/library/stewardence-local-qualification:stewardence-local-9787aefb7c
#11 unpacking to docker.io/library/stewardence-local-qualification:stewardence-local-9787aefb7c 0.9s done
#11 DONE 3.4s
