#0 building with "desktop-linux" instance using docker driver

#1 [internal] load build definition from Dockerfile.qualification
#1 transferring dockerfile: 836B 0.0s done
#1 DONE 0.1s

#2 [internal] load metadata for ghcr.io/astral-sh/uv:0.12.9
#2 ...

#3 [internal] load metadata for docker.io/library/python:3.14.7-slim
#3 DONE 0.6s

#2 [internal] load metadata for ghcr.io/astral-sh/uv:0.12.9
#2 DONE 0.7s

#4 [internal] load .dockerignore
#4 transferring context: 164B done
#4 DONE 0.0s

#5 [internal] load build context
#5 DONE 0.0s

#6 [uv 1/1] FROM ghcr.io/astral-sh/uv:0.12.9@sha256:8b940d3a9d65bed080436972241af2e21c84b5e8c9193f7014ed71479ee795ff
#6 resolve ghcr.io/astral-sh/uv:0.12.9@sha256:8b940d3a9d65bed080436972241af2e21c84b5e8c9193f7014ed71479ee795ff
#6 resolve ghcr.io/astral-sh/uv:0.12.9@sha256:8b940d3a9d65bed080436972241af2e21c84b5e8c9193f7014ed71479ee795ff 0.3s done
#6 DONE 0.3s

#7 [stage-1 1/8] FROM docker.io/library/python:3.14.7-slim@sha256:51dafde81dbdb6ebde285137a295cf18a47ca95234fe388a343719cb97305b3d
#7 resolve docker.io/library/python:3.14.7-slim@sha256:51dafde81dbdb6ebde285137a295cf18a47ca95234fe388a343719cb97305b3d 0.3s done
#7 DONE 0.3s

#5 [internal] load build context
#5 transferring context: 32.70kB 0.1s done
#5 DONE 0.1s

#8 [stage-1 4/8] COPY source/pyproject.toml source/uv.lock ./
#8 CACHED

#9 [stage-1 5/8] RUN uv sync --frozen --no-install-project
#9 CACHED

#10 [stage-1 2/8] COPY --from=uv /uv /bin/uv
#10 CACHED

#11 [stage-1 3/8] WORKDIR /app
#11 CACHED

#12 [stage-1 6/8] RUN /app/.venv/bin/playwright install --with-deps --only-shell chromium && apt-get install -y --no-install-recommends poppler-utils && chmod -R a+rX /ms-playwright && rm -rf /var/lib/apt/lists/*
#12 CACHED

#13 [stage-1 7/8] COPY source/ ./
#13 DONE 0.7s

#14 [stage-1 8/8] RUN groupadd --gid 10001 qualification && useradd --uid 10001 --gid 10001 --no-create-home qualification
#14 DONE 1.2s

#15 exporting to image
#15 exporting layers
#15 exporting layers 1.1s done
#15 exporting manifest sha256:732536dc2db0e5da49030ad4ab7d479e5d5dbea0bb7d4808fa55c2d155c3714a 0.1s done
#15 exporting config sha256:cedcea9e7277d1131d656df00840c91091b882d7533e95a053d096268c4d0abe 0.1s done
#15 exporting attestation manifest sha256:6f0a961183e0044e5419af623661a16d09fe0f4c08700fef08a8de9956a061b3
#15 exporting attestation manifest sha256:6f0a961183e0044e5419af623661a16d09fe0f4c08700fef08a8de9956a061b3 0.2s done
#15 exporting manifest list sha256:0ca35c08ce371dbf8d252ea2cee6a100b66d12fba5c1e3b21a9d83f632d111b3
#15 exporting manifest list sha256:0ca35c08ce371dbf8d252ea2cee6a100b66d12fba5c1e3b21a9d83f632d111b3 0.1s done
#15 naming to docker.io/library/stewardence-local-qualification:stewardence-local-ae99d108ff 0.0s done
#15 unpacking to docker.io/library/stewardence-local-qualification:stewardence-local-ae99d108ff
#15 unpacking to docker.io/library/stewardence-local-qualification:stewardence-local-ae99d108ff done
#15 DONE 1.7s
