#0 building with "desktop-linux" instance using docker driver

#1 [internal] load build definition from Dockerfile.qualification
#1 transferring dockerfile: 525B 0.0s done
#1 DONE 0.1s

#2 [internal] load metadata for ghcr.io/astral-sh/uv:0.12.9
#2 ...

#3 [auth] library/python:pull token for registry-1.docker.io
#3 DONE 0.0s

#4 [internal] load metadata for docker.io/library/python:3.14.7-slim
#4 ...

#2 [internal] load metadata for ghcr.io/astral-sh/uv:0.12.9
#2 DONE 0.9s

#4 [internal] load metadata for docker.io/library/python:3.14.7-slim
#4 DONE 1.0s

#5 [internal] load .dockerignore
#5 transferring context:
#5 transferring context: 164B 0.0s done
#5 DONE 0.1s

#6 [internal] load build context
#6 DONE 0.0s

#7 [uv 1/1] FROM ghcr.io/astral-sh/uv:0.12.9@sha256:8b940d3a9d65bed080436972241af2e21c84b5e8c9193f7014ed71479ee795ff
#7 resolve ghcr.io/astral-sh/uv:0.12.9@sha256:8b940d3a9d65bed080436972241af2e21c84b5e8c9193f7014ed71479ee795ff 0.1s done
#7 DONE 0.1s

#8 [stage-1 1/7] FROM docker.io/library/python:3.14.7-slim@sha256:51dafde81dbdb6ebde285137a295cf18a47ca95234fe388a343719cb97305b3d
#8 resolve docker.io/library/python:3.14.7-slim@sha256:51dafde81dbdb6ebde285137a295cf18a47ca95234fe388a343719cb97305b3d 0.1s done
#8 DONE 0.1s

#6 [internal] load build context
#6 transferring context: 74.94kB 0.1s done
#6 DONE 0.2s

#9 [stage-1 2/7] COPY --from=uv /uv /bin/uv
#9 CACHED

#10 [stage-1 3/7] WORKDIR /app
#10 CACHED

#11 [stage-1 4/7] COPY source/pyproject.toml source/uv.lock ./
#11 CACHED

#12 [stage-1 5/7] RUN uv sync --frozen --no-install-project
#12 CACHED

#13 [stage-1 6/7] COPY source/ ./
#13 DONE 1.4s

#14 [stage-1 7/7] RUN groupadd --gid 10001 qualification && useradd --uid 10001 --gid 10001 --no-create-home qualification
#14 DONE 1.2s

#15 exporting to image
#15 exporting layers
#15 exporting layers 0.6s done
#15 exporting manifest sha256:2f78b8b806909c32134a091a6959882dfe82d01131e60ecb8d440be64611472c 0.0s done
#15 exporting config sha256:efe1cc54a56ccc2788dbb655122a232dda604e6cb96752d4dd6549057c6dc87a 0.0s done
#15 exporting attestation manifest sha256:ee4ea5e1a7d4eb00a67885a541a5b2f5aeb54ac9d2c402231238acac53b20df7
#15 exporting attestation manifest sha256:ee4ea5e1a7d4eb00a67885a541a5b2f5aeb54ac9d2c402231238acac53b20df7 0.0s done
#15 exporting manifest list sha256:02d7b5c38cdcfc12deabec07cf353d7efb23c1e52d4a8d36e85b3985ac07017c 0.0s done
#15 naming to docker.io/library/stewardence-local-qualification:stewardence-local-8f74f79425 done
#15 unpacking to docker.io/library/stewardence-local-qualification:stewardence-local-8f74f79425
#15 unpacking to docker.io/library/stewardence-local-qualification:stewardence-local-8f74f79425 0.3s done
#15 DONE 1.2s
