#0 building with "desktop-linux" instance using docker driver

#1 [internal] load build definition from Dockerfile.qualification
#1 transferring dockerfile: 836B 0.0s done
#1 DONE 0.1s

#2 [internal] load metadata for docker.io/library/python:3.14.7-slim
#2 DONE 0.8s

#3 [internal] load metadata for ghcr.io/astral-sh/uv:0.12.9
#3 DONE 1.0s

#4 [internal] load .dockerignore
#4 transferring context: 164B done
#4 DONE 0.1s

#5 [internal] load build context
#5 DONE 0.0s

#6 [stage-1 1/8] FROM docker.io/library/python:3.14.7-slim@sha256:51dafde81dbdb6ebde285137a295cf18a47ca95234fe388a343719cb97305b3d
#6 resolve docker.io/library/python:3.14.7-slim@sha256:51dafde81dbdb6ebde285137a295cf18a47ca95234fe388a343719cb97305b3d
#6 resolve docker.io/library/python:3.14.7-slim@sha256:51dafde81dbdb6ebde285137a295cf18a47ca95234fe388a343719cb97305b3d 0.2s done
#6 DONE 0.2s

#7 [uv 1/1] FROM ghcr.io/astral-sh/uv:0.12.9@sha256:8b940d3a9d65bed080436972241af2e21c84b5e8c9193f7014ed71479ee795ff
#7 resolve ghcr.io/astral-sh/uv:0.12.9@sha256:8b940d3a9d65bed080436972241af2e21c84b5e8c9193f7014ed71479ee795ff 0.2s done
#7 DONE 0.2s

#5 [internal] load build context
#5 transferring context: 31.14kB 0.1s done
#5 DONE 0.2s

#8 [stage-1 4/8] COPY source/pyproject.toml source/uv.lock ./
#8 CACHED

#9 [stage-1 5/8] RUN uv sync --frozen --no-install-project
#9 CACHED

#10 [stage-1 2/8] COPY --from=uv /uv /bin/uv
#10 CACHED

#11 [stage-1 3/8] WORKDIR /app
#11 CACHED

#12 [stage-1 6/8] RUN /app/.venv/bin/playwright install --with-deps --only-shell chromium && apt-get install -y --no-install-recommends poppler-utils && chmod -R a+rX /ms-playwright && rm -rf /var/lib/apt/lists/*
#12 CACHED

#13 [stage-1 7/8] COPY source/ ./
#13 DONE 0.7s

#14 [stage-1 8/8] RUN groupadd --gid 10001 qualification && useradd --uid 10001 --gid 10001 --no-create-home qualification
#14 DONE 1.3s

#15 exporting to image
#15 exporting layers
#15 exporting layers 1.4s done
#15 exporting manifest sha256:75f90ee9f23ef6924928e2d725342b53e950155efa7b8c01f343a04a86366bcf 0.1s done
#15 exporting config sha256:c87818e6710389b4df012447a0c87e954687e82d31de76101c1b2ada9e473792
#15 exporting config sha256:c87818e6710389b4df012447a0c87e954687e82d31de76101c1b2ada9e473792 0.1s done
#15 exporting attestation manifest sha256:e42d809f39cf36feaa3505e6a48107957ead7cbc95ec2fe57642a2bd793a8f0e
#15 exporting attestation manifest sha256:e42d809f39cf36feaa3505e6a48107957ead7cbc95ec2fe57642a2bd793a8f0e 0.2s done
#15 exporting manifest list sha256:e2ad376eac8292c371818bb2afcdef368b74a3d01e4ae732a9876438140562c7
#15 exporting manifest list sha256:e2ad376eac8292c371818bb2afcdef368b74a3d01e4ae732a9876438140562c7 0.1s done
#15 naming to docker.io/library/stewardence-local-qualification:stewardence-local-e5601b0551
#15 naming to docker.io/library/stewardence-local-qualification:stewardence-local-e5601b0551 0.0s done
#15 unpacking to docker.io/library/stewardence-local-qualification:stewardence-local-e5601b0551
#15 unpacking to docker.io/library/stewardence-local-qualification:stewardence-local-e5601b0551 0.5s done
#15 DONE 2.5s
