Operations to perform:
  Apply all migrations: accounts, assessments, audit, auth, billing, catalog, contenttypes, imports, integrations, inventory, jobs, organizations, policies, reports, reviews, sessions
Running migrations:
  Applying contenttypes.0001_initial... OK
  Applying contenttypes.0002_remove_content_type_name... OK
  Applying auth.0001_initial... OK
  Applying auth.0002_alter_permission_name_max_length... OK
  Applying auth.0003_alter_user_email_max_length... OK
  Applying auth.0004_alter_user_username_opts... OK
  Applying auth.0005_alter_user_last_login_null... OK
  Applying auth.0006_require_contenttypes_0002... OK
  Applying auth.0007_alter_validators_add_error_messages... OK
  Applying auth.0008_alter_user_username_max_length... OK
  Applying auth.0009_alter_user_last_name_max_length... OK
  Applying auth.0010_alter_group_name_max_length... OK
  Applying auth.0011_update_proxy_permissions... OK
  Applying auth.0012_alter_user_first_name_max_length... OK
  Applying accounts.0001_initial... OK
  Applying organizations.0001_initial... OK
  Applying sessions.0001_initial... OK
  Applying inventory.0001_initial... OK
  Applying inventory.0002_database_security... OK
  Applying catalog.0001_initial... OK
  Applying inventory.0003_remove_inventoryitem_product_id_and_more... OK
  Applying assessments.0001_initial... OK
  Applying assessments.0002_snapshot_security... OK
  Applying reports.0001_initial... OK
  Applying audit.0001_initial... OK
  Applying audit.0002_audit_security... OK
  Applying reports.0002_report_security... OK
  Applying reports.0003_reportartifact... OK
  Applying reports.0004_reportartifact_security... OK
  Applying organizations.0002_public_onboarding... OK
  Applying organizations.0003_workflow_profile... OK
  Applying jobs.0001_initial... OK
  Applying jobs.0002_job_security... OK
  Applying jobs.0003_recovery_receipts... OK
  Applying jobs.0004_receipt_admission... OK
  Applying jobs.0005_atomic_recovery_admission... OK
  Applying jobs.0006_corecontrol_workflowschedule_actioncardrevision_and_more... OK
  Applying jobs.0007_core_workflow_security... OK
  Applying jobs.0008_worker_transition_authority... OK
  Applying billing.0001_initial... OK
  Applying billing.0002_stripewebhookevent... OK
  Applying billing.0003_founderslot... OK
  Applying billing.0004_founderslot_reservation_token... OK
  Applying billing.0005_billing_security... OK
  Applying jobs.0009_core_issuance_authority... OK
  Applying jobs.0010_job_input_admission... OK
  Applying jobs.0011_action_card_issuance... OK
  Applying jobs.0012_core_authority_successor... OK
  Applying billing.0006_paid_coverage... OK
  Applying jobs.0013_paid_entitlement... OK
  Applying inventory.0004_discovery_evidence... OK
  Applying inventory.0005_discovery_security... OK
  Applying catalog.0002_catalog_security... OK
  Applying inventory.0006_detectionevidence_inventory_item_and_more... OK
  Applying inventory.0007_inventoryitem_declared_fields... OK
  Applying inventory.0008_explicit_declarations... OK
  Applying assessments.0003_deliberate_capture... OK
  Applying billing.0007_ingester_effects... OK
  Applying billing.0008_checkout_intent... OK
  Applying billing.0009_customer_request... OK
  Applying imports.0001_initial... OK
  Applying imports.0002_import_staging_security... OK
  Applying integrations.0001_initial... OK
  Applying integrations.0002_providerconnection_providerattempt_providerevent_and_more... OK
  Applying reviews.0001_initial... OK
  Applying jobs.0014_decision_desk... OK
  Applying reviews.0002_pack_lifecycle... OK
  Applying reviews.0003_worker_pack_projection... OK
  Applying reviews.0004_capture_pack_projection... OK
  Applying jobs.0015_legacy_action_card_schema_fence... OK
  Applying reviews.0005_capture_proposal_admission... OK
  Applying jobs.0016_capture_decisions... OK
  Applying policies.0001_initial... OK
  Applying policies.0002_organization_rule_security... OK
  Applying policies.0003_remove_organizationrule_unique_organization_rule_name_and_more... OK
  Applying reports.0005_review_pack_read_authority... OK
  Applying reports.0006_capture_owner_read... OK
  Applying reviews.0006_capture_proposal_packs... OK
  Applying reviews.0007_unused_stop... OK
  Applying reviews.0008_proposal_post_effect_authority... OK
F                                                                        [100%]
=================================== FAILURES ===================================
________ test_core_worker_command_delivers_report_through_http_renderer ________

report_context = (<User: reports@example.com>, <Organization: Report Firm>, <OrganizationMember: reports@example.com — Report Firm (Owner)>, <InventoryItem: Payroll Assistant>, <AssessmentSnapshot: 2916510b-b18c-4a34-aee8-c2b16a627548 v1>)
settings = <pytest_django.fixtures.Settings object at 0x7ef333499940>

    @pytest.mark.django_db(transaction=True, databases="__all__")
    def test_core_worker_command_delivers_report_through_http_renderer(
        report_context, settings
    ):
        import os
    
        from django.db import connections
    
        from agentledger.tenancy.context import tenant_transaction
        from apps.jobs.models import BackgroundJob, RecoveryReceipt
        from apps.jobs.receipts import verify_recovery_receipt
        from apps.reports.jobs import ensure_report_generation_job
        from apps.reports.models import ReportArtifact
        from apps.reports.services import create_report
        from apps.reports.storage import build_pdf_object_key, build_private_report_storage
    
        renderer_url = os.environ.get("STEWARDENCE_HTTP_RENDER_QUALIFICATION_URL")
        if not renderer_url:
            pytest.skip("separate HTTP renderer is only enabled by isolated qualification")
    
        user, organization, _, _, snapshot = report_context
        settings.CORE_WORKFLOWS_ENABLED = True
        settings.REPORT_RENDERER_URL = renderer_url
        settings.REPORTS_STORAGE_BACKEND = "local"
        settings.DATABASES["worker_runtime"] = connections.databases[
            "worker_runtime"
        ].copy()
        report = create_report(
            organization_id=organization.id,
            assessment_snapshot_id=snapshot.id,
            created_by_id=user.id,
        )
        queued = ensure_report_generation_job(report=report)
        BackgroundJob.objects.filter(pk=queued.id).update(priority=-100)
    
        call_command(
            "run_core_worker",
            worker_id="isolated-core-worker",
            max_jobs=1,
        )
    
        with tenant_transaction(organization.id, using="worker_runtime"):
            completed = BackgroundJob.objects.using("worker_runtime").get(pk=queued.id)
            receipts = list(
                RecoveryReceipt.objects.using("worker_runtime").filter(job=completed)
            )
        with tenant_transaction(organization.id, using="owner_runtime"):
>           artifact = ReportArtifact.objects.using("owner_runtime").get(
                report_id=report.id
            )

tests/test_run_core_worker_command.py:121: 
_ _ _ _ _ _ _ _ _ _ _ _ _ _ _ _ _ _ _ _ _ _ _ _ _ _ _ _ _ _ _ _ _ _ _ _ _ _ _ _ 

self = <QuerySet []>, args = ()
kwargs = {'report_id': UUID('599d55d6-744d-497c-87eb-c298299c050b')}

    def get(self, *args, **kwargs):
        """
        Perform the query and return a single object matching the given
        keyword arguments.
        """
        if self.query.combinator and (args or kwargs):
            raise NotSupportedError(
                "Calling QuerySet.get(...) with filters after %s() is not "
                "supported." % self.query.combinator
            )
        clone = self._chain() if self.query.combinator else self.filter(*args, **kwargs)
        if self.query.can_filter() and not self.query.distinct_fields:
            clone = clone.order_by()
        limit = None
        if (
            not clone.query.select_for_update
            or connections[clone.db].features.supports_select_for_update_with_limit
        ):
            limit = MAX_GET_RESULTS
            clone.query.set_limits(high=limit)
        num = len(clone)
        if num == 1:
            return clone._result_cache[0]
        if not num:
>           raise self.model.DoesNotExist(
                "%s matching query does not exist." % self.model._meta.object_name
            )
E           apps.reports.models.ReportArtifact.DoesNotExist: ReportArtifact matching query does not exist.

.venv/lib/python3.14/site-packages/django/db/models/query.py:635: DoesNotExist
----------------------------- Captured stdout call -----------------------------
Core completed batch: 1 processed jobs
=========================== short test summary info ============================
FAILED tests/test_run_core_worker_command.py::test_core_worker_command_delivers_report_through_http_renderer
1 failed in 43.64s
