#0 building with "desktop-linux" instance using docker driver

#1 [internal] load build definition from Dockerfile.qualification
#1 transferring dockerfile: 836B 0.0s done
#1 DONE 0.1s

#2 [internal] load metadata for ghcr.io/astral-sh/uv:0.12.9
#2 ...

#3 [auth] library/python:pull token for registry-1.docker.io
#3 DONE 0.0s

#4 [internal] load metadata for docker.io/library/python:3.14.7-slim
#4 DONE 2.5s

#2 [internal] load metadata for ghcr.io/astral-sh/uv:0.12.9
#2 DONE 2.7s

#5 [internal] load .dockerignore
#5 transferring context: 164B 0.0s done
#5 DONE 0.1s

#6 [internal] load build context
#6 DONE 0.0s

#7 [stage-1 1/8] FROM docker.io/library/python:3.14.7-slim@sha256:51dafde81dbdb6ebde285137a295cf18a47ca95234fe388a343719cb97305b3d
#7 resolve docker.io/library/python:3.14.7-slim@sha256:51dafde81dbdb6ebde285137a295cf18a47ca95234fe388a343719cb97305b3d
#7 resolve docker.io/library/python:3.14.7-slim@sha256:51dafde81dbdb6ebde285137a295cf18a47ca95234fe388a343719cb97305b3d 0.2s done
#7 DONE 0.3s

#8 [uv 1/1] FROM ghcr.io/astral-sh/uv:0.12.9@sha256:8b940d3a9d65bed080436972241af2e21c84b5e8c9193f7014ed71479ee795ff
#8 resolve ghcr.io/astral-sh/uv:0.12.9@sha256:8b940d3a9d65bed080436972241af2e21c84b5e8c9193f7014ed71479ee795ff 0.2s done
#8 DONE 0.3s

#6 [internal] load build context
#6 transferring context: 62.86kB 0.2s done
#6 DONE 0.3s

#9 [stage-1 2/8] COPY --from=uv /uv /bin/uv
#9 CACHED

#10 [stage-1 3/8] WORKDIR /app
#10 CACHED

#11 [stage-1 4/8] COPY source/pyproject.toml source/uv.lock ./
#11 CACHED

#12 [stage-1 5/8] RUN uv sync --frozen --no-install-project
#12 CACHED

#13 [stage-1 6/8] RUN /app/.venv/bin/playwright install --with-deps --only-shell chromium && apt-get install -y --no-install-recommends poppler-utils && chmod -R a+rX /ms-playwright && rm -rf /var/lib/apt/lists/*
#13 CACHED

#14 [stage-1 7/8] COPY source/ ./
#14 DONE 3.0s

#15 [stage-1 8/8] RUN groupadd --gid 10001 qualification && useradd --uid 10001 --gid 10001 --no-create-home qualification
#15 DONE 5.3s

#16 exporting to image
#16 exporting layers
#16 exporting layers 2.8s done
#16 exporting manifest sha256:ad42419f9fbce8912a7431a690233dec7475ad852e3c70fefc8defe9b53489cd 0.1s done
#16 exporting config sha256:7e5151fc9e1ed8679d5092ad15c06a982960fe2397f2f3dea6985f60db10177b
#16 exporting config sha256:7e5151fc9e1ed8679d5092ad15c06a982960fe2397f2f3dea6985f60db10177b 0.1s done
#16 exporting attestation manifest sha256:f5bca5217bd2f19d45a42ffecb2ca3c29a20686b709f0b6521da589162ac778a
#16 exporting attestation manifest sha256:f5bca5217bd2f19d45a42ffecb2ca3c29a20686b709f0b6521da589162ac778a 0.2s done
#16 exporting manifest list sha256:d3c7519316bb54216db079f37addc03db87194e3b3c56136223e220cb216fc59
#16 exporting manifest list sha256:d3c7519316bb54216db079f37addc03db87194e3b3c56136223e220cb216fc59 0.1s done
#16 naming to docker.io/library/stewardence-local-qualification:stewardence-local-1d86c9108d 0.0s done
#16 unpacking to docker.io/library/stewardence-local-qualification:stewardence-local-1d86c9108d
#16 unpacking to docker.io/library/stewardence-local-qualification:stewardence-local-1d86c9108d 1.8s done
#16 DONE 5.3s
