#0 building with "desktop-linux" instance using docker driver

#1 [internal] load build definition from Dockerfile.qualification
#1 transferring dockerfile:
#1 transferring dockerfile: 836B 0.1s done
#1 DONE 0.3s

#2 [internal] load metadata for docker.io/library/python:3.14.7-slim
#2 DONE 0.8s

#3 [internal] load metadata for ghcr.io/astral-sh/uv:0.12.9
#3 DONE 1.0s

#4 [internal] load .dockerignore
#4 transferring context: 164B 0.1s done
#4 DONE 0.1s

#5 [internal] load build context
#5 DONE 0.0s

#6 [uv 1/1] FROM ghcr.io/astral-sh/uv:0.12.9@sha256:8b940d3a9d65bed080436972241af2e21c84b5e8c9193f7014ed71479ee795ff
#6 resolve ghcr.io/astral-sh/uv:0.12.9@sha256:8b940d3a9d65bed080436972241af2e21c84b5e8c9193f7014ed71479ee795ff
#6 resolve ghcr.io/astral-sh/uv:0.12.9@sha256:8b940d3a9d65bed080436972241af2e21c84b5e8c9193f7014ed71479ee795ff 0.7s done
#6 DONE 0.7s

#7 [stage-1 1/8] FROM docker.io/library/python:3.14.7-slim@sha256:51dafde81dbdb6ebde285137a295cf18a47ca95234fe388a343719cb97305b3d
#7 resolve docker.io/library/python:3.14.7-slim@sha256:51dafde81dbdb6ebde285137a295cf18a47ca95234fe388a343719cb97305b3d 0.7s done
#7 DONE 0.7s

#5 [internal] load build context
#5 transferring context: 46.95kB 0.2s done
#5 DONE 1.2s

#8 [stage-1 2/8] COPY --from=uv /uv /bin/uv
#8 CACHED

#9 [stage-1 3/8] WORKDIR /app
#9 CACHED

#10 [stage-1 4/8] COPY source/pyproject.toml source/uv.lock ./
#10 CACHED

#11 [stage-1 5/8] RUN uv sync --frozen --no-install-project
#11 CACHED

#12 [stage-1 6/8] RUN /app/.venv/bin/playwright install --with-deps --only-shell chromium && apt-get install -y --no-install-recommends poppler-utils && chmod -R a+rX /ms-playwright && rm -rf /var/lib/apt/lists/*
#12 CACHED

#13 [stage-1 7/8] COPY source/ ./
#13 DONE 2.0s

#14 [stage-1 8/8] RUN groupadd --gid 10001 qualification && useradd --uid 10001 --gid 10001 --no-create-home qualification
#14 DONE 3.4s

#15 exporting to image
#15 exporting layers
#15 exporting layers 3.1s done
#15 exporting manifest sha256:520496a5afb2c9e3d60f19a2fcec564aaca846acd077483c20d420890e014c52 0.1s done
#15 exporting config sha256:fcc9ae11949783ae0e268540e26a965ad0509d03edcba6f29e956257f1f3b5fb
#15 exporting config sha256:fcc9ae11949783ae0e268540e26a965ad0509d03edcba6f29e956257f1f3b5fb 0.1s done
#15 exporting attestation manifest sha256:d5d981eafe458c324db3e44ac921721ba89409b9bd513c7e818cc905627a907a
#15 exporting attestation manifest sha256:d5d981eafe458c324db3e44ac921721ba89409b9bd513c7e818cc905627a907a 0.1s done
#15 exporting manifest list sha256:4391524acf3c6860904c2e9f07d46dea1dece78bf6fcef76f3c4fabf71096555
#15 exporting manifest list sha256:4391524acf3c6860904c2e9f07d46dea1dece78bf6fcef76f3c4fabf71096555 0.1s done
#15 naming to docker.io/library/stewardence-local-qualification:stewardence-local-b2113e820f 0.0s done
#15 unpacking to docker.io/library/stewardence-local-qualification:stewardence-local-b2113e820f
#15 unpacking to docker.io/library/stewardence-local-qualification:stewardence-local-b2113e820f 0.9s done
#15 DONE 4.7s
