#0 building with "desktop-linux" instance using docker driver

#1 [internal] load build definition from Dockerfile.qualification
#1 transferring dockerfile: 836B done
#1 DONE -0.3s

#2 [internal] load metadata for docker.io/library/python:3.14.7-slim
#2 DONE -0.0s

#3 [internal] load metadata for ghcr.io/astral-sh/uv:0.12.9
#3 DONE 0.3s

#4 [internal] load .dockerignore
#4 transferring context: 164B 0.0s done
#4 DONE 0.1s

#5 [internal] load build context
#5 DONE 0.0s

#6 [stage-1 1/8] FROM docker.io/library/python:3.14.7-slim@sha256:51dafde81dbdb6ebde285137a295cf18a47ca95234fe388a343719cb97305b3d
#6 resolve docker.io/library/python:3.14.7-slim@sha256:51dafde81dbdb6ebde285137a295cf18a47ca95234fe388a343719cb97305b3d
#6 resolve docker.io/library/python:3.14.7-slim@sha256:51dafde81dbdb6ebde285137a295cf18a47ca95234fe388a343719cb97305b3d 0.3s done
#6 DONE 0.3s

#7 [uv 1/1] FROM ghcr.io/astral-sh/uv:0.12.9@sha256:8b940d3a9d65bed080436972241af2e21c84b5e8c9193f7014ed71479ee795ff
#7 resolve ghcr.io/astral-sh/uv:0.12.9@sha256:8b940d3a9d65bed080436972241af2e21c84b5e8c9193f7014ed71479ee795ff 0.3s done
#7 DONE 0.3s

#5 [internal] load build context
#5 transferring context: 70.30kB 0.1s done
#5 DONE 0.1s

#8 [stage-1 2/8] COPY --from=uv /uv /bin/uv
#8 CACHED

#9 [stage-1 3/8] WORKDIR /app
#9 CACHED

#10 [stage-1 4/8] COPY source/pyproject.toml source/uv.lock ./
#10 CACHED

#11 [stage-1 5/8] RUN uv sync --frozen --no-install-project
#11 CACHED

#12 [stage-1 6/8] RUN /app/.venv/bin/playwright install --with-deps --only-shell chromium && apt-get install -y --no-install-recommends poppler-utils && chmod -R a+rX /ms-playwright && rm -rf /var/lib/apt/lists/*
#12 CACHED

#13 [stage-1 7/8] COPY source/ ./
#13 DONE 0.8s

#14 [stage-1 8/8] RUN groupadd --gid 10001 qualification && useradd --uid 10001 --gid 10001 --no-create-home qualification
#14 DONE 1.5s

#15 exporting to image
#15 exporting layers
#15 exporting layers 1.4s done
#15 exporting manifest sha256:4b53a5aa5762fc463b288c2698902a8607c67859265628c24305d23a47813169
#15 exporting manifest sha256:4b53a5aa5762fc463b288c2698902a8607c67859265628c24305d23a47813169 0.2s done
#15 exporting config sha256:13f1d7845eb2962702da2a58b1e5cf88eacc9b78119a6227f93ed6c391a6cc28
#15 exporting config sha256:13f1d7845eb2962702da2a58b1e5cf88eacc9b78119a6227f93ed6c391a6cc28 0.1s done
#15 exporting attestation manifest sha256:bf8d7d6fa65758094fc3273e567d2b547b1c81764b682b756c11dc7f55e1af3c 0.1s done
#15 exporting manifest list sha256:6ab5f0e58751160735f471aa9fffff8459fc68b2f3aba3fb8bc4a6235ef38793
#15 exporting manifest list sha256:6ab5f0e58751160735f471aa9fffff8459fc68b2f3aba3fb8bc4a6235ef38793 0.1s done
#15 naming to docker.io/library/stewardence-local-qualification:stewardence-local-ca8306c604
#15 naming to docker.io/library/stewardence-local-qualification:stewardence-local-ca8306c604 0.0s done
#15 unpacking to docker.io/library/stewardence-local-qualification:stewardence-local-ca8306c604
#15 unpacking to docker.io/library/stewardence-local-qualification:stewardence-local-ca8306c604 0.6s done
#15 DONE 2.8s
