#0 building with "desktop-linux" instance using docker driver

#1 [internal] load build definition from Dockerfile.qualification
#1 transferring dockerfile: 836B 0.1s done
#1 DONE 0.1s

#2 [internal] load metadata for docker.io/library/python:3.14.7-slim
#2 DONE 0.5s

#3 [internal] load metadata for ghcr.io/astral-sh/uv:0.12.9
#3 DONE 0.0s

#4 [internal] load .dockerignore
#4 transferring context: 164B 0.0s done
#4 DONE 0.1s

#5 [uv 1/1] FROM ghcr.io/astral-sh/uv:0.12.9@sha256:8b940d3a9d65bed080436972241af2e21c84b5e8c9193f7014ed71479ee795ff
#5 resolve ghcr.io/astral-sh/uv:0.12.9@sha256:8b940d3a9d65bed080436972241af2e21c84b5e8c9193f7014ed71479ee795ff 0.1s done
#5 CACHED

#6 [builder 1/5] FROM docker.io/library/python:3.14.7-slim@sha256:51dafde81dbdb6ebde285137a295cf18a47ca95234fe388a343719cb97305b3d
#6 resolve docker.io/library/python:3.14.7-slim@sha256:51dafde81dbdb6ebde285137a295cf18a47ca95234fe388a343719cb97305b3d 0.1s done
#6 CACHED

#7 [internal] load build context
#7 transferring context: 34.23kB 0.1s done
#7 DONE 0.2s

#8 [stage-1 5/8] RUN uv sync --frozen --no-install-project
#8 CACHED

#9 [stage-1 2/8] COPY --from=uv /uv /bin/uv
#9 CACHED

#10 [stage-1 3/8] WORKDIR /app
#10 CACHED

#11 [stage-1 4/8] COPY source/pyproject.toml source/uv.lock ./
#11 CACHED

#12 [stage-1 6/8] RUN /app/.venv/bin/playwright install --with-deps --only-shell chromium && apt-get install -y --no-install-recommends poppler-utils && chmod -R a+rX /ms-playwright && rm -rf /var/lib/apt/lists/*
#12 CACHED

#13 [stage-1 7/8] COPY source/ ./
#13 DONE 4.2s

#14 [stage-1 8/8] RUN groupadd --gid 10001 qualification && useradd --uid 10001 --gid 10001 --no-create-home qualification
#14 DONE 8.0s

#15 exporting to image
#15 exporting layers
#15 exporting layers 4.0s done
#15 exporting manifest sha256:11978f397da30f061fe95a7da3c8275452f94e1cc500f27c9637558c01d182b0
#15 exporting manifest sha256:11978f397da30f061fe95a7da3c8275452f94e1cc500f27c9637558c01d182b0 0.2s done
#15 exporting config sha256:766cf966c3b8c26e667df4b9426cddc8ee8df4d6604e592aba2732ab4a3fdbc1
#15 exporting config sha256:766cf966c3b8c26e667df4b9426cddc8ee8df4d6604e592aba2732ab4a3fdbc1 0.1s done
#15 exporting attestation manifest sha256:189857217876fe5fd6644b4c5ea8d77ad57289365ae66837b9b5e269e90cd5b0
#15 exporting attestation manifest sha256:189857217876fe5fd6644b4c5ea8d77ad57289365ae66837b9b5e269e90cd5b0 0.6s done
#15 exporting manifest list sha256:46abdd11b6c8780e81e4c1aae836e9d1103e35f76169e280d03009c54e751e8a
#15 exporting manifest list sha256:46abdd11b6c8780e81e4c1aae836e9d1103e35f76169e280d03009c54e751e8a 0.1s done
#15 naming to docker.io/library/stewardence-local-qualification:stewardence-local-f52d1f3c63
#15 naming to docker.io/library/stewardence-local-qualification:stewardence-local-f52d1f3c63 0.0s done
#15 unpacking to docker.io/library/stewardence-local-qualification:stewardence-local-f52d1f3c63
#15 unpacking to docker.io/library/stewardence-local-qualification:stewardence-local-f52d1f3c63 2.2s done
#15 DONE 7.7s
