#0 building with "desktop-linux" instance using docker driver

#1 [internal] load build definition from Dockerfile.qualification
#1 transferring dockerfile: 836B 0.0s done
#1 DONE 0.1s

#2 [internal] load metadata for docker.io/library/python:3.14.7-slim
#2 DONE 0.4s

#3 [internal] load metadata for ghcr.io/astral-sh/uv:0.12.9
#3 DONE 0.8s

#4 [internal] load .dockerignore
#4 transferring context: 164B done
#4 DONE 0.1s

#5 [internal] load build context
#5 DONE 0.0s

#6 [uv 1/1] FROM ghcr.io/astral-sh/uv:0.12.9@sha256:8b940d3a9d65bed080436972241af2e21c84b5e8c9193f7014ed71479ee795ff
#6 resolve ghcr.io/astral-sh/uv:0.12.9@sha256:8b940d3a9d65bed080436972241af2e21c84b5e8c9193f7014ed71479ee795ff
#6 resolve ghcr.io/astral-sh/uv:0.12.9@sha256:8b940d3a9d65bed080436972241af2e21c84b5e8c9193f7014ed71479ee795ff 0.2s done
#6 DONE 0.2s

#7 [stage-1 1/8] FROM docker.io/library/python:3.14.7-slim@sha256:51dafde81dbdb6ebde285137a295cf18a47ca95234fe388a343719cb97305b3d
#7 resolve docker.io/library/python:3.14.7-slim@sha256:51dafde81dbdb6ebde285137a295cf18a47ca95234fe388a343719cb97305b3d 0.2s done
#7 DONE 0.2s

#5 [internal] load build context
#5 transferring context: 28.11kB 0.0s done
#5 DONE 0.1s

#8 [stage-1 2/8] COPY --from=uv /uv /bin/uv
#8 CACHED

#9 [stage-1 3/8] WORKDIR /app
#9 CACHED

#10 [stage-1 4/8] COPY source/pyproject.toml source/uv.lock ./
#10 CACHED

#11 [stage-1 5/8] RUN uv sync --frozen --no-install-project
#11 CACHED

#12 [stage-1 6/8] RUN /app/.venv/bin/playwright install --with-deps --only-shell chromium && apt-get install -y --no-install-recommends poppler-utils && chmod -R a+rX /ms-playwright && rm -rf /var/lib/apt/lists/*
#12 CACHED

#13 [stage-1 7/8] COPY source/ ./
#13 CACHED

#14 [stage-1 8/8] RUN groupadd --gid 10001 qualification && useradd --uid 10001 --gid 10001 --no-create-home qualification
#14 CACHED

#15 exporting to image
#15 exporting layers done
#15 exporting manifest sha256:dca5646fcc5091de93793cea1bf7a4bea80d5f26979b4532ca38c1ad5b42b456 0.0s done
#15 exporting config sha256:f8f12784a3771670c1661dbe71f1b667ff8570ad0ea0a67a040b334ccb5f3b0a 0.0s done
#15 exporting attestation manifest sha256:d05cf887fe09067fa699339e89151bc9823d5b52045fe4a307cc028365faf83a
#15 exporting attestation manifest sha256:d05cf887fe09067fa699339e89151bc9823d5b52045fe4a307cc028365faf83a 0.1s done
#15 exporting manifest list sha256:f8b63f61b9594949909127463a1f4f8855ead66b2ee233c5f3385626ec47d41d 0.1s done
#15 naming to docker.io/library/stewardence-local-qualification:stewardence-local-2dc35a44a7
#15 naming to docker.io/library/stewardence-local-qualification:stewardence-local-2dc35a44a7 0.0s done
#15 unpacking to docker.io/library/stewardence-local-qualification:stewardence-local-2dc35a44a7 0.1s done
#15 DONE 0.5s
