#0 building with "desktop-linux" instance using docker driver

#1 [internal] load build definition from Dockerfile.qualification
#1 transferring dockerfile: 836B 0.1s done
#1 DONE 0.1s

#2 [internal] load metadata for ghcr.io/astral-sh/uv:0.12.9
#2 ...

#3 [internal] load metadata for docker.io/library/python:3.14.7-slim
#3 DONE 0.9s

#2 [internal] load metadata for ghcr.io/astral-sh/uv:0.12.9
#2 DONE 0.9s

#4 [internal] load .dockerignore
#4 transferring context: 164B 0.0s done
#4 DONE 0.1s

#5 [internal] load build context
#5 DONE 0.0s

#6 [stage-1 1/8] FROM docker.io/library/python:3.14.7-slim@sha256:51dafde81dbdb6ebde285137a295cf18a47ca95234fe388a343719cb97305b3d
#6 resolve docker.io/library/python:3.14.7-slim@sha256:51dafde81dbdb6ebde285137a295cf18a47ca95234fe388a343719cb97305b3d 0.1s done
#6 DONE 0.1s

#7 [uv 1/1] FROM ghcr.io/astral-sh/uv:0.12.9@sha256:8b940d3a9d65bed080436972241af2e21c84b5e8c9193f7014ed71479ee795ff
#7 resolve ghcr.io/astral-sh/uv:0.12.9@sha256:8b940d3a9d65bed080436972241af2e21c84b5e8c9193f7014ed71479ee795ff 0.1s done
#7 DONE 0.1s

#5 [internal] load build context
#5 transferring context: 87.14kB 0.2s done
#5 DONE 0.3s

#8 [stage-1 4/8] COPY source/pyproject.toml source/uv.lock ./
#8 CACHED

#9 [stage-1 5/8] RUN uv sync --frozen --no-install-project
#9 CACHED

#10 [stage-1 2/8] COPY --from=uv /uv /bin/uv
#10 CACHED

#11 [stage-1 3/8] WORKDIR /app
#11 CACHED

#12 [stage-1 6/8] RUN /app/.venv/bin/playwright install --with-deps --only-shell chromium && apt-get install -y --no-install-recommends poppler-utils && chmod -R a+rX /ms-playwright && rm -rf /var/lib/apt/lists/*
#12 CACHED

#13 [stage-1 7/8] COPY source/ ./
#13 DONE 2.7s

#14 [stage-1 8/8] RUN groupadd --gid 10001 qualification && useradd --uid 10001 --gid 10001 --no-create-home qualification
#14 DONE 5.0s

#15 exporting to image
#15 exporting layers
#15 exporting layers 1.7s done
#15 exporting manifest sha256:5cc949090639024933264f869f8221ca37f7663b8659af28e87a45f45281cb2d 0.1s done
#15 exporting config sha256:3993428e2fd9bc0f53342541a466fa6a02a70735d0b6cfad4d07f4baf1660f26 0.1s done
#15 exporting attestation manifest sha256:0a5a797782ada560600154dea3890315b81f6e4d63c537b46810c31836d478f9 0.1s done
#15 exporting manifest list sha256:3c21ae8df524995e94a43e1fdf31072600b3e2e22e8e4123dc2e883e74e6fe49
#15 exporting manifest list sha256:3c21ae8df524995e94a43e1fdf31072600b3e2e22e8e4123dc2e883e74e6fe49 0.1s done
#15 naming to docker.io/library/stewardence-local-qualification:stewardence-local-f32bb35880 0.0s done
#15 unpacking to docker.io/library/stewardence-local-qualification:stewardence-local-f32bb35880
#15 unpacking to docker.io/library/stewardence-local-qualification:stewardence-local-f32bb35880 1.2s done
#15 DONE 3.5s
