#0 building with "desktop-linux" instance using docker driver

#1 [internal] load build definition from Dockerfile.qualification
#1 transferring dockerfile: 836B 0.0s done
#1 DONE 0.1s

#2 [internal] load metadata for docker.io/library/python:3.14.7-slim
#2 ...

#3 [auth] library/python:pull token for registry-1.docker.io
#3 DONE 0.0s

#4 [internal] load metadata for ghcr.io/astral-sh/uv:0.12.9
#4 ...

#2 [internal] load metadata for docker.io/library/python:3.14.7-slim
#2 DONE -0.9s

#4 [internal] load metadata for ghcr.io/astral-sh/uv:0.12.9
#4 DONE -0.9s

#5 [internal] load .dockerignore
#5 transferring context: 164B 0.0s done
#5 DONE 0.0s

#6 [internal] load build context
#6 DONE 0.0s

#7 [uv 1/1] FROM ghcr.io/astral-sh/uv:0.12.9@sha256:8b940d3a9d65bed080436972241af2e21c84b5e8c9193f7014ed71479ee795ff
#7 resolve ghcr.io/astral-sh/uv:0.12.9@sha256:8b940d3a9d65bed080436972241af2e21c84b5e8c9193f7014ed71479ee795ff 0.1s done
#7 DONE 0.1s

#8 [stage-1 1/8] FROM docker.io/library/python:3.14.7-slim@sha256:51dafde81dbdb6ebde285137a295cf18a47ca95234fe388a343719cb97305b3d
#8 resolve docker.io/library/python:3.14.7-slim@sha256:51dafde81dbdb6ebde285137a295cf18a47ca95234fe388a343719cb97305b3d 0.1s done
#8 DONE 0.1s

#6 [internal] load build context
#6 transferring context: 50.39kB 0.1s done
#6 DONE 0.2s

#9 [stage-1 2/8] COPY --from=uv /uv /bin/uv
#9 CACHED

#10 [stage-1 3/8] WORKDIR /app
#10 CACHED

#11 [stage-1 4/8] COPY source/pyproject.toml source/uv.lock ./
#11 CACHED

#12 [stage-1 5/8] RUN uv sync --frozen --no-install-project
#12 CACHED

#13 [stage-1 6/8] RUN /app/.venv/bin/playwright install --with-deps --only-shell chromium && apt-get install -y --no-install-recommends poppler-utils && chmod -R a+rX /ms-playwright && rm -rf /var/lib/apt/lists/*
#13 CACHED

#14 [stage-1 7/8] COPY source/ ./
#14 DONE 1.2s

#15 [stage-1 8/8] RUN groupadd --gid 10001 qualification && useradd --uid 10001 --gid 10001 --no-create-home qualification
#15 DONE 1.7s

#16 exporting to image
#16 exporting layers
#16 exporting layers 1.1s done
#16 exporting manifest sha256:d027d2913f47083494eb2e187aac4aba9329bfeff5367c30a3a85212d2a67876 0.1s done
#16 exporting config sha256:ce33d4f8a17bdbedeb686ba3dd13702aefcea735d9c4d7c2568348823c553a59 0.1s done
#16 exporting attestation manifest sha256:76cc59c0d17d90d34b521f1a137f7703d956104de08b75dca02b2d6f73cf59d0 0.1s done
#16 exporting manifest list sha256:0569f9b7c44d5f6daea1e3ec456cb3f861c897e286747253686fda813ebaab3a
#16 exporting manifest list sha256:0569f9b7c44d5f6daea1e3ec456cb3f861c897e286747253686fda813ebaab3a 0.1s done
#16 naming to docker.io/library/stewardence-local-qualification:stewardence-local-c5bd0633d6 done
#16 unpacking to docker.io/library/stewardence-local-qualification:stewardence-local-c5bd0633d6
#16 unpacking to docker.io/library/stewardence-local-qualification:stewardence-local-c5bd0633d6 0.8s done
#16 DONE 2.2s
