Operations to perform:
  Apply all migrations: accounts, assessments, audit, auth, billing, catalog, contenttypes, imports, integrations, inventory, jobs, organizations, policies, reports, sessions
Running migrations:
  Applying contenttypes.0001_initial... OK
  Applying contenttypes.0002_remove_content_type_name... OK
  Applying auth.0001_initial... OK
  Applying auth.0002_alter_permission_name_max_length... OK
  Applying auth.0003_alter_user_email_max_length... OK
  Applying auth.0004_alter_user_username_opts... OK
  Applying auth.0005_alter_user_last_login_null... OK
  Applying auth.0006_require_contenttypes_0002... OK
  Applying auth.0007_alter_validators_add_error_messages... OK
  Applying auth.0008_alter_user_username_max_length... OK
  Applying auth.0009_alter_user_last_name_max_length... OK
  Applying auth.0010_alter_group_name_max_length... OK
  Applying auth.0011_update_proxy_permissions... OK
  Applying auth.0012_alter_user_first_name_max_length... OK
  Applying accounts.0001_initial... OK
  Applying sessions.0001_initial... OK
  Applying organizations.0001_initial... OK
  Applying inventory.0001_initial... OK
  Applying inventory.0002_database_security... OK
  Applying catalog.0001_initial... OK
  Applying inventory.0003_remove_inventoryitem_product_id_and_more... OK
  Applying assessments.0001_initial... OK
  Applying assessments.0002_snapshot_security... OK
  Applying audit.0001_initial... OK
  Applying audit.0002_audit_security... OK
  Applying organizations.0002_public_onboarding... OK
  Applying billing.0001_initial... OK
  Applying billing.0002_stripewebhookevent... OK
  Applying billing.0003_founderslot... OK
  Applying billing.0004_founderslot_reservation_token... OK
  Applying billing.0005_billing_security... OK
  Applying catalog.0002_catalog_security... OK
  Applying imports.0001_initial... OK
  Applying imports.0002_import_staging_security... OK
  Applying integrations.0001_initial... OK
  Applying integrations.0002_providerconnection_providerattempt_providerevent_and_more... OK
  Applying inventory.0004_discovery_evidence... OK
  Applying inventory.0005_discovery_security... OK
  Applying inventory.0006_detectionevidence_inventory_item_and_more... OK
  Applying inventory.0007_inventoryitem_declared_fields... OK
  Applying jobs.0001_initial... OK
  Applying jobs.0002_job_security... OK
  Applying jobs.0003_recovery_receipts... OK
  Applying policies.0001_initial... OK
  Applying policies.0002_organization_rule_security... OK
  Applying policies.0003_remove_organizationrule_unique_organization_rule_name_and_more... OK
  Applying reports.0001_initial... OK
  Applying reports.0002_report_security... OK
  Applying reports.0003_reportartifact... OK
  Applying reports.0004_reportartifact_security... OK
F.....................................................................   [100%]
=================================== FAILURES ===================================
_____ test_worker_completion_receipt_is_bound_immutable_and_tenant_private _____

    def test_worker_completion_receipt_is_bound_immutable_and_tenant_private():
        organization = Organization.objects.create(name="Receipt firm")
        other = Organization.objects.create(name="Other receipt firm")
        job = enqueue_job(organization_id=organization.id,
            job_type=BackgroundJob.Type.REPORT_GENERATION, payload={"report_id":str(uuid4())})
        class Handler:
            def prepare(self, job): return None
            def execute_external(self, prepared, heartbeat): return None
            def persist(self, job, result): return None
>       drain_queue("receipt-worker", lambda kind: Handler(), using="worker_runtime", max_jobs=1)

tests/test_recovery_receipts.py:24: 
_ _ _ _ _ _ _ _ _ _ _ _ _ _ _ _ _ _ _ _ _ _ _ _ _ _ _ _ _ _ _ _ _ _ _ _ _ _ _ _ 
apps/jobs/worker.py:101: in drain_queue
    recover_expired_jobs(using=using)
apps/jobs/queue.py:245: in recover_expired_jobs
    with transaction.atomic(using=using), connections[using].cursor() as cursor:
         ^^^^^^^^^^^^^^^^^^^^^^^^^^^^^^^
.venv/lib/python3.14/site-packages/django/db/transaction.py:198: in __enter__
    if not connection.get_autocommit():
           ^^^^^^^^^^^^^^^^^^^^^^^^^^^
.venv/lib/python3.14/site-packages/django/db/backends/base/base.py:454: in get_autocommit
    self.ensure_connection()
.venv/lib/python3.14/site-packages/django/test/testcases.py:309: in patched_ensure_connection
    return _DatabaseFailure(self.ensure_connection, message)()
           ^^^^^^^^^^^^^^^^^^^^^^^^^^^^^^^^^^^^^^^^^^^^^^^^^^^
_ _ _ _ _ _ _ _ _ _ _ _ _ _ _ _ _ _ _ _ _ _ _ _ _ _ _ _ _ _ _ _ _ _ _ _ _ _ _ _ 

self = <django.test.testcases._DatabaseFailure object at 0x7ab3c8663310>

    def __call__(self):
>       raise DatabaseOperationForbidden(self.message)
E       django.test.testcases.DatabaseOperationForbidden: Database threaded connections to 'worker_runtime' are not allowed in this test. Add 'worker_runtime' to pytest_django.fixtures._django_db_helper.<locals>.PytestDjangoTestCase.databases to ensure proper test isolation and silence this failure.

.venv/lib/python3.14/site-packages/django/test/testcases.py:201: DatabaseOperationForbidden
=========================== short test summary info ============================
FAILED tests/test_recovery_receipts.py::test_worker_completion_receipt_is_bound_immutable_and_tenant_private
1 failed, 69 passed in 13.75s
