#0 building with "desktop-linux" instance using docker driver

#1 [internal] load build definition from Dockerfile.qualification
#1 transferring dockerfile: 836B 0.1s done
#1 DONE 0.2s

#2 [internal] load metadata for ghcr.io/astral-sh/uv:0.12.9
#2 ...

#3 [internal] load metadata for docker.io/library/python:3.14.7-slim
#3 DONE 1.6s

#2 [internal] load metadata for ghcr.io/astral-sh/uv:0.12.9
#2 DONE 2.3s

#4 [internal] load .dockerignore
#4 transferring context: 164B 0.1s done
#4 DONE 0.1s

#5 [internal] load build context
#5 DONE 0.0s

#6 [uv 1/1] FROM ghcr.io/astral-sh/uv:0.12.9@sha256:8b940d3a9d65bed080436972241af2e21c84b5e8c9193f7014ed71479ee795ff
#6 resolve ghcr.io/astral-sh/uv:0.12.9@sha256:8b940d3a9d65bed080436972241af2e21c84b5e8c9193f7014ed71479ee795ff
#6 resolve ghcr.io/astral-sh/uv:0.12.9@sha256:8b940d3a9d65bed080436972241af2e21c84b5e8c9193f7014ed71479ee795ff 0.2s done
#6 DONE 0.3s

#7 [stage-1 1/8] FROM docker.io/library/python:3.14.7-slim@sha256:51dafde81dbdb6ebde285137a295cf18a47ca95234fe388a343719cb97305b3d
#7 resolve docker.io/library/python:3.14.7-slim@sha256:51dafde81dbdb6ebde285137a295cf18a47ca95234fe388a343719cb97305b3d 0.3s done
#7 DONE 0.3s

#5 [internal] load build context
#5 transferring context: 58.89kB 0.3s done
#5 DONE 0.4s

#8 [stage-1 2/8] COPY --from=uv /uv /bin/uv
#8 CACHED

#9 [stage-1 3/8] WORKDIR /app
#9 CACHED

#10 [stage-1 4/8] COPY source/pyproject.toml source/uv.lock ./
#10 CACHED

#11 [stage-1 5/8] RUN uv sync --frozen --no-install-project
#11 CACHED

#12 [stage-1 6/8] RUN /app/.venv/bin/playwright install --with-deps --only-shell chromium && apt-get install -y --no-install-recommends poppler-utils && chmod -R a+rX /ms-playwright && rm -rf /var/lib/apt/lists/*
#12 CACHED

#13 [stage-1 7/8] COPY source/ ./
#13 DONE 2.3s

#14 [stage-1 8/8] RUN groupadd --gid 10001 qualification && useradd --uid 10001 --gid 10001 --no-create-home qualification
#14 DONE 3.6s

#15 exporting to image
#15 exporting layers
#15 exporting layers 1.6s done
#15 exporting manifest sha256:47c5972ed69a882975f927e18c7b4568cee78f359488cf72ff33f46c7c9dc99a 0.1s done
#15 exporting config sha256:5461fb59e86ae64026f5e850a2f5f164b32b7f097c76cb84e5dea83e1f769ed1 0.1s done
#15 exporting attestation manifest sha256:8159b03b355214d4fc83457e7932f32367784484ba91d3968f69a17081885377 0.1s done
#15 exporting manifest list sha256:2a600a3b37f28716b7213491e24c2750fb8cd6c9d5796d541d450244bb1bfe3e
#15 exporting manifest list sha256:2a600a3b37f28716b7213491e24c2750fb8cd6c9d5796d541d450244bb1bfe3e 0.1s done
#15 naming to docker.io/library/stewardence-local-qualification:stewardence-local-a65c66d243 0.0s done
#15 unpacking to docker.io/library/stewardence-local-qualification:stewardence-local-a65c66d243
#15 unpacking to docker.io/library/stewardence-local-qualification:stewardence-local-a65c66d243 1.1s done
#15 DONE 3.3s
