#0 building with "desktop-linux" instance using docker driver

#1 [internal] load build definition from Dockerfile.qualification
#1 transferring dockerfile: 836B 0.0s done
#1 DONE 0.0s

#2 [internal] load metadata for docker.io/library/python:3.14.7-slim
#2 ...

#3 [auth] library/python:pull token for registry-1.docker.io
#3 DONE 0.0s

#4 [internal] load metadata for ghcr.io/astral-sh/uv:0.12.9
#4 DONE 0.7s

#2 [internal] load metadata for docker.io/library/python:3.14.7-slim
#2 DONE 0.8s

#5 [internal] load .dockerignore
#5 transferring context: 164B 0.0s done
#5 DONE 0.0s

#6 [internal] load build context
#6 DONE 0.0s

#7 [stage-1 1/8] FROM docker.io/library/python:3.14.7-slim@sha256:51dafde81dbdb6ebde285137a295cf18a47ca95234fe388a343719cb97305b3d
#7 resolve docker.io/library/python:3.14.7-slim@sha256:51dafde81dbdb6ebde285137a295cf18a47ca95234fe388a343719cb97305b3d 0.1s done
#7 DONE 0.1s

#8 [uv 1/1] FROM ghcr.io/astral-sh/uv:0.12.9@sha256:8b940d3a9d65bed080436972241af2e21c84b5e8c9193f7014ed71479ee795ff
#8 resolve ghcr.io/astral-sh/uv:0.12.9@sha256:8b940d3a9d65bed080436972241af2e21c84b5e8c9193f7014ed71479ee795ff 0.1s done
#8 DONE 0.1s

#6 [internal] load build context
#6 transferring context: 61.86kB 0.1s done
#6 DONE 0.1s

#9 [stage-1 2/8] COPY --from=uv /uv /bin/uv
#9 CACHED

#10 [stage-1 3/8] WORKDIR /app
#10 CACHED

#11 [stage-1 4/8] COPY source/pyproject.toml source/uv.lock ./
#11 CACHED

#12 [stage-1 5/8] RUN uv sync --frozen --no-install-project
#12 CACHED

#13 [stage-1 6/8] RUN /app/.venv/bin/playwright install --with-deps --only-shell chromium && apt-get install -y --no-install-recommends poppler-utils && chmod -R a+rX /ms-playwright && rm -rf /var/lib/apt/lists/*
#13 CACHED

#14 [stage-1 7/8] COPY source/ ./
#14 DONE 0.4s

#15 [stage-1 8/8] RUN groupadd --gid 10001 qualification && useradd --uid 10001 --gid 10001 --no-create-home qualification
#15 DONE 0.7s

#16 exporting to image
#16 exporting layers
#16 exporting layers 0.5s done
#16 exporting manifest sha256:a8a60627a6fc0fc241af3351843651274348f3e826387fe4fd6147ba2a9d64b0 0.0s done
#16 exporting config sha256:90db8cc7d793b95944042bee341793f3498874c2fb07a208bebe512b7617d003 0.0s done
#16 exporting attestation manifest sha256:3fbbfe7905ba623d7bcfe6d4791ed4405d2f755a599802c12bc5f9980d3e1196
#16 exporting attestation manifest sha256:3fbbfe7905ba623d7bcfe6d4791ed4405d2f755a599802c12bc5f9980d3e1196 0.1s done
#16 exporting manifest list sha256:e72fee026ec93ec37bb60a5f07800a28c882ca4458a980c35c5991db626aff9a 0.1s done
#16 naming to docker.io/library/stewardence-local-qualification:stewardence-local-306bb4333b done
#16 unpacking to docker.io/library/stewardence-local-qualification:stewardence-local-306bb4333b
#16 unpacking to docker.io/library/stewardence-local-qualification:stewardence-local-306bb4333b 0.4s done
#16 DONE 1.2s
