Operations to perform:
  Apply all migrations: accounts, assessments, audit, auth, billing, catalog, contenttypes, imports, integrations, inventory, jobs, organizations, policies, reports, sessions
Running migrations:
  Applying contenttypes.0001_initial... OK
  Applying contenttypes.0002_remove_content_type_name... OK
  Applying auth.0001_initial... OK
  Applying auth.0002_alter_permission_name_max_length... OK
  Applying auth.0003_alter_user_email_max_length... OK
  Applying auth.0004_alter_user_username_opts... OK
  Applying auth.0005_alter_user_last_login_null... OK
  Applying auth.0006_require_contenttypes_0002... OK
  Applying auth.0007_alter_validators_add_error_messages... OK
  Applying auth.0008_alter_user_username_max_length... OK
  Applying auth.0009_alter_user_last_name_max_length... OK
  Applying auth.0010_alter_group_name_max_length... OK
  Applying auth.0011_update_proxy_permissions... OK
  Applying auth.0012_alter_user_first_name_max_length... OK
  Applying accounts.0001_initial... OK
  Applying sessions.0001_initial... OK
  Applying organizations.0001_initial... OK
  Applying inventory.0001_initial... OK
  Applying inventory.0002_database_security... OK
  Applying catalog.0001_initial... OK
  Applying inventory.0003_remove_inventoryitem_product_id_and_more... OK
  Applying assessments.0001_initial... OK
  Applying assessments.0002_snapshot_security... OK
  Applying audit.0001_initial... OK
  Applying audit.0002_audit_security... OK
  Applying organizations.0002_public_onboarding... OK
  Applying billing.0001_initial... OK
  Applying billing.0002_stripewebhookevent... OK
  Applying billing.0003_founderslot... OK
  Applying billing.0004_founderslot_reservation_token... OK
  Applying billing.0005_billing_security... OK
  Applying catalog.0002_catalog_security... OK
  Applying imports.0001_initial... OK
  Applying imports.0002_import_staging_security... OK
  Applying integrations.0001_initial... OK
  Applying integrations.0002_providerconnection_providerattempt_providerevent_and_more... OK
  Applying inventory.0004_discovery_evidence... OK
  Applying inventory.0005_discovery_security... OK
  Applying inventory.0006_detectionevidence_inventory_item_and_more... OK
  Applying inventory.0007_inventoryitem_declared_fields... OK
  Applying reports.0001_initial... OK
  Applying reports.0002_report_security... OK
  Applying reports.0003_reportartifact... OK
  Applying reports.0004_reportartifact_security... OK
  Applying organizations.0003_workflow_profile... OK
  Applying jobs.0001_initial... OK
  Applying jobs.0002_job_security... OK
  Applying jobs.0003_recovery_receipts... OK
  Applying jobs.0004_receipt_admission... OK
  Applying jobs.0005_atomic_recovery_admission... OK
  Applying jobs.0006_corecontrol_workflowschedule_actioncardrevision_and_more... OK
  Applying jobs.0007_core_workflow_security... OK
  Applying jobs.0008_worker_transition_authority... OK
  Applying jobs.0009_core_issuance_authority... OK
  Applying jobs.0010_job_input_admission... OK
  Applying jobs.0011_action_card_issuance... OK
  Applying jobs.0012_core_authority_successor... OK
  Applying policies.0001_initial... OK
  Applying policies.0002_organization_rule_security... OK
  Applying policies.0003_remove_organizationrule_unique_organization_rule_name_and_more... OK
...................FF....................                                [100%]
=================================== FAILURES ===================================
______ test_signed_fixture_requires_admitted_price_before_receipt_commit _______

self = <Event id=evt_core_offline at 0x74f1b6051010> JSON: {
  "data": {
    "object": {
      "client_reference_id": "38a376...ub_core_admission"
    }
  },
  "id": "evt_core_offline",
  "livemode": false,
  "type": "checkout.session.completed"
}
k = 'get'

    def __getattr__(self, k):
        if k[0] == "_":
            raise AttributeError(k)
    
        try:
            if k in self._field_remappings:
                key = self._field_remappings[k]
            else:
                key = k
>           return self[key]
                   ^^^^^^^^^

.venv/lib/python3.14/site-packages/stripe/_stripe_object.py:193: 
_ _ _ _ _ _ _ _ _ _ _ _ _ _ _ _ _ _ _ _ _ _ _ _ _ _ _ _ _ _ _ _ _ _ _ _ _ _ _ _ 
.venv/lib/python3.14/site-packages/stripe/_stripe_object.py:252: in __getitem__
    raise err
_ _ _ _ _ _ _ _ _ _ _ _ _ _ _ _ _ _ _ _ _ _ _ _ _ _ _ _ _ _ _ _ _ _ _ _ _ _ _ _ 

self = <Event id=evt_core_offline at 0x74f1b6051010> JSON: {
  "data": {
    "object": {
      "client_reference_id": "38a376...ub_core_admission"
    }
  },
  "id": "evt_core_offline",
  "livemode": false,
  "type": "checkout.session.completed"
}
k = 'get'

    def __getitem__(self, k: str) -> Any:
        try:
>           return self._data[k]
                   ^^^^^^^^^^^^^
E           KeyError: 'get'

.venv/lib/python3.14/site-packages/stripe/_stripe_object.py:231: KeyError

The above exception was the direct cause of the following exception:

client = <django.test.client.Client object at 0x74f1b60b8b90>
settings = <pytest_django.fixtures.Settings object at 0x74f1b60b8ff0>
checkout_evidence = (<BillingCustomer: BillingCustomer object (a1815cdf-c5c8-4ac8-bfcc-9c22a36ae32f)>, {'id': 'cs_core_admission', 'client...tus': 'active', 'metadata': {'portfolio': 'core', 'stewardence_user_id': '38a37618-0c22-459e-9f1e-ccd5f900709c'}, ...})

    def test_signed_fixture_requires_admitted_price_before_receipt_commit(client,settings,checkout_evidence):
        customer,session,authoritative = checkout_evidence
        authoritative['items']['data'][0]['price']['unit_amount'] = 4900
        with pytest.raises(RuntimeError):
>           signed_fixture_request(client,settings,session)

tests/test_core_checkout_admission.py:115: 
_ _ _ _ _ _ _ _ _ _ _ _ _ _ _ _ _ _ _ _ _ _ _ _ _ _ _ _ _ _ _ _ _ _ _ _ _ _ _ _ 
tests/test_core_checkout_admission.py:98: in signed_fixture_request
    return client.post(reverse('billing:stripe-webhook'),data=body,content_type='application/json',
.venv/lib/python3.14/site-packages/django/test/client.py:1156: in post
    response = super().post(
.venv/lib/python3.14/site-packages/django/test/client.py:499: in post
    return self.generic(
.venv/lib/python3.14/site-packages/django/test/client.py:671: in generic
    return self.request(**r)
           ^^^^^^^^^^^^^^^^^
.venv/lib/python3.14/site-packages/django/test/client.py:1090: in request
    self.check_exception(response)
.venv/lib/python3.14/site-packages/django/test/client.py:805: in check_exception
    raise exc_value
.venv/lib/python3.14/site-packages/django/core/handlers/exception.py:55: in inner
    response = get_response(request)
               ^^^^^^^^^^^^^^^^^^^^^
.venv/lib/python3.14/site-packages/django/core/handlers/base.py:197: in _get_response
    response = wrapped_callback(request, *callback_args, **callback_kwargs)
               ^^^^^^^^^^^^^^^^^^^^^^^^^^^^^^^^^^^^^^^^^^^^^^^^^^^^^^^^^^^^
.venv/lib/python3.14/site-packages/django/views/decorators/csrf.py:65: in _view_wrapper
    return view_func(request, *args, **kwargs)
           ^^^^^^^^^^^^^^^^^^^^^^^^^^^^^^^^^^^
.venv/lib/python3.14/site-packages/django/views/decorators/http.py:64: in inner
    return func(request, *args, **kwargs)
           ^^^^^^^^^^^^^^^^^^^^^^^^^^^^^^
apps/billing/views.py:500: in stripe_webhook
    event_id = event.get("id")
               ^^^^^^^^^
_ _ _ _ _ _ _ _ _ _ _ _ _ _ _ _ _ _ _ _ _ _ _ _ _ _ _ _ _ _ _ _ _ _ _ _ _ _ _ _ 

self = <Event id=evt_core_offline at 0x74f1b6051010> JSON: {
  "data": {
    "object": {
      "client_reference_id": "38a376...ub_core_admission"
    }
  },
  "id": "evt_core_offline",
  "livemode": false,
  "type": "checkout.session.completed"
}
k = 'get'

    def __getattr__(self, k):
        if k[0] == "_":
            raise AttributeError(k)
    
        try:
            if k in self._field_remappings:
                key = self._field_remappings[k]
            else:
                key = k
            return self[key]
        except KeyError as err:
            # Stays an AttributeError (rather than becoming a TypeError) so
            # that hasattr() and getattr(obj, "get", None) keep working.
            if k in self._DICT_METHOD_NAMES:
>               raise AttributeError(
                    f"'{k}' is a dict method, but a {type(self).__name__} is not a dict. Use .to_dict() to convert it. Docs: https://github.com/stripe/stripe-python#working-with-api-resources"
                ) from err
E               AttributeError: 'get' is a dict method, but a Event is not a dict. Use .to_dict() to convert it. Docs: https://github.com/stripe/stripe-python#working-with-api-resources

.venv/lib/python3.14/site-packages/stripe/_stripe_object.py:198: AttributeError
------------------------------ Captured log call -------------------------------
ERROR    django.request:log.py:253 Internal Server Error: /billing/webhook/stripe/
Traceback (most recent call last):
  File "/app/.venv/lib/python3.14/site-packages/stripe/_stripe_object.py", line 193, in __getattr__
    return self[key]
           ~~~~^^^^^
  File "/app/.venv/lib/python3.14/site-packages/stripe/_stripe_object.py", line 252, in __getitem__
    raise err
  File "/app/.venv/lib/python3.14/site-packages/stripe/_stripe_object.py", line 231, in __getitem__
    return self._data[k]
           ~~~~~~~~~~^^^
KeyError: 'get'

The above exception was the direct cause of the following exception:

Traceback (most recent call last):
  File "/app/.venv/lib/python3.14/site-packages/django/core/handlers/exception.py", line 55, in inner
    response = get_response(request)
  File "/app/.venv/lib/python3.14/site-packages/django/core/handlers/base.py", line 197, in _get_response
    response = wrapped_callback(request, *callback_args, **callback_kwargs)
  File "/app/.venv/lib/python3.14/site-packages/django/views/decorators/csrf.py", line 65, in _view_wrapper
    return view_func(request, *args, **kwargs)
  File "/app/.venv/lib/python3.14/site-packages/django/views/decorators/http.py", line 64, in inner
    return func(request, *args, **kwargs)
  File "/app/apps/billing/views.py", line 500, in stripe_webhook
    event_id = event.get("id")
               ^^^^^^^^^
  File "/app/.venv/lib/python3.14/site-packages/stripe/_stripe_object.py", line 198, in __getattr__
    raise AttributeError(
        f"'{k}' is a dict method, but a {type(self).__name__} is not a dict. Use .to_dict() to convert it. Docs: https://github.com/stripe/stripe-python#working-with-api-resources"
    ) from err
AttributeError: 'get' is a dict method, but a Event is not a dict. Use .to_dict() to convert it. Docs: https://github.com/stripe/stripe-python#working-with-api-resources
____________________ test_signed_paid_fixture_fulfills_once ____________________

self = <Event id=evt_core_offline at 0x74f1b61c2210> JSON: {
  "data": {
    "object": {
      "client_reference_id": "9a1c77...ub_core_admission"
    }
  },
  "id": "evt_core_offline",
  "livemode": false,
  "type": "checkout.session.completed"
}
k = 'get'

    def __getattr__(self, k):
        if k[0] == "_":
            raise AttributeError(k)
    
        try:
            if k in self._field_remappings:
                key = self._field_remappings[k]
            else:
                key = k
>           return self[key]
                   ^^^^^^^^^

.venv/lib/python3.14/site-packages/stripe/_stripe_object.py:193: 
_ _ _ _ _ _ _ _ _ _ _ _ _ _ _ _ _ _ _ _ _ _ _ _ _ _ _ _ _ _ _ _ _ _ _ _ _ _ _ _ 
.venv/lib/python3.14/site-packages/stripe/_stripe_object.py:252: in __getitem__
    raise err
_ _ _ _ _ _ _ _ _ _ _ _ _ _ _ _ _ _ _ _ _ _ _ _ _ _ _ _ _ _ _ _ _ _ _ _ _ _ _ _ 

self = <Event id=evt_core_offline at 0x74f1b61c2210> JSON: {
  "data": {
    "object": {
      "client_reference_id": "9a1c77...ub_core_admission"
    }
  },
  "id": "evt_core_offline",
  "livemode": false,
  "type": "checkout.session.completed"
}
k = 'get'

    def __getitem__(self, k: str) -> Any:
        try:
>           return self._data[k]
                   ^^^^^^^^^^^^^
E           KeyError: 'get'

.venv/lib/python3.14/site-packages/stripe/_stripe_object.py:231: KeyError

The above exception was the direct cause of the following exception:

client = <django.test.client.Client object at 0x74f1b60bbcf0>
settings = <pytest_django.fixtures.Settings object at 0x74f1b60bbbb0>
checkout_evidence = (<BillingCustomer: BillingCustomer object (f83924bd-ffcd-4196-b348-fda10ee21588)>, {'id': 'cs_core_admission', 'client...tus': 'active', 'metadata': {'portfolio': 'core', 'stewardence_user_id': '9a1c77aa-3cf5-4ba2-9a00-c433d7fa10ee'}, ...})

    def test_signed_paid_fixture_fulfills_once(client,settings,checkout_evidence):
        customer,session,authoritative = checkout_evidence
>       first = signed_fixture_request(client,settings,session)
                ^^^^^^^^^^^^^^^^^^^^^^^^^^^^^^^^^^^^^^^^^^^^^^^

tests/test_core_checkout_admission.py:122: 
_ _ _ _ _ _ _ _ _ _ _ _ _ _ _ _ _ _ _ _ _ _ _ _ _ _ _ _ _ _ _ _ _ _ _ _ _ _ _ _ 
tests/test_core_checkout_admission.py:98: in signed_fixture_request
    return client.post(reverse('billing:stripe-webhook'),data=body,content_type='application/json',
.venv/lib/python3.14/site-packages/django/test/client.py:1156: in post
    response = super().post(
.venv/lib/python3.14/site-packages/django/test/client.py:499: in post
    return self.generic(
.venv/lib/python3.14/site-packages/django/test/client.py:671: in generic
    return self.request(**r)
           ^^^^^^^^^^^^^^^^^
.venv/lib/python3.14/site-packages/django/test/client.py:1090: in request
    self.check_exception(response)
.venv/lib/python3.14/site-packages/django/test/client.py:805: in check_exception
    raise exc_value
.venv/lib/python3.14/site-packages/django/core/handlers/exception.py:55: in inner
    response = get_response(request)
               ^^^^^^^^^^^^^^^^^^^^^
.venv/lib/python3.14/site-packages/django/core/handlers/base.py:197: in _get_response
    response = wrapped_callback(request, *callback_args, **callback_kwargs)
               ^^^^^^^^^^^^^^^^^^^^^^^^^^^^^^^^^^^^^^^^^^^^^^^^^^^^^^^^^^^^
.venv/lib/python3.14/site-packages/django/views/decorators/csrf.py:65: in _view_wrapper
    return view_func(request, *args, **kwargs)
           ^^^^^^^^^^^^^^^^^^^^^^^^^^^^^^^^^^^
.venv/lib/python3.14/site-packages/django/views/decorators/http.py:64: in inner
    return func(request, *args, **kwargs)
           ^^^^^^^^^^^^^^^^^^^^^^^^^^^^^^
apps/billing/views.py:500: in stripe_webhook
    event_id = event.get("id")
               ^^^^^^^^^
_ _ _ _ _ _ _ _ _ _ _ _ _ _ _ _ _ _ _ _ _ _ _ _ _ _ _ _ _ _ _ _ _ _ _ _ _ _ _ _ 

self = <Event id=evt_core_offline at 0x74f1b61c2210> JSON: {
  "data": {
    "object": {
      "client_reference_id": "9a1c77...ub_core_admission"
    }
  },
  "id": "evt_core_offline",
  "livemode": false,
  "type": "checkout.session.completed"
}
k = 'get'

    def __getattr__(self, k):
        if k[0] == "_":
            raise AttributeError(k)
    
        try:
            if k in self._field_remappings:
                key = self._field_remappings[k]
            else:
                key = k
            return self[key]
        except KeyError as err:
            # Stays an AttributeError (rather than becoming a TypeError) so
            # that hasattr() and getattr(obj, "get", None) keep working.
            if k in self._DICT_METHOD_NAMES:
>               raise AttributeError(
                    f"'{k}' is a dict method, but a {type(self).__name__} is not a dict. Use .to_dict() to convert it. Docs: https://github.com/stripe/stripe-python#working-with-api-resources"
                ) from err
E               AttributeError: 'get' is a dict method, but a Event is not a dict. Use .to_dict() to convert it. Docs: https://github.com/stripe/stripe-python#working-with-api-resources

.venv/lib/python3.14/site-packages/stripe/_stripe_object.py:198: AttributeError
------------------------------ Captured log call -------------------------------
ERROR    django.request:log.py:253 Internal Server Error: /billing/webhook/stripe/
Traceback (most recent call last):
  File "/app/.venv/lib/python3.14/site-packages/stripe/_stripe_object.py", line 193, in __getattr__
    return self[key]
           ~~~~^^^^^
  File "/app/.venv/lib/python3.14/site-packages/stripe/_stripe_object.py", line 252, in __getitem__
    raise err
  File "/app/.venv/lib/python3.14/site-packages/stripe/_stripe_object.py", line 231, in __getitem__
    return self._data[k]
           ~~~~~~~~~~^^^
KeyError: 'get'

The above exception was the direct cause of the following exception:

Traceback (most recent call last):
  File "/app/.venv/lib/python3.14/site-packages/django/core/handlers/exception.py", line 55, in inner
    response = get_response(request)
  File "/app/.venv/lib/python3.14/site-packages/django/core/handlers/base.py", line 197, in _get_response
    response = wrapped_callback(request, *callback_args, **callback_kwargs)
  File "/app/.venv/lib/python3.14/site-packages/django/views/decorators/csrf.py", line 65, in _view_wrapper
    return view_func(request, *args, **kwargs)
  File "/app/.venv/lib/python3.14/site-packages/django/views/decorators/http.py", line 64, in inner
    return func(request, *args, **kwargs)
  File "/app/apps/billing/views.py", line 500, in stripe_webhook
    event_id = event.get("id")
               ^^^^^^^^^
  File "/app/.venv/lib/python3.14/site-packages/stripe/_stripe_object.py", line 198, in __getattr__
    raise AttributeError(
        f"'{k}' is a dict method, but a {type(self).__name__} is not a dict. Use .to_dict() to convert it. Docs: https://github.com/stripe/stripe-python#working-with-api-resources"
    ) from err
AttributeError: 'get' is a dict method, but a Event is not a dict. Use .to_dict() to convert it. Docs: https://github.com/stripe/stripe-python#working-with-api-resources
=============================== warnings summary ===============================
tests/test_core_checkout_admission.py::test_actual_sdk_signature_rejects_invalid_envelopes[tampered_body]
tests/test_core_checkout_admission.py::test_actual_sdk_signature_rejects_invalid_envelopes[expired]
tests/test_core_checkout_admission.py::test_actual_sdk_signature_rejects_invalid_envelopes[wrong_signature]
tests/test_core_checkout_admission.py::test_actual_sdk_signature_rejects_invalid_envelopes[missing_signature]
tests/test_core_checkout_admission.py::test_signed_fixture_requires_admitted_price_before_receipt_commit
tests/test_core_checkout_admission.py::test_signed_paid_fixture_fulfills_once
  /app/.venv/lib/python3.14/site-packages/django/core/handlers/base.py:61: UserWarning: No directory at: /app/staticfiles/
    mw_instance = middleware(adapted_handler)

-- Docs: https://docs.pytest.org/en/stable/how-to/capture-warnings.html
=========================== short test summary info ============================
FAILED tests/test_core_checkout_admission.py::test_signed_fixture_requires_admitted_price_before_receipt_commit
FAILED tests/test_core_checkout_admission.py::test_signed_paid_fixture_fulfills_once
2 failed, 39 passed, 6 warnings in 11.21s
