#0 building with "desktop-linux" instance using docker driver

#1 [internal] load build definition from Dockerfile.qualification
#1 transferring dockerfile: 44B
#1 transferring dockerfile: 836B done
#1 DONE -0.8s

#2 [internal] load metadata for ghcr.io/astral-sh/uv:0.12.9
#2 ...

#3 [auth] library/python:pull token for registry-1.docker.io
#3 DONE 0.0s

#4 [internal] load metadata for docker.io/library/python:3.14.7-slim
#4 ...

#2 [internal] load metadata for ghcr.io/astral-sh/uv:0.12.9
#2 DONE 2.5s

#4 [internal] load metadata for docker.io/library/python:3.14.7-slim
#4 DONE 2.6s

#5 [internal] load .dockerignore
#5 transferring context: 164B 0.0s done
#5 DONE 0.1s

#6 [internal] load build context
#6 DONE 0.0s

#7 [uv 1/1] FROM ghcr.io/astral-sh/uv:0.12.9@sha256:8b940d3a9d65bed080436972241af2e21c84b5e8c9193f7014ed71479ee795ff
#7 resolve ghcr.io/astral-sh/uv:0.12.9@sha256:8b940d3a9d65bed080436972241af2e21c84b5e8c9193f7014ed71479ee795ff
#7 resolve ghcr.io/astral-sh/uv:0.12.9@sha256:8b940d3a9d65bed080436972241af2e21c84b5e8c9193f7014ed71479ee795ff 0.2s done
#7 DONE 0.3s

#8 [stage-1 1/8] FROM docker.io/library/python:3.14.7-slim@sha256:51dafde81dbdb6ebde285137a295cf18a47ca95234fe388a343719cb97305b3d
#8 resolve docker.io/library/python:3.14.7-slim@sha256:51dafde81dbdb6ebde285137a295cf18a47ca95234fe388a343719cb97305b3d 0.2s done
#8 DONE 0.3s

#6 [internal] load build context
#6 transferring context: 115.13kB 0.4s done
#6 DONE 0.5s

#9 [stage-1 2/8] COPY --from=uv /uv /bin/uv
#9 CACHED

#10 [stage-1 3/8] WORKDIR /app
#10 CACHED

#11 [stage-1 4/8] COPY source/pyproject.toml source/uv.lock ./
#11 CACHED

#12 [stage-1 5/8] RUN uv sync --frozen --no-install-project
#12 CACHED

#13 [stage-1 6/8] RUN /app/.venv/bin/playwright install --with-deps --only-shell chromium && apt-get install -y --no-install-recommends poppler-utils && chmod -R a+rX /ms-playwright && rm -rf /var/lib/apt/lists/*
#13 CACHED

#14 [stage-1 7/8] COPY source/ ./
#14 DONE 6.6s

#15 [stage-1 8/8] RUN groupadd --gid 10001 qualification && useradd --uid 10001 --gid 10001 --no-create-home qualification
#15 DONE 6.3s

#16 exporting to image
#16 exporting layers
#16 exporting layers 2.3s done
#16 exporting manifest sha256:f6e3b3a197fa33a2aec03ab2e497b67de305fbb33cf6196a12926394f4abb240 0.1s done
#16 exporting config sha256:0a28a64d6df6c8b569e84d29adddb5573940fff2e3aa0af8507100e9cdff2ad3
#16 exporting config sha256:0a28a64d6df6c8b569e84d29adddb5573940fff2e3aa0af8507100e9cdff2ad3 0.1s done
#16 exporting attestation manifest sha256:0978ac8d6147f62049fedb7a7d9b146b7af2521cb4a919bcdec79a9f0c00d9ed
#16 exporting attestation manifest sha256:0978ac8d6147f62049fedb7a7d9b146b7af2521cb4a919bcdec79a9f0c00d9ed 0.2s done
#16 exporting manifest list sha256:dd2fa93e6216275f40ed86eef36cf59861e05d4e3e1d8eb7e4cba62c034502a5
#16 exporting manifest list sha256:dd2fa93e6216275f40ed86eef36cf59861e05d4e3e1d8eb7e4cba62c034502a5 0.2s done
#16 naming to docker.io/library/stewardence-local-qualification:stewardence-local-a475744d71 0.0s done
#16 unpacking to docker.io/library/stewardence-local-qualification:stewardence-local-a475744d71
#16 unpacking to docker.io/library/stewardence-local-qualification:stewardence-local-a475744d71 1.9s done
#16 DONE 5.1s
