#0 building with "desktop-linux" instance using docker driver

#1 [internal] load build definition from Dockerfile.qualification
#1 transferring dockerfile: 836B 0.0s done
#1 DONE 0.1s

#2 [internal] load metadata for docker.io/library/python:3.14.7-slim
#2 DONE 0.7s

#3 [internal] load metadata for ghcr.io/astral-sh/uv:0.12.9
#3 DONE 0.7s

#4 [internal] load .dockerignore
#4 transferring context: 164B 0.0s done
#4 DONE 0.1s

#5 [internal] load build context
#5 DONE 0.0s

#6 [stage-1 1/8] FROM docker.io/library/python:3.14.7-slim@sha256:51dafde81dbdb6ebde285137a295cf18a47ca95234fe388a343719cb97305b3d
#6 resolve docker.io/library/python:3.14.7-slim@sha256:51dafde81dbdb6ebde285137a295cf18a47ca95234fe388a343719cb97305b3d
#6 ...

#7 [uv 1/1] FROM ghcr.io/astral-sh/uv:0.12.9@sha256:8b940d3a9d65bed080436972241af2e21c84b5e8c9193f7014ed71479ee795ff
#7 resolve ghcr.io/astral-sh/uv:0.12.9@sha256:8b940d3a9d65bed080436972241af2e21c84b5e8c9193f7014ed71479ee795ff 0.3s done
#7 DONE 0.3s

#6 [stage-1 1/8] FROM docker.io/library/python:3.14.7-slim@sha256:51dafde81dbdb6ebde285137a295cf18a47ca95234fe388a343719cb97305b3d
#6 resolve docker.io/library/python:3.14.7-slim@sha256:51dafde81dbdb6ebde285137a295cf18a47ca95234fe388a343719cb97305b3d 0.3s done
#6 DONE 0.3s

#5 [internal] load build context
#5 transferring context: 69.79kB 0.1s done
#5 DONE 0.1s

#8 [stage-1 3/8] WORKDIR /app
#8 CACHED

#9 [stage-1 4/8] COPY source/pyproject.toml source/uv.lock ./
#9 CACHED

#10 [stage-1 5/8] RUN uv sync --frozen --no-install-project
#10 CACHED

#11 [stage-1 2/8] COPY --from=uv /uv /bin/uv
#11 CACHED

#12 [stage-1 6/8] RUN /app/.venv/bin/playwright install --with-deps --only-shell chromium && apt-get install -y --no-install-recommends poppler-utils && chmod -R a+rX /ms-playwright && rm -rf /var/lib/apt/lists/*
#12 CACHED

#13 [stage-1 7/8] COPY source/ ./
#13 DONE 0.8s

#14 [stage-1 8/8] RUN groupadd --gid 10001 qualification && useradd --uid 10001 --gid 10001 --no-create-home qualification
#14 DONE 1.5s

#15 exporting to image
#15 exporting layers
#15 exporting layers 1.1s done
#15 exporting manifest sha256:eadd54694d88b22da75d31fa81e03c419578069c196ddda5615dd39b20862d3e 0.1s done
#15 exporting config sha256:1985e919e1f8b65bc75e16085a78827969b42ad336d41c0e63bbf3603c3cc34b
#15 exporting config sha256:1985e919e1f8b65bc75e16085a78827969b42ad336d41c0e63bbf3603c3cc34b 0.1s done
#15 exporting attestation manifest sha256:8477a5213a39c1dcb62feccf9e875209abcd84334e49d9d0382485f822a1ec92
#15 exporting attestation manifest sha256:8477a5213a39c1dcb62feccf9e875209abcd84334e49d9d0382485f822a1ec92 0.1s done
#15 exporting manifest list sha256:6810f25c2bfb44f13cbc99903c4bd93adacda148d213f6a5bfc05c02dcfa3d2a
#15 exporting manifest list sha256:6810f25c2bfb44f13cbc99903c4bd93adacda148d213f6a5bfc05c02dcfa3d2a 0.1s done
#15 naming to docker.io/library/stewardence-local-qualification:stewardence-local-7e54787cea 0.0s done
#15 unpacking to docker.io/library/stewardence-local-qualification:stewardence-local-7e54787cea
#15 unpacking to docker.io/library/stewardence-local-qualification:stewardence-local-7e54787cea 0.5s done
#15 DONE 2.2s
