#0 building with "desktop-linux" instance using docker driver

#1 [internal] load build definition from Dockerfile.qualification
#1 transferring dockerfile:
#1 transferring dockerfile: 836B 0.4s done
#1 DONE 0.8s

#2 [internal] load metadata for docker.io/library/python:3.14.7-slim
#2 DONE 6.1s

#3 [internal] load metadata for ghcr.io/astral-sh/uv:0.12.9
#3 DONE 6.2s

#4 [internal] load .dockerignore
#4 transferring context:
#4 transferring context: 164B 0.2s done
#4 DONE 3.1s

#5 [internal] load build context
#5 DONE 0.0s

#6 [uv 1/1] FROM ghcr.io/astral-sh/uv:0.12.9@sha256:8b940d3a9d65bed080436972241af2e21c84b5e8c9193f7014ed71479ee795ff
#6 resolve ghcr.io/astral-sh/uv:0.12.9@sha256:8b940d3a9d65bed080436972241af2e21c84b5e8c9193f7014ed71479ee795ff
#6 resolve ghcr.io/astral-sh/uv:0.12.9@sha256:8b940d3a9d65bed080436972241af2e21c84b5e8c9193f7014ed71479ee795ff 0.3s done
#6 DONE 0.4s

#7 [stage-1 1/8] FROM docker.io/library/python:3.14.7-slim@sha256:51dafde81dbdb6ebde285137a295cf18a47ca95234fe388a343719cb97305b3d
#7 resolve docker.io/library/python:3.14.7-slim@sha256:51dafde81dbdb6ebde285137a295cf18a47ca95234fe388a343719cb97305b3d 0.3s done
#7 DONE 0.4s

#5 [internal] load build context
#5 transferring context: 86.70kB 0.5s done
#5 DONE 0.7s

#8 [stage-1 5/8] RUN uv sync --frozen --no-install-project
#8 CACHED

#9 [stage-1 2/8] COPY --from=uv /uv /bin/uv
#9 CACHED

#10 [stage-1 3/8] WORKDIR /app
#10 CACHED

#11 [stage-1 4/8] COPY source/pyproject.toml source/uv.lock ./
#11 CACHED

#12 [stage-1 6/8] RUN /app/.venv/bin/playwright install --with-deps --only-shell chromium && apt-get install -y --no-install-recommends poppler-utils && chmod -R a+rX /ms-playwright && rm -rf /var/lib/apt/lists/*
#12 CACHED

#13 [stage-1 7/8] COPY source/ ./
#13 DONE 5.3s

#14 [stage-1 8/8] RUN groupadd --gid 10001 qualification && useradd --uid 10001 --gid 10001 --no-create-home qualification
#14 DONE 7.0s

#15 exporting to image
#15 exporting layers
#15 exporting layers 6.9s done
#15 exporting manifest sha256:d97d5f921d63b26751c782a71b26be8a685acc642a2cc8dd06627f7a8a705921 0.1s done
#15 exporting config sha256:7e4d2654a06724cef88fad81149889673fa81eec55f52094ad692f93567fe718
#15 exporting config sha256:7e4d2654a06724cef88fad81149889673fa81eec55f52094ad692f93567fe718 0.1s done
#15 exporting attestation manifest sha256:95d6633fa65bcd305bb0fceafcffd8f74ccd9732659845731d5977142e0d83b0
#15 exporting attestation manifest sha256:95d6633fa65bcd305bb0fceafcffd8f74ccd9732659845731d5977142e0d83b0 0.1s done
#15 exporting manifest list sha256:dcb1f7fbd4b7152fd9743dde84de59dd45b4293a063a64941cbd32f1933cf728 0.1s done
#15 naming to docker.io/library/stewardence-local-qualification:stewardence-local-d1d1ee542d 0.0s done
#15 unpacking to docker.io/library/stewardence-local-qualification:stewardence-local-d1d1ee542d
#15 unpacking to docker.io/library/stewardence-local-qualification:stewardence-local-d1d1ee542d 3.4s done
#15 DONE 11.4s
