#0 building with "desktop-linux" instance using docker driver

#1 [internal] load build definition from Dockerfile.qualification
#1 transferring dockerfile: 525B 0.0s done
#1 DONE 0.0s

#2 [auth] library/python:pull token for registry-1.docker.io
#2 DONE 0.0s

#3 [internal] load metadata for docker.io/library/python:3.14.7-slim
#3 ...

#4 [internal] load metadata for ghcr.io/astral-sh/uv:0.12.9
#4 DONE 0.5s

#3 [internal] load metadata for docker.io/library/python:3.14.7-slim
#3 DONE 0.6s

#5 [internal] load .dockerignore
#5 transferring context: 164B done
#5 DONE 0.0s

#6 [stage-1 1/7] FROM docker.io/library/python:3.14.7-slim@sha256:51dafde81dbdb6ebde285137a295cf18a47ca95234fe388a343719cb97305b3d
#6 resolve docker.io/library/python:3.14.7-slim@sha256:51dafde81dbdb6ebde285137a295cf18a47ca95234fe388a343719cb97305b3d 0.1s done
#6 DONE 0.1s

#7 [uv 1/1] FROM ghcr.io/astral-sh/uv:0.12.9@sha256:8b940d3a9d65bed080436972241af2e21c84b5e8c9193f7014ed71479ee795ff
#7 resolve ghcr.io/astral-sh/uv:0.12.9@sha256:8b940d3a9d65bed080436972241af2e21c84b5e8c9193f7014ed71479ee795ff 0.1s done
#7 DONE 0.1s

#8 [internal] load build context
#8 transferring context: 37.08kB 0.0s done
#8 DONE 0.1s

#9 [stage-1 2/7] COPY --from=uv /uv /bin/uv
#9 CACHED

#10 [stage-1 3/7] WORKDIR /app
#10 CACHED

#11 [stage-1 4/7] COPY source/pyproject.toml source/uv.lock ./
#11 CACHED

#12 [stage-1 5/7] RUN uv sync --frozen --no-install-project
#12 CACHED

#13 [stage-1 6/7] COPY source/ ./
#13 DONE 0.2s

#14 [stage-1 7/7] RUN groupadd --gid 10001 qualification && useradd --uid 10001 --gid 10001 --no-create-home qualification
#14 DONE 0.5s

#15 exporting to image
#15 exporting layers
#15 exporting layers 0.4s done
#15 exporting manifest sha256:d0c0feef21e0c2324952853bc3c66fb71bc84b01c22adc0074cff114e22e1386 0.0s done
#15 exporting config sha256:7a2c8cb5d06a1f3d912f3d9c39f93ceb6fc5b6f197597a9b4873e8b9620737e7 0.0s done
#15 exporting attestation manifest sha256:22c8cd203a982c6fa390374d339d3bfb9627e4ea12acfb1566b3898fd1b70a75
#15 exporting attestation manifest sha256:22c8cd203a982c6fa390374d339d3bfb9627e4ea12acfb1566b3898fd1b70a75 0.0s done
#15 exporting manifest list sha256:bbcdb9ef4f19c3b7e3c3999bb8acc494ab1cc7b6aab5101032bcb2dd2b183539 0.0s done
#15 naming to docker.io/library/stewardence-local-qualification:stewardence-local-4acf8b2793 done
#15 unpacking to docker.io/library/stewardence-local-qualification:stewardence-local-4acf8b2793
#15 unpacking to docker.io/library/stewardence-local-qualification:stewardence-local-4acf8b2793 0.2s done
#15 DONE 0.9s
