#0 building with "desktop-linux" instance using docker driver

#1 [internal] load build definition from Dockerfile.qualification
#1 transferring dockerfile: 836B 0.0s done
#1 DONE 0.1s

#2 [internal] load metadata for ghcr.io/astral-sh/uv:0.12.9
#2 ...

#3 [internal] load metadata for docker.io/library/python:3.14.7-slim
#3 DONE 1.4s

#2 [internal] load metadata for ghcr.io/astral-sh/uv:0.12.9
#2 DONE 1.6s

#4 [internal] load .dockerignore
#4 transferring context: 164B 0.0s done
#4 DONE 0.1s

#5 [stage-1 1/8] FROM docker.io/library/python:3.14.7-slim@sha256:51dafde81dbdb6ebde285137a295cf18a47ca95234fe388a343719cb97305b3d
#5 ...

#6 [internal] load build context
#6 DONE 0.0s

#5 [stage-1 1/8] FROM docker.io/library/python:3.14.7-slim@sha256:51dafde81dbdb6ebde285137a295cf18a47ca95234fe388a343719cb97305b3d
#5 resolve docker.io/library/python:3.14.7-slim@sha256:51dafde81dbdb6ebde285137a295cf18a47ca95234fe388a343719cb97305b3d
#5 resolve docker.io/library/python:3.14.7-slim@sha256:51dafde81dbdb6ebde285137a295cf18a47ca95234fe388a343719cb97305b3d 0.1s done
#5 DONE 0.2s

#7 [uv 1/1] FROM ghcr.io/astral-sh/uv:0.12.9@sha256:8b940d3a9d65bed080436972241af2e21c84b5e8c9193f7014ed71479ee795ff
#7 resolve ghcr.io/astral-sh/uv:0.12.9@sha256:8b940d3a9d65bed080436972241af2e21c84b5e8c9193f7014ed71479ee795ff 0.1s done
#7 DONE 0.2s

#6 [internal] load build context
#6 transferring context: 54.77kB 0.1s done
#6 DONE 0.2s

#8 [stage-1 4/8] COPY source/pyproject.toml source/uv.lock ./
#8 CACHED

#9 [stage-1 5/8] RUN uv sync --frozen --no-install-project
#9 CACHED

#10 [stage-1 2/8] COPY --from=uv /uv /bin/uv
#10 CACHED

#11 [stage-1 3/8] WORKDIR /app
#11 CACHED

#12 [stage-1 6/8] RUN /app/.venv/bin/playwright install --with-deps --only-shell chromium && apt-get install -y --no-install-recommends poppler-utils && chmod -R a+rX /ms-playwright && rm -rf /var/lib/apt/lists/*
#12 CACHED

#13 [stage-1 7/8] COPY source/ ./
#13 DONE 1.0s

#14 [stage-1 8/8] RUN groupadd --gid 10001 qualification && useradd --uid 10001 --gid 10001 --no-create-home qualification
#14 DONE 3.3s

#15 exporting to image
#15 exporting layers
#15 exporting layers 1.5s done
#15 exporting manifest sha256:20a0584d956cb8eb93473bfb7cc42f143f020907becbfc9d36582486f07c5634 0.1s done
#15 exporting config sha256:9a44fc79773069aae362b0a3abdd779f0f812707c35593cf3421c1722ee28a6c 0.1s done
#15 exporting attestation manifest sha256:202c9ed0d8d38653b0c7cab9230625288f349a0584dc85956ca2c99de3cfa1d7
#15 exporting attestation manifest sha256:202c9ed0d8d38653b0c7cab9230625288f349a0584dc85956ca2c99de3cfa1d7 0.1s done
#15 exporting manifest list sha256:6ec5ba8bfbadb09ebc3ccc89d67f95c876b89db64cd6e3b81d1ef4d87c458738 0.1s done
#15 naming to docker.io/library/stewardence-local-qualification:stewardence-local-6d6e808e69 0.0s done
#15 unpacking to docker.io/library/stewardence-local-qualification:stewardence-local-6d6e808e69
#15 unpacking to docker.io/library/stewardence-local-qualification:stewardence-local-6d6e808e69 1.1s done
#15 DONE 3.1s
