#0 building with "desktop-linux" instance using docker driver

#1 [internal] load build definition from Dockerfile.qualification
#1 transferring dockerfile: 836B done
#1 DONE -0.9s

#2 [internal] load metadata for docker.io/library/python:3.14.7-slim
#2 ...

#3 [auth] library/python:pull token for registry-1.docker.io
#3 DONE 0.0s

#4 [internal] load metadata for ghcr.io/astral-sh/uv:0.12.9
#4 DONE 1.2s

#2 [internal] load metadata for docker.io/library/python:3.14.7-slim
#2 DONE 1.3s

#5 [internal] load .dockerignore
#5 transferring context: 164B 0.1s done
#5 DONE 0.2s

#6 [uv 1/1] FROM ghcr.io/astral-sh/uv:0.12.9@sha256:8b940d3a9d65bed080436972241af2e21c84b5e8c9193f7014ed71479ee795ff
#6 ...

#7 [internal] load build context
#7 DONE 0.0s

#6 [uv 1/1] FROM ghcr.io/astral-sh/uv:0.12.9@sha256:8b940d3a9d65bed080436972241af2e21c84b5e8c9193f7014ed71479ee795ff
#6 resolve ghcr.io/astral-sh/uv:0.12.9@sha256:8b940d3a9d65bed080436972241af2e21c84b5e8c9193f7014ed71479ee795ff
#6 resolve ghcr.io/astral-sh/uv:0.12.9@sha256:8b940d3a9d65bed080436972241af2e21c84b5e8c9193f7014ed71479ee795ff 0.2s done
#6 DONE 0.2s

#8 [stage-1 1/8] FROM docker.io/library/python:3.14.7-slim@sha256:51dafde81dbdb6ebde285137a295cf18a47ca95234fe388a343719cb97305b3d
#8 resolve docker.io/library/python:3.14.7-slim@sha256:51dafde81dbdb6ebde285137a295cf18a47ca95234fe388a343719cb97305b3d 0.2s done
#8 DONE 0.2s

#7 [internal] load build context
#7 transferring context: 144.60kB 0.4s done
#7 DONE 0.6s

#9 [stage-1 2/8] COPY --from=uv /uv /bin/uv
#9 CACHED

#10 [stage-1 3/8] WORKDIR /app
#10 CACHED

#11 [stage-1 4/8] COPY source/pyproject.toml source/uv.lock ./
#11 CACHED

#12 [stage-1 5/8] RUN uv sync --frozen --no-install-project
#12 CACHED

#13 [stage-1 6/8] RUN /app/.venv/bin/playwright install --with-deps --only-shell chromium && apt-get install -y --no-install-recommends poppler-utils && chmod -R a+rX /ms-playwright && rm -rf /var/lib/apt/lists/*
#13 CACHED

#14 [stage-1 7/8] COPY source/ ./
#14 DONE 3.8s

#15 [stage-1 8/8] RUN groupadd --gid 10001 qualification && useradd --uid 10001 --gid 10001 --no-create-home qualification
#15 DONE 3.1s

#16 exporting to image
#16 exporting layers
#16 exporting layers 1.2s done
#16 exporting manifest sha256:7212cfca9d686606c02fcf4386a48cfa2e9e9684a16bbd8d050af7ff6dbc6a3f 0.1s done
#16 exporting config sha256:6b837dd5b80e077112ee16d359ca105f35fadf904ecf7f418cd566e63321a739
#16 exporting config sha256:6b837dd5b80e077112ee16d359ca105f35fadf904ecf7f418cd566e63321a739 0.1s done
#16 exporting attestation manifest sha256:5cdb7d6d49c17feaacd50f7d2e2fa89874a2f99a16d2cdbdc42b3c0e2a9e9fe7 0.1s done
#16 exporting manifest list sha256:3541152a5ef55ab714325795db9d8f5fc71cd07ca8ddb7be564cd19e0d5c57d9
#16 exporting manifest list sha256:3541152a5ef55ab714325795db9d8f5fc71cd07ca8ddb7be564cd19e0d5c57d9 0.1s done
#16 naming to docker.io/library/stewardence-local-qualification:stewardence-local-d4af3dd9cb 0.0s done
#16 unpacking to docker.io/library/stewardence-local-qualification:stewardence-local-d4af3dd9cb
#16 unpacking to docker.io/library/stewardence-local-qualification:stewardence-local-d4af3dd9cb 0.7s done
#16 DONE 2.7s
