#0 building with "desktop-linux" instance using docker driver

#1 [internal] load build definition from Dockerfile.qualification
#1 transferring dockerfile: 836B 0.0s done
#1 DONE 0.1s

#2 [internal] load metadata for docker.io/library/python:3.14.7-slim
#2 ...

#3 [internal] load metadata for ghcr.io/astral-sh/uv:0.12.9
#3 DONE 0.4s

#2 [internal] load metadata for docker.io/library/python:3.14.7-slim
#2 DONE 0.5s

#4 [internal] load .dockerignore
#4 transferring context: 164B 0.0s done
#4 DONE 0.0s

#5 [internal] load build context
#5 DONE 0.0s

#6 [uv 1/1] FROM ghcr.io/astral-sh/uv:0.12.9@sha256:8b940d3a9d65bed080436972241af2e21c84b5e8c9193f7014ed71479ee795ff
#6 resolve ghcr.io/astral-sh/uv:0.12.9@sha256:8b940d3a9d65bed080436972241af2e21c84b5e8c9193f7014ed71479ee795ff
#6 resolve ghcr.io/astral-sh/uv:0.12.9@sha256:8b940d3a9d65bed080436972241af2e21c84b5e8c9193f7014ed71479ee795ff 0.2s done
#6 DONE 0.3s

#7 [stage-1 1/8] FROM docker.io/library/python:3.14.7-slim@sha256:51dafde81dbdb6ebde285137a295cf18a47ca95234fe388a343719cb97305b3d
#7 resolve docker.io/library/python:3.14.7-slim@sha256:51dafde81dbdb6ebde285137a295cf18a47ca95234fe388a343719cb97305b3d 0.2s done
#7 DONE 0.3s

#5 [internal] load build context
#5 transferring context: 31.12kB 0.1s done
#5 DONE 0.2s

#8 [stage-1 2/8] COPY --from=uv /uv /bin/uv
#8 CACHED

#9 [stage-1 4/8] COPY source/pyproject.toml source/uv.lock ./
#9 CACHED

#10 [stage-1 3/8] WORKDIR /app
#10 CACHED

#11 [stage-1 5/8] RUN uv sync --frozen --no-install-project
#11 CACHED

#12 [stage-1 6/8] RUN /app/.venv/bin/playwright install --with-deps --only-shell chromium && apt-get install -y --no-install-recommends poppler-utils && chmod -R a+rX /ms-playwright && rm -rf /var/lib/apt/lists/*
#12 CACHED

#13 [stage-1 7/8] COPY source/ ./
#13 CACHED

#14 [stage-1 8/8] RUN groupadd --gid 10001 qualification && useradd --uid 10001 --gid 10001 --no-create-home qualification
#14 CACHED

#15 exporting to image
#15 exporting layers
#15 exporting layers 0.0s done
#15 exporting manifest sha256:4a9f21a3d8d5098d6d096c2c89e71b76743998c332b807041427d85ac0c82788 0.0s done
#15 exporting config sha256:5c5c59106126ff78d99d4c556eb28c376bcf205c18e9507c718ff37000a5c623 0.0s done
#15 exporting attestation manifest sha256:313450d30b469ea8a2b8368329dd5e38eff3fbbdc1767ccffbdd771965ffe866
#15 exporting attestation manifest sha256:313450d30b469ea8a2b8368329dd5e38eff3fbbdc1767ccffbdd771965ffe866 0.2s done
#15 exporting manifest list sha256:b364c9b31d7bb16d3ff200beb87fb87e9b0bb21b8df4cc5fd39a29692850b20d
#15 exporting manifest list sha256:b364c9b31d7bb16d3ff200beb87fb87e9b0bb21b8df4cc5fd39a29692850b20d 0.1s done
#15 naming to docker.io/library/stewardence-local-qualification:stewardence-local-06139a68d0
#15 naming to docker.io/library/stewardence-local-qualification:stewardence-local-06139a68d0 0.1s done
#15 unpacking to docker.io/library/stewardence-local-qualification:stewardence-local-06139a68d0 0.1s done
#15 DONE 0.9s
