#0 building with "desktop-linux" instance using docker driver

#1 [internal] load build definition from Dockerfile.qualification
#1 transferring dockerfile: 525B done
#1 DONE 0.0s

#2 [internal] load metadata for ghcr.io/astral-sh/uv:0.12.9
#2 ...

#3 [internal] load metadata for docker.io/library/python:3.14.7-slim
#3 DONE 0.5s

#2 [internal] load metadata for ghcr.io/astral-sh/uv:0.12.9
#2 DONE 0.6s

#4 [internal] load .dockerignore
#4 transferring context: 164B done
#4 DONE 0.0s

#5 [internal] load build context
#5 DONE 0.0s

#6 [uv 1/1] FROM ghcr.io/astral-sh/uv:0.12.9@sha256:8b940d3a9d65bed080436972241af2e21c84b5e8c9193f7014ed71479ee795ff
#6 resolve ghcr.io/astral-sh/uv:0.12.9@sha256:8b940d3a9d65bed080436972241af2e21c84b5e8c9193f7014ed71479ee795ff 0.1s done
#6 DONE 0.1s

#7 [stage-1 1/7] FROM docker.io/library/python:3.14.7-slim@sha256:51dafde81dbdb6ebde285137a295cf18a47ca95234fe388a343719cb97305b3d
#7 resolve docker.io/library/python:3.14.7-slim@sha256:51dafde81dbdb6ebde285137a295cf18a47ca95234fe388a343719cb97305b3d 0.1s done
#7 DONE 0.1s

#5 [internal] load build context
#5 transferring context: 95.20kB 0.1s done
#5 DONE 0.1s

#8 [stage-1 3/7] WORKDIR /app
#8 CACHED

#9 [stage-1 4/7] COPY source/pyproject.toml source/uv.lock ./
#9 CACHED

#10 [stage-1 2/7] COPY --from=uv /uv /bin/uv
#10 CACHED

#11 [stage-1 5/7] RUN uv sync --frozen --no-install-project
#11 CACHED

#12 [stage-1 6/7] COPY source/ ./
#12 DONE 0.4s

#13 [stage-1 7/7] RUN groupadd --gid 10001 qualification && useradd --uid 10001 --gid 10001 --no-create-home qualification
#13 DONE 0.9s

#14 exporting to image
#14 exporting layers
#14 exporting layers 0.7s done
#14 exporting manifest sha256:0eee1dd2a9e9a8a9d67d0d13316427a369c7d30382ee4481b2a02310bac1f9eb 0.1s done
#14 exporting config sha256:f8b06230a9f3ff06740c25673e0340b02dd4554b9fb4fc45f2d6fba2be483af6 0.1s done
#14 exporting attestation manifest sha256:f63ef22adbed2ee82584ee190dd88246569b7065e11eb0bc55f617016dcdbff0 0.1s done
#14 exporting manifest list sha256:b987532bc187070a613e8f045b7231be04320291e8b753ba6389287e499b57b8
#14 exporting manifest list sha256:b987532bc187070a613e8f045b7231be04320291e8b753ba6389287e499b57b8 0.1s done
#14 naming to docker.io/library/stewardence-local-qualification:current 0.0s done
#14 unpacking to docker.io/library/stewardence-local-qualification:current
#14 unpacking to docker.io/library/stewardence-local-qualification:current 0.2s done
#14 DONE 1.2s
