#0 building with "desktop-linux" instance using docker driver

#1 [internal] load build definition from Dockerfile.qualification
#1 transferring dockerfile: 836B 0.0s done
#1 DONE 0.1s

#2 [internal] load metadata for docker.io/library/python:3.14.7-slim
#2 DONE 0.8s

#3 [internal] load metadata for ghcr.io/astral-sh/uv:0.12.9
#3 DONE 0.8s

#4 [internal] load .dockerignore
#4 transferring context: 164B 0.0s done
#4 DONE 0.1s

#5 [builder 1/5] FROM docker.io/library/python:3.14.7-slim@sha256:51dafde81dbdb6ebde285137a295cf18a47ca95234fe388a343719cb97305b3d
#5 resolve docker.io/library/python:3.14.7-slim@sha256:51dafde81dbdb6ebde285137a295cf18a47ca95234fe388a343719cb97305b3d 0.1s done
#5 DONE 0.2s

#6 [uv 1/1] FROM ghcr.io/astral-sh/uv:0.12.9@sha256:8b940d3a9d65bed080436972241af2e21c84b5e8c9193f7014ed71479ee795ff
#6 resolve ghcr.io/astral-sh/uv:0.12.9@sha256:8b940d3a9d65bed080436972241af2e21c84b5e8c9193f7014ed71479ee795ff 0.1s done
#6 DONE 0.2s

#7 [internal] load build context
#7 transferring context: 38.65kB 0.2s done
#7 DONE 0.4s

#8 [stage-1 2/8] COPY --from=uv /uv /bin/uv
#8 CACHED

#9 [stage-1 3/8] WORKDIR /app
#9 CACHED

#10 [stage-1 4/8] COPY source/pyproject.toml source/uv.lock ./
#10 CACHED

#11 [stage-1 5/8] RUN uv sync --frozen --no-install-project
#11 CACHED

#12 [stage-1 6/8] RUN /app/.venv/bin/playwright install --with-deps --only-shell chromium && apt-get install -y --no-install-recommends poppler-utils && chmod -R a+rX /ms-playwright && rm -rf /var/lib/apt/lists/*
#12 CACHED

#13 [stage-1 7/8] COPY source/ ./
#13 DONE 1.0s

#14 [stage-1 8/8] RUN groupadd --gid 10001 qualification && useradd --uid 10001 --gid 10001 --no-create-home qualification
#14 DONE 1.0s

#15 exporting to image
#15 exporting layers
#15 exporting layers 0.7s done
#15 exporting manifest sha256:97fbe7016dcac9ca341bbd485cbe63fe9a3518882def9057233cfe5728d73ce5 0.1s done
#15 exporting config sha256:ef4bd5606f4b7eff7165c09d826cfa70ca22d2c2e8b5c238c1483e82bff6d719
#15 exporting config sha256:ef4bd5606f4b7eff7165c09d826cfa70ca22d2c2e8b5c238c1483e82bff6d719 0.1s done
#15 exporting attestation manifest sha256:77fc636d93adec4a2ee9f0c31657ca44944da333ffd2ee176b3f06bffd3c3980
#15 exporting attestation manifest sha256:77fc636d93adec4a2ee9f0c31657ca44944da333ffd2ee176b3f06bffd3c3980 0.1s done
#15 exporting manifest list sha256:ade63995e3c891538d67b2a995a35cc9f56dbd4e64333409b1434411f1d0d27a 0.1s done
#15 naming to docker.io/library/stewardence-local-qualification:stewardence-local-6b327b2357
#15 naming to docker.io/library/stewardence-local-qualification:stewardence-local-6b327b2357 done
#15 unpacking to docker.io/library/stewardence-local-qualification:stewardence-local-6b327b2357
#15 unpacking to docker.io/library/stewardence-local-qualification:stewardence-local-6b327b2357 0.4s done
#15 DONE 1.6s
