#0 building with "desktop-linux" instance using docker driver

#1 [internal] load build definition from Dockerfile.qualification
#1 transferring dockerfile: 836B 0.0s done
#1 DONE 0.0s

#2 [internal] load metadata for docker.io/library/python:3.14.7-slim
#2 DONE 0.4s

#3 [internal] load metadata for ghcr.io/astral-sh/uv:0.12.9
#3 DONE 0.6s

#4 [internal] load .dockerignore
#4 transferring context: 164B done
#4 DONE 0.0s

#5 [internal] load build context
#5 DONE 0.0s

#6 [stage-1 1/8] FROM docker.io/library/python:3.14.7-slim@sha256:51dafde81dbdb6ebde285137a295cf18a47ca95234fe388a343719cb97305b3d
#6 resolve docker.io/library/python:3.14.7-slim@sha256:51dafde81dbdb6ebde285137a295cf18a47ca95234fe388a343719cb97305b3d done
#6 DONE -0.3s

#7 [uv 1/1] FROM ghcr.io/astral-sh/uv:0.12.9@sha256:8b940d3a9d65bed080436972241af2e21c84b5e8c9193f7014ed71479ee795ff
#7 resolve ghcr.io/astral-sh/uv:0.12.9@sha256:8b940d3a9d65bed080436972241af2e21c84b5e8c9193f7014ed71479ee795ff done
#7 DONE -0.3s

#8 [stage-1 3/8] WORKDIR /app
#8 CACHED

#9 [stage-1 6/8] RUN /app/.venv/bin/playwright install --with-deps --only-shell chromium && apt-get install -y --no-install-recommends poppler-utils && chmod -R a+rX /ms-playwright && rm -rf /var/lib/apt/lists/*
#9 CACHED

#10 [stage-1 4/8] COPY source/pyproject.toml source/uv.lock ./
#10 CACHED

#11 [stage-1 5/8] RUN uv sync --frozen --no-install-project
#11 CACHED

#12 [stage-1 2/8] COPY --from=uv /uv /bin/uv
#12 CACHED

#13 [stage-1 7/8] COPY source/ ./
#13 CACHED

#14 [stage-1 8/8] RUN groupadd --gid 10001 qualification && useradd --uid 10001 --gid 10001 --no-create-home qualification
#14 CACHED

#5 [internal] load build context
#5 transferring context: 27.93kB 0.0s done
#5 DONE 0.1s

#15 exporting to image
#15 exporting layers done
#15 exporting manifest sha256:403711b79805132dffef5b308e7be294e0c75dca2e39b9ae6aa9c05dcc72cad2 0.0s done
#15 exporting config sha256:7c6347c0016347683e036b5aefd95d08b1dba9b7edeff68b4d6a776ae396c483
#15 exporting config sha256:7c6347c0016347683e036b5aefd95d08b1dba9b7edeff68b4d6a776ae396c483 done
#15 exporting attestation manifest sha256:0f55b606e0942b7235b94680a46ed206f891167ce403fd78cd4f95812699087a 0.1s done
#15 exporting manifest list sha256:ee09f1eac714909f190608ca296ce033f84c5a9c56626386d611e6619efca8bc
#15 exporting manifest list sha256:ee09f1eac714909f190608ca296ce033f84c5a9c56626386d611e6619efca8bc 0.0s done
#15 naming to docker.io/library/stewardence-local-qualification:stewardence-local-f99aaa3fbb done
#15 unpacking to docker.io/library/stewardence-local-qualification:stewardence-local-f99aaa3fbb 0.0s done
#15 DONE -0.2s
