#0 building with "desktop-linux" instance using docker driver

#1 [internal] load build definition from Dockerfile.qualification
#1 transferring dockerfile: 525B 0.0s done
#1 DONE 0.0s

#2 [internal] load metadata for docker.io/library/python:3.14.7-slim
#2 ...

#3 [auth] library/python:pull token for registry-1.docker.io
#3 DONE 0.0s

#4 [internal] load metadata for ghcr.io/astral-sh/uv:0.12.9
#4 DONE 0.6s

#2 [internal] load metadata for docker.io/library/python:3.14.7-slim
#2 DONE 0.7s

#5 [internal] load .dockerignore
#5 transferring context: 164B done
#5 DONE 0.0s

#6 [stage-1 1/7] FROM docker.io/library/python:3.14.7-slim@sha256:51dafde81dbdb6ebde285137a295cf18a47ca95234fe388a343719cb97305b3d
#6 resolve docker.io/library/python:3.14.7-slim@sha256:51dafde81dbdb6ebde285137a295cf18a47ca95234fe388a343719cb97305b3d 0.1s done
#6 DONE 0.1s

#7 [uv 1/1] FROM ghcr.io/astral-sh/uv:0.12.9@sha256:8b940d3a9d65bed080436972241af2e21c84b5e8c9193f7014ed71479ee795ff
#7 resolve ghcr.io/astral-sh/uv:0.12.9@sha256:8b940d3a9d65bed080436972241af2e21c84b5e8c9193f7014ed71479ee795ff 0.1s done
#7 DONE 0.1s

#8 [internal] load build context
#8 transferring context: 31.78kB 0.0s done
#8 DONE 0.1s

#9 [stage-1 2/7] COPY --from=uv /uv /bin/uv
#9 CACHED

#10 [stage-1 3/7] WORKDIR /app
#10 CACHED

#11 [stage-1 4/7] COPY source/pyproject.toml source/uv.lock ./
#11 CACHED

#12 [stage-1 5/7] RUN uv sync --frozen --no-install-project
#12 CACHED

#13 [stage-1 6/7] COPY source/ ./
#13 DONE 0.3s

#14 [stage-1 7/7] RUN groupadd --gid 10001 qualification && useradd --uid 10001 --gid 10001 --no-create-home qualification
#14 DONE 0.6s

#15 exporting to image
#15 exporting layers
#15 exporting layers 0.4s done
#15 exporting manifest sha256:87e0bd3ca4b8f797607e49d82d3699c70ebfacd9372d9f42c399a821658bbdf2 0.0s done
#15 exporting config sha256:a1652c9c23d14449bcbf1fa92a9f203177337957987e63d7073795512bfe5f2c 0.0s done
#15 exporting attestation manifest sha256:eda2e4eb22684ee187077f3e489652009165b18236d22a800e6400e68ad107f0
#15 exporting attestation manifest sha256:eda2e4eb22684ee187077f3e489652009165b18236d22a800e6400e68ad107f0 0.0s done
#15 exporting manifest list sha256:a414dbe6cf1ed6367184cc63b605283edbc9a54e3e7e01770fdad60f8c0dc8b5 0.0s done
#15 naming to docker.io/library/stewardence-local-qualification:stewardence-local-333c879860 done
#15 unpacking to docker.io/library/stewardence-local-qualification:stewardence-local-333c879860
#15 unpacking to docker.io/library/stewardence-local-qualification:stewardence-local-333c879860 0.2s done
#15 DONE 0.9s
