#0 building with "desktop-linux" instance using docker driver

#1 [internal] load build definition from Dockerfile.qualification
#1 transferring dockerfile: 836B 0.0s done
#1 DONE 0.1s

#2 [internal] load metadata for ghcr.io/astral-sh/uv:0.12.9
#2 ...

#3 [internal] load metadata for docker.io/library/python:3.14.7-slim
#3 DONE 0.6s

#2 [internal] load metadata for ghcr.io/astral-sh/uv:0.12.9
#2 DONE 0.6s

#4 [internal] load .dockerignore
#4 transferring context: 164B done
#4 DONE 0.1s

#5 [internal] load build context
#5 DONE 0.0s

#6 [stage-1 1/8] FROM docker.io/library/python:3.14.7-slim@sha256:51dafde81dbdb6ebde285137a295cf18a47ca95234fe388a343719cb97305b3d
#6 resolve docker.io/library/python:3.14.7-slim@sha256:51dafde81dbdb6ebde285137a295cf18a47ca95234fe388a343719cb97305b3d
#6 resolve docker.io/library/python:3.14.7-slim@sha256:51dafde81dbdb6ebde285137a295cf18a47ca95234fe388a343719cb97305b3d 0.2s done
#6 DONE 0.2s

#7 [uv 1/1] FROM ghcr.io/astral-sh/uv:0.12.9@sha256:8b940d3a9d65bed080436972241af2e21c84b5e8c9193f7014ed71479ee795ff
#7 resolve ghcr.io/astral-sh/uv:0.12.9@sha256:8b940d3a9d65bed080436972241af2e21c84b5e8c9193f7014ed71479ee795ff
#7 resolve ghcr.io/astral-sh/uv:0.12.9@sha256:8b940d3a9d65bed080436972241af2e21c84b5e8c9193f7014ed71479ee795ff 0.2s done
#7 DONE 0.2s

#5 [internal] load build context
#5 transferring context: 62.88kB 0.1s done
#5 DONE 0.1s

#8 [stage-1 3/8] WORKDIR /app
#8 CACHED

#9 [stage-1 4/8] COPY source/pyproject.toml source/uv.lock ./
#9 CACHED

#10 [stage-1 5/8] RUN uv sync --frozen --no-install-project
#10 CACHED

#11 [stage-1 2/8] COPY --from=uv /uv /bin/uv
#11 CACHED

#12 [stage-1 6/8] RUN /app/.venv/bin/playwright install --with-deps --only-shell chromium && apt-get install -y --no-install-recommends poppler-utils && chmod -R a+rX /ms-playwright && rm -rf /var/lib/apt/lists/*
#12 CACHED

#13 [stage-1 7/8] COPY source/ ./
#13 DONE 0.6s

#14 [stage-1 8/8] RUN groupadd --gid 10001 qualification && useradd --uid 10001 --gid 10001 --no-create-home qualification
#14 DONE 1.0s

#15 exporting to image
#15 exporting layers
#15 exporting layers 1.1s done
#15 exporting manifest sha256:ba22a710b7b1e858ec75a58d9b32f1335792843435e2e7aa9e25b5d8ef5e3f59 0.1s done
#15 exporting config sha256:918aad5873e1806990abf25c6070a56affedb1eaf59b17e5f8cb007631aba185
#15 exporting config sha256:918aad5873e1806990abf25c6070a56affedb1eaf59b17e5f8cb007631aba185 0.1s done
#15 exporting attestation manifest sha256:bf5e6f2655400b37dc4c76a8a981bec9ff60766e38293704cf8a70cb3f136f6c
#15 exporting attestation manifest sha256:bf5e6f2655400b37dc4c76a8a981bec9ff60766e38293704cf8a70cb3f136f6c 0.1s done
#15 exporting manifest list sha256:e87e166bb563c5eaf4a3ee108820b1b3c54114b0bea1a03e54488c9f80d386f3
#15 exporting manifest list sha256:e87e166bb563c5eaf4a3ee108820b1b3c54114b0bea1a03e54488c9f80d386f3 0.1s done
#15 naming to docker.io/library/stewardence-local-qualification:stewardence-local-a350d5cfac 0.0s done
#15 unpacking to docker.io/library/stewardence-local-qualification:stewardence-local-a350d5cfac
#15 unpacking to docker.io/library/stewardence-local-qualification:stewardence-local-a350d5cfac 0.7s done
#15 DONE 2.5s
