#0 building with "desktop-linux" instance using docker driver

#1 [internal] load build definition from Dockerfile.qualification
#1 transferring dockerfile: 836B 0.0s done
#1 DONE 0.1s

#2 [internal] load metadata for docker.io/library/python:3.14.7-slim
#2 ...

#3 [auth] library/python:pull token for registry-1.docker.io
#3 DONE 0.0s

#4 [internal] load metadata for ghcr.io/astral-sh/uv:0.12.9
#4 ...

#2 [internal] load metadata for docker.io/library/python:3.14.7-slim
#2 DONE 4.1s

#4 [internal] load metadata for ghcr.io/astral-sh/uv:0.12.9
#4 DONE 4.2s

#5 [internal] load .dockerignore
#5 transferring context: 164B 0.0s done
#5 DONE 0.1s

#6 [internal] load build context
#6 DONE 0.0s

#7 [stage-1 1/8] FROM docker.io/library/python:3.14.7-slim@sha256:51dafde81dbdb6ebde285137a295cf18a47ca95234fe388a343719cb97305b3d
#7 resolve docker.io/library/python:3.14.7-slim@sha256:51dafde81dbdb6ebde285137a295cf18a47ca95234fe388a343719cb97305b3d
#7 resolve docker.io/library/python:3.14.7-slim@sha256:51dafde81dbdb6ebde285137a295cf18a47ca95234fe388a343719cb97305b3d 0.2s done
#7 DONE 0.2s

#8 [uv 1/1] FROM ghcr.io/astral-sh/uv:0.12.9@sha256:8b940d3a9d65bed080436972241af2e21c84b5e8c9193f7014ed71479ee795ff
#8 resolve ghcr.io/astral-sh/uv:0.12.9@sha256:8b940d3a9d65bed080436972241af2e21c84b5e8c9193f7014ed71479ee795ff 0.2s done
#8 DONE 0.2s

#6 [internal] load build context
#6 transferring context: 121.59kB 0.4s done
#6 DONE 0.4s

#9 [stage-1 3/8] WORKDIR /app
#9 CACHED

#10 [stage-1 4/8] COPY source/pyproject.toml source/uv.lock ./
#10 CACHED

#11 [stage-1 5/8] RUN uv sync --frozen --no-install-project
#11 CACHED

#12 [stage-1 2/8] COPY --from=uv /uv /bin/uv
#12 CACHED

#13 [stage-1 6/8] RUN /app/.venv/bin/playwright install --with-deps --only-shell chromium && apt-get install -y --no-install-recommends poppler-utils && chmod -R a+rX /ms-playwright && rm -rf /var/lib/apt/lists/*
#13 CACHED

#14 [stage-1 7/8] COPY source/ ./
#14 DONE 0.3s

#15 [stage-1 8/8] RUN groupadd --gid 10001 qualification && useradd --uid 10001 --gid 10001 --no-create-home qualification
#15 DONE 3.3s

#16 exporting to image
#16 exporting layers
#16 exporting layers 2.4s done
#16 exporting manifest sha256:25b716f527c1dd83dd766c2c57d392a59f201b0d5ebcb699a44c8647b1775d43 0.1s done
#16 exporting config sha256:5d0eb438ed2284d5ad3b2a07510a21f6e5f269d387ebd7dc6cbb336d3b3ab87e
#16 exporting config sha256:5d0eb438ed2284d5ad3b2a07510a21f6e5f269d387ebd7dc6cbb336d3b3ab87e 0.1s done
#16 exporting attestation manifest sha256:d9bb6e02ac947bde4ec555134b1898c89c839d3d74d86a3b54d31dbbd3f079df
#16 exporting attestation manifest sha256:d9bb6e02ac947bde4ec555134b1898c89c839d3d74d86a3b54d31dbbd3f079df 0.1s done
#16 exporting manifest list sha256:464f472399f33a996198909566e73d9637943c26256dd2b45ebf21df27278632
#16 exporting manifest list sha256:464f472399f33a996198909566e73d9637943c26256dd2b45ebf21df27278632 0.1s done
#16 naming to docker.io/library/stewardence-local-qualification:stewardence-local-809e89e0c7 0.0s done
#16 unpacking to docker.io/library/stewardence-local-qualification:stewardence-local-809e89e0c7
#16 unpacking to docker.io/library/stewardence-local-qualification:stewardence-local-809e89e0c7 1.3s done
#16 DONE 4.4s
