Operations to perform:
  Apply all migrations: accounts, assessments, audit, auth, billing, catalog, contenttypes, imports, integrations, inventory, jobs, organizations, policies, reports, reviews, sessions
Running migrations:
  Applying contenttypes.0001_initial... OK
  Applying contenttypes.0002_remove_content_type_name... OK
  Applying auth.0001_initial... OK
  Applying auth.0002_alter_permission_name_max_length... OK
  Applying auth.0003_alter_user_email_max_length... OK
  Applying auth.0004_alter_user_username_opts... OK
  Applying auth.0005_alter_user_last_login_null... OK
  Applying auth.0006_require_contenttypes_0002... OK
  Applying auth.0007_alter_validators_add_error_messages... OK
  Applying auth.0008_alter_user_username_max_length... OK
  Applying auth.0009_alter_user_last_name_max_length... OK
  Applying auth.0010_alter_group_name_max_length... OK
  Applying auth.0011_update_proxy_permissions... OK
  Applying auth.0012_alter_user_first_name_max_length... OK
  Applying accounts.0001_initial... OK
  Applying organizations.0001_initial... OK
  Applying sessions.0001_initial... OK
  Applying inventory.0001_initial... OK
  Applying inventory.0002_database_security... OK
  Applying catalog.0001_initial... OK
  Applying inventory.0003_remove_inventoryitem_product_id_and_more... OK
  Applying assessments.0001_initial... OK
  Applying assessments.0002_snapshot_security... OK
  Applying reports.0001_initial... OK
  Applying audit.0001_initial... OK
  Applying audit.0002_audit_security... OK
  Applying reports.0002_report_security... OK
  Applying reports.0003_reportartifact... OK
  Applying reports.0004_reportartifact_security... OK
  Applying organizations.0002_public_onboarding... OK
  Applying organizations.0003_workflow_profile... OK
  Applying jobs.0001_initial... OK
  Applying jobs.0002_job_security... OK
  Applying jobs.0003_recovery_receipts... OK
  Applying jobs.0004_receipt_admission... OK
  Applying jobs.0005_atomic_recovery_admission... OK
  Applying jobs.0006_corecontrol_workflowschedule_actioncardrevision_and_more... OK
  Applying jobs.0007_core_workflow_security... OK
  Applying jobs.0008_worker_transition_authority... OK
  Applying billing.0001_initial... OK
  Applying billing.0002_stripewebhookevent... OK
  Applying billing.0003_founderslot... OK
  Applying billing.0004_founderslot_reservation_token... OK
  Applying billing.0005_billing_security... OK
  Applying jobs.0009_core_issuance_authority... OK
  Applying jobs.0010_job_input_admission... OK
  Applying jobs.0011_action_card_issuance... OK
  Applying jobs.0012_core_authority_successor... OK
  Applying billing.0006_paid_coverage... OK
  Applying jobs.0013_paid_entitlement... OK
  Applying inventory.0004_discovery_evidence... OK
  Applying inventory.0005_discovery_security... OK
  Applying catalog.0002_catalog_security... OK
  Applying inventory.0006_detectionevidence_inventory_item_and_more... OK
  Applying inventory.0007_inventoryitem_declared_fields... OK
  Applying inventory.0008_explicit_declarations... OK
  Applying assessments.0003_deliberate_capture... OK
  Applying billing.0007_ingester_effects... OK
  Applying billing.0008_checkout_intent... OK
  Applying billing.0009_customer_request... OK
  Applying imports.0001_initial... OK
  Applying imports.0002_import_staging_security... OK
  Applying integrations.0001_initial... OK
  Applying integrations.0002_providerconnection_providerattempt_providerevent_and_more... OK
  Applying jobs.0014_decision_desk... OK
  Applying policies.0001_initial... OK
  Applying policies.0002_organization_rule_security... OK
  Applying policies.0003_remove_organizationrule_unique_organization_rule_name_and_more... OK
  Applying reviews.0001_initial... OK
  Applying reviews.0002_pack_lifecycle... OK
  Applying reviews.0003_worker_pack_projection... OK
  Applying reports.0005_review_pack_read_authority... OK
  Applying reports.0006_capture_owner_read... OK
  Applying reviews.0004_capture_pack_projection... OK
EEEE..EEEE.............................................................. [ 57%]
......................................................                   [100%]
==================================== ERRORS ====================================
_ ERROR at setup of test_frozen_capture_has_exact_issued_receipt_and_no_baseline_or_decisions _
file /app/tests/test_capture_pack_authority.py, line 65
  def test_frozen_capture_has_exact_issued_receipt_and_no_baseline_or_decisions(
file /app/tests/test_capture_pack_authority.py, line 28
  @pytest.fixture
  def capture_pack(capture_context):
file /app/tests/test_capture_admission.py, line 31
  @pytest.fixture
  def capture_context(explicit_context, settings):
E       fixture 'explicit_context' not found
>       available fixtures: _dj_autoclear_mailbox, _django_clear_site_cache, _django_db_helper, _django_db_marker, _django_isolate_apps, _django_set_urlconf, _django_setup_unittest, _fail_for_invalid_template_variable, _live_server_helper, _template_string_if_invalid_marker, admin_client, admin_user, anyio_backend, anyio_backend_name, anyio_backend_options, async_client, async_rf, capfd, capfdbinary, caplog, capsys, capsysbinary, capteesys, capture_context, capture_pack, client, cov, db, django_assert_max_num_queries, django_assert_num_queries, django_capture_on_commit_callbacks, django_db_blocker, django_db_createdb, django_db_keepdb, django_db_modify_db_settings, django_db_modify_db_settings_parallel_suffix, django_db_modify_db_settings_tox_suffix, django_db_modify_db_settings_xdist_suffix, django_db_reset_sequences, django_db_serialized_rollback, django_db_setup, django_db_use_migrations, django_isolated_apps, django_mail_dnsname, django_mail_patch_dns, django_test_environment, django_user_model, django_username_field, doctest_namespace, free_tcp_port, free_tcp_port_factory, free_udp_port, free_udp_port_factory, lifecycle_enabled, live_server, mailoutbox, monkeypatch, no_cover, pytestconfig, record_property, record_testsuite_property, record_xml_attribute, recwarn, report_context, rf, settings, shared_roi_inputs, subtests, tmp_path, tmp_path_factory, tmpdir, tmpdir_factory, transactional_db
>       use 'pytest --fixtures [testpath]' for help on them.

/app/tests/test_capture_admission.py:31
____ ERROR at setup of test_capture_projection_and_readback_use_new_context ____
file /app/tests/test_capture_pack_authority.py, line 99
  def test_capture_projection_and_readback_use_new_context(
file /app/tests/test_capture_pack_authority.py, line 28
  @pytest.fixture
  def capture_pack(capture_context):
file /app/tests/test_capture_admission.py, line 31
  @pytest.fixture
  def capture_context(explicit_context, settings):
E       fixture 'explicit_context' not found
>       available fixtures: _dj_autoclear_mailbox, _django_clear_site_cache, _django_db_helper, _django_db_marker, _django_isolate_apps, _django_set_urlconf, _django_setup_unittest, _fail_for_invalid_template_variable, _live_server_helper, _template_string_if_invalid_marker, admin_client, admin_user, anyio_backend, anyio_backend_name, anyio_backend_options, async_client, async_rf, capfd, capfdbinary, caplog, capsys, capsysbinary, capteesys, capture_context, capture_pack, client, cov, db, django_assert_max_num_queries, django_assert_num_queries, django_capture_on_commit_callbacks, django_db_blocker, django_db_createdb, django_db_keepdb, django_db_modify_db_settings, django_db_modify_db_settings_parallel_suffix, django_db_modify_db_settings_tox_suffix, django_db_modify_db_settings_xdist_suffix, django_db_reset_sequences, django_db_serialized_rollback, django_db_setup, django_db_use_migrations, django_isolated_apps, django_mail_dnsname, django_mail_patch_dns, django_test_environment, django_user_model, django_username_field, doctest_namespace, free_tcp_port, free_tcp_port_factory, free_udp_port, free_udp_port_factory, lifecycle_enabled, live_server, mailoutbox, monkeypatch, no_cover, pytestconfig, record_property, record_testsuite_property, record_xml_attribute, recwarn, report_context, rf, settings, shared_roi_inputs, subtests, tmp_path, tmp_path_factory, tmpdir, tmpdir_factory, transactional_db
>       use 'pytest --fixtures [testpath]' for help on them.

/app/tests/test_capture_admission.py:31
_ ERROR at setup of test_capture_request_cannot_authorize_baseline_promotion[False] _
file /app/tests/test_capture_pack_authority.py, line 119
  @pytest.mark.parametrize("after_request", [False, True])
  def test_capture_request_cannot_authorize_baseline_promotion(
file /app/tests/test_capture_pack_authority.py, line 28
  @pytest.fixture
  def capture_pack(capture_context):
file /app/tests/test_capture_admission.py, line 31
  @pytest.fixture
  def capture_context(explicit_context, settings):
E       fixture 'explicit_context' not found
>       available fixtures: _dj_autoclear_mailbox, _django_clear_site_cache, _django_db_helper, _django_db_marker, _django_isolate_apps, _django_set_urlconf, _django_setup_unittest, _fail_for_invalid_template_variable, _live_server_helper, _template_string_if_invalid_marker, admin_client, admin_user, anyio_backend, anyio_backend_name, anyio_backend_options, async_client, async_rf, capfd, capfdbinary, caplog, capsys, capsysbinary, capteesys, capture_context, capture_pack, client, cov, db, django_assert_max_num_queries, django_assert_num_queries, django_capture_on_commit_callbacks, django_db_blocker, django_db_createdb, django_db_keepdb, django_db_modify_db_settings, django_db_modify_db_settings_parallel_suffix, django_db_modify_db_settings_tox_suffix, django_db_modify_db_settings_xdist_suffix, django_db_reset_sequences, django_db_serialized_rollback, django_db_setup, django_db_use_migrations, django_isolated_apps, django_mail_dnsname, django_mail_patch_dns, django_test_environment, django_user_model, django_username_field, doctest_namespace, free_tcp_port, free_tcp_port_factory, free_udp_port, free_udp_port_factory, lifecycle_enabled, live_server, mailoutbox, monkeypatch, no_cover, pytestconfig, record_property, record_testsuite_property, record_xml_attribute, recwarn, report_context, rf, settings, shared_roi_inputs, subtests, tmp_path, tmp_path_factory, tmpdir, tmpdir_factory, transactional_db
>       use 'pytest --fixtures [testpath]' for help on them.

/app/tests/test_capture_admission.py:31
_ ERROR at setup of test_capture_request_cannot_authorize_baseline_promotion[True] _
file /app/tests/test_capture_pack_authority.py, line 119
  @pytest.mark.parametrize("after_request", [False, True])
  def test_capture_request_cannot_authorize_baseline_promotion(
file /app/tests/test_capture_pack_authority.py, line 28
  @pytest.fixture
  def capture_pack(capture_context):
file /app/tests/test_capture_admission.py, line 31
  @pytest.fixture
  def capture_context(explicit_context, settings):
E       fixture 'explicit_context' not found
>       available fixtures: _dj_autoclear_mailbox, _django_clear_site_cache, _django_db_helper, _django_db_marker, _django_isolate_apps, _django_set_urlconf, _django_setup_unittest, _fail_for_invalid_template_variable, _live_server_helper, _template_string_if_invalid_marker, admin_client, admin_user, anyio_backend, anyio_backend_name, anyio_backend_options, async_client, async_rf, capfd, capfdbinary, caplog, capsys, capsysbinary, capteesys, capture_context, capture_pack, client, cov, db, django_assert_max_num_queries, django_assert_num_queries, django_capture_on_commit_callbacks, django_db_blocker, django_db_createdb, django_db_keepdb, django_db_modify_db_settings, django_db_modify_db_settings_parallel_suffix, django_db_modify_db_settings_tox_suffix, django_db_modify_db_settings_xdist_suffix, django_db_reset_sequences, django_db_serialized_rollback, django_db_setup, django_db_use_migrations, django_isolated_apps, django_mail_dnsname, django_mail_patch_dns, django_test_environment, django_user_model, django_username_field, doctest_namespace, free_tcp_port, free_tcp_port_factory, free_udp_port, free_udp_port_factory, lifecycle_enabled, live_server, mailoutbox, monkeypatch, no_cover, pytestconfig, record_property, record_testsuite_property, record_xml_attribute, recwarn, report_context, rf, settings, shared_roi_inputs, subtests, tmp_path, tmp_path_factory, tmpdir, tmpdir_factory, transactional_db
>       use 'pytest --fixtures [testpath]' for help on them.

/app/tests/test_capture_admission.py:31
__ ERROR at setup of test_worker_projection_receipt_pins_match_actual_capture __
file /app/tests/test_capture_pack_authority.py, line 151
  def test_worker_projection_receipt_pins_match_actual_capture(
file /app/tests/test_capture_pack_authority.py, line 28
  @pytest.fixture
  def capture_pack(capture_context):
file /app/tests/test_capture_admission.py, line 31
  @pytest.fixture
  def capture_context(explicit_context, settings):
E       fixture 'explicit_context' not found
>       available fixtures: _dj_autoclear_mailbox, _django_clear_site_cache, _django_db_helper, _django_db_marker, _django_isolate_apps, _django_set_urlconf, _django_setup_unittest, _fail_for_invalid_template_variable, _live_server_helper, _template_string_if_invalid_marker, admin_client, admin_user, anyio_backend, anyio_backend_name, anyio_backend_options, async_client, async_rf, capfd, capfdbinary, caplog, capsys, capsysbinary, capteesys, capture_context, capture_pack, client, cov, db, django_assert_max_num_queries, django_assert_num_queries, django_capture_on_commit_callbacks, django_db_blocker, django_db_createdb, django_db_keepdb, django_db_modify_db_settings, django_db_modify_db_settings_parallel_suffix, django_db_modify_db_settings_tox_suffix, django_db_modify_db_settings_xdist_suffix, django_db_reset_sequences, django_db_serialized_rollback, django_db_setup, django_db_use_migrations, django_isolated_apps, django_mail_dnsname, django_mail_patch_dns, django_test_environment, django_user_model, django_username_field, doctest_namespace, free_tcp_port, free_tcp_port_factory, free_udp_port, free_udp_port_factory, lifecycle_enabled, live_server, mailoutbox, monkeypatch, no_cover, pytestconfig, record_property, record_testsuite_property, record_xml_attribute, recwarn, report_context, rf, settings, shared_roi_inputs, subtests, tmp_path, tmp_path_factory, tmpdir, tmpdir_factory, transactional_db
>       use 'pytest --fixtures [testpath]' for help on them.

/app/tests/test_capture_admission.py:31
______ ERROR at setup of test_foreign_owner_cannot_dispatch_capture_pack _______
file /app/tests/test_capture_pack_authority.py, line 172
  def test_foreign_owner_cannot_dispatch_capture_pack(capture_pack, lifecycle_enabled):
file /app/tests/test_capture_pack_authority.py, line 28
  @pytest.fixture
  def capture_pack(capture_context):
file /app/tests/test_capture_admission.py, line 31
  @pytest.fixture
  def capture_context(explicit_context, settings):
E       fixture 'explicit_context' not found
>       available fixtures: _dj_autoclear_mailbox, _django_clear_site_cache, _django_db_helper, _django_db_marker, _django_isolate_apps, _django_set_urlconf, _django_setup_unittest, _fail_for_invalid_template_variable, _live_server_helper, _template_string_if_invalid_marker, admin_client, admin_user, anyio_backend, anyio_backend_name, anyio_backend_options, async_client, async_rf, capfd, capfdbinary, caplog, capsys, capsysbinary, capteesys, capture_context, capture_pack, client, cov, db, django_assert_max_num_queries, django_assert_num_queries, django_capture_on_commit_callbacks, django_db_blocker, django_db_createdb, django_db_keepdb, django_db_modify_db_settings, django_db_modify_db_settings_parallel_suffix, django_db_modify_db_settings_tox_suffix, django_db_modify_db_settings_xdist_suffix, django_db_reset_sequences, django_db_serialized_rollback, django_db_setup, django_db_use_migrations, django_isolated_apps, django_mail_dnsname, django_mail_patch_dns, django_test_environment, django_user_model, django_username_field, doctest_namespace, free_tcp_port, free_tcp_port_factory, free_udp_port, free_udp_port_factory, lifecycle_enabled, live_server, mailoutbox, monkeypatch, no_cover, pytestconfig, record_property, record_testsuite_property, record_xml_attribute, recwarn, report_context, rf, settings, shared_roi_inputs, subtests, tmp_path, tmp_path_factory, tmpdir, tmpdir_factory, transactional_db
>       use 'pytest --fixtures [testpath]' for help on them.

/app/tests/test_capture_admission.py:31
_ ERROR at setup of test_capture_authority_revoked_during_actor_row_wait[open] _
file /app/tests/test_capture_pack_authority.py, line 186
  @pytest.mark.parametrize("operation", ["open", "freeze"])
  def test_capture_authority_revoked_during_actor_row_wait(capture_context, operation):
file /app/tests/test_capture_admission.py, line 31
  @pytest.fixture
  def capture_context(explicit_context, settings):
E       fixture 'explicit_context' not found
>       available fixtures: _dj_autoclear_mailbox, _django_clear_site_cache, _django_db_helper, _django_db_marker, _django_isolate_apps, _django_set_urlconf, _django_setup_unittest, _fail_for_invalid_template_variable, _live_server_helper, _template_string_if_invalid_marker, admin_client, admin_user, anyio_backend, anyio_backend_name, anyio_backend_options, async_client, async_rf, capfd, capfdbinary, caplog, capsys, capsysbinary, capteesys, capture_context, capture_pack, client, cov, db, django_assert_max_num_queries, django_assert_num_queries, django_capture_on_commit_callbacks, django_db_blocker, django_db_createdb, django_db_keepdb, django_db_modify_db_settings, django_db_modify_db_settings_parallel_suffix, django_db_modify_db_settings_tox_suffix, django_db_modify_db_settings_xdist_suffix, django_db_reset_sequences, django_db_serialized_rollback, django_db_setup, django_db_use_migrations, django_isolated_apps, django_mail_dnsname, django_mail_patch_dns, django_test_environment, django_user_model, django_username_field, doctest_namespace, free_tcp_port, free_tcp_port_factory, free_udp_port, free_udp_port_factory, lifecycle_enabled, live_server, mailoutbox, monkeypatch, no_cover, pytestconfig, record_property, record_testsuite_property, record_xml_attribute, recwarn, report_context, rf, settings, shared_roi_inputs, subtests, tmp_path, tmp_path_factory, tmpdir, tmpdir_factory, transactional_db
>       use 'pytest --fixtures [testpath]' for help on them.

/app/tests/test_capture_admission.py:31
_ ERROR at setup of test_capture_authority_revoked_during_actor_row_wait[freeze] _
file /app/tests/test_capture_pack_authority.py, line 186
  @pytest.mark.parametrize("operation", ["open", "freeze"])
  def test_capture_authority_revoked_during_actor_row_wait(capture_context, operation):
file /app/tests/test_capture_admission.py, line 31
  @pytest.fixture
  def capture_context(explicit_context, settings):
E       fixture 'explicit_context' not found
>       available fixtures: _dj_autoclear_mailbox, _django_clear_site_cache, _django_db_helper, _django_db_marker, _django_isolate_apps, _django_set_urlconf, _django_setup_unittest, _fail_for_invalid_template_variable, _live_server_helper, _template_string_if_invalid_marker, admin_client, admin_user, anyio_backend, anyio_backend_name, anyio_backend_options, async_client, async_rf, capfd, capfdbinary, caplog, capsys, capsysbinary, capteesys, capture_context, capture_pack, client, cov, db, django_assert_max_num_queries, django_assert_num_queries, django_capture_on_commit_callbacks, django_db_blocker, django_db_createdb, django_db_keepdb, django_db_modify_db_settings, django_db_modify_db_settings_parallel_suffix, django_db_modify_db_settings_tox_suffix, django_db_modify_db_settings_xdist_suffix, django_db_reset_sequences, django_db_serialized_rollback, django_db_setup, django_db_use_migrations, django_isolated_apps, django_mail_dnsname, django_mail_patch_dns, django_test_environment, django_user_model, django_username_field, doctest_namespace, free_tcp_port, free_tcp_port_factory, free_udp_port, free_udp_port_factory, lifecycle_enabled, live_server, mailoutbox, monkeypatch, no_cover, pytestconfig, record_property, record_testsuite_property, record_xml_attribute, recwarn, report_context, rf, settings, shared_roi_inputs, subtests, tmp_path, tmp_path_factory, tmpdir, tmpdir_factory, transactional_db
>       use 'pytest --fixtures [testpath]' for help on them.

/app/tests/test_capture_admission.py:31
=========================== short test summary info ============================
ERROR tests/test_capture_pack_authority.py::test_frozen_capture_has_exact_issued_receipt_and_no_baseline_or_decisions
ERROR tests/test_capture_pack_authority.py::test_capture_projection_and_readback_use_new_context
ERROR tests/test_capture_pack_authority.py::test_capture_request_cannot_authorize_baseline_promotion[False]
ERROR tests/test_capture_pack_authority.py::test_capture_request_cannot_authorize_baseline_promotion[True]
ERROR tests/test_capture_pack_authority.py::test_worker_projection_receipt_pins_match_actual_capture
ERROR tests/test_capture_pack_authority.py::test_foreign_owner_cannot_dispatch_capture_pack
ERROR tests/test_capture_pack_authority.py::test_capture_authority_revoked_during_actor_row_wait[open]
ERROR tests/test_capture_pack_authority.py::test_capture_authority_revoked_during_actor_row_wait[freeze]
118 passed, 8 errors in 225.09s (0:03:45)
