#0 building with "desktop-linux" instance using docker driver

#1 [internal] load build definition from Dockerfile.qualification
#1 transferring dockerfile: 836B 0.1s done
#1 DONE 0.2s

#2 [internal] load metadata for ghcr.io/astral-sh/uv:0.12.9
#2 ...

#3 [auth] library/python:pull token for registry-1.docker.io
#3 DONE 0.0s

#4 [internal] load metadata for docker.io/library/python:3.14.7-slim
#4 ...

#2 [internal] load metadata for ghcr.io/astral-sh/uv:0.12.9
#2 DONE 1.2s

#4 [internal] load metadata for docker.io/library/python:3.14.7-slim
#4 DONE 1.2s

#5 [internal] load .dockerignore
#5 transferring context: 164B 0.0s done
#5 DONE 0.1s

#6 [internal] load build context
#6 DONE 0.0s

#7 [uv 1/1] FROM ghcr.io/astral-sh/uv:0.12.9@sha256:8b940d3a9d65bed080436972241af2e21c84b5e8c9193f7014ed71479ee795ff
#7 resolve ghcr.io/astral-sh/uv:0.12.9@sha256:8b940d3a9d65bed080436972241af2e21c84b5e8c9193f7014ed71479ee795ff
#7 resolve ghcr.io/astral-sh/uv:0.12.9@sha256:8b940d3a9d65bed080436972241af2e21c84b5e8c9193f7014ed71479ee795ff 0.2s done
#7 DONE 0.2s

#8 [stage-1 1/8] FROM docker.io/library/python:3.14.7-slim@sha256:51dafde81dbdb6ebde285137a295cf18a47ca95234fe388a343719cb97305b3d
#8 resolve docker.io/library/python:3.14.7-slim@sha256:51dafde81dbdb6ebde285137a295cf18a47ca95234fe388a343719cb97305b3d 0.2s done
#8 DONE 0.2s

#6 [internal] load build context
#6 transferring context: 78.00kB 0.3s done
#6 DONE 0.4s

#9 [stage-1 5/8] RUN uv sync --frozen --no-install-project
#9 CACHED

#10 [stage-1 2/8] COPY --from=uv /uv /bin/uv
#10 CACHED

#11 [stage-1 3/8] WORKDIR /app
#11 CACHED

#12 [stage-1 4/8] COPY source/pyproject.toml source/uv.lock ./
#12 CACHED

#13 [stage-1 6/8] RUN /app/.venv/bin/playwright install --with-deps --only-shell chromium && apt-get install -y --no-install-recommends poppler-utils && chmod -R a+rX /ms-playwright && rm -rf /var/lib/apt/lists/*
#13 CACHED

#14 [stage-1 7/8] COPY source/ ./
#14 DONE 4.4s

#15 [stage-1 8/8] RUN groupadd --gid 10001 qualification && useradd --uid 10001 --gid 10001 --no-create-home qualification
#15 DONE 3.9s

#16 exporting to image
#16 exporting layers
#16 exporting layers 1.6s done
#16 exporting manifest sha256:709889457f4580ef1b4758c289e7795e57bb55c24841ce3a3a1700f0f8c63517 0.1s done
#16 exporting config sha256:21d0b7206f5ab41e7e9a6b64e4f15fbb4a927f0e843ee327685dbaaadf75d38d
#16 exporting config sha256:21d0b7206f5ab41e7e9a6b64e4f15fbb4a927f0e843ee327685dbaaadf75d38d 0.1s done
#16 exporting attestation manifest sha256:e49e64e961c0212f0defc298764b8f21b8b99f129057ffbdc8c14b42216a80f8
#16 exporting attestation manifest sha256:e49e64e961c0212f0defc298764b8f21b8b99f129057ffbdc8c14b42216a80f8 0.1s done
#16 exporting manifest list sha256:16c16d92c29e05125014563d603680aaaa2c8d672e66af07fc603617361b8cc9
#16 exporting manifest list sha256:16c16d92c29e05125014563d603680aaaa2c8d672e66af07fc603617361b8cc9 0.1s done
#16 naming to docker.io/library/stewardence-local-qualification:stewardence-local-1fd687ede8 0.0s done
#16 unpacking to docker.io/library/stewardence-local-qualification:stewardence-local-1fd687ede8
#16 unpacking to docker.io/library/stewardence-local-qualification:stewardence-local-1fd687ede8 1.1s done
#16 DONE 3.4s
