#0 building with "desktop-linux" instance using docker driver

#1 [internal] load build definition from Dockerfile.qualification
#1 transferring dockerfile: 836B 0.0s done
#1 DONE 0.1s

#2 [internal] load metadata for docker.io/library/python:3.14.7-slim
#2 ...

#3 [auth] library/python:pull token for registry-1.docker.io
#3 DONE 0.0s

#4 [internal] load metadata for ghcr.io/astral-sh/uv:0.12.9
#4 DONE 1.4s

#2 [internal] load metadata for docker.io/library/python:3.14.7-slim
#2 DONE 2.0s

#5 [internal] load .dockerignore
#5 transferring context:
#5 transferring context: 164B 0.0s done
#5 DONE 0.4s

#6 [internal] load build context
#6 DONE 0.0s

#7 [stage-1 1/8] FROM docker.io/library/python:3.14.7-slim@sha256:51dafde81dbdb6ebde285137a295cf18a47ca95234fe388a343719cb97305b3d
#7 resolve docker.io/library/python:3.14.7-slim@sha256:51dafde81dbdb6ebde285137a295cf18a47ca95234fe388a343719cb97305b3d 0.1s done
#7 DONE 0.2s

#8 [uv 1/1] FROM ghcr.io/astral-sh/uv:0.12.9@sha256:8b940d3a9d65bed080436972241af2e21c84b5e8c9193f7014ed71479ee795ff
#8 resolve ghcr.io/astral-sh/uv:0.12.9@sha256:8b940d3a9d65bed080436972241af2e21c84b5e8c9193f7014ed71479ee795ff 0.1s done
#8 DONE 0.2s

#6 [internal] load build context
#6 transferring context: 40.90kB 0.2s done
#6 DONE 0.2s

#9 [stage-1 2/8] COPY --from=uv /uv /bin/uv
#9 CACHED

#10 [stage-1 3/8] WORKDIR /app
#10 CACHED

#11 [stage-1 4/8] COPY source/pyproject.toml source/uv.lock ./
#11 CACHED

#12 [stage-1 5/8] RUN uv sync --frozen --no-install-project
#12 CACHED

#13 [stage-1 6/8] RUN /app/.venv/bin/playwright install --with-deps --only-shell chromium && apt-get install -y --no-install-recommends poppler-utils && chmod -R a+rX /ms-playwright && rm -rf /var/lib/apt/lists/*
#13 CACHED

#14 [stage-1 7/8] COPY source/ ./
#14 DONE 0.2s

#15 [stage-1 8/8] RUN groupadd --gid 10001 qualification && useradd --uid 10001 --gid 10001 --no-create-home qualification
#15 DONE 1.9s

#16 exporting to image
#16 exporting layers
#16 exporting layers 1.2s done
#16 exporting manifest sha256:a1cf65147591f6a13d0e2fb763facb7e6c9400af356d9c7d0f3d68786a88fafa 0.1s done
#16 exporting config sha256:eea9609903d979994e125bd20148eabe4b05e92f5a80a61aa9101a7bf40489c0 0.1s done
#16 exporting attestation manifest sha256:6a1caee87970d16af3b027d31b8823a0b31c1e6cebb84f65a05b3bdfe6cf6fa7 0.1s done
#16 exporting manifest list sha256:5e8a34ec49424346ae12176da3badd72608a15cdb2dbd2e3f634068c4a2a7b87
#16 exporting manifest list sha256:5e8a34ec49424346ae12176da3badd72608a15cdb2dbd2e3f634068c4a2a7b87 0.1s done
#16 naming to docker.io/library/stewardence-local-qualification:stewardence-local-46f52d9c42 0.0s done
#16 unpacking to docker.io/library/stewardence-local-qualification:stewardence-local-46f52d9c42
#16 unpacking to docker.io/library/stewardence-local-qualification:stewardence-local-46f52d9c42 0.3s done
#16 DONE 1.9s
