#0 building with "desktop-linux" instance using docker driver

#1 [internal] load build definition from Dockerfile.qualification
#1 transferring dockerfile: 836B 0.0s done
#1 DONE 0.1s

#2 [internal] load metadata for ghcr.io/astral-sh/uv:0.12.9
#2 ...

#3 [internal] load metadata for docker.io/library/python:3.14.7-slim
#3 DONE 0.9s

#2 [internal] load metadata for ghcr.io/astral-sh/uv:0.12.9
#2 DONE 1.0s

#4 [internal] load .dockerignore
#4 transferring context:
#4 transferring context: 164B 0.0s done
#4 DONE 0.1s

#5 [internal] load build context
#5 DONE 0.0s

#6 [stage-1 1/8] FROM docker.io/library/python:3.14.7-slim@sha256:51dafde81dbdb6ebde285137a295cf18a47ca95234fe388a343719cb97305b3d
#6 resolve docker.io/library/python:3.14.7-slim@sha256:51dafde81dbdb6ebde285137a295cf18a47ca95234fe388a343719cb97305b3d
#6 resolve docker.io/library/python:3.14.7-slim@sha256:51dafde81dbdb6ebde285137a295cf18a47ca95234fe388a343719cb97305b3d 0.2s done
#6 DONE 0.2s

#7 [uv 1/1] FROM ghcr.io/astral-sh/uv:0.12.9@sha256:8b940d3a9d65bed080436972241af2e21c84b5e8c9193f7014ed71479ee795ff
#7 resolve ghcr.io/astral-sh/uv:0.12.9@sha256:8b940d3a9d65bed080436972241af2e21c84b5e8c9193f7014ed71479ee795ff 0.2s done
#7 DONE 0.2s

#5 [internal] load build context
#5 transferring context: 40.22kB 0.1s done
#5 DONE 0.2s

#8 [stage-1 5/8] RUN uv sync --frozen --no-install-project
#8 CACHED

#9 [stage-1 6/8] RUN /app/.venv/bin/playwright install --with-deps --only-shell chromium && apt-get install -y --no-install-recommends poppler-utils && chmod -R a+rX /ms-playwright && rm -rf /var/lib/apt/lists/*
#9 CACHED

#10 [stage-1 7/8] COPY source/ ./
#10 CACHED

#11 [stage-1 3/8] WORKDIR /app
#11 CACHED

#12 [stage-1 2/8] COPY --from=uv /uv /bin/uv
#12 CACHED

#13 [stage-1 4/8] COPY source/pyproject.toml source/uv.lock ./
#13 CACHED

#14 [stage-1 8/8] RUN groupadd --gid 10001 qualification && useradd --uid 10001 --gid 10001 --no-create-home qualification
#14 CACHED

#15 exporting to image
#15 exporting layers
#15 exporting layers 0.0s done
#15 exporting manifest sha256:9b658167ad3d85ae4db08f2f9aff2caad0e3057ac5e14242d0bded7c29b811a3 0.0s done
#15 exporting config sha256:00210d4bbf25c963a24c4f7c4a5f19ce73ce1bbe3cbb178736cc50bb0446b927 0.0s done
#15 exporting attestation manifest sha256:3681ea270be80fdfbd887c18c102ed513fbcc772da08ae83d2eb40cce246295b
#15 exporting attestation manifest sha256:3681ea270be80fdfbd887c18c102ed513fbcc772da08ae83d2eb40cce246295b 0.1s done
#15 exporting manifest list sha256:1f3277f1503b63cfb6ac5f8ba743d7421cf21502dbb29d6874c6c2802834c9a8 0.1s done
#15 naming to docker.io/library/stewardence-local-qualification:stewardence-local-f315f4228c
#15 naming to docker.io/library/stewardence-local-qualification:stewardence-local-f315f4228c 0.0s done
#15 unpacking to docker.io/library/stewardence-local-qualification:stewardence-local-f315f4228c 0.0s done
#15 DONE 0.5s

View build details: docker-desktop://dashboard/build/desktop-linux/desktop-linux/xxx0ijbhs7fqu6elzxtf007tz
#0 building with "desktop-linux" instance using docker driver

#1 [internal] load build definition from Dockerfile.renderer
#1 transferring dockerfile: 1.59kB 0.0s done
#1 DONE 0.1s

#2 resolve image config for docker-image://docker.io/docker/dockerfile:1
#2 DONE 0.5s

#3 docker-image://docker.io/docker/dockerfile:1@sha256:4edf897a3ffa55b89f906fc8cc78afdb3f1834cc9c7083565e611a8a7d5fe99e
#3 resolve docker.io/docker/dockerfile:1@sha256:4edf897a3ffa55b89f906fc8cc78afdb3f1834cc9c7083565e611a8a7d5fe99e 0.1s done
#3 CACHED

#4 [internal] load metadata for docker.io/library/python:3.14.7-slim
#4 DONE 0.3s

#5 [internal] load metadata for ghcr.io/astral-sh/uv:0.12.9
#5 DONE 0.4s

#6 [internal] load .dockerignore
#6 transferring context: 32B
#6 transferring context: 121B 0.0s done
#6 DONE 0.1s

#7 [internal] load build context
#7 DONE 0.0s

#8 [builder 1/5] FROM docker.io/library/python:3.14.7-slim@sha256:51dafde81dbdb6ebde285137a295cf18a47ca95234fe388a343719cb97305b3d
#8 resolve docker.io/library/python:3.14.7-slim@sha256:51dafde81dbdb6ebde285137a295cf18a47ca95234fe388a343719cb97305b3d
#8 resolve docker.io/library/python:3.14.7-slim@sha256:51dafde81dbdb6ebde285137a295cf18a47ca95234fe388a343719cb97305b3d 0.2s done
#8 DONE 0.2s

#9 [uv 1/1] FROM ghcr.io/astral-sh/uv:0.12.9@sha256:8b940d3a9d65bed080436972241af2e21c84b5e8c9193f7014ed71479ee795ff
#9 resolve ghcr.io/astral-sh/uv:0.12.9@sha256:8b940d3a9d65bed080436972241af2e21c84b5e8c9193f7014ed71479ee795ff
#9 resolve ghcr.io/astral-sh/uv:0.12.9@sha256:8b940d3a9d65bed080436972241af2e21c84b5e8c9193f7014ed71479ee795ff 0.2s done
#9 DONE 0.2s

#7 [internal] load build context
#7 transferring context: 1.28kB 0.0s done
#7 DONE 0.1s

#10 [runtime  9/10] COPY static/brand/atlas/reports.svg ./static/brand/atlas/reports.svg
#10 CACHED

#11 [runtime  8/10] COPY static/brand/stewardence-helix-orbit-light.png ./static/brand/stewardence-helix-orbit-light.png
#11 CACHED

#12 [builder 2/5] WORKDIR /app
#12 CACHED

#13 [builder 3/5] COPY --from=uv /uv /bin/uv
#13 CACHED

#14 [runtime  5/10] RUN .venv/bin/playwright install-deps chromium     && chmod -R a+rX /ms-playwright     && rm -rf /tmp/* /var/lib/apt/lists/*
#14 CACHED

#15 [runtime  4/10] COPY --from=builder /ms-playwright /ms-playwright
#15 CACHED

#16 [builder 5/5] RUN uv sync --frozen --only-group renderer --no-install-project     && uv run --no-sync playwright install --only-shell chromium     && rm -rf /tmp/* /var/lib/apt/lists/*
#16 CACHED

#17 [runtime  3/10] COPY --from=builder /app/.venv /app/.venv
#17 CACHED

#18 [runtime  7/10] COPY renderer ./renderer
#18 CACHED

#19 [builder 4/5] COPY pyproject.toml uv.lock ./
#19 CACHED

#20 [runtime  6/10] RUN groupadd --gid 10001 renderer     && useradd --uid 10001 --gid renderer --home-dir /app --no-create-home renderer
#20 CACHED

#21 [runtime 10/10] RUN install -d -o renderer -g renderer -m 0700 /work/output
#21 CACHED

#22 exporting to image
#22 exporting layers 0.0s done
#22 exporting manifest sha256:c211ba3125e833e78248aba5a8dd406981fcb3a3d3eb66b430c501fcd3eb017f 0.0s done
#22 exporting config sha256:4354dcbacd2d6f65bd15bd6207d49da0257d8f2e2162f552b954283c0a3e0510 0.0s done
#22 exporting attestation manifest sha256:c1a678e7ee20543b7ee22efa1afe9e14289b921c8cb42df06a3d5bc42e72cb20
#22 exporting attestation manifest sha256:c1a678e7ee20543b7ee22efa1afe9e14289b921c8cb42df06a3d5bc42e72cb20 0.1s done
#22 exporting manifest list sha256:4deb789d619b0c8c64496e11e49eb58fde62285d3cabd97403cf4300053ee6dd
#22 exporting manifest list sha256:4deb789d619b0c8c64496e11e49eb58fde62285d3cabd97403cf4300053ee6dd 0.1s done
#22 naming to docker.io/library/stewardence-local-qualification:stewardence-local-f315f4228c-renderer 0.0s done
#22 unpacking to docker.io/library/stewardence-local-qualification:stewardence-local-f315f4228c-renderer 0.1s done
#22 DONE 0.5s

View build details: docker-desktop://dashboard/build/desktop-linux/desktop-linux/mvjmglnoj38l2jijmaf764a4d
