#0 building with "desktop-linux" instance using docker driver

#1 [internal] load build definition from Dockerfile.qualification
#1 transferring dockerfile: 44B 0.1s
#1 transferring dockerfile: 836B 0.1s done
#1 DONE 0.3s

#2 [internal] load metadata for docker.io/library/python:3.14.7-slim
#2 DONE 1.5s

#3 [internal] load metadata for ghcr.io/astral-sh/uv:0.12.9
#3 DONE 2.2s

#4 [internal] load .dockerignore
#4 transferring context: 164B 0.0s done
#4 DONE 0.1s

#5 [internal] load build context
#5 DONE 0.0s

#6 [stage-1 1/8] FROM docker.io/library/python:3.14.7-slim@sha256:51dafde81dbdb6ebde285137a295cf18a47ca95234fe388a343719cb97305b3d
#6 resolve docker.io/library/python:3.14.7-slim@sha256:51dafde81dbdb6ebde285137a295cf18a47ca95234fe388a343719cb97305b3d 0.2s done
#6 DONE 0.2s

#7 [uv 1/1] FROM ghcr.io/astral-sh/uv:0.12.9@sha256:8b940d3a9d65bed080436972241af2e21c84b5e8c9193f7014ed71479ee795ff
#7 resolve ghcr.io/astral-sh/uv:0.12.9@sha256:8b940d3a9d65bed080436972241af2e21c84b5e8c9193f7014ed71479ee795ff 0.2s done
#7 DONE 0.2s

#5 [internal] load build context
#5 transferring context: 325.28kB 0.5s done
#5 DONE 0.6s

#8 [stage-1 6/8] RUN /app/.venv/bin/playwright install --with-deps --only-shell chromium && apt-get install -y --no-install-recommends poppler-utils && chmod -R a+rX /ms-playwright && rm -rf /var/lib/apt/lists/*
#8 CACHED

#9 [stage-1 2/8] COPY --from=uv /uv /bin/uv
#9 CACHED

#10 [stage-1 3/8] WORKDIR /app
#10 CACHED

#11 [stage-1 4/8] COPY source/pyproject.toml source/uv.lock ./
#11 CACHED

#12 [stage-1 5/8] RUN uv sync --frozen --no-install-project
#12 CACHED

#13 [stage-1 6/8] RUN /app/.venv/bin/playwright install --with-deps --only-shell chromium && apt-get install -y --no-install-recommends poppler-utils && chmod -R a+rX /ms-playwright && rm -rf /var/lib/apt/lists/*
#13 CACHED

#14 [stage-1 7/8] COPY source/ ./
#14 DONE 2.7s

#15 [stage-1 8/8] RUN groupadd --gid 10001 qualification && useradd --uid 10001 --gid 10001 --no-create-home qualification
#15 DONE 2.2s

#16 exporting to image
#16 exporting layers
#16 exporting layers 2.0s done
#16 exporting manifest sha256:75fa7f0c704c3fb554dfe2546c8c58dee2ba28fd2cc50593cbaaccc81c03375f 0.1s done
#16 exporting config sha256:59ab9a33da65ee16dcc2121b1c32d58872e0378687cf58a54e9d4eb8c7267547
#16 exporting config sha256:59ab9a33da65ee16dcc2121b1c32d58872e0378687cf58a54e9d4eb8c7267547 0.1s done
#16 exporting attestation manifest sha256:e69a6300285ba1d5183de842f0c3e33ddf2504bde0d973b5b372773f93bc6c17
#16 exporting attestation manifest sha256:e69a6300285ba1d5183de842f0c3e33ddf2504bde0d973b5b372773f93bc6c17 0.3s done
#16 exporting manifest list sha256:9cd783725be42ec83e0cb4fc2a994894d743792202d19d42744c23996ba97e4e
#16 exporting manifest list sha256:9cd783725be42ec83e0cb4fc2a994894d743792202d19d42744c23996ba97e4e 0.1s done
#16 naming to docker.io/library/stewardence-local-qualification:stewardence-local-1409608a24 0.1s done
#16 unpacking to docker.io/library/stewardence-local-qualification:stewardence-local-1409608a24
#16 unpacking to docker.io/library/stewardence-local-qualification:stewardence-local-1409608a24 1.4s done
#16 DONE 4.4s
