#0 building with "desktop-linux" instance using docker driver

#1 [internal] load build definition from Dockerfile.qualification
#1 transferring dockerfile: 525B 0.0s done
#1 DONE 0.1s

#2 [internal] load metadata for docker.io/library/python:3.14.7-slim
#2 DONE 0.6s

#3 [internal] load metadata for ghcr.io/astral-sh/uv:0.12.9
#3 DONE 0.7s

#4 [internal] load .dockerignore
#4 transferring context: 164B 0.0s done
#4 DONE 0.1s

#5 [internal] load build context
#5 DONE 0.0s

#6 [uv 1/1] FROM ghcr.io/astral-sh/uv:0.12.9@sha256:8b940d3a9d65bed080436972241af2e21c84b5e8c9193f7014ed71479ee795ff
#6 resolve ghcr.io/astral-sh/uv:0.12.9@sha256:8b940d3a9d65bed080436972241af2e21c84b5e8c9193f7014ed71479ee795ff
#6 resolve ghcr.io/astral-sh/uv:0.12.9@sha256:8b940d3a9d65bed080436972241af2e21c84b5e8c9193f7014ed71479ee795ff 0.2s done
#6 DONE 0.2s

#7 [stage-1 1/7] FROM docker.io/library/python:3.14.7-slim@sha256:51dafde81dbdb6ebde285137a295cf18a47ca95234fe388a343719cb97305b3d
#7 resolve docker.io/library/python:3.14.7-slim@sha256:51dafde81dbdb6ebde285137a295cf18a47ca95234fe388a343719cb97305b3d
#7 resolve docker.io/library/python:3.14.7-slim@sha256:51dafde81dbdb6ebde285137a295cf18a47ca95234fe388a343719cb97305b3d 0.2s done
#7 DONE 0.2s

#5 [internal] load build context
#5 transferring context: 64.13kB 0.1s done
#5 DONE 0.2s

#8 [stage-1 2/7] COPY --from=uv /uv /bin/uv
#8 CACHED

#9 [stage-1 3/7] WORKDIR /app
#9 CACHED

#10 [stage-1 4/7] COPY source/pyproject.toml source/uv.lock ./
#10 CACHED

#11 [stage-1 5/7] RUN uv sync --frozen --no-install-project
#11 CACHED

#12 [stage-1 6/7] COPY source/ ./
#12 DONE 1.0s

#13 [stage-1 7/7] RUN groupadd --gid 10001 qualification && useradd --uid 10001 --gid 10001 --no-create-home qualification
#13 DONE 1.5s

#14 exporting to image
#14 exporting layers
#14 exporting layers 1.1s done
#14 exporting manifest sha256:9ee27779dc63b007b1a6aec39007c9ed30c2f274555d78ee93ccd56ff7a07b63 0.1s done
#14 exporting config sha256:8c6a3ae7c3d9811a47336109e07f457e6fb3c6223308cbb5bda1314fa1bf24df 0.1s done
#14 exporting attestation manifest sha256:870b15ac084d5acd41805b6fdcfce1c6eb2e10b3bae77792fe2b249d0a3bbbe2 0.1s done
#14 exporting manifest list sha256:0dcd3b0ef84e1ba0f62191c8d43dcf5829c16e5f8c24f08ede7e991ef9216e4c
#14 exporting manifest list sha256:0dcd3b0ef84e1ba0f62191c8d43dcf5829c16e5f8c24f08ede7e991ef9216e4c 0.1s done
#14 naming to docker.io/library/stewardence-local-qualification:stewardence-local-62a4f12b9f 0.0s done
#14 unpacking to docker.io/library/stewardence-local-qualification:stewardence-local-62a4f12b9f
#14 unpacking to docker.io/library/stewardence-local-qualification:stewardence-local-62a4f12b9f 0.1s done
#14 DONE 1.8s
