#0 building with "desktop-linux" instance using docker driver

#1 [internal] load build definition from Dockerfile.qualification
#1 transferring dockerfile: 836B 0.0s done
#1 DONE 0.1s

#2 [internal] load metadata for docker.io/library/python:3.14.7-slim
#2 DONE 0.6s

#3 [internal] load metadata for ghcr.io/astral-sh/uv:0.12.9
#3 DONE 0.6s

#4 [internal] load .dockerignore
#4 transferring context: 164B 0.0s done
#4 DONE 0.1s

#5 [internal] load build context
#5 DONE 0.0s

#6 [uv 1/1] FROM ghcr.io/astral-sh/uv:0.12.9@sha256:8b940d3a9d65bed080436972241af2e21c84b5e8c9193f7014ed71479ee795ff
#6 resolve ghcr.io/astral-sh/uv:0.12.9@sha256:8b940d3a9d65bed080436972241af2e21c84b5e8c9193f7014ed71479ee795ff 0.1s done
#6 DONE 0.1s

#7 [stage-1 1/8] FROM docker.io/library/python:3.14.7-slim@sha256:51dafde81dbdb6ebde285137a295cf18a47ca95234fe388a343719cb97305b3d
#7 resolve docker.io/library/python:3.14.7-slim@sha256:51dafde81dbdb6ebde285137a295cf18a47ca95234fe388a343719cb97305b3d 0.1s done
#7 DONE 0.1s

#5 [internal] load build context
#5 transferring context: 59.95kB 0.2s done
#5 DONE 0.2s

#8 [stage-1 4/8] COPY source/pyproject.toml source/uv.lock ./
#8 CACHED

#9 [stage-1 5/8] RUN uv sync --frozen --no-install-project
#9 CACHED

#10 [stage-1 2/8] COPY --from=uv /uv /bin/uv
#10 CACHED

#11 [stage-1 3/8] WORKDIR /app
#11 CACHED

#12 [stage-1 6/8] RUN /app/.venv/bin/playwright install --with-deps --only-shell chromium && apt-get install -y --no-install-recommends poppler-utils && chmod -R a+rX /ms-playwright && rm -rf /var/lib/apt/lists/*
#12 CACHED

#13 [stage-1 7/8] COPY source/ ./
#13 DONE 1.2s

#14 [stage-1 8/8] RUN groupadd --gid 10001 qualification && useradd --uid 10001 --gid 10001 --no-create-home qualification
#14 DONE 3.2s

#15 exporting to image
#15 exporting layers
#15 exporting layers 1.2s done
#15 exporting manifest sha256:8f6576589e4f182df9fc288d4720dd1d7fdc7e9ce0276b13d78d396b821ee51d 0.1s done
#15 exporting config sha256:162dacbb5c319e71fdb0ca3116fa7f3c389af63a860198b2fe2ace1e77370d06 0.1s done
#15 exporting attestation manifest sha256:028e337628b31697d9f36a5028f5ff7a36d6a33dc158d36fef7bb7c34e0168e3 0.1s done
#15 exporting manifest list sha256:07b1c690aa0d5353ada1ba8dc03ff17620cc7547fef907e958e3f39078966a0a
#15 exporting manifest list sha256:07b1c690aa0d5353ada1ba8dc03ff17620cc7547fef907e958e3f39078966a0a 0.1s done
#15 naming to docker.io/library/stewardence-local-qualification:stewardence-local-9736572b8f 0.0s done
#15 unpacking to docker.io/library/stewardence-local-qualification:stewardence-local-9736572b8f
#15 unpacking to docker.io/library/stewardence-local-qualification:stewardence-local-9736572b8f 0.9s done
#15 DONE 2.6s
