Operations to perform:
  Apply all migrations: accounts, assessments, audit, auth, billing, catalog, contenttypes, imports, integrations, inventory, jobs, organizations, policies, reports, reviews, sessions
Running migrations:
  Applying contenttypes.0001_initial... OK
  Applying contenttypes.0002_remove_content_type_name... OK
  Applying auth.0001_initial... OK
  Applying auth.0002_alter_permission_name_max_length... OK
  Applying auth.0003_alter_user_email_max_length... OK
  Applying auth.0004_alter_user_username_opts... OK
  Applying auth.0005_alter_user_last_login_null... OK
  Applying auth.0006_require_contenttypes_0002... OK
  Applying auth.0007_alter_validators_add_error_messages... OK
  Applying auth.0008_alter_user_username_max_length... OK
  Applying auth.0009_alter_user_last_name_max_length... OK
  Applying auth.0010_alter_group_name_max_length... OK
  Applying auth.0011_update_proxy_permissions... OK
  Applying auth.0012_alter_user_first_name_max_length... OK
  Applying accounts.0001_initial... OK
  Applying sessions.0001_initial... OK
  Applying organizations.0001_initial... OK
  Applying inventory.0001_initial... OK
  Applying inventory.0002_database_security... OK
  Applying catalog.0001_initial... OK
  Applying inventory.0003_remove_inventoryitem_product_id_and_more... OK
  Applying assessments.0001_initial... OK
  Applying assessments.0002_snapshot_security... OK
  Applying audit.0001_initial... OK
  Applying audit.0002_audit_security... OK
  Applying reports.0001_initial... OK
  Applying reports.0002_report_security... OK
  Applying reports.0003_reportartifact... OK
  Applying reports.0004_reportartifact_security... OK
  Applying organizations.0002_public_onboarding... OK
  Applying organizations.0003_workflow_profile... OK
  Applying jobs.0001_initial... OK
  Applying jobs.0002_job_security... OK
  Applying jobs.0003_recovery_receipts... OK
  Applying jobs.0004_receipt_admission... OK
  Applying jobs.0005_atomic_recovery_admission... OK
  Applying jobs.0006_corecontrol_workflowschedule_actioncardrevision_and_more... OK
  Applying jobs.0007_core_workflow_security... OK
  Applying jobs.0008_worker_transition_authority... OK
  Applying billing.0001_initial... OK
  Applying billing.0002_stripewebhookevent... OK
  Applying billing.0003_founderslot... OK
  Applying billing.0004_founderslot_reservation_token... OK
  Applying billing.0005_billing_security... OK
  Applying jobs.0009_core_issuance_authority... OK
  Applying jobs.0010_job_input_admission... OK
  Applying jobs.0011_action_card_issuance... OK
  Applying jobs.0012_core_authority_successor... OK
  Applying billing.0006_paid_coverage... OK
  Applying billing.0007_ingester_effects... OK
  Applying billing.0008_checkout_intent... OK
  Applying catalog.0002_catalog_security... OK
  Applying imports.0001_initial... OK
  Applying imports.0002_import_staging_security... OK
  Applying integrations.0001_initial... OK
  Applying integrations.0002_providerconnection_providerattempt_providerevent_and_more... OK
  Applying inventory.0004_discovery_evidence... OK
  Applying inventory.0005_discovery_security... OK
  Applying inventory.0006_detectionevidence_inventory_item_and_more... OK
  Applying inventory.0007_inventoryitem_declared_fields... OK
  Applying jobs.0013_paid_entitlement... OK
  Applying policies.0001_initial... OK
  Applying policies.0002_organization_rule_security... OK
  Applying policies.0003_remove_organizationrule_unique_organization_rule_name_and_more... OK
  Applying reviews.0001_initial... OK
..FFFFFF.....                                                            [100%]
=================================== FAILURES ===================================
____________ test_observation_does_not_authorize_payment_or_expiry _____________

self = <django.db.backends.utils.CursorWrapper object at 0x731bd3f44590>
sql = 'SELECT "billing_checkout_intents"."id", "billing_checkout_intents"."billing_customer_id", "billing_checkout_intents"....g_checkout_intents"."observed_url" FROM "billing_checkout_intents" WHERE "billing_checkout_intents"."id" = %s LIMIT 21'
params = (UUID('0ef42eea-5e74-458a-bfef-1c234a84be94'),)
ignored_wrapper_args = (False, {'connection': <DatabaseWrapper vendor='postgresql' alias='app_runtime'>, 'cursor': <django.db.backends.utils.CursorWrapper object at 0x731bd3f44590>})

    def _execute(self, sql, params, *ignored_wrapper_args):
        # Raise a warning during app initialization (stored_app_configs is only
        # ever set during testing).
        if not apps.ready and not apps.stored_app_configs:
            warnings.warn(self.APPS_NOT_READY_WARNING_MSG, category=RuntimeWarning)
        self.db.validate_no_broken_transaction()
        with self.db.wrap_database_errors:
            if params is None:
                # params default might be backend specific.
                return self.cursor.execute(sql)
            else:
>               return self.cursor.execute(sql, params)
                       ^^^^^^^^^^^^^^^^^^^^^^^^^^^^^^^^

.venv/lib/python3.14/site-packages/django/db/backends/utils.py:105: 
_ _ _ _ _ _ _ _ _ _ _ _ _ _ _ _ _ _ _ _ _ _ _ _ _ _ _ _ _ _ _ _ _ _ _ _ _ _ _ _ 

self = <django.db.backends.postgresql.base.Cursor [closed] [IDLE] (host=qualification-db user=agentledger_app database=test_qualification) at 0x731bd41fe7b0>
query = 'SELECT "billing_checkout_intents"."id", "billing_checkout_intents"."billing_customer_id", "billing_checkout_intents"....g_checkout_intents"."observed_url" FROM "billing_checkout_intents" WHERE "billing_checkout_intents"."id" = %s LIMIT 21'
params = (UUID('0ef42eea-5e74-458a-bfef-1c234a84be94'),), prepare = None
binary = None

    def execute(
        self,
        query: Query,
        params: Params | None = None,
        *,
        prepare: bool | None = None,
        binary: bool | None = None,
    ) -> Self:
        """
        Execute a query or command to the database.
        """
        try:
            with self._conn.lock:
                self._conn.wait(
                    self._execute_gen(query, params, prepare=prepare, binary=binary)
                )
        except e._NO_TRACEBACK as ex:
>           raise ex.with_traceback(None)
E           psycopg.errors.InsufficientPrivilege: Authenticated user context is not set
E           CONTEXT:  PL/pgSQL function app_private.current_user_id() line 7 at RAISE

.venv/lib/python3.14/site-packages/psycopg/cursor.py:117: InsufficientPrivilege

The above exception was the direct cause of the following exception:

owner = (<User: intent-owner@example.invalid>, <BillingCustomer: BillingCustomer object (e808c9f9-7d60-4ccb-a8af-9d8b5bd29dc8)>)

    def test_observation_does_not_authorize_payment_or_expiry(owner):
        intent=reserve(owner)
        observed=record_checkout_observation(intent.id,actor_id=owner[0].id,generation=intent.generation,
            session_id='cs_observed',url='https://checkout.stripe.com/c/pay/synthetic',using='app_runtime')
        assert observed.state=='pending' and observed.stripe_session_id is None
        assert observed.observed_session_id=='cs_observed'
        assert outcome(intent)=='attached'
>       intent.refresh_from_db()

tests/test_checkout_intent_authority.py:66: 
_ _ _ _ _ _ _ _ _ _ _ _ _ _ _ _ _ _ _ _ _ _ _ _ _ _ _ _ _ _ _ _ _ _ _ _ _ _ _ _ 
.venv/lib/python3.14/site-packages/django/db/models/base.py:737: in refresh_from_db
    db_instance = db_instance_qs.get()
                  ^^^^^^^^^^^^^^^^^^^^
.venv/lib/python3.14/site-packages/django/db/models/query.py:631: in get
    num = len(clone)
          ^^^^^^^^^^
.venv/lib/python3.14/site-packages/django/db/models/query.py:368: in __len__
    self._fetch_all()
.venv/lib/python3.14/site-packages/django/db/models/query.py:1954: in _fetch_all
    self._result_cache = list(self._iterable_class(self))
                         ^^^^^^^^^^^^^^^^^^^^^^^^^^^^^^^^
.venv/lib/python3.14/site-packages/django/db/models/query.py:93: in __iter__
    results = compiler.execute_sql(
.venv/lib/python3.14/site-packages/django/db/models/sql/compiler.py:1623: in execute_sql
    cursor.execute(sql, params)
.venv/lib/python3.14/site-packages/django/db/backends/utils.py:79: in execute
    return self._execute_with_wrappers(
.venv/lib/python3.14/site-packages/django/db/backends/utils.py:92: in _execute_with_wrappers
    return executor(sql, params, many, context)
           ^^^^^^^^^^^^^^^^^^^^^^^^^^^^^^^^^^^^
.venv/lib/python3.14/site-packages/django/db/backends/utils.py:100: in _execute
    with self.db.wrap_database_errors:
         ^^^^^^^^^^^^^^^^^^^^^^^^^^^^
.venv/lib/python3.14/site-packages/django/db/utils.py:91: in __exit__
    raise dj_exc_value.with_traceback(traceback) from exc_value
.venv/lib/python3.14/site-packages/django/db/backends/utils.py:105: in _execute
    return self.cursor.execute(sql, params)
           ^^^^^^^^^^^^^^^^^^^^^^^^^^^^^^^^
_ _ _ _ _ _ _ _ _ _ _ _ _ _ _ _ _ _ _ _ _ _ _ _ _ _ _ _ _ _ _ _ _ _ _ _ _ _ _ _ 

self = <django.db.backends.postgresql.base.Cursor [closed] [IDLE] (host=qualification-db user=agentledger_app database=test_qualification) at 0x731bd41fe7b0>
query = 'SELECT "billing_checkout_intents"."id", "billing_checkout_intents"."billing_customer_id", "billing_checkout_intents"....g_checkout_intents"."observed_url" FROM "billing_checkout_intents" WHERE "billing_checkout_intents"."id" = %s LIMIT 21'
params = (UUID('0ef42eea-5e74-458a-bfef-1c234a84be94'),), prepare = None
binary = None

    def execute(
        self,
        query: Query,
        params: Params | None = None,
        *,
        prepare: bool | None = None,
        binary: bool | None = None,
    ) -> Self:
        """
        Execute a query or command to the database.
        """
        try:
            with self._conn.lock:
                self._conn.wait(
                    self._execute_gen(query, params, prepare=prepare, binary=binary)
                )
        except e._NO_TRACEBACK as ex:
>           raise ex.with_traceback(None)
E           django.db.utils.ProgrammingError: Authenticated user context is not set
E           CONTEXT:  PL/pgSQL function app_private.current_user_id() line 7 at RAISE

.venv/lib/python3.14/site-packages/psycopg/cursor.py:117: ProgrammingError
_________ test_admission_rejects_changed_generation_binding[changes0] __________

self = <django.db.backends.utils.CursorWrapper object at 0x731bd4140770>
sql = 'SELECT "billing_checkout_intents"."id", "billing_checkout_intents"."billing_customer_id", "billing_checkout_intents"....g_checkout_intents"."observed_url" FROM "billing_checkout_intents" WHERE "billing_checkout_intents"."id" = %s LIMIT 21'
params = (UUID('83587e6f-63b5-452b-86f3-deae3ff5be91'),)
ignored_wrapper_args = (False, {'connection': <DatabaseWrapper vendor='postgresql' alias='app_runtime'>, 'cursor': <django.db.backends.utils.CursorWrapper object at 0x731bd4140770>})

    def _execute(self, sql, params, *ignored_wrapper_args):
        # Raise a warning during app initialization (stored_app_configs is only
        # ever set during testing).
        if not apps.ready and not apps.stored_app_configs:
            warnings.warn(self.APPS_NOT_READY_WARNING_MSG, category=RuntimeWarning)
        self.db.validate_no_broken_transaction()
        with self.db.wrap_database_errors:
            if params is None:
                # params default might be backend specific.
                return self.cursor.execute(sql)
            else:
>               return self.cursor.execute(sql, params)
                       ^^^^^^^^^^^^^^^^^^^^^^^^^^^^^^^^

.venv/lib/python3.14/site-packages/django/db/backends/utils.py:105: 
_ _ _ _ _ _ _ _ _ _ _ _ _ _ _ _ _ _ _ _ _ _ _ _ _ _ _ _ _ _ _ _ _ _ _ _ _ _ _ _ 

self = <django.db.backends.postgresql.base.Cursor [closed] [IDLE] (host=qualification-db user=agentledger_app database=test_qualification) at 0x731bd41fd470>
query = 'SELECT "billing_checkout_intents"."id", "billing_checkout_intents"."billing_customer_id", "billing_checkout_intents"....g_checkout_intents"."observed_url" FROM "billing_checkout_intents" WHERE "billing_checkout_intents"."id" = %s LIMIT 21'
params = (UUID('83587e6f-63b5-452b-86f3-deae3ff5be91'),), prepare = None
binary = None

    def execute(
        self,
        query: Query,
        params: Params | None = None,
        *,
        prepare: bool | None = None,
        binary: bool | None = None,
    ) -> Self:
        """
        Execute a query or command to the database.
        """
        try:
            with self._conn.lock:
                self._conn.wait(
                    self._execute_gen(query, params, prepare=prepare, binary=binary)
                )
        except e._NO_TRACEBACK as ex:
>           raise ex.with_traceback(None)
E           psycopg.errors.InsufficientPrivilege: Authenticated user context is not set
E           CONTEXT:  PL/pgSQL function app_private.current_user_id() line 7 at RAISE

.venv/lib/python3.14/site-packages/psycopg/cursor.py:117: InsufficientPrivilege

The above exception was the direct cause of the following exception:

owner = (<User: intent-owner@example.invalid>, <BillingCustomer: BillingCustomer object (cb370ed7-26d3-4dc7-9c8e-352cf03436b0)>)
changes = {'generation': UUID('0bb8e844-3097-40ef-a2c8-93e76a84367b')}

    @pytest.mark.parametrize('changes',[{'generation':uuid4()},{'customer_id':'cus_other'},
        {'account_id':'acct_other'},{'livemode':True},{'expires_at':1}])
    def test_admission_rejects_changed_generation_binding(owner,changes):
        intent=reserve(owner)
        with pytest.raises(DatabaseError),transaction.atomic(using='billing_admission'):outcome(intent,**changes)
>       intent.refresh_from_db()

tests/test_checkout_intent_authority.py:75: 
_ _ _ _ _ _ _ _ _ _ _ _ _ _ _ _ _ _ _ _ _ _ _ _ _ _ _ _ _ _ _ _ _ _ _ _ _ _ _ _ 
.venv/lib/python3.14/site-packages/django/db/models/base.py:737: in refresh_from_db
    db_instance = db_instance_qs.get()
                  ^^^^^^^^^^^^^^^^^^^^
.venv/lib/python3.14/site-packages/django/db/models/query.py:631: in get
    num = len(clone)
          ^^^^^^^^^^
.venv/lib/python3.14/site-packages/django/db/models/query.py:368: in __len__
    self._fetch_all()
.venv/lib/python3.14/site-packages/django/db/models/query.py:1954: in _fetch_all
    self._result_cache = list(self._iterable_class(self))
                         ^^^^^^^^^^^^^^^^^^^^^^^^^^^^^^^^
.venv/lib/python3.14/site-packages/django/db/models/query.py:93: in __iter__
    results = compiler.execute_sql(
.venv/lib/python3.14/site-packages/django/db/models/sql/compiler.py:1623: in execute_sql
    cursor.execute(sql, params)
.venv/lib/python3.14/site-packages/django/db/backends/utils.py:79: in execute
    return self._execute_with_wrappers(
.venv/lib/python3.14/site-packages/django/db/backends/utils.py:92: in _execute_with_wrappers
    return executor(sql, params, many, context)
           ^^^^^^^^^^^^^^^^^^^^^^^^^^^^^^^^^^^^
.venv/lib/python3.14/site-packages/django/db/backends/utils.py:100: in _execute
    with self.db.wrap_database_errors:
         ^^^^^^^^^^^^^^^^^^^^^^^^^^^^
.venv/lib/python3.14/site-packages/django/db/utils.py:91: in __exit__
    raise dj_exc_value.with_traceback(traceback) from exc_value
.venv/lib/python3.14/site-packages/django/db/backends/utils.py:105: in _execute
    return self.cursor.execute(sql, params)
           ^^^^^^^^^^^^^^^^^^^^^^^^^^^^^^^^
_ _ _ _ _ _ _ _ _ _ _ _ _ _ _ _ _ _ _ _ _ _ _ _ _ _ _ _ _ _ _ _ _ _ _ _ _ _ _ _ 

self = <django.db.backends.postgresql.base.Cursor [closed] [IDLE] (host=qualification-db user=agentledger_app database=test_qualification) at 0x731bd41fd470>
query = 'SELECT "billing_checkout_intents"."id", "billing_checkout_intents"."billing_customer_id", "billing_checkout_intents"....g_checkout_intents"."observed_url" FROM "billing_checkout_intents" WHERE "billing_checkout_intents"."id" = %s LIMIT 21'
params = (UUID('83587e6f-63b5-452b-86f3-deae3ff5be91'),), prepare = None
binary = None

    def execute(
        self,
        query: Query,
        params: Params | None = None,
        *,
        prepare: bool | None = None,
        binary: bool | None = None,
    ) -> Self:
        """
        Execute a query or command to the database.
        """
        try:
            with self._conn.lock:
                self._conn.wait(
                    self._execute_gen(query, params, prepare=prepare, binary=binary)
                )
        except e._NO_TRACEBACK as ex:
>           raise ex.with_traceback(None)
E           django.db.utils.ProgrammingError: Authenticated user context is not set
E           CONTEXT:  PL/pgSQL function app_private.current_user_id() line 7 at RAISE

.venv/lib/python3.14/site-packages/psycopg/cursor.py:117: ProgrammingError
_________ test_admission_rejects_changed_generation_binding[changes1] __________

self = <django.db.backends.utils.CursorWrapper object at 0x731bd4142330>
sql = 'SELECT "billing_checkout_intents"."id", "billing_checkout_intents"."billing_customer_id", "billing_checkout_intents"....g_checkout_intents"."observed_url" FROM "billing_checkout_intents" WHERE "billing_checkout_intents"."id" = %s LIMIT 21'
params = (UUID('67c69b6c-d324-47fb-870b-94752a1f44fa'),)
ignored_wrapper_args = (False, {'connection': <DatabaseWrapper vendor='postgresql' alias='app_runtime'>, 'cursor': <django.db.backends.utils.CursorWrapper object at 0x731bd4142330>})

    def _execute(self, sql, params, *ignored_wrapper_args):
        # Raise a warning during app initialization (stored_app_configs is only
        # ever set during testing).
        if not apps.ready and not apps.stored_app_configs:
            warnings.warn(self.APPS_NOT_READY_WARNING_MSG, category=RuntimeWarning)
        self.db.validate_no_broken_transaction()
        with self.db.wrap_database_errors:
            if params is None:
                # params default might be backend specific.
                return self.cursor.execute(sql)
            else:
>               return self.cursor.execute(sql, params)
                       ^^^^^^^^^^^^^^^^^^^^^^^^^^^^^^^^

.venv/lib/python3.14/site-packages/django/db/backends/utils.py:105: 
_ _ _ _ _ _ _ _ _ _ _ _ _ _ _ _ _ _ _ _ _ _ _ _ _ _ _ _ _ _ _ _ _ _ _ _ _ _ _ _ 

self = <django.db.backends.postgresql.base.Cursor [closed] [IDLE] (host=qualification-db user=agentledger_app database=test_qualification) at 0x731bd41fe7b0>
query = 'SELECT "billing_checkout_intents"."id", "billing_checkout_intents"."billing_customer_id", "billing_checkout_intents"....g_checkout_intents"."observed_url" FROM "billing_checkout_intents" WHERE "billing_checkout_intents"."id" = %s LIMIT 21'
params = (UUID('67c69b6c-d324-47fb-870b-94752a1f44fa'),), prepare = None
binary = None

    def execute(
        self,
        query: Query,
        params: Params | None = None,
        *,
        prepare: bool | None = None,
        binary: bool | None = None,
    ) -> Self:
        """
        Execute a query or command to the database.
        """
        try:
            with self._conn.lock:
                self._conn.wait(
                    self._execute_gen(query, params, prepare=prepare, binary=binary)
                )
        except e._NO_TRACEBACK as ex:
>           raise ex.with_traceback(None)
E           psycopg.errors.InsufficientPrivilege: Authenticated user context is not set
E           CONTEXT:  PL/pgSQL function app_private.current_user_id() line 7 at RAISE

.venv/lib/python3.14/site-packages/psycopg/cursor.py:117: InsufficientPrivilege

The above exception was the direct cause of the following exception:

owner = (<User: intent-owner@example.invalid>, <BillingCustomer: BillingCustomer object (71bd88cf-368d-4006-bd08-f53346118f3f)>)
changes = {'customer_id': 'cus_other'}

    @pytest.mark.parametrize('changes',[{'generation':uuid4()},{'customer_id':'cus_other'},
        {'account_id':'acct_other'},{'livemode':True},{'expires_at':1}])
    def test_admission_rejects_changed_generation_binding(owner,changes):
        intent=reserve(owner)
        with pytest.raises(DatabaseError),transaction.atomic(using='billing_admission'):outcome(intent,**changes)
>       intent.refresh_from_db()

tests/test_checkout_intent_authority.py:75: 
_ _ _ _ _ _ _ _ _ _ _ _ _ _ _ _ _ _ _ _ _ _ _ _ _ _ _ _ _ _ _ _ _ _ _ _ _ _ _ _ 
.venv/lib/python3.14/site-packages/django/db/models/base.py:737: in refresh_from_db
    db_instance = db_instance_qs.get()
                  ^^^^^^^^^^^^^^^^^^^^
.venv/lib/python3.14/site-packages/django/db/models/query.py:631: in get
    num = len(clone)
          ^^^^^^^^^^
.venv/lib/python3.14/site-packages/django/db/models/query.py:368: in __len__
    self._fetch_all()
.venv/lib/python3.14/site-packages/django/db/models/query.py:1954: in _fetch_all
    self._result_cache = list(self._iterable_class(self))
                         ^^^^^^^^^^^^^^^^^^^^^^^^^^^^^^^^
.venv/lib/python3.14/site-packages/django/db/models/query.py:93: in __iter__
    results = compiler.execute_sql(
.venv/lib/python3.14/site-packages/django/db/models/sql/compiler.py:1623: in execute_sql
    cursor.execute(sql, params)
.venv/lib/python3.14/site-packages/django/db/backends/utils.py:79: in execute
    return self._execute_with_wrappers(
.venv/lib/python3.14/site-packages/django/db/backends/utils.py:92: in _execute_with_wrappers
    return executor(sql, params, many, context)
           ^^^^^^^^^^^^^^^^^^^^^^^^^^^^^^^^^^^^
.venv/lib/python3.14/site-packages/django/db/backends/utils.py:100: in _execute
    with self.db.wrap_database_errors:
         ^^^^^^^^^^^^^^^^^^^^^^^^^^^^
.venv/lib/python3.14/site-packages/django/db/utils.py:91: in __exit__
    raise dj_exc_value.with_traceback(traceback) from exc_value
.venv/lib/python3.14/site-packages/django/db/backends/utils.py:105: in _execute
    return self.cursor.execute(sql, params)
           ^^^^^^^^^^^^^^^^^^^^^^^^^^^^^^^^
_ _ _ _ _ _ _ _ _ _ _ _ _ _ _ _ _ _ _ _ _ _ _ _ _ _ _ _ _ _ _ _ _ _ _ _ _ _ _ _ 

self = <django.db.backends.postgresql.base.Cursor [closed] [IDLE] (host=qualification-db user=agentledger_app database=test_qualification) at 0x731bd41fe7b0>
query = 'SELECT "billing_checkout_intents"."id", "billing_checkout_intents"."billing_customer_id", "billing_checkout_intents"....g_checkout_intents"."observed_url" FROM "billing_checkout_intents" WHERE "billing_checkout_intents"."id" = %s LIMIT 21'
params = (UUID('67c69b6c-d324-47fb-870b-94752a1f44fa'),), prepare = None
binary = None

    def execute(
        self,
        query: Query,
        params: Params | None = None,
        *,
        prepare: bool | None = None,
        binary: bool | None = None,
    ) -> Self:
        """
        Execute a query or command to the database.
        """
        try:
            with self._conn.lock:
                self._conn.wait(
                    self._execute_gen(query, params, prepare=prepare, binary=binary)
                )
        except e._NO_TRACEBACK as ex:
>           raise ex.with_traceback(None)
E           django.db.utils.ProgrammingError: Authenticated user context is not set
E           CONTEXT:  PL/pgSQL function app_private.current_user_id() line 7 at RAISE

.venv/lib/python3.14/site-packages/psycopg/cursor.py:117: ProgrammingError
_________ test_admission_rejects_changed_generation_binding[changes2] __________

self = <django.db.backends.utils.CursorWrapper object at 0x731bd4143b30>
sql = 'SELECT "billing_checkout_intents"."id", "billing_checkout_intents"."billing_customer_id", "billing_checkout_intents"....g_checkout_intents"."observed_url" FROM "billing_checkout_intents" WHERE "billing_checkout_intents"."id" = %s LIMIT 21'
params = (UUID('b988fe69-94b8-42e4-9613-bca4fe761e0b'),)
ignored_wrapper_args = (False, {'connection': <DatabaseWrapper vendor='postgresql' alias='app_runtime'>, 'cursor': <django.db.backends.utils.CursorWrapper object at 0x731bd4143b30>})

    def _execute(self, sql, params, *ignored_wrapper_args):
        # Raise a warning during app initialization (stored_app_configs is only
        # ever set during testing).
        if not apps.ready and not apps.stored_app_configs:
            warnings.warn(self.APPS_NOT_READY_WARNING_MSG, category=RuntimeWarning)
        self.db.validate_no_broken_transaction()
        with self.db.wrap_database_errors:
            if params is None:
                # params default might be backend specific.
                return self.cursor.execute(sql)
            else:
>               return self.cursor.execute(sql, params)
                       ^^^^^^^^^^^^^^^^^^^^^^^^^^^^^^^^

.venv/lib/python3.14/site-packages/django/db/backends/utils.py:105: 
_ _ _ _ _ _ _ _ _ _ _ _ _ _ _ _ _ _ _ _ _ _ _ _ _ _ _ _ _ _ _ _ _ _ _ _ _ _ _ _ 

self = <django.db.backends.postgresql.base.Cursor [closed] [IDLE] (host=qualification-db user=agentledger_app database=test_qualification) at 0x731bd41ff230>
query = 'SELECT "billing_checkout_intents"."id", "billing_checkout_intents"."billing_customer_id", "billing_checkout_intents"....g_checkout_intents"."observed_url" FROM "billing_checkout_intents" WHERE "billing_checkout_intents"."id" = %s LIMIT 21'
params = (UUID('b988fe69-94b8-42e4-9613-bca4fe761e0b'),), prepare = None
binary = None

    def execute(
        self,
        query: Query,
        params: Params | None = None,
        *,
        prepare: bool | None = None,
        binary: bool | None = None,
    ) -> Self:
        """
        Execute a query or command to the database.
        """
        try:
            with self._conn.lock:
                self._conn.wait(
                    self._execute_gen(query, params, prepare=prepare, binary=binary)
                )
        except e._NO_TRACEBACK as ex:
>           raise ex.with_traceback(None)
E           psycopg.errors.InsufficientPrivilege: Authenticated user context is not set
E           CONTEXT:  PL/pgSQL function app_private.current_user_id() line 7 at RAISE

.venv/lib/python3.14/site-packages/psycopg/cursor.py:117: InsufficientPrivilege

The above exception was the direct cause of the following exception:

owner = (<User: intent-owner@example.invalid>, <BillingCustomer: BillingCustomer object (56857e9c-2800-4114-bab1-f899eae6d70c)>)
changes = {'account_id': 'acct_other'}

    @pytest.mark.parametrize('changes',[{'generation':uuid4()},{'customer_id':'cus_other'},
        {'account_id':'acct_other'},{'livemode':True},{'expires_at':1}])
    def test_admission_rejects_changed_generation_binding(owner,changes):
        intent=reserve(owner)
        with pytest.raises(DatabaseError),transaction.atomic(using='billing_admission'):outcome(intent,**changes)
>       intent.refresh_from_db()

tests/test_checkout_intent_authority.py:75: 
_ _ _ _ _ _ _ _ _ _ _ _ _ _ _ _ _ _ _ _ _ _ _ _ _ _ _ _ _ _ _ _ _ _ _ _ _ _ _ _ 
.venv/lib/python3.14/site-packages/django/db/models/base.py:737: in refresh_from_db
    db_instance = db_instance_qs.get()
                  ^^^^^^^^^^^^^^^^^^^^
.venv/lib/python3.14/site-packages/django/db/models/query.py:631: in get
    num = len(clone)
          ^^^^^^^^^^
.venv/lib/python3.14/site-packages/django/db/models/query.py:368: in __len__
    self._fetch_all()
.venv/lib/python3.14/site-packages/django/db/models/query.py:1954: in _fetch_all
    self._result_cache = list(self._iterable_class(self))
                         ^^^^^^^^^^^^^^^^^^^^^^^^^^^^^^^^
.venv/lib/python3.14/site-packages/django/db/models/query.py:93: in __iter__
    results = compiler.execute_sql(
.venv/lib/python3.14/site-packages/django/db/models/sql/compiler.py:1623: in execute_sql
    cursor.execute(sql, params)
.venv/lib/python3.14/site-packages/django/db/backends/utils.py:79: in execute
    return self._execute_with_wrappers(
.venv/lib/python3.14/site-packages/django/db/backends/utils.py:92: in _execute_with_wrappers
    return executor(sql, params, many, context)
           ^^^^^^^^^^^^^^^^^^^^^^^^^^^^^^^^^^^^
.venv/lib/python3.14/site-packages/django/db/backends/utils.py:100: in _execute
    with self.db.wrap_database_errors:
         ^^^^^^^^^^^^^^^^^^^^^^^^^^^^
.venv/lib/python3.14/site-packages/django/db/utils.py:91: in __exit__
    raise dj_exc_value.with_traceback(traceback) from exc_value
.venv/lib/python3.14/site-packages/django/db/backends/utils.py:105: in _execute
    return self.cursor.execute(sql, params)
           ^^^^^^^^^^^^^^^^^^^^^^^^^^^^^^^^
_ _ _ _ _ _ _ _ _ _ _ _ _ _ _ _ _ _ _ _ _ _ _ _ _ _ _ _ _ _ _ _ _ _ _ _ _ _ _ _ 

self = <django.db.backends.postgresql.base.Cursor [closed] [IDLE] (host=qualification-db user=agentledger_app database=test_qualification) at 0x731bd41ff230>
query = 'SELECT "billing_checkout_intents"."id", "billing_checkout_intents"."billing_customer_id", "billing_checkout_intents"....g_checkout_intents"."observed_url" FROM "billing_checkout_intents" WHERE "billing_checkout_intents"."id" = %s LIMIT 21'
params = (UUID('b988fe69-94b8-42e4-9613-bca4fe761e0b'),), prepare = None
binary = None

    def execute(
        self,
        query: Query,
        params: Params | None = None,
        *,
        prepare: bool | None = None,
        binary: bool | None = None,
    ) -> Self:
        """
        Execute a query or command to the database.
        """
        try:
            with self._conn.lock:
                self._conn.wait(
                    self._execute_gen(query, params, prepare=prepare, binary=binary)
                )
        except e._NO_TRACEBACK as ex:
>           raise ex.with_traceback(None)
E           django.db.utils.ProgrammingError: Authenticated user context is not set
E           CONTEXT:  PL/pgSQL function app_private.current_user_id() line 7 at RAISE

.venv/lib/python3.14/site-packages/psycopg/cursor.py:117: ProgrammingError
_________ test_admission_rejects_changed_generation_binding[changes3] __________

self = <django.db.backends.utils.CursorWrapper object at 0x731bd4141c70>
sql = 'SELECT "billing_checkout_intents"."id", "billing_checkout_intents"."billing_customer_id", "billing_checkout_intents"....g_checkout_intents"."observed_url" FROM "billing_checkout_intents" WHERE "billing_checkout_intents"."id" = %s LIMIT 21'
params = (UUID('79880cc4-464c-44f5-9179-7d9750f5ea39'),)
ignored_wrapper_args = (False, {'connection': <DatabaseWrapper vendor='postgresql' alias='app_runtime'>, 'cursor': <django.db.backends.utils.CursorWrapper object at 0x731bd4141c70>})

    def _execute(self, sql, params, *ignored_wrapper_args):
        # Raise a warning during app initialization (stored_app_configs is only
        # ever set during testing).
        if not apps.ready and not apps.stored_app_configs:
            warnings.warn(self.APPS_NOT_READY_WARNING_MSG, category=RuntimeWarning)
        self.db.validate_no_broken_transaction()
        with self.db.wrap_database_errors:
            if params is None:
                # params default might be backend specific.
                return self.cursor.execute(sql)
            else:
>               return self.cursor.execute(sql, params)
                       ^^^^^^^^^^^^^^^^^^^^^^^^^^^^^^^^

.venv/lib/python3.14/site-packages/django/db/backends/utils.py:105: 
_ _ _ _ _ _ _ _ _ _ _ _ _ _ _ _ _ _ _ _ _ _ _ _ _ _ _ _ _ _ _ _ _ _ _ _ _ _ _ _ 

self = <django.db.backends.postgresql.base.Cursor [closed] [IDLE] (host=qualification-db user=agentledger_app database=test_qualification) at 0x731bd41fecf0>
query = 'SELECT "billing_checkout_intents"."id", "billing_checkout_intents"."billing_customer_id", "billing_checkout_intents"....g_checkout_intents"."observed_url" FROM "billing_checkout_intents" WHERE "billing_checkout_intents"."id" = %s LIMIT 21'
params = (UUID('79880cc4-464c-44f5-9179-7d9750f5ea39'),), prepare = None
binary = None

    def execute(
        self,
        query: Query,
        params: Params | None = None,
        *,
        prepare: bool | None = None,
        binary: bool | None = None,
    ) -> Self:
        """
        Execute a query or command to the database.
        """
        try:
            with self._conn.lock:
                self._conn.wait(
                    self._execute_gen(query, params, prepare=prepare, binary=binary)
                )
        except e._NO_TRACEBACK as ex:
>           raise ex.with_traceback(None)
E           psycopg.errors.InsufficientPrivilege: Authenticated user context is not set
E           CONTEXT:  PL/pgSQL function app_private.current_user_id() line 7 at RAISE

.venv/lib/python3.14/site-packages/psycopg/cursor.py:117: InsufficientPrivilege

The above exception was the direct cause of the following exception:

owner = (<User: intent-owner@example.invalid>, <BillingCustomer: BillingCustomer object (2850aa64-dd33-4f8d-8cbb-b213474f8edc)>)
changes = {'livemode': True}

    @pytest.mark.parametrize('changes',[{'generation':uuid4()},{'customer_id':'cus_other'},
        {'account_id':'acct_other'},{'livemode':True},{'expires_at':1}])
    def test_admission_rejects_changed_generation_binding(owner,changes):
        intent=reserve(owner)
        with pytest.raises(DatabaseError),transaction.atomic(using='billing_admission'):outcome(intent,**changes)
>       intent.refresh_from_db()

tests/test_checkout_intent_authority.py:75: 
_ _ _ _ _ _ _ _ _ _ _ _ _ _ _ _ _ _ _ _ _ _ _ _ _ _ _ _ _ _ _ _ _ _ _ _ _ _ _ _ 
.venv/lib/python3.14/site-packages/django/db/models/base.py:737: in refresh_from_db
    db_instance = db_instance_qs.get()
                  ^^^^^^^^^^^^^^^^^^^^
.venv/lib/python3.14/site-packages/django/db/models/query.py:631: in get
    num = len(clone)
          ^^^^^^^^^^
.venv/lib/python3.14/site-packages/django/db/models/query.py:368: in __len__
    self._fetch_all()
.venv/lib/python3.14/site-packages/django/db/models/query.py:1954: in _fetch_all
    self._result_cache = list(self._iterable_class(self))
                         ^^^^^^^^^^^^^^^^^^^^^^^^^^^^^^^^
.venv/lib/python3.14/site-packages/django/db/models/query.py:93: in __iter__
    results = compiler.execute_sql(
.venv/lib/python3.14/site-packages/django/db/models/sql/compiler.py:1623: in execute_sql
    cursor.execute(sql, params)
.venv/lib/python3.14/site-packages/django/db/backends/utils.py:79: in execute
    return self._execute_with_wrappers(
.venv/lib/python3.14/site-packages/django/db/backends/utils.py:92: in _execute_with_wrappers
    return executor(sql, params, many, context)
           ^^^^^^^^^^^^^^^^^^^^^^^^^^^^^^^^^^^^
.venv/lib/python3.14/site-packages/django/db/backends/utils.py:100: in _execute
    with self.db.wrap_database_errors:
         ^^^^^^^^^^^^^^^^^^^^^^^^^^^^
.venv/lib/python3.14/site-packages/django/db/utils.py:91: in __exit__
    raise dj_exc_value.with_traceback(traceback) from exc_value
.venv/lib/python3.14/site-packages/django/db/backends/utils.py:105: in _execute
    return self.cursor.execute(sql, params)
           ^^^^^^^^^^^^^^^^^^^^^^^^^^^^^^^^
_ _ _ _ _ _ _ _ _ _ _ _ _ _ _ _ _ _ _ _ _ _ _ _ _ _ _ _ _ _ _ _ _ _ _ _ _ _ _ _ 

self = <django.db.backends.postgresql.base.Cursor [closed] [IDLE] (host=qualification-db user=agentledger_app database=test_qualification) at 0x731bd41fecf0>
query = 'SELECT "billing_checkout_intents"."id", "billing_checkout_intents"."billing_customer_id", "billing_checkout_intents"....g_checkout_intents"."observed_url" FROM "billing_checkout_intents" WHERE "billing_checkout_intents"."id" = %s LIMIT 21'
params = (UUID('79880cc4-464c-44f5-9179-7d9750f5ea39'),), prepare = None
binary = None

    def execute(
        self,
        query: Query,
        params: Params | None = None,
        *,
        prepare: bool | None = None,
        binary: bool | None = None,
    ) -> Self:
        """
        Execute a query or command to the database.
        """
        try:
            with self._conn.lock:
                self._conn.wait(
                    self._execute_gen(query, params, prepare=prepare, binary=binary)
                )
        except e._NO_TRACEBACK as ex:
>           raise ex.with_traceback(None)
E           django.db.utils.ProgrammingError: Authenticated user context is not set
E           CONTEXT:  PL/pgSQL function app_private.current_user_id() line 7 at RAISE

.venv/lib/python3.14/site-packages/psycopg/cursor.py:117: ProgrammingError
_________ test_admission_rejects_changed_generation_binding[changes4] __________

self = <django.db.backends.utils.CursorWrapper object at 0x731bd4081250>
sql = 'SELECT "billing_checkout_intents"."id", "billing_checkout_intents"."billing_customer_id", "billing_checkout_intents"....g_checkout_intents"."observed_url" FROM "billing_checkout_intents" WHERE "billing_checkout_intents"."id" = %s LIMIT 21'
params = (UUID('b380b935-87a1-41a3-b723-4b79eb0862b8'),)
ignored_wrapper_args = (False, {'connection': <DatabaseWrapper vendor='postgresql' alias='app_runtime'>, 'cursor': <django.db.backends.utils.CursorWrapper object at 0x731bd4081250>})

    def _execute(self, sql, params, *ignored_wrapper_args):
        # Raise a warning during app initialization (stored_app_configs is only
        # ever set during testing).
        if not apps.ready and not apps.stored_app_configs:
            warnings.warn(self.APPS_NOT_READY_WARNING_MSG, category=RuntimeWarning)
        self.db.validate_no_broken_transaction()
        with self.db.wrap_database_errors:
            if params is None:
                # params default might be backend specific.
                return self.cursor.execute(sql)
            else:
>               return self.cursor.execute(sql, params)
                       ^^^^^^^^^^^^^^^^^^^^^^^^^^^^^^^^

.venv/lib/python3.14/site-packages/django/db/backends/utils.py:105: 
_ _ _ _ _ _ _ _ _ _ _ _ _ _ _ _ _ _ _ _ _ _ _ _ _ _ _ _ _ _ _ _ _ _ _ _ _ _ _ _ 

self = <django.db.backends.postgresql.base.Cursor [closed] [IDLE] (host=qualification-db user=agentledger_app database=test_qualification) at 0x731bd41ffe70>
query = 'SELECT "billing_checkout_intents"."id", "billing_checkout_intents"."billing_customer_id", "billing_checkout_intents"....g_checkout_intents"."observed_url" FROM "billing_checkout_intents" WHERE "billing_checkout_intents"."id" = %s LIMIT 21'
params = (UUID('b380b935-87a1-41a3-b723-4b79eb0862b8'),), prepare = None
binary = None

    def execute(
        self,
        query: Query,
        params: Params | None = None,
        *,
        prepare: bool | None = None,
        binary: bool | None = None,
    ) -> Self:
        """
        Execute a query or command to the database.
        """
        try:
            with self._conn.lock:
                self._conn.wait(
                    self._execute_gen(query, params, prepare=prepare, binary=binary)
                )
        except e._NO_TRACEBACK as ex:
>           raise ex.with_traceback(None)
E           psycopg.errors.InsufficientPrivilege: Authenticated user context is not set
E           CONTEXT:  PL/pgSQL function app_private.current_user_id() line 7 at RAISE

.venv/lib/python3.14/site-packages/psycopg/cursor.py:117: InsufficientPrivilege

The above exception was the direct cause of the following exception:

owner = (<User: intent-owner@example.invalid>, <BillingCustomer: BillingCustomer object (ed134f6a-63a0-41a1-9c55-cb1206540700)>)
changes = {'expires_at': 1}

    @pytest.mark.parametrize('changes',[{'generation':uuid4()},{'customer_id':'cus_other'},
        {'account_id':'acct_other'},{'livemode':True},{'expires_at':1}])
    def test_admission_rejects_changed_generation_binding(owner,changes):
        intent=reserve(owner)
        with pytest.raises(DatabaseError),transaction.atomic(using='billing_admission'):outcome(intent,**changes)
>       intent.refresh_from_db()

tests/test_checkout_intent_authority.py:75: 
_ _ _ _ _ _ _ _ _ _ _ _ _ _ _ _ _ _ _ _ _ _ _ _ _ _ _ _ _ _ _ _ _ _ _ _ _ _ _ _ 
.venv/lib/python3.14/site-packages/django/db/models/base.py:737: in refresh_from_db
    db_instance = db_instance_qs.get()
                  ^^^^^^^^^^^^^^^^^^^^
.venv/lib/python3.14/site-packages/django/db/models/query.py:631: in get
    num = len(clone)
          ^^^^^^^^^^
.venv/lib/python3.14/site-packages/django/db/models/query.py:368: in __len__
    self._fetch_all()
.venv/lib/python3.14/site-packages/django/db/models/query.py:1954: in _fetch_all
    self._result_cache = list(self._iterable_class(self))
                         ^^^^^^^^^^^^^^^^^^^^^^^^^^^^^^^^
.venv/lib/python3.14/site-packages/django/db/models/query.py:93: in __iter__
    results = compiler.execute_sql(
.venv/lib/python3.14/site-packages/django/db/models/sql/compiler.py:1623: in execute_sql
    cursor.execute(sql, params)
.venv/lib/python3.14/site-packages/django/db/backends/utils.py:79: in execute
    return self._execute_with_wrappers(
.venv/lib/python3.14/site-packages/django/db/backends/utils.py:92: in _execute_with_wrappers
    return executor(sql, params, many, context)
           ^^^^^^^^^^^^^^^^^^^^^^^^^^^^^^^^^^^^
.venv/lib/python3.14/site-packages/django/db/backends/utils.py:100: in _execute
    with self.db.wrap_database_errors:
         ^^^^^^^^^^^^^^^^^^^^^^^^^^^^
.venv/lib/python3.14/site-packages/django/db/utils.py:91: in __exit__
    raise dj_exc_value.with_traceback(traceback) from exc_value
.venv/lib/python3.14/site-packages/django/db/backends/utils.py:105: in _execute
    return self.cursor.execute(sql, params)
           ^^^^^^^^^^^^^^^^^^^^^^^^^^^^^^^^
_ _ _ _ _ _ _ _ _ _ _ _ _ _ _ _ _ _ _ _ _ _ _ _ _ _ _ _ _ _ _ _ _ _ _ _ _ _ _ _ 

self = <django.db.backends.postgresql.base.Cursor [closed] [IDLE] (host=qualification-db user=agentledger_app database=test_qualification) at 0x731bd41ffe70>
query = 'SELECT "billing_checkout_intents"."id", "billing_checkout_intents"."billing_customer_id", "billing_checkout_intents"....g_checkout_intents"."observed_url" FROM "billing_checkout_intents" WHERE "billing_checkout_intents"."id" = %s LIMIT 21'
params = (UUID('b380b935-87a1-41a3-b723-4b79eb0862b8'),), prepare = None
binary = None

    def execute(
        self,
        query: Query,
        params: Params | None = None,
        *,
        prepare: bool | None = None,
        binary: bool | None = None,
    ) -> Self:
        """
        Execute a query or command to the database.
        """
        try:
            with self._conn.lock:
                self._conn.wait(
                    self._execute_gen(query, params, prepare=prepare, binary=binary)
                )
        except e._NO_TRACEBACK as ex:
>           raise ex.with_traceback(None)
E           django.db.utils.ProgrammingError: Authenticated user context is not set
E           CONTEXT:  PL/pgSQL function app_private.current_user_id() line 7 at RAISE

.venv/lib/python3.14/site-packages/psycopg/cursor.py:117: ProgrammingError
=========================== short test summary info ============================
FAILED tests/test_checkout_intent_authority.py::test_observation_does_not_authorize_payment_or_expiry
FAILED tests/test_checkout_intent_authority.py::test_admission_rejects_changed_generation_binding[changes0]
FAILED tests/test_checkout_intent_authority.py::test_admission_rejects_changed_generation_binding[changes1]
FAILED tests/test_checkout_intent_authority.py::test_admission_rejects_changed_generation_binding[changes2]
FAILED tests/test_checkout_intent_authority.py::test_admission_rejects_changed_generation_binding[changes3]
FAILED tests/test_checkout_intent_authority.py::test_admission_rejects_changed_generation_binding[changes4]
6 failed, 7 passed in 14.07s
