#0 building with "desktop-linux" instance using docker driver

#1 [internal] load build definition from Dockerfile.qualification
#1 transferring dockerfile: 836B 0.1s done
#1 DONE 0.1s

#2 [internal] load metadata for docker.io/library/python:3.14.7-slim
#2 DONE 0.8s

#3 [internal] load metadata for ghcr.io/astral-sh/uv:0.12.9
#3 DONE 1.2s

#4 [internal] load .dockerignore
#4 transferring context: 164B 0.1s done
#4 DONE 0.2s

#5 [internal] load build context
#5 DONE 0.0s

#6 [uv 1/1] FROM ghcr.io/astral-sh/uv:0.12.9@sha256:8b940d3a9d65bed080436972241af2e21c84b5e8c9193f7014ed71479ee795ff
#6 resolve ghcr.io/astral-sh/uv:0.12.9@sha256:8b940d3a9d65bed080436972241af2e21c84b5e8c9193f7014ed71479ee795ff
#6 resolve ghcr.io/astral-sh/uv:0.12.9@sha256:8b940d3a9d65bed080436972241af2e21c84b5e8c9193f7014ed71479ee795ff 0.4s done
#6 DONE 0.4s

#7 [stage-1 1/8] FROM docker.io/library/python:3.14.7-slim@sha256:51dafde81dbdb6ebde285137a295cf18a47ca95234fe388a343719cb97305b3d
#7 resolve docker.io/library/python:3.14.7-slim@sha256:51dafde81dbdb6ebde285137a295cf18a47ca95234fe388a343719cb97305b3d
#7 resolve docker.io/library/python:3.14.7-slim@sha256:51dafde81dbdb6ebde285137a295cf18a47ca95234fe388a343719cb97305b3d 0.4s done
#7 DONE 0.5s

#5 [internal] load build context
#5 transferring context: 39.01kB 0.3s done
#5 DONE 0.5s

#8 [stage-1 2/8] COPY --from=uv /uv /bin/uv
#8 CACHED

#9 [stage-1 3/8] WORKDIR /app
#9 CACHED

#10 [stage-1 4/8] COPY source/pyproject.toml source/uv.lock ./
#10 CACHED

#11 [stage-1 5/8] RUN uv sync --frozen --no-install-project
#11 CACHED

#12 [stage-1 6/8] RUN /app/.venv/bin/playwright install --with-deps --only-shell chromium && apt-get install -y --no-install-recommends poppler-utils && chmod -R a+rX /ms-playwright && rm -rf /var/lib/apt/lists/*
#12 CACHED

#13 [stage-1 7/8] COPY source/ ./
#13 DONE 2.3s

#14 [stage-1 8/8] RUN groupadd --gid 10001 qualification && useradd --uid 10001 --gid 10001 --no-create-home qualification
#14 DONE 2.9s

#15 exporting to image
#15 exporting layers
#15 exporting layers 1.4s done
#15 exporting manifest sha256:dd6943f499761854cba83854a14c086d1f3c0ad2bd0d3ab09fe2fdcdcca3faab 0.1s done
#15 exporting config sha256:61481a85b9f14cefa45b04c95c7a86e8f4f7b271dc45a88c83e181603b544e15
#15 exporting config sha256:61481a85b9f14cefa45b04c95c7a86e8f4f7b271dc45a88c83e181603b544e15 0.1s done
#15 exporting attestation manifest sha256:e1d8d01fb295fcd6b489274c71f598d7b17c8e0c68a88ec035a90ac0ba7d37fd
#15 exporting attestation manifest sha256:e1d8d01fb295fcd6b489274c71f598d7b17c8e0c68a88ec035a90ac0ba7d37fd 0.1s done
#15 exporting manifest list sha256:995d46c39e288cd41f54534d66bb75bee0f77121fb131959b71da2b931e8ebbb 0.1s done
#15 naming to docker.io/library/stewardence-local-qualification:stewardence-local-7d7ad4e281 0.0s done
#15 unpacking to docker.io/library/stewardence-local-qualification:stewardence-local-7d7ad4e281
#15 unpacking to docker.io/library/stewardence-local-qualification:stewardence-local-7d7ad4e281 0.7s done
#15 DONE 2.6s
