#0 building with "desktop-linux" instance using docker driver

#1 [internal] load build definition from Dockerfile.qualification
#1 transferring dockerfile: 836B 0.0s done
#1 DONE 0.1s

#2 [internal] load metadata for docker.io/library/python:3.14.7-slim
#2 DONE 0.7s

#3 [internal] load metadata for ghcr.io/astral-sh/uv:0.12.9
#3 DONE 0.8s

#4 [internal] load .dockerignore
#4 transferring context: 164B 0.0s done
#4 DONE 0.1s

#5 [internal] load build context
#5 DONE 0.0s

#6 [uv 1/1] FROM ghcr.io/astral-sh/uv:0.12.9@sha256:8b940d3a9d65bed080436972241af2e21c84b5e8c9193f7014ed71479ee795ff
#6 resolve ghcr.io/astral-sh/uv:0.12.9@sha256:8b940d3a9d65bed080436972241af2e21c84b5e8c9193f7014ed71479ee795ff
#6 resolve ghcr.io/astral-sh/uv:0.12.9@sha256:8b940d3a9d65bed080436972241af2e21c84b5e8c9193f7014ed71479ee795ff 0.1s done
#6 DONE 0.2s

#7 [stage-1 1/8] FROM docker.io/library/python:3.14.7-slim@sha256:51dafde81dbdb6ebde285137a295cf18a47ca95234fe388a343719cb97305b3d
#7 resolve docker.io/library/python:3.14.7-slim@sha256:51dafde81dbdb6ebde285137a295cf18a47ca95234fe388a343719cb97305b3d 0.1s done
#7 DONE 0.2s

#5 [internal] load build context
#5 transferring context: 28.16kB 0.1s done
#5 DONE 0.1s

#8 [stage-1 4/8] COPY source/pyproject.toml source/uv.lock ./
#8 CACHED

#9 [stage-1 6/8] RUN /app/.venv/bin/playwright install --with-deps --only-shell chromium && apt-get install -y --no-install-recommends poppler-utils && chmod -R a+rX /ms-playwright && rm -rf /var/lib/apt/lists/*
#9 CACHED

#10 [stage-1 7/8] COPY source/ ./
#10 CACHED

#11 [stage-1 2/8] COPY --from=uv /uv /bin/uv
#11 CACHED

#12 [stage-1 3/8] WORKDIR /app
#12 CACHED

#13 [stage-1 5/8] RUN uv sync --frozen --no-install-project
#13 CACHED

#14 [stage-1 8/8] RUN groupadd --gid 10001 qualification && useradd --uid 10001 --gid 10001 --no-create-home qualification
#14 CACHED

#15 exporting to image
#15 exporting layers done
#15 exporting manifest sha256:90da2f98b426ede1b7cf378f41bdde50ce2775f92ca3d67398266561b813f37b
#15 exporting manifest sha256:90da2f98b426ede1b7cf378f41bdde50ce2775f92ca3d67398266561b813f37b 0.0s done
#15 exporting config sha256:537eda36756adb9e35be881898efc3d8d1f78264abeefc16c0a9c4bfe694a1f4 0.1s done
#15 exporting attestation manifest sha256:7e650780ef9f02a1bacf3adb80051cd4ec82ad2c097fe7f3e1eeeea5321379ab
#15 exporting attestation manifest sha256:7e650780ef9f02a1bacf3adb80051cd4ec82ad2c097fe7f3e1eeeea5321379ab 0.1s done
#15 exporting manifest list sha256:5e953832aac8c008f3f303f6903bdc94cc7be26b92934ee07c550be873dd96c9 0.1s done
#15 naming to docker.io/library/stewardence-local-qualification:stewardence-local-4483e38508
#15 naming to docker.io/library/stewardence-local-qualification:stewardence-local-4483e38508 0.0s done
#15 unpacking to docker.io/library/stewardence-local-qualification:stewardence-local-4483e38508 0.0s done
#15 DONE 0.8s
