#0 building with "desktop-linux" instance using docker driver

#1 [internal] load build definition from Dockerfile.qualification
#1 transferring dockerfile: 836B 0.0s done
#1 DONE 0.2s

#2 [internal] load metadata for docker.io/library/python:3.14.7-slim
#2 DONE 0.8s

#3 [internal] load metadata for ghcr.io/astral-sh/uv:0.12.9
#3 DONE 0.9s

#4 [internal] load .dockerignore
#4 transferring context: 164B 0.0s done
#4 DONE 0.2s

#5 [internal] load build context
#5 DONE 0.0s

#6 [stage-1 1/8] FROM docker.io/library/python:3.14.7-slim@sha256:51dafde81dbdb6ebde285137a295cf18a47ca95234fe388a343719cb97305b3d
#6 resolve docker.io/library/python:3.14.7-slim@sha256:51dafde81dbdb6ebde285137a295cf18a47ca95234fe388a343719cb97305b3d
#6 resolve docker.io/library/python:3.14.7-slim@sha256:51dafde81dbdb6ebde285137a295cf18a47ca95234fe388a343719cb97305b3d 0.2s done
#6 DONE 0.2s

#7 [uv 1/1] FROM ghcr.io/astral-sh/uv:0.12.9@sha256:8b940d3a9d65bed080436972241af2e21c84b5e8c9193f7014ed71479ee795ff
#7 resolve ghcr.io/astral-sh/uv:0.12.9@sha256:8b940d3a9d65bed080436972241af2e21c84b5e8c9193f7014ed71479ee795ff 0.2s done
#7 DONE 0.3s

#5 [internal] load build context
#5 transferring context: 72.80kB 0.1s done
#5 DONE 0.2s

#8 [stage-1 3/8] WORKDIR /app
#8 CACHED

#9 [stage-1 4/8] COPY source/pyproject.toml source/uv.lock ./
#9 CACHED

#10 [stage-1 5/8] RUN uv sync --frozen --no-install-project
#10 CACHED

#11 [stage-1 2/8] COPY --from=uv /uv /bin/uv
#11 CACHED

#12 [stage-1 6/8] RUN /app/.venv/bin/playwright install --with-deps --only-shell chromium && apt-get install -y --no-install-recommends poppler-utils && chmod -R a+rX /ms-playwright && rm -rf /var/lib/apt/lists/*
#12 CACHED

#13 [stage-1 7/8] COPY source/ ./
#13 DONE 2.2s

#14 [stage-1 8/8] RUN groupadd --gid 10001 qualification && useradd --uid 10001 --gid 10001 --no-create-home qualification
#14 DONE 3.7s

#15 exporting to image
#15 exporting layers
#15 exporting layers 3.0s done
#15 exporting manifest sha256:710492c5c0804a763c9eba577f9a953272a29039afa1ac5be3ccbe98a9a0c4ea
#15 exporting manifest sha256:710492c5c0804a763c9eba577f9a953272a29039afa1ac5be3ccbe98a9a0c4ea 0.2s done
#15 exporting config sha256:c55a578d7aea26a6c352eae44e0c90696d057469609c15e816da56cc865b6c2b
#15 exporting config sha256:c55a578d7aea26a6c352eae44e0c90696d057469609c15e816da56cc865b6c2b 0.1s done
#15 exporting attestation manifest sha256:4ef3028984423f65574b994f2aae38786c4f4d168b8b4779911030080baef10b
#15 exporting attestation manifest sha256:4ef3028984423f65574b994f2aae38786c4f4d168b8b4779911030080baef10b 0.2s done
#15 exporting manifest list sha256:5265c961f5082184f4629a779c0b5c44c16bee189210cb3f653347cfe984d3ec
#15 exporting manifest list sha256:5265c961f5082184f4629a779c0b5c44c16bee189210cb3f653347cfe984d3ec 0.2s done
#15 naming to docker.io/library/stewardence-local-qualification:stewardence-local-899f958615
#15 naming to docker.io/library/stewardence-local-qualification:stewardence-local-899f958615 0.0s done
#15 unpacking to docker.io/library/stewardence-local-qualification:stewardence-local-899f958615
#15 unpacking to docker.io/library/stewardence-local-qualification:stewardence-local-899f958615 1.0s done
#15 DONE 5.0s
