#0 building with "desktop-linux" instance using docker driver

#1 [internal] load build definition from Dockerfile.qualification
#1 transferring dockerfile: 525B 0.1s done
#1 DONE 0.1s

#2 [internal] load metadata for ghcr.io/astral-sh/uv:0.12.9
#2 ...

#3 [internal] load metadata for docker.io/library/python:3.14.7-slim
#3 DONE 0.8s

#2 [internal] load metadata for ghcr.io/astral-sh/uv:0.12.9
#2 DONE 1.0s

#4 [internal] load .dockerignore
#4 transferring context: 164B 0.0s done
#4 DONE 0.1s

#5 [internal] load build context
#5 DONE 0.0s

#6 [stage-1 1/7] FROM docker.io/library/python:3.14.7-slim@sha256:51dafde81dbdb6ebde285137a295cf18a47ca95234fe388a343719cb97305b3d
#6 resolve docker.io/library/python:3.14.7-slim@sha256:51dafde81dbdb6ebde285137a295cf18a47ca95234fe388a343719cb97305b3d
#6 resolve docker.io/library/python:3.14.7-slim@sha256:51dafde81dbdb6ebde285137a295cf18a47ca95234fe388a343719cb97305b3d 0.2s done
#6 DONE 0.2s

#7 [uv 1/1] FROM ghcr.io/astral-sh/uv:0.12.9@sha256:8b940d3a9d65bed080436972241af2e21c84b5e8c9193f7014ed71479ee795ff
#7 resolve ghcr.io/astral-sh/uv:0.12.9@sha256:8b940d3a9d65bed080436972241af2e21c84b5e8c9193f7014ed71479ee795ff 0.2s done
#7 DONE 0.2s

#5 [internal] load build context
#5 transferring context: 29.51kB 0.2s done
#5 DONE 0.3s

#8 [stage-1 2/7] COPY --from=uv /uv /bin/uv
#8 CACHED

#9 [stage-1 3/7] WORKDIR /app
#9 CACHED

#10 [stage-1 4/7] COPY source/pyproject.toml source/uv.lock ./
#10 CACHED

#11 [stage-1 5/7] RUN uv sync --frozen --no-install-project
#11 CACHED

#12 [stage-1 6/7] COPY source/ ./
#12 DONE 0.8s

#13 [stage-1 7/7] RUN groupadd --gid 10001 qualification && useradd --uid 10001 --gid 10001 --no-create-home qualification
#13 DONE 1.3s

#14 exporting to image
#14 exporting layers
#14 exporting layers 0.9s done
#14 exporting manifest sha256:9379cc770f831b2c91df7dabda18e51988f09ae170d22705d23b7d3c2526e656 0.1s done
#14 exporting config sha256:8b7575213ca12b11325611fdec88609d8cef325608324a5a23fc3568a3227d7d 0.1s done
#14 exporting attestation manifest sha256:4fee73f82cadc21135f592e7de3641f0789de23803e52a47825cc099a61d764f 0.1s done
#14 exporting manifest list sha256:b54849dbff3c5d6b1ec9dc2675de0d06b9bea1b0ace5214aa5131eb81183baca
#14 exporting manifest list sha256:b54849dbff3c5d6b1ec9dc2675de0d06b9bea1b0ace5214aa5131eb81183baca 0.0s done
#14 naming to docker.io/library/stewardence-local-qualification:stewardence-local-296c8a5c16 done
#14 unpacking to docker.io/library/stewardence-local-qualification:stewardence-local-296c8a5c16
#14 unpacking to docker.io/library/stewardence-local-qualification:stewardence-local-296c8a5c16 0.5s done
#14 DONE 1.7s
