#0 building with "desktop-linux" instance using docker driver

#1 [internal] load build definition from Dockerfile.qualification
#1 transferring dockerfile: 836B 0.0s done
#1 DONE 0.1s

#2 [internal] load metadata for docker.io/library/python:3.14.7-slim
#2 ...

#3 [auth] library/python:pull token for registry-1.docker.io
#3 DONE 0.0s

#4 [internal] load metadata for ghcr.io/astral-sh/uv:0.12.9
#4 DONE 0.9s

#2 [internal] load metadata for docker.io/library/python:3.14.7-slim
#2 DONE 1.0s

#5 [internal] load .dockerignore
#5 transferring context: 164B 0.0s done
#5 DONE 0.0s

#6 [uv 1/1] FROM ghcr.io/astral-sh/uv:0.12.9@sha256:8b940d3a9d65bed080436972241af2e21c84b5e8c9193f7014ed71479ee795ff
#6 resolve ghcr.io/astral-sh/uv:0.12.9@sha256:8b940d3a9d65bed080436972241af2e21c84b5e8c9193f7014ed71479ee795ff 0.1s done
#6 DONE 0.1s

#7 [stage-1 1/8] FROM docker.io/library/python:3.14.7-slim@sha256:51dafde81dbdb6ebde285137a295cf18a47ca95234fe388a343719cb97305b3d
#7 resolve docker.io/library/python:3.14.7-slim@sha256:51dafde81dbdb6ebde285137a295cf18a47ca95234fe388a343719cb97305b3d 0.1s done
#7 DONE 0.1s

#8 [internal] load build context
#8 transferring context: 86.92kB 0.1s done
#8 DONE 0.1s

#9 [stage-1 3/8] WORKDIR /app
#9 CACHED

#10 [stage-1 4/8] COPY source/pyproject.toml source/uv.lock ./
#10 CACHED

#11 [stage-1 5/8] RUN uv sync --frozen --no-install-project
#11 CACHED

#12 [stage-1 2/8] COPY --from=uv /uv /bin/uv
#12 CACHED

#13 [stage-1 6/8] RUN /app/.venv/bin/playwright install --with-deps --only-shell chromium && apt-get install -y --no-install-recommends poppler-utils && chmod -R a+rX /ms-playwright && rm -rf /var/lib/apt/lists/*
#13 CACHED

#14 [stage-1 7/8] COPY source/ ./
#14 DONE 1.0s

#15 [stage-1 8/8] RUN groupadd --gid 10001 qualification && useradd --uid 10001 --gid 10001 --no-create-home qualification
#15 DONE 1.4s

#16 exporting to image
#16 exporting layers
#16 exporting layers 0.7s done
#16 exporting manifest sha256:ab11e762f556b50b85e953f0d01166c6b475436a5591ad46f38c060e889cf928 0.0s done
#16 exporting config sha256:e05d7c45db30c48aec26b0eee68bc6fc5ec0a03521c422912953d9b25d26d945 0.0s done
#16 exporting attestation manifest sha256:e5a99546194dc0d9d73b50b1f981811ebe846e69032861ba245e316840ab23f1
#16 exporting attestation manifest sha256:e5a99546194dc0d9d73b50b1f981811ebe846e69032861ba245e316840ab23f1 done
#16 exporting manifest list sha256:85440a5057e09f6301e6151699fd184afd259117a64ff0cd6d9309e97f775b50 done
#16 naming to docker.io/library/stewardence-local-qualification:stewardence-local-3824994d69
#16 naming to docker.io/library/stewardence-local-qualification:stewardence-local-3824994d69 done
#16 unpacking to docker.io/library/stewardence-local-qualification:stewardence-local-3824994d69
#16 unpacking to docker.io/library/stewardence-local-qualification:stewardence-local-3824994d69 0.4s done
#16 DONE -0.4s
