#0 building with "desktop-linux" instance using docker driver

#1 [internal] load build definition from Dockerfile.qualification
#1 transferring dockerfile: 836B 0.1s done
#1 DONE 0.2s

#2 [internal] load metadata for docker.io/library/python:3.14.7-slim
#2 ...

#3 [internal] load metadata for ghcr.io/astral-sh/uv:0.12.9
#3 DONE 1.5s

#2 [internal] load metadata for docker.io/library/python:3.14.7-slim
#2 DONE 1.5s

#4 [internal] load .dockerignore
#4 transferring context: 32B 0.1s
#4 transferring context: 164B 0.1s done
#4 DONE 0.2s

#5 [internal] load build context
#5 DONE 0.0s

#6 [uv 1/1] FROM ghcr.io/astral-sh/uv:0.12.9@sha256:8b940d3a9d65bed080436972241af2e21c84b5e8c9193f7014ed71479ee795ff
#6 resolve ghcr.io/astral-sh/uv:0.12.9@sha256:8b940d3a9d65bed080436972241af2e21c84b5e8c9193f7014ed71479ee795ff
#6 resolve ghcr.io/astral-sh/uv:0.12.9@sha256:8b940d3a9d65bed080436972241af2e21c84b5e8c9193f7014ed71479ee795ff 0.2s done
#6 DONE 0.2s

#7 [stage-1 1/8] FROM docker.io/library/python:3.14.7-slim@sha256:51dafde81dbdb6ebde285137a295cf18a47ca95234fe388a343719cb97305b3d
#7 resolve docker.io/library/python:3.14.7-slim@sha256:51dafde81dbdb6ebde285137a295cf18a47ca95234fe388a343719cb97305b3d 0.2s done
#7 DONE 0.2s

#5 [internal] load build context
#5 transferring context: 51.62kB 0.3s done
#5 DONE 0.4s

#8 [stage-1 2/8] COPY --from=uv /uv /bin/uv
#8 CACHED

#9 [stage-1 3/8] WORKDIR /app
#9 CACHED

#10 [stage-1 4/8] COPY source/pyproject.toml source/uv.lock ./
#10 CACHED

#11 [stage-1 5/8] RUN uv sync --frozen --no-install-project
#11 CACHED

#12 [stage-1 6/8] RUN /app/.venv/bin/playwright install --with-deps --only-shell chromium && apt-get install -y --no-install-recommends poppler-utils && chmod -R a+rX /ms-playwright && rm -rf /var/lib/apt/lists/*
#12 CACHED

#13 [stage-1 7/8] COPY source/ ./
#13 DONE 3.5s

#14 [stage-1 8/8] RUN groupadd --gid 10001 qualification && useradd --uid 10001 --gid 10001 --no-create-home qualification
#14 DONE 7.1s

#15 exporting to image
#15 exporting layers
#15 exporting layers 1.8s done
#15 exporting manifest sha256:3c6fc2b104142273ceb2dd1e38dba2050ef68d7cf37db4f6d0047f737e52f450 0.1s done
#15 exporting config sha256:4d8f13b48ebea5bd8155c6c24202c8077e4c511b8f6de411c34164956d60e6c6
#15 exporting config sha256:4d8f13b48ebea5bd8155c6c24202c8077e4c511b8f6de411c34164956d60e6c6 0.1s done
#15 exporting attestation manifest sha256:51839d6db31e3d8172fbc666abd0df99c81ca2a335fa79f713c4b2d9df17835c
#15 exporting attestation manifest sha256:51839d6db31e3d8172fbc666abd0df99c81ca2a335fa79f713c4b2d9df17835c 0.1s done
#15 exporting manifest list sha256:86387573e4c25579b6b7b41918ce1e4ec0bfd76b5c0eed4d7be2d1e57b3f1ca7
#15 exporting manifest list sha256:86387573e4c25579b6b7b41918ce1e4ec0bfd76b5c0eed4d7be2d1e57b3f1ca7 0.1s done
#15 naming to docker.io/library/stewardence-local-qualification:stewardence-local-2cc534211b 0.0s done
#15 unpacking to docker.io/library/stewardence-local-qualification:stewardence-local-2cc534211b
#15 unpacking to docker.io/library/stewardence-local-qualification:stewardence-local-2cc534211b done
#15 DONE 2.2s
