#0 building with "desktop-linux" instance using docker driver

#1 [internal] load build definition from Dockerfile.qualification
#1 transferring dockerfile: 836B 0.1s done
#1 DONE 0.1s

#2 [internal] load metadata for docker.io/library/python:3.14.7-slim
#2 ...

#3 [auth] library/python:pull token for registry-1.docker.io
#3 DONE 0.0s

#4 [internal] load metadata for ghcr.io/astral-sh/uv:0.12.9
#4 DONE 3.3s

#2 [internal] load metadata for docker.io/library/python:3.14.7-slim
#2 DONE 3.4s

#5 [internal] load .dockerignore
#5 transferring context: 164B 0.0s done
#5 DONE 0.1s

#6 [internal] load build context
#6 DONE 0.0s

#7 [stage-1 1/8] FROM docker.io/library/python:3.14.7-slim@sha256:51dafde81dbdb6ebde285137a295cf18a47ca95234fe388a343719cb97305b3d
#7 resolve docker.io/library/python:3.14.7-slim@sha256:51dafde81dbdb6ebde285137a295cf18a47ca95234fe388a343719cb97305b3d
#7 ...

#8 [uv 1/1] FROM ghcr.io/astral-sh/uv:0.12.9@sha256:8b940d3a9d65bed080436972241af2e21c84b5e8c9193f7014ed71479ee795ff
#8 resolve ghcr.io/astral-sh/uv:0.12.9@sha256:8b940d3a9d65bed080436972241af2e21c84b5e8c9193f7014ed71479ee795ff 0.2s done
#8 DONE 0.2s

#7 [stage-1 1/8] FROM docker.io/library/python:3.14.7-slim@sha256:51dafde81dbdb6ebde285137a295cf18a47ca95234fe388a343719cb97305b3d
#7 resolve docker.io/library/python:3.14.7-slim@sha256:51dafde81dbdb6ebde285137a295cf18a47ca95234fe388a343719cb97305b3d 0.2s done
#7 DONE 0.2s

#6 [internal] load build context
#6 transferring context: 77.35kB 0.4s done
#6 DONE 0.5s

#9 [stage-1 5/8] RUN uv sync --frozen --no-install-project
#9 CACHED

#10 [stage-1 2/8] COPY --from=uv /uv /bin/uv
#10 CACHED

#11 [stage-1 3/8] WORKDIR /app
#11 CACHED

#12 [stage-1 4/8] COPY source/pyproject.toml source/uv.lock ./
#12 CACHED

#13 [stage-1 6/8] RUN /app/.venv/bin/playwright install --with-deps --only-shell chromium && apt-get install -y --no-install-recommends poppler-utils && chmod -R a+rX /ms-playwright && rm -rf /var/lib/apt/lists/*
#13 CACHED

#14 [stage-1 7/8] COPY source/ ./
#14 DONE 2.3s

#15 [stage-1 8/8] RUN groupadd --gid 10001 qualification && useradd --uid 10001 --gid 10001 --no-create-home qualification
#15 DONE 4.3s

#16 exporting to image
#16 exporting layers
#16 exporting layers done
#16 exporting manifest sha256:47fa1453479ea5c0b7501529c4fc5b8e430bb6311cec2171ed5b5c2cb5020fae
#16 exporting manifest sha256:47fa1453479ea5c0b7501529c4fc5b8e430bb6311cec2171ed5b5c2cb5020fae 0.2s done
#16 exporting config sha256:b3c37b4c5aca40a7fee78ae5a8bdcfff0917b9d7754f022ce3f01a842ded61cd
#16 exporting config sha256:b3c37b4c5aca40a7fee78ae5a8bdcfff0917b9d7754f022ce3f01a842ded61cd 0.1s done
#16 exporting attestation manifest sha256:4babe0f5472d8ab90b42eddb21e734e7dec507332a53d44e6000a04b85871d98
#16 exporting attestation manifest sha256:4babe0f5472d8ab90b42eddb21e734e7dec507332a53d44e6000a04b85871d98 0.1s done
#16 exporting manifest list sha256:43660601d2fa840778b973d667ad7f7d3ea493afa377000917bd75aa3227b241
#16 exporting manifest list sha256:43660601d2fa840778b973d667ad7f7d3ea493afa377000917bd75aa3227b241 0.1s done
#16 naming to docker.io/library/stewardence-local-qualification:stewardence-local-0efecf2273 0.0s done
#16 unpacking to docker.io/library/stewardence-local-qualification:stewardence-local-0efecf2273
#16 unpacking to docker.io/library/stewardence-local-qualification:stewardence-local-0efecf2273 0.9s done
#16 DONE 1.2s
