#0 building with "desktop-linux" instance using docker driver

#1 [internal] load build definition from Dockerfile.qualification
#1 transferring dockerfile: 525B 0.0s done
#1 DONE 0.0s

#2 [auth] library/python:pull token for registry-1.docker.io
#2 DONE 0.0s

#3 [internal] load metadata for docker.io/library/python:3.14.7-slim
#3 ...

#4 [internal] load metadata for ghcr.io/astral-sh/uv:0.12.9
#4 DONE 0.6s

#3 [internal] load metadata for docker.io/library/python:3.14.7-slim
#3 DONE 0.6s

#5 [internal] load .dockerignore
#5 transferring context: 164B done
#5 DONE 0.0s

#6 [internal] load build context
#6 DONE 0.0s

#7 [stage-1 1/7] FROM docker.io/library/python:3.14.7-slim@sha256:51dafde81dbdb6ebde285137a295cf18a47ca95234fe388a343719cb97305b3d
#7 resolve docker.io/library/python:3.14.7-slim@sha256:51dafde81dbdb6ebde285137a295cf18a47ca95234fe388a343719cb97305b3d 0.1s done
#7 DONE 0.1s

#8 [uv 1/1] FROM ghcr.io/astral-sh/uv:0.12.9@sha256:8b940d3a9d65bed080436972241af2e21c84b5e8c9193f7014ed71479ee795ff
#8 resolve ghcr.io/astral-sh/uv:0.12.9@sha256:8b940d3a9d65bed080436972241af2e21c84b5e8c9193f7014ed71479ee795ff 0.1s done
#8 DONE 0.1s

#6 [internal] load build context
#6 transferring context: 34.54kB 0.0s done
#6 DONE 0.1s

#9 [stage-1 2/7] COPY --from=uv /uv /bin/uv
#9 CACHED

#10 [stage-1 3/7] WORKDIR /app
#10 CACHED

#11 [stage-1 4/7] COPY source/pyproject.toml source/uv.lock ./
#11 CACHED

#12 [stage-1 5/7] RUN uv sync --frozen --no-install-project
#12 CACHED

#13 [stage-1 6/7] COPY source/ ./
#13 DONE 0.4s

#14 [stage-1 7/7] RUN groupadd --gid 10001 qualification && useradd --uid 10001 --gid 10001 --no-create-home qualification
#14 DONE 0.7s

#15 exporting to image
#15 exporting layers
#15 exporting layers 0.5s done
#15 exporting manifest sha256:ffd414347a8cc722c120a13a30bb2e4ea9479d1a46fdd48978de22a1a3ae0486 0.0s done
#15 exporting config sha256:4e3308382d51b9a26915e931fde86cf51c2e5783089692b3acbf09c5423b597d 0.0s done
#15 exporting attestation manifest sha256:96bfb8166053e8e215131e1d73034a345993a6433531b2a625cc5c1e688d7ff2
#15 exporting attestation manifest sha256:96bfb8166053e8e215131e1d73034a345993a6433531b2a625cc5c1e688d7ff2 0.1s done
#15 exporting manifest list sha256:06dd1a2a7afd03982886d17952a988de86633a75a5b4220891a3bf30b75f5a7b 0.0s done
#15 naming to docker.io/library/stewardence-local-qualification:stewardence-local-d5515ab53a
#15 naming to docker.io/library/stewardence-local-qualification:stewardence-local-d5515ab53a done
#15 unpacking to docker.io/library/stewardence-local-qualification:stewardence-local-d5515ab53a
#15 unpacking to docker.io/library/stewardence-local-qualification:stewardence-local-d5515ab53a 0.2s done
#15 DONE 1.0s
