#0 building with "desktop-linux" instance using docker driver

#1 [internal] load build definition from Dockerfile.qualification
#1 transferring dockerfile: 836B 0.0s done
#1 DONE 0.1s

#2 [internal] load metadata for docker.io/library/python:3.14.7-slim
#2 ...

#3 [internal] load metadata for ghcr.io/astral-sh/uv:0.12.9
#3 DONE 0.6s

#2 [internal] load metadata for docker.io/library/python:3.14.7-slim
#2 DONE 0.8s

#4 [internal] load .dockerignore
#4 transferring context: 164B 0.0s done
#4 DONE 0.1s

#5 [internal] load build context
#5 DONE 0.0s

#6 [uv 1/1] FROM ghcr.io/astral-sh/uv:0.12.9@sha256:8b940d3a9d65bed080436972241af2e21c84b5e8c9193f7014ed71479ee795ff
#6 resolve ghcr.io/astral-sh/uv:0.12.9@sha256:8b940d3a9d65bed080436972241af2e21c84b5e8c9193f7014ed71479ee795ff
#6 resolve ghcr.io/astral-sh/uv:0.12.9@sha256:8b940d3a9d65bed080436972241af2e21c84b5e8c9193f7014ed71479ee795ff 0.4s done
#6 DONE 0.4s

#7 [stage-1 1/8] FROM docker.io/library/python:3.14.7-slim@sha256:51dafde81dbdb6ebde285137a295cf18a47ca95234fe388a343719cb97305b3d
#7 resolve docker.io/library/python:3.14.7-slim@sha256:51dafde81dbdb6ebde285137a295cf18a47ca95234fe388a343719cb97305b3d 0.4s done
#7 DONE 0.4s

#5 [internal] load build context
#5 transferring context: 56.46kB 0.1s done
#5 DONE 0.1s

#8 [stage-1 4/8] COPY source/pyproject.toml source/uv.lock ./
#8 CACHED

#9 [stage-1 5/8] RUN uv sync --frozen --no-install-project
#9 CACHED

#10 [stage-1 2/8] COPY --from=uv /uv /bin/uv
#10 CACHED

#11 [stage-1 3/8] WORKDIR /app
#11 CACHED

#12 [stage-1 6/8] RUN /app/.venv/bin/playwright install --with-deps --only-shell chromium && apt-get install -y --no-install-recommends poppler-utils && chmod -R a+rX /ms-playwright && rm -rf /var/lib/apt/lists/*
#12 CACHED

#13 [stage-1 7/8] COPY source/ ./
#13 DONE 1.6s

#14 [stage-1 8/8] RUN groupadd --gid 10001 qualification && useradd --uid 10001 --gid 10001 --no-create-home qualification
#14 DONE 0.5s

#15 exporting to image
#15 exporting layers
#15 exporting layers 2.4s done
#15 exporting manifest sha256:58b38b3ad31fb4924f0e7b0eacae6087e778bf9a7c71d451fbac6743dc40508f 0.1s done
#15 exporting config sha256:4c600aad1ad9469ea5758ab4b68d967afeb30ad2703262deb7598f79e0ad5e1e
#15 exporting config sha256:4c600aad1ad9469ea5758ab4b68d967afeb30ad2703262deb7598f79e0ad5e1e 0.1s done
#15 exporting attestation manifest sha256:f22258fbbeedc17810cf895b81e13e36f4a9c9e6726a5a524ea7ceee782ca63a
#15 exporting attestation manifest sha256:f22258fbbeedc17810cf895b81e13e36f4a9c9e6726a5a524ea7ceee782ca63a 0.2s done
#15 exporting manifest list sha256:06b07a0ef8da02fc033469973625a7ca46e0deefc44aa53728bc4020977f193b
#15 exporting manifest list sha256:06b07a0ef8da02fc033469973625a7ca46e0deefc44aa53728bc4020977f193b 0.3s done
#15 naming to docker.io/library/stewardence-local-qualification:stewardence-local-a0ca7bcb92
#15 naming to docker.io/library/stewardence-local-qualification:stewardence-local-a0ca7bcb92 0.2s done
#15 unpacking to docker.io/library/stewardence-local-qualification:stewardence-local-a0ca7bcb92
#15 unpacking to docker.io/library/stewardence-local-qualification:stewardence-local-a0ca7bcb92 2.3s done
#15 DONE 6.0s
