#0 building with "desktop-linux" instance using docker driver

#1 [internal] load build definition from Dockerfile.qualification
#1 transferring dockerfile: 836B 0.0s done
#1 DONE 0.1s

#2 [internal] load metadata for docker.io/library/python:3.14.7-slim
#2 DONE 0.7s

#3 [internal] load metadata for ghcr.io/astral-sh/uv:0.12.9
#3 DONE 0.8s

#4 [internal] load .dockerignore
#4 transferring context: 164B 0.0s done
#4 DONE 0.0s

#5 [internal] load build context
#5 DONE 0.0s

#6 [stage-1 1/8] FROM docker.io/library/python:3.14.7-slim@sha256:51dafde81dbdb6ebde285137a295cf18a47ca95234fe388a343719cb97305b3d
#6 resolve docker.io/library/python:3.14.7-slim@sha256:51dafde81dbdb6ebde285137a295cf18a47ca95234fe388a343719cb97305b3d 0.1s done
#6 DONE 0.1s

#7 [uv 1/1] FROM ghcr.io/astral-sh/uv:0.12.9@sha256:8b940d3a9d65bed080436972241af2e21c84b5e8c9193f7014ed71479ee795ff
#7 resolve ghcr.io/astral-sh/uv:0.12.9@sha256:8b940d3a9d65bed080436972241af2e21c84b5e8c9193f7014ed71479ee795ff 0.1s done
#7 DONE 0.1s

#5 [internal] load build context
#5 transferring context: 62.01kB 0.1s done
#5 DONE 0.2s

#8 [stage-1 4/8] COPY source/pyproject.toml source/uv.lock ./
#8 CACHED

#9 [stage-1 5/8] RUN uv sync --frozen --no-install-project
#9 CACHED

#10 [stage-1 2/8] COPY --from=uv /uv /bin/uv
#10 CACHED

#11 [stage-1 3/8] WORKDIR /app
#11 CACHED

#12 [stage-1 6/8] RUN /app/.venv/bin/playwright install --with-deps --only-shell chromium && apt-get install -y --no-install-recommends poppler-utils && chmod -R a+rX /ms-playwright && rm -rf /var/lib/apt/lists/*
#12 CACHED

#13 [stage-1 7/8] COPY source/ ./
#13 DONE 1.8s

#14 [stage-1 8/8] RUN groupadd --gid 10001 qualification && useradd --uid 10001 --gid 10001 --no-create-home qualification
#14 DONE 2.1s

#15 exporting to image
#15 exporting layers
#15 exporting layers 0.9s done
#15 exporting manifest sha256:caa9083567d4a72932aa300915ead160750b86b6f5106fe3c288871279194d05 0.1s done
#15 exporting config sha256:dace7fd29f4b06070a789655b7df9b368a3bcff8c05114579e7d2a1481a8a70a 0.1s done
#15 exporting attestation manifest sha256:0e3030c64797c9b2ab3984f6cf00ce52ea00e38eb00ac5c5e83898f91e30b406 0.1s done
#15 exporting manifest list sha256:6d35a2a85391295754575527659ecb20536898e04352c3c423fb8de0fdc0d103
#15 exporting manifest list sha256:6d35a2a85391295754575527659ecb20536898e04352c3c423fb8de0fdc0d103 0.1s done
#15 naming to docker.io/library/stewardence-local-qualification:stewardence-local-b81a67715f done
#15 unpacking to docker.io/library/stewardence-local-qualification:stewardence-local-b81a67715f
#15 unpacking to docker.io/library/stewardence-local-qualification:stewardence-local-b81a67715f done
#15 DONE 0.7s
