#0 building with "desktop-linux" instance using docker driver

#1 [internal] load build definition from Dockerfile.qualification
#1 transferring dockerfile: 836B 0.1s done
#1 DONE 0.1s

#2 [internal] load metadata for ghcr.io/astral-sh/uv:0.12.9
#2 ...

#3 [auth] library/python:pull token for registry-1.docker.io
#3 DONE 0.0s

#4 [internal] load metadata for docker.io/library/python:3.14.7-slim
#4 DONE 1.3s

#2 [internal] load metadata for ghcr.io/astral-sh/uv:0.12.9
#2 DONE 1.3s

#5 [internal] load .dockerignore
#5 transferring context: 164B 0.0s done
#5 DONE 0.1s

#6 [internal] load build context
#6 DONE 0.0s

#7 [stage-1 1/8] FROM docker.io/library/python:3.14.7-slim@sha256:51dafde81dbdb6ebde285137a295cf18a47ca95234fe388a343719cb97305b3d
#7 resolve docker.io/library/python:3.14.7-slim@sha256:51dafde81dbdb6ebde285137a295cf18a47ca95234fe388a343719cb97305b3d 0.1s done
#7 DONE 0.1s

#8 [uv 1/1] FROM ghcr.io/astral-sh/uv:0.12.9@sha256:8b940d3a9d65bed080436972241af2e21c84b5e8c9193f7014ed71479ee795ff
#8 resolve ghcr.io/astral-sh/uv:0.12.9@sha256:8b940d3a9d65bed080436972241af2e21c84b5e8c9193f7014ed71479ee795ff 0.1s done
#8 DONE 0.1s

#6 [internal] load build context
#6 transferring context: 52.64kB 0.2s done
#6 DONE 0.3s

#9 [stage-1 2/8] COPY --from=uv /uv /bin/uv
#9 CACHED

#10 [stage-1 3/8] WORKDIR /app
#10 CACHED

#11 [stage-1 4/8] COPY source/pyproject.toml source/uv.lock ./
#11 CACHED

#12 [stage-1 5/8] RUN uv sync --frozen --no-install-project
#12 CACHED

#13 [stage-1 6/8] RUN /app/.venv/bin/playwright install --with-deps --only-shell chromium && apt-get install -y --no-install-recommends poppler-utils && chmod -R a+rX /ms-playwright && rm -rf /var/lib/apt/lists/*
#13 CACHED

#14 [stage-1 7/8] COPY source/ ./
#14 DONE 0.2s

#15 [stage-1 8/8] RUN groupadd --gid 10001 qualification && useradd --uid 10001 --gid 10001 --no-create-home qualification
#15 DONE 3.4s

#16 exporting to image
#16 exporting layers
#16 exporting layers 1.3s done
#16 exporting manifest sha256:06d97c1a9481d5cc4551aa311b6b58e4ce302f8bd3b8282270fb2e9a27fb1a66 0.1s done
#16 exporting config sha256:d1f8ef644abae929e1e460dbabc3ee5acd98a437719335d51f3f25dcfb590e7c 0.1s done
#16 exporting attestation manifest sha256:15e2534f76b398ccf4041417b959bd20c8d5d21221f248078e7905fc851fab84 0.1s done
#16 exporting manifest list sha256:ffaba746c8c34e775897169bfc459c9e9d8f5efb615272f89b910bad51c1f8c3
#16 exporting manifest list sha256:ffaba746c8c34e775897169bfc459c9e9d8f5efb615272f89b910bad51c1f8c3 0.1s done
#16 naming to docker.io/library/stewardence-local-qualification:stewardence-local-9e1bba204e 0.0s done
#16 unpacking to docker.io/library/stewardence-local-qualification:stewardence-local-9e1bba204e
#16 unpacking to docker.io/library/stewardence-local-qualification:stewardence-local-9e1bba204e 1.1s done
#16 DONE 2.9s

View build details: docker-desktop://dashboard/build/desktop-linux/desktop-linux/yitf3hp7ut0fhuwaevsq5ed22
