#0 building with "desktop-linux" instance using docker driver

#1 [internal] load build definition from Dockerfile.qualification
#1 transferring dockerfile: 836B 0.0s done
#1 DONE 0.1s

#2 [internal] load metadata for ghcr.io/astral-sh/uv:0.12.9
#2 ...

#3 [internal] load metadata for docker.io/library/python:3.14.7-slim
#3 DONE 0.4s

#2 [internal] load metadata for ghcr.io/astral-sh/uv:0.12.9
#2 DONE 0.4s

#4 [internal] load .dockerignore
#4 transferring context: 164B 0.0s done
#4 DONE 0.0s

#5 [internal] load build context
#5 DONE 0.0s

#6 [stage-1 1/8] FROM docker.io/library/python:3.14.7-slim@sha256:51dafde81dbdb6ebde285137a295cf18a47ca95234fe388a343719cb97305b3d
#6 resolve docker.io/library/python:3.14.7-slim@sha256:51dafde81dbdb6ebde285137a295cf18a47ca95234fe388a343719cb97305b3d
#6 resolve docker.io/library/python:3.14.7-slim@sha256:51dafde81dbdb6ebde285137a295cf18a47ca95234fe388a343719cb97305b3d 0.1s done
#6 DONE 0.1s

#7 [uv 1/1] FROM ghcr.io/astral-sh/uv:0.12.9@sha256:8b940d3a9d65bed080436972241af2e21c84b5e8c9193f7014ed71479ee795ff
#7 resolve ghcr.io/astral-sh/uv:0.12.9@sha256:8b940d3a9d65bed080436972241af2e21c84b5e8c9193f7014ed71479ee795ff 0.1s done
#7 DONE 0.1s

#5 [internal] load build context
#5 transferring context: 62.30kB 0.1s done
#5 DONE 0.1s

#8 [stage-1 4/8] COPY source/pyproject.toml source/uv.lock ./
#8 CACHED

#9 [stage-1 5/8] RUN uv sync --frozen --no-install-project
#9 CACHED

#10 [stage-1 2/8] COPY --from=uv /uv /bin/uv
#10 CACHED

#11 [stage-1 3/8] WORKDIR /app
#11 CACHED

#12 [stage-1 6/8] RUN /app/.venv/bin/playwright install --with-deps --only-shell chromium && apt-get install -y --no-install-recommends poppler-utils && chmod -R a+rX /ms-playwright && rm -rf /var/lib/apt/lists/*
#12 CACHED

#13 [stage-1 7/8] COPY source/ ./
#13 DONE 0.8s

#14 [stage-1 8/8] RUN groupadd --gid 10001 qualification && useradd --uid 10001 --gid 10001 --no-create-home qualification
#14 DONE 0.9s

#15 exporting to image
#15 exporting layers
#15 exporting layers 1.0s done
#15 exporting manifest sha256:c72d273c51efd1766999a8df9fad262bf6e2e94a9d55a20a8ce15ffdf59e217b 0.1s done
#15 exporting config sha256:b61fc03afbfda89e17cecdaf4e9cec1aa27709047d93ace17fc0aaea8359255c 0.1s done
#15 exporting attestation manifest sha256:fed4b4b93859788c375a2ba8060fbd05892cdf8914c0af12615b5d8b4ecb0ad2 0.1s done
#15 exporting manifest list sha256:d248b9c227535780c748efb4bd3c32346038a311ffda6d33585887164c75337d
#15 exporting manifest list sha256:d248b9c227535780c748efb4bd3c32346038a311ffda6d33585887164c75337d 0.1s done
#15 naming to docker.io/library/stewardence-local-qualification:stewardence-local-52b986ad88 0.0s done
#15 unpacking to docker.io/library/stewardence-local-qualification:stewardence-local-52b986ad88
#15 unpacking to docker.io/library/stewardence-local-qualification:stewardence-local-52b986ad88 0.9s done
#15 DONE 2.4s
