#0 building with "desktop-linux" instance using docker driver

#1 [internal] load build definition from Dockerfile.qualification
#1 transferring dockerfile: 836B 0.0s done
#1 DONE 0.1s

#2 [internal] load metadata for docker.io/library/python:3.14.7-slim
#2 DONE 0.5s

#3 [internal] load metadata for ghcr.io/astral-sh/uv:0.12.9
#3 DONE 0.7s

#4 [internal] load .dockerignore
#4 transferring context: 164B done
#4 DONE 0.0s

#5 [internal] load build context
#5 DONE 0.0s

#6 [uv 1/1] FROM ghcr.io/astral-sh/uv:0.12.9@sha256:8b940d3a9d65bed080436972241af2e21c84b5e8c9193f7014ed71479ee795ff
#6 resolve ghcr.io/astral-sh/uv:0.12.9@sha256:8b940d3a9d65bed080436972241af2e21c84b5e8c9193f7014ed71479ee795ff
#6 resolve ghcr.io/astral-sh/uv:0.12.9@sha256:8b940d3a9d65bed080436972241af2e21c84b5e8c9193f7014ed71479ee795ff 0.2s done
#6 DONE 0.2s

#7 [stage-1 1/8] FROM docker.io/library/python:3.14.7-slim@sha256:51dafde81dbdb6ebde285137a295cf18a47ca95234fe388a343719cb97305b3d
#7 resolve docker.io/library/python:3.14.7-slim@sha256:51dafde81dbdb6ebde285137a295cf18a47ca95234fe388a343719cb97305b3d 0.2s done
#7 DONE 0.2s

#5 [internal] load build context
#5 transferring context: 27.93kB 0.1s done
#5 DONE 0.2s

#8 [stage-1 7/8] COPY source/ ./
#8 CACHED

#9 [stage-1 2/8] COPY --from=uv /uv /bin/uv
#9 CACHED

#10 [stage-1 4/8] COPY source/pyproject.toml source/uv.lock ./
#10 CACHED

#11 [stage-1 3/8] WORKDIR /app
#11 CACHED

#12 [stage-1 5/8] RUN uv sync --frozen --no-install-project
#12 CACHED

#13 [stage-1 6/8] RUN /app/.venv/bin/playwright install --with-deps --only-shell chromium && apt-get install -y --no-install-recommends poppler-utils && chmod -R a+rX /ms-playwright && rm -rf /var/lib/apt/lists/*
#13 CACHED

#14 [stage-1 8/8] RUN groupadd --gid 10001 qualification && useradd --uid 10001 --gid 10001 --no-create-home qualification
#14 CACHED

#15 exporting to image
#15 exporting layers 0.0s done
#15 exporting manifest sha256:43f6e141834eee8884f361a2f9c62c0011d7079a1b185e88487abd68b15006ae 0.0s done
#15 exporting config sha256:18854be1149bc1c4ba345a2ff7b9a4888b5498d1bc699bac0114707605ee5a8f 0.0s done
#15 exporting attestation manifest sha256:34deedd35f180a870490c352858fed8fbb6eceaeb17f3d67fcb82acd10e56b2d
#15 exporting attestation manifest sha256:34deedd35f180a870490c352858fed8fbb6eceaeb17f3d67fcb82acd10e56b2d 0.1s done
#15 exporting manifest list sha256:f7b52c9f563894336e880a46793200d9a3e9938a84e46fa6d509fc6209048050 0.1s done
#15 naming to docker.io/library/stewardence-local-qualification:stewardence-local-8c333ccedb
#15 naming to docker.io/library/stewardence-local-qualification:stewardence-local-8c333ccedb 0.0s done
#15 unpacking to docker.io/library/stewardence-local-qualification:stewardence-local-8c333ccedb 0.0s done
#15 DONE 0.4s
