#0 building with "desktop-linux" instance using docker driver

#1 [internal] load build definition from Dockerfile.qualification
#1 transferring dockerfile: 836B 0.1s done
#1 DONE 0.2s

#2 [internal] load metadata for docker.io/library/python:3.14.7-slim
#2 ...

#3 [auth] library/python:pull token for registry-1.docker.io
#3 DONE 0.0s

#4 [internal] load metadata for ghcr.io/astral-sh/uv:0.12.9
#4 DONE 2.3s

#2 [internal] load metadata for docker.io/library/python:3.14.7-slim
#2 DONE 2.4s

#5 [internal] load .dockerignore
#5 transferring context:
#5 transferring context: 164B 0.0s done
#5 DONE 0.6s

#6 [internal] load build context
#6 DONE 0.0s

#7 [uv 1/1] FROM ghcr.io/astral-sh/uv:0.12.9@sha256:8b940d3a9d65bed080436972241af2e21c84b5e8c9193f7014ed71479ee795ff
#7 resolve ghcr.io/astral-sh/uv:0.12.9@sha256:8b940d3a9d65bed080436972241af2e21c84b5e8c9193f7014ed71479ee795ff
#7 resolve ghcr.io/astral-sh/uv:0.12.9@sha256:8b940d3a9d65bed080436972241af2e21c84b5e8c9193f7014ed71479ee795ff 0.2s done
#7 DONE 0.2s

#8 [stage-1 1/8] FROM docker.io/library/python:3.14.7-slim@sha256:51dafde81dbdb6ebde285137a295cf18a47ca95234fe388a343719cb97305b3d
#8 resolve docker.io/library/python:3.14.7-slim@sha256:51dafde81dbdb6ebde285137a295cf18a47ca95234fe388a343719cb97305b3d 0.2s done
#8 DONE 0.2s

#6 [internal] load build context
#6 transferring context: 114.46kB 0.4s done
#6 DONE 0.5s

#9 [stage-1 2/8] COPY --from=uv /uv /bin/uv
#9 CACHED

#10 [stage-1 3/8] WORKDIR /app
#10 CACHED

#11 [stage-1 4/8] COPY source/pyproject.toml source/uv.lock ./
#11 CACHED

#12 [stage-1 5/8] RUN uv sync --frozen --no-install-project
#12 CACHED

#13 [stage-1 6/8] RUN /app/.venv/bin/playwright install --with-deps --only-shell chromium && apt-get install -y --no-install-recommends poppler-utils && chmod -R a+rX /ms-playwright && rm -rf /var/lib/apt/lists/*
#13 CACHED

#14 [stage-1 7/8] COPY source/ ./
#14 DONE 3.7s

#15 [stage-1 8/8] RUN groupadd --gid 10001 qualification && useradd --uid 10001 --gid 10001 --no-create-home qualification
#15 DONE 5.1s

#16 exporting to image
#16 exporting layers
#16 exporting layers 1.9s done
#16 exporting manifest sha256:8a14d9b8c9ddccae9b94ebb2bebf1ec108c88c9869a83c3498b9196ecedfb568 0.1s done
#16 exporting config sha256:3393482c2b895e088ac5753223e5bab1caab63a36144f42bceb4c0be4d387312 0.1s done
#16 exporting attestation manifest sha256:d370b0323a1dc952b2800fdb756501d3064c29d0886459cf4c55978aeb2dd089
#16 exporting attestation manifest sha256:d370b0323a1dc952b2800fdb756501d3064c29d0886459cf4c55978aeb2dd089 0.1s done
#16 exporting manifest list sha256:9a3ff4e150f665ef54fd0122f0fac5b7736c081bd327d6dbcc69a35d0f8e2a10 0.1s done
#16 naming to docker.io/library/stewardence-local-qualification:stewardence-local-b1efddeb9b 0.0s done
#16 unpacking to docker.io/library/stewardence-local-qualification:stewardence-local-b1efddeb9b
#16 unpacking to docker.io/library/stewardence-local-qualification:stewardence-local-b1efddeb9b 1.0s done
#16 DONE 3.5s
