Operations to perform:
  Apply all migrations: accounts, assessments, audit, auth, billing, catalog, contenttypes, imports, integrations, inventory, jobs, organizations, policies, reports, reviews, sessions
Running migrations:
  Applying contenttypes.0001_initial... OK
  Applying contenttypes.0002_remove_content_type_name... OK
  Applying auth.0001_initial... OK
  Applying auth.0002_alter_permission_name_max_length... OK
  Applying auth.0003_alter_user_email_max_length... OK
  Applying auth.0004_alter_user_username_opts... OK
  Applying auth.0005_alter_user_last_login_null... OK
  Applying auth.0006_require_contenttypes_0002... OK
  Applying auth.0007_alter_validators_add_error_messages... OK
  Applying auth.0008_alter_user_username_max_length... OK
  Applying auth.0009_alter_user_last_name_max_length... OK
  Applying auth.0010_alter_group_name_max_length... OK
  Applying auth.0011_update_proxy_permissions... OK
  Applying auth.0012_alter_user_first_name_max_length... OK
  Applying accounts.0001_initial... OK
  Applying sessions.0001_initial... OK
  Applying organizations.0001_initial... OK
  Applying inventory.0001_initial... OK
  Applying inventory.0002_database_security... OK
  Applying catalog.0001_initial... OK
  Applying inventory.0003_remove_inventoryitem_product_id_and_more... OK
  Applying assessments.0001_initial... OK
  Applying assessments.0002_snapshot_security... OK
  Applying audit.0001_initial... OK
  Applying audit.0002_audit_security... OK
  Applying reports.0001_initial... OK
  Applying reports.0002_report_security... OK
  Applying reports.0003_reportartifact... OK
  Applying reports.0004_reportartifact_security... OK
  Applying organizations.0002_public_onboarding... OK
  Applying organizations.0003_workflow_profile... OK
  Applying jobs.0001_initial... OK
  Applying jobs.0002_job_security... OK
  Applying jobs.0003_recovery_receipts... OK
  Applying jobs.0004_receipt_admission... OK
  Applying jobs.0005_atomic_recovery_admission... OK
  Applying jobs.0006_corecontrol_workflowschedule_actioncardrevision_and_more... OK
  Applying jobs.0007_core_workflow_security... OK
  Applying jobs.0008_worker_transition_authority... OK
  Applying billing.0001_initial... OK
  Applying billing.0002_stripewebhookevent... OK
  Applying billing.0003_founderslot... OK
  Applying billing.0004_founderslot_reservation_token... OK
  Applying billing.0005_billing_security... OK
  Applying jobs.0009_core_issuance_authority... OK
  Applying jobs.0010_job_input_admission... OK
  Applying jobs.0011_action_card_issuance... OK
  Applying jobs.0012_core_authority_successor... OK
  Applying billing.0006_paid_coverage... OK
  Applying billing.0007_ingester_effects... OK
  Applying billing.0008_checkout_intent... OK
  Applying billing.0009_customer_request... OK
  Applying catalog.0002_catalog_security... OK
  Applying imports.0001_initial... OK
  Applying imports.0002_import_staging_security... OK
  Applying integrations.0001_initial... OK
  Applying integrations.0002_providerconnection_providerattempt_providerevent_and_more... OK
  Applying inventory.0004_discovery_evidence... OK
  Applying inventory.0005_discovery_security... OK
  Applying inventory.0006_detectionevidence_inventory_item_and_more... OK
  Applying inventory.0007_inventoryitem_declared_fields... OK
  Applying jobs.0013_paid_entitlement... OK
  Applying jobs.0014_decision_desk... OK
  Applying policies.0001_initial... OK
  Applying policies.0002_organization_rule_security... OK
  Applying policies.0003_remove_organizationrule_unique_organization_rule_name_and_more... OK
  Applying reviews.0001_initial... OK
  Applying reviews.0002_pack_lifecycle... OK
  Applying reviews.0003_worker_pack_projection... OK
  Applying reports.0005_review_pack_read_authority... OK
EEEEEE                                                                   [100%]
==================================== ERRORS ====================================
_ ERROR at setup of test_hidden_request_cannot_turn_review_pack_into_ordinary_report[viewer] _

pack_context = (<User: reports@example.com>, <Organization: Report Firm>, <AssessmentSnapshot: b12cd1d3-b8d4-42f9-8a0e-40a872769eec v1>, <PackIdentity: PackIdentity object (18b3136b-b03a-4d2c-a6fa-7eaceb310996)>)
enabled = None
tmp_path = PosixPath('/tmp/pytest-of-qualification/pytest-0/test_hidden_request_cannot_tur0')

    @pytest.fixture
    def stored_reports(pack_context, enabled, tmp_path):
        staged = request(pack_context)
        job = claimed(pack_context)
        wrapped = handler(tmp_path)
        execute_claimed_job(JobExecution(job=job, worker_id="review-qualification"),
                            wrapped, using="worker_runtime")
        owner, org, snapshot, _ = pack_context
        ordinary_snapshot = create_assessment_snapshot(
            organization_id=org.id, created_by_id=owner.id,
>           assessed_item_id=snapshot.assessed_item_id, roi_inputs=_roi_inputs(),
                             ^^^^^^^^^^^^^^^^^^^^^^^^^
            captured_at=snapshot.captured_at+timedelta(seconds=1), previous_snapshot=snapshot)
E       AttributeError: 'AssessmentSnapshot' object has no attribute 'assessed_item_id'

tests/test_review_report_read_authority.py:33: AttributeError
_ ERROR at setup of test_hidden_request_cannot_turn_review_pack_into_ordinary_report[assessor] _

pack_context = (<User: reports@example.com>, <Organization: Report Firm>, <AssessmentSnapshot: 7ddb4bb4-3227-4c4b-b5ca-a2a87f3bb8fe v1>, <PackIdentity: PackIdentity object (37e5e3d1-1fae-4b8e-95fc-c05757fa551f)>)
enabled = None
tmp_path = PosixPath('/tmp/pytest-of-qualification/pytest-0/test_hidden_request_cannot_tur1')

    @pytest.fixture
    def stored_reports(pack_context, enabled, tmp_path):
        staged = request(pack_context)
        job = claimed(pack_context)
        wrapped = handler(tmp_path)
        execute_claimed_job(JobExecution(job=job, worker_id="review-qualification"),
                            wrapped, using="worker_runtime")
        owner, org, snapshot, _ = pack_context
        ordinary_snapshot = create_assessment_snapshot(
            organization_id=org.id, created_by_id=owner.id,
>           assessed_item_id=snapshot.assessed_item_id, roi_inputs=_roi_inputs(),
                             ^^^^^^^^^^^^^^^^^^^^^^^^^
            captured_at=snapshot.captured_at+timedelta(seconds=1), previous_snapshot=snapshot)
E       AttributeError: 'AssessmentSnapshot' object has no attribute 'assessed_item_id'

tests/test_review_report_read_authority.py:33: AttributeError
_ ERROR at setup of test_routed_nonowner_reads_hide_pack_before_storage[viewer] _

pack_context = (<User: reports@example.com>, <Organization: Report Firm>, <AssessmentSnapshot: 4851a4c8-ddfb-41d7-b5be-a718cb91fef5 v1>, <PackIdentity: PackIdentity object (70320d42-796d-44be-8244-865f6ce2948c)>)
enabled = None
tmp_path = PosixPath('/tmp/pytest-of-qualification/pytest-0/test_routed_nonowner_reads_hid0')

    @pytest.fixture
    def stored_reports(pack_context, enabled, tmp_path):
        staged = request(pack_context)
        job = claimed(pack_context)
        wrapped = handler(tmp_path)
        execute_claimed_job(JobExecution(job=job, worker_id="review-qualification"),
                            wrapped, using="worker_runtime")
        owner, org, snapshot, _ = pack_context
        ordinary_snapshot = create_assessment_snapshot(
            organization_id=org.id, created_by_id=owner.id,
>           assessed_item_id=snapshot.assessed_item_id, roi_inputs=_roi_inputs(),
                             ^^^^^^^^^^^^^^^^^^^^^^^^^
            captured_at=snapshot.captured_at+timedelta(seconds=1), previous_snapshot=snapshot)
E       AttributeError: 'AssessmentSnapshot' object has no attribute 'assessed_item_id'

tests/test_review_report_read_authority.py:33: AttributeError
_ ERROR at setup of test_routed_nonowner_reads_hide_pack_before_storage[assessor] _

pack_context = (<User: reports@example.com>, <Organization: Report Firm>, <AssessmentSnapshot: 8cd03e3f-91c0-4714-8bd0-19c6616e3ed7 v1>, <PackIdentity: PackIdentity object (87f880ad-6414-45c3-9fc0-04420b31f96f)>)
enabled = None
tmp_path = PosixPath('/tmp/pytest-of-qualification/pytest-0/test_routed_nonowner_reads_hid1')

    @pytest.fixture
    def stored_reports(pack_context, enabled, tmp_path):
        staged = request(pack_context)
        job = claimed(pack_context)
        wrapped = handler(tmp_path)
        execute_claimed_job(JobExecution(job=job, worker_id="review-qualification"),
                            wrapped, using="worker_runtime")
        owner, org, snapshot, _ = pack_context
        ordinary_snapshot = create_assessment_snapshot(
            organization_id=org.id, created_by_id=owner.id,
>           assessed_item_id=snapshot.assessed_item_id, roi_inputs=_roi_inputs(),
                             ^^^^^^^^^^^^^^^^^^^^^^^^^
            captured_at=snapshot.captured_at+timedelta(seconds=1), previous_snapshot=snapshot)
E       AttributeError: 'AssessmentSnapshot' object has no attribute 'assessed_item_id'

tests/test_review_report_read_authority.py:33: AttributeError
_ ERROR at setup of test_owner_reads_pack_and_ordinary_report_with_actual_app_role _

pack_context = (<User: reports@example.com>, <Organization: Report Firm>, <AssessmentSnapshot: acd81a10-ab5e-48ed-a482-651a4fd5d14a v1>, <PackIdentity: PackIdentity object (5225966a-a346-457a-9a61-901773f79767)>)
enabled = None
tmp_path = PosixPath('/tmp/pytest-of-qualification/pytest-0/test_owner_reads_pack_and_ordi0')

    @pytest.fixture
    def stored_reports(pack_context, enabled, tmp_path):
        staged = request(pack_context)
        job = claimed(pack_context)
        wrapped = handler(tmp_path)
        execute_claimed_job(JobExecution(job=job, worker_id="review-qualification"),
                            wrapped, using="worker_runtime")
        owner, org, snapshot, _ = pack_context
        ordinary_snapshot = create_assessment_snapshot(
            organization_id=org.id, created_by_id=owner.id,
>           assessed_item_id=snapshot.assessed_item_id, roi_inputs=_roi_inputs(),
                             ^^^^^^^^^^^^^^^^^^^^^^^^^
            captured_at=snapshot.captured_at+timedelta(seconds=1), previous_snapshot=snapshot)
E       AttributeError: 'AssessmentSnapshot' object has no attribute 'assessed_item_id'

tests/test_review_report_read_authority.py:33: AttributeError
_ ERROR at setup of test_owner_identity_cannot_read_original_pack_in_other_tenant_context _

pack_context = (<User: reports@example.com>, <Organization: Report Firm>, <AssessmentSnapshot: ba5183fe-85c7-4f53-95d3-48e63a07fec3 v1>, <PackIdentity: PackIdentity object (2613c4a8-f85b-4846-9977-042c6c08bd4c)>)
enabled = None
tmp_path = PosixPath('/tmp/pytest-of-qualification/pytest-0/test_owner_identity_cannot_rea0')

    @pytest.fixture
    def stored_reports(pack_context, enabled, tmp_path):
        staged = request(pack_context)
        job = claimed(pack_context)
        wrapped = handler(tmp_path)
        execute_claimed_job(JobExecution(job=job, worker_id="review-qualification"),
                            wrapped, using="worker_runtime")
        owner, org, snapshot, _ = pack_context
        ordinary_snapshot = create_assessment_snapshot(
            organization_id=org.id, created_by_id=owner.id,
>           assessed_item_id=snapshot.assessed_item_id, roi_inputs=_roi_inputs(),
                             ^^^^^^^^^^^^^^^^^^^^^^^^^
            captured_at=snapshot.captured_at+timedelta(seconds=1), previous_snapshot=snapshot)
E       AttributeError: 'AssessmentSnapshot' object has no attribute 'assessed_item_id'

tests/test_review_report_read_authority.py:33: AttributeError
=========================== short test summary info ============================
ERROR tests/test_review_report_read_authority.py::test_hidden_request_cannot_turn_review_pack_into_ordinary_report[viewer]
ERROR tests/test_review_report_read_authority.py::test_hidden_request_cannot_turn_review_pack_into_ordinary_report[assessor]
ERROR tests/test_review_report_read_authority.py::test_routed_nonowner_reads_hide_pack_before_storage[viewer]
ERROR tests/test_review_report_read_authority.py::test_routed_nonowner_reads_hide_pack_before_storage[assessor]
ERROR tests/test_review_report_read_authority.py::test_owner_reads_pack_and_ordinary_report_with_actual_app_role
ERROR tests/test_review_report_read_authority.py::test_owner_identity_cannot_read_original_pack_in_other_tenant_context
6 errors in 36.07s
