#0 building with "desktop-linux" instance using docker driver

#1 [internal] load build definition from Dockerfile.qualification
#1 transferring dockerfile: 836B 0.0s done
#1 DONE 0.1s

#2 [internal] load metadata for docker.io/library/python:3.14.7-slim
#2 DONE 0.7s

#3 [internal] load metadata for ghcr.io/astral-sh/uv:0.12.9
#3 DONE 1.0s

#4 [internal] load .dockerignore
#4 transferring context: 164B 0.0s done
#4 DONE 0.1s

#5 [internal] load build context
#5 DONE 0.0s

#6 [stage-1 1/8] FROM docker.io/library/python:3.14.7-slim@sha256:51dafde81dbdb6ebde285137a295cf18a47ca95234fe388a343719cb97305b3d
#6 resolve docker.io/library/python:3.14.7-slim@sha256:51dafde81dbdb6ebde285137a295cf18a47ca95234fe388a343719cb97305b3d
#6 resolve docker.io/library/python:3.14.7-slim@sha256:51dafde81dbdb6ebde285137a295cf18a47ca95234fe388a343719cb97305b3d 0.3s done
#6 DONE 0.3s

#7 [uv 1/1] FROM ghcr.io/astral-sh/uv:0.12.9@sha256:8b940d3a9d65bed080436972241af2e21c84b5e8c9193f7014ed71479ee795ff
#7 resolve ghcr.io/astral-sh/uv:0.12.9@sha256:8b940d3a9d65bed080436972241af2e21c84b5e8c9193f7014ed71479ee795ff
#7 resolve ghcr.io/astral-sh/uv:0.12.9@sha256:8b940d3a9d65bed080436972241af2e21c84b5e8c9193f7014ed71479ee795ff 0.3s done
#7 DONE 0.3s

#5 [internal] load build context
#5 transferring context: 61.37kB 0.1s done
#5 DONE 0.2s

#8 [stage-1 2/8] COPY --from=uv /uv /bin/uv
#8 CACHED

#9 [stage-1 3/8] WORKDIR /app
#9 CACHED

#10 [stage-1 4/8] COPY source/pyproject.toml source/uv.lock ./
#10 CACHED

#11 [stage-1 5/8] RUN uv sync --frozen --no-install-project
#11 CACHED

#12 [stage-1 6/8] RUN /app/.venv/bin/playwright install --with-deps --only-shell chromium && apt-get install -y --no-install-recommends poppler-utils && chmod -R a+rX /ms-playwright && rm -rf /var/lib/apt/lists/*
#12 CACHED

#13 [stage-1 7/8] COPY source/ ./
#13 DONE 1.0s

#14 [stage-1 8/8] RUN groupadd --gid 10001 qualification && useradd --uid 10001 --gid 10001 --no-create-home qualification
#14 DONE 1.2s

#15 exporting to image
#15 exporting layers
#15 exporting layers 0.9s done
#15 exporting manifest sha256:44585d00bb15e6330968f8996a0d2f3e3a175b470d69cbbc0f88e2fd66f54a60 0.1s done
#15 exporting config sha256:535456f5f72f025b20acffb8a012334b54d2877d6d4bf2ee2304ab032b2fd344 0.1s done
#15 exporting attestation manifest sha256:d61d17fdc5d35a7949bd32f607bb08e4c1281bde971579ad2d0783750466b963 0.1s done
#15 exporting manifest list sha256:7fbf965b1960de99477ba49a14bec052d8ed1055cf374a1845d9e85854e1ea5e
#15 exporting manifest list sha256:7fbf965b1960de99477ba49a14bec052d8ed1055cf374a1845d9e85854e1ea5e 0.1s done
#15 naming to docker.io/library/stewardence-local-qualification:stewardence-local-d55fce54b8 done
#15 unpacking to docker.io/library/stewardence-local-qualification:stewardence-local-d55fce54b8
#15 unpacking to docker.io/library/stewardence-local-qualification:stewardence-local-d55fce54b8 0.7s done
#15 DONE 2.1s
