#0 building with "desktop-linux" instance using docker driver

#1 [internal] load build definition from Dockerfile.qualification
#1 transferring dockerfile: 836B 0.1s done
#1 DONE 0.2s

#2 [internal] load metadata for ghcr.io/astral-sh/uv:0.12.9
#2 ...

#3 [auth] library/python:pull token for registry-1.docker.io
#3 DONE 0.0s

#4 [internal] load metadata for docker.io/library/python:3.14.7-slim
#4 ...

#2 [internal] load metadata for ghcr.io/astral-sh/uv:0.12.9
#2 DONE 2.4s

#4 [internal] load metadata for docker.io/library/python:3.14.7-slim
#4 DONE 2.7s

#5 [internal] load .dockerignore
#5 transferring context: 164B 0.2s done
#5 DONE 0.4s

#6 [internal] load build context
#6 DONE 0.0s

#7 [uv 1/1] FROM ghcr.io/astral-sh/uv:0.12.9@sha256:8b940d3a9d65bed080436972241af2e21c84b5e8c9193f7014ed71479ee795ff
#7 resolve ghcr.io/astral-sh/uv:0.12.9@sha256:8b940d3a9d65bed080436972241af2e21c84b5e8c9193f7014ed71479ee795ff
#7 resolve ghcr.io/astral-sh/uv:0.12.9@sha256:8b940d3a9d65bed080436972241af2e21c84b5e8c9193f7014ed71479ee795ff 0.3s done
#7 DONE 0.6s

#8 [stage-1 1/8] FROM docker.io/library/python:3.14.7-slim@sha256:51dafde81dbdb6ebde285137a295cf18a47ca95234fe388a343719cb97305b3d
#8 resolve docker.io/library/python:3.14.7-slim@sha256:51dafde81dbdb6ebde285137a295cf18a47ca95234fe388a343719cb97305b3d 0.2s done
#8 DONE 0.6s

#6 [internal] load build context
#6 transferring context: 59.96kB 1.2s done
#6 DONE 2.6s

#9 [stage-1 3/8] WORKDIR /app
#9 CACHED

#10 [stage-1 4/8] COPY source/pyproject.toml source/uv.lock ./
#10 CACHED

#11 [stage-1 5/8] RUN uv sync --frozen --no-install-project
#11 CACHED

#12 [stage-1 2/8] COPY --from=uv /uv /bin/uv
#12 CACHED

#13 [stage-1 6/8] RUN /app/.venv/bin/playwright install --with-deps --only-shell chromium && apt-get install -y --no-install-recommends poppler-utils && chmod -R a+rX /ms-playwright && rm -rf /var/lib/apt/lists/*
#13 CACHED

#14 [stage-1 7/8] COPY source/ ./
#14 DONE 7.5s

#15 [stage-1 8/8] RUN groupadd --gid 10001 qualification && useradd --uid 10001 --gid 10001 --no-create-home qualification
#15 DONE 4.6s

#16 exporting to image
#16 exporting layers
#16 exporting layers 2.5s done
#16 exporting manifest sha256:23bc847987c2fce35e2f94fb1cf81283bc31ebbdfc32a2a63a8e277cc0a9eac7 0.1s done
#16 exporting config sha256:0eab24e2402d6b7279179f776a6c50b05561e2e9d8928f0a7bfb7b57934940a2
#16 exporting config sha256:0eab24e2402d6b7279179f776a6c50b05561e2e9d8928f0a7bfb7b57934940a2 0.1s done
#16 exporting attestation manifest sha256:f1eeab86bcc1bebd7ac6c123c102e3ec614b8fd17b60baba931f7e1110be850f
#16 exporting attestation manifest sha256:f1eeab86bcc1bebd7ac6c123c102e3ec614b8fd17b60baba931f7e1110be850f 0.2s done
#16 exporting manifest list sha256:ffc2954317ed75015468789e89fef4f73901cc6040b1771c2b43ea02e20e57fb 0.1s done
#16 naming to docker.io/library/stewardence-local-qualification:stewardence-local-bc40390c87 0.0s done
#16 unpacking to docker.io/library/stewardence-local-qualification:stewardence-local-bc40390c87
#16 unpacking to docker.io/library/stewardence-local-qualification:stewardence-local-bc40390c87 2.5s done
#16 DONE 5.7s
