#0 building with "desktop-linux" instance using docker driver

#1 [internal] load build definition from Dockerfile.qualification
#1 transferring dockerfile: 836B 0.1s done
#1 DONE 0.2s

#2 [internal] load metadata for ghcr.io/astral-sh/uv:0.12.9
#2 ...

#3 [auth] library/python:pull token for registry-1.docker.io
#3 DONE 0.0s

#4 [internal] load metadata for docker.io/library/python:3.14.7-slim
#4 ...

#2 [internal] load metadata for ghcr.io/astral-sh/uv:0.12.9
#2 DONE 1.5s

#4 [internal] load metadata for docker.io/library/python:3.14.7-slim
#4 DONE 1.5s

#5 [internal] load .dockerignore
#5 transferring context: 164B 0.0s done
#5 DONE 0.1s

#6 [internal] load build context
#6 DONE 0.0s

#7 [uv 1/1] FROM ghcr.io/astral-sh/uv:0.12.9@sha256:8b940d3a9d65bed080436972241af2e21c84b5e8c9193f7014ed71479ee795ff
#7 resolve ghcr.io/astral-sh/uv:0.12.9@sha256:8b940d3a9d65bed080436972241af2e21c84b5e8c9193f7014ed71479ee795ff
#7 resolve ghcr.io/astral-sh/uv:0.12.9@sha256:8b940d3a9d65bed080436972241af2e21c84b5e8c9193f7014ed71479ee795ff 0.3s done
#7 DONE 0.3s

#8 [stage-1 1/8] FROM docker.io/library/python:3.14.7-slim@sha256:51dafde81dbdb6ebde285137a295cf18a47ca95234fe388a343719cb97305b3d
#8 resolve docker.io/library/python:3.14.7-slim@sha256:51dafde81dbdb6ebde285137a295cf18a47ca95234fe388a343719cb97305b3d 0.3s done
#8 DONE 0.3s

#6 [internal] load build context
#6 transferring context: 92.69kB 0.3s done
#6 DONE 0.4s

#9 [stage-1 2/8] COPY --from=uv /uv /bin/uv
#9 CACHED

#10 [stage-1 3/8] WORKDIR /app
#10 CACHED

#11 [stage-1 4/8] COPY source/pyproject.toml source/uv.lock ./
#11 CACHED

#12 [stage-1 5/8] RUN uv sync --frozen --no-install-project
#12 CACHED

#13 [stage-1 6/8] RUN /app/.venv/bin/playwright install --with-deps --only-shell chromium && apt-get install -y --no-install-recommends poppler-utils && chmod -R a+rX /ms-playwright && rm -rf /var/lib/apt/lists/*
#13 CACHED

#14 [stage-1 7/8] COPY source/ ./
#14 DONE 1.4s

#15 [stage-1 8/8] RUN groupadd --gid 10001 qualification && useradd --uid 10001 --gid 10001 --no-create-home qualification
#15 DONE 2.8s

#16 exporting to image
#16 exporting layers
#16 exporting layers 1.6s done
#16 exporting manifest sha256:43d250b16521e5d7755040fbafda7871510fb9154924646ab16731cfc32a8afb 0.1s done
#16 exporting config sha256:8804fab5ec1bc5128e91f39caa09881d40294de405d3138b37eb467d1b799168
#16 exporting config sha256:8804fab5ec1bc5128e91f39caa09881d40294de405d3138b37eb467d1b799168 0.1s done
#16 exporting attestation manifest sha256:c63cbbf0247e78b3e82bd8181e9a03452be809391bcc27d4b87a3b86a374494d
#16 exporting attestation manifest sha256:c63cbbf0247e78b3e82bd8181e9a03452be809391bcc27d4b87a3b86a374494d 0.1s done
#16 exporting manifest list sha256:b395b770e8c2775f4b6d55f85b4422b45fc8f146f51001f499d9566f4cf05920
#16 exporting manifest list sha256:b395b770e8c2775f4b6d55f85b4422b45fc8f146f51001f499d9566f4cf05920 0.1s done
#16 naming to docker.io/library/stewardence-local-qualification:stewardence-local-17f8fd2fd9 0.0s done
#16 unpacking to docker.io/library/stewardence-local-qualification:stewardence-local-17f8fd2fd9
#16 unpacking to docker.io/library/stewardence-local-qualification:stewardence-local-17f8fd2fd9 0.9s done
#16 DONE 3.2s
