#0 building with "desktop-linux" instance using docker driver

#1 [internal] load build definition from Dockerfile.qualification
#1 transferring dockerfile: 44B 0.0s
#1 transferring dockerfile: 836B 0.1s done
#1 DONE 0.2s

#2 [internal] load metadata for ghcr.io/astral-sh/uv:0.12.9
#2 DONE 0.8s

#3 [internal] load metadata for docker.io/library/python:3.14.7-slim
#3 DONE 0.9s

#4 [internal] load .dockerignore
#4 transferring context: 164B 0.0s done
#4 DONE 0.1s

#5 [uv 1/1] FROM ghcr.io/astral-sh/uv:0.12.9@sha256:8b940d3a9d65bed080436972241af2e21c84b5e8c9193f7014ed71479ee795ff
#5 resolve ghcr.io/astral-sh/uv:0.12.9@sha256:8b940d3a9d65bed080436972241af2e21c84b5e8c9193f7014ed71479ee795ff 0.1s done
#5 CACHED

#6 [builder 1/5] FROM docker.io/library/python:3.14.7-slim@sha256:51dafde81dbdb6ebde285137a295cf18a47ca95234fe388a343719cb97305b3d
#6 resolve docker.io/library/python:3.14.7-slim@sha256:51dafde81dbdb6ebde285137a295cf18a47ca95234fe388a343719cb97305b3d 0.1s done
#6 CACHED

#7 [internal] load build context
#7 transferring context: 39.95kB 0.1s done
#7 DONE 0.2s

#8 [stage-1 2/8] COPY --from=uv /uv /bin/uv
#8 CACHED

#9 [stage-1 3/8] WORKDIR /app
#9 CACHED

#10 [stage-1 4/8] COPY source/pyproject.toml source/uv.lock ./
#10 CACHED

#11 [stage-1 5/8] RUN uv sync --frozen --no-install-project
#11 CACHED

#12 [stage-1 6/8] RUN /app/.venv/bin/playwright install --with-deps --only-shell chromium && apt-get install -y --no-install-recommends poppler-utils && chmod -R a+rX /ms-playwright && rm -rf /var/lib/apt/lists/*
#12 CACHED

#13 [stage-1 7/8] COPY source/ ./
#13 DONE 1.5s

#14 [stage-1 8/8] RUN groupadd --gid 10001 qualification && useradd --uid 10001 --gid 10001 --no-create-home qualification
#14 DONE 2.6s

#15 exporting to image
#15 exporting layers
#15 exporting layers 1.1s done
#15 exporting manifest sha256:88e8ff75d816a93720ef0d816907bef2fcd7661e70e752fda083f85f6eeb046f 0.1s done
#15 exporting config sha256:8d192f411655daa6397bdbd5a31b56e97e1fd8d366cb8f9d697f519bbddd9575 0.1s done
#15 exporting attestation manifest sha256:90f967b0b0ba5b80f58f6f4a7b2c5f208bb8db3bc47d913cc1d02ec04a5755f1 0.1s done
#15 exporting manifest list sha256:2a4d455c72b8f88d3e82b58d6b04a0670875a217dbd9336984e15993586904b6
#15 exporting manifest list sha256:2a4d455c72b8f88d3e82b58d6b04a0670875a217dbd9336984e15993586904b6 0.1s done
#15 naming to docker.io/library/stewardence-local-qualification:stewardence-local-9870d4128a done
#15 unpacking to docker.io/library/stewardence-local-qualification:stewardence-local-9870d4128a
#15 unpacking to docker.io/library/stewardence-local-qualification:stewardence-local-9870d4128a 0.7s done
#15 DONE 2.3s
