#0 building with "desktop-linux" instance using docker driver

#1 [internal] load build definition from Dockerfile.qualification
#1 transferring dockerfile: 836B 0.1s done
#1 DONE 0.2s

#2 [internal] load metadata for docker.io/library/python:3.14.7-slim
#2 ...

#3 [auth] library/python:pull token for registry-1.docker.io
#3 DONE 0.0s

#4 [internal] load metadata for ghcr.io/astral-sh/uv:0.12.9
#4 DONE 0.7s

#2 [internal] load metadata for docker.io/library/python:3.14.7-slim
#2 DONE 1.0s

#5 [internal] load .dockerignore
#5 transferring context: 164B 0.0s done
#5 DONE 0.1s

#6 [internal] load build context
#6 DONE 0.0s

#7 [stage-1 1/8] FROM docker.io/library/python:3.14.7-slim@sha256:51dafde81dbdb6ebde285137a295cf18a47ca95234fe388a343719cb97305b3d
#7 resolve docker.io/library/python:3.14.7-slim@sha256:51dafde81dbdb6ebde285137a295cf18a47ca95234fe388a343719cb97305b3d
#7 resolve docker.io/library/python:3.14.7-slim@sha256:51dafde81dbdb6ebde285137a295cf18a47ca95234fe388a343719cb97305b3d 0.2s done
#7 DONE 0.3s

#8 [uv 1/1] FROM ghcr.io/astral-sh/uv:0.12.9@sha256:8b940d3a9d65bed080436972241af2e21c84b5e8c9193f7014ed71479ee795ff
#8 resolve ghcr.io/astral-sh/uv:0.12.9@sha256:8b940d3a9d65bed080436972241af2e21c84b5e8c9193f7014ed71479ee795ff 0.2s done
#8 DONE 0.3s

#6 [internal] load build context
#6 transferring context: 50.41kB 0.1s done
#6 DONE 0.2s

#9 [stage-1 2/8] COPY --from=uv /uv /bin/uv
#9 CACHED

#10 [stage-1 3/8] WORKDIR /app
#10 CACHED

#11 [stage-1 4/8] COPY source/pyproject.toml source/uv.lock ./
#11 CACHED

#12 [stage-1 5/8] RUN uv sync --frozen --no-install-project
#12 CACHED

#13 [stage-1 6/8] RUN /app/.venv/bin/playwright install --with-deps --only-shell chromium && apt-get install -y --no-install-recommends poppler-utils && chmod -R a+rX /ms-playwright && rm -rf /var/lib/apt/lists/*
#13 CACHED

#14 [stage-1 7/8] COPY source/ ./
#14 DONE 2.2s

#15 [stage-1 8/8] RUN groupadd --gid 10001 qualification && useradd --uid 10001 --gid 10001 --no-create-home qualification
#15 DONE 2.9s

#16 exporting to image
#16 exporting layers
#16 exporting layers 2.0s done
#16 exporting manifest sha256:b47543f74be7a2a00098e8cffac142739a4d4d35b11e27c799d0972c955dd8a6 0.1s done
#16 exporting config sha256:de3b8dedba949bc148895e3a7d5c65fab54aaf0ed83e4dad0a135b7f1e72b090
#16 exporting config sha256:de3b8dedba949bc148895e3a7d5c65fab54aaf0ed83e4dad0a135b7f1e72b090 0.1s done
#16 exporting attestation manifest sha256:d2a11fe693ffee7dd13150e4d56e750c514fcd3e2dd76bdf440190f3e4ac5ed5
#16 exporting attestation manifest sha256:d2a11fe693ffee7dd13150e4d56e750c514fcd3e2dd76bdf440190f3e4ac5ed5 0.1s done
#16 exporting manifest list sha256:c5bac8383ee462b8e80769e83401241bf6f8e61a3435abf6a72fac2aca319447
#16 exporting manifest list sha256:c5bac8383ee462b8e80769e83401241bf6f8e61a3435abf6a72fac2aca319447 0.2s done
#16 naming to docker.io/library/stewardence-local-qualification:stewardence-local-59392cc0c6 0.0s done
#16 unpacking to docker.io/library/stewardence-local-qualification:stewardence-local-59392cc0c6
#16 unpacking to docker.io/library/stewardence-local-qualification:stewardence-local-59392cc0c6 1.3s done
#16 DONE 4.2s
