#0 building with "desktop-linux" instance using docker driver

#1 [internal] load build definition from Dockerfile.qualification
#1 transferring dockerfile: 836B 0.0s done
#1 DONE 0.1s

#2 [internal] load metadata for docker.io/library/python:3.14.7-slim
#2 DONE -1.0s

#3 [internal] load metadata for ghcr.io/astral-sh/uv:0.12.9
#3 DONE -0.9s

#4 [internal] load .dockerignore
#4 transferring context: 164B 0.0s done
#4 DONE 0.2s

#5 [internal] load build context
#5 DONE 0.0s

#6 [stage-1 1/8] FROM docker.io/library/python:3.14.7-slim@sha256:51dafde81dbdb6ebde285137a295cf18a47ca95234fe388a343719cb97305b3d
#6 resolve docker.io/library/python:3.14.7-slim@sha256:51dafde81dbdb6ebde285137a295cf18a47ca95234fe388a343719cb97305b3d
#6 resolve docker.io/library/python:3.14.7-slim@sha256:51dafde81dbdb6ebde285137a295cf18a47ca95234fe388a343719cb97305b3d 0.4s done
#6 DONE 0.4s

#7 [uv 1/1] FROM ghcr.io/astral-sh/uv:0.12.9@sha256:8b940d3a9d65bed080436972241af2e21c84b5e8c9193f7014ed71479ee795ff
#7 resolve ghcr.io/astral-sh/uv:0.12.9@sha256:8b940d3a9d65bed080436972241af2e21c84b5e8c9193f7014ed71479ee795ff 0.4s done
#7 DONE 0.4s

#5 [internal] load build context
#5 transferring context: 37.83kB 0.1s done
#5 DONE 0.1s

#8 [stage-1 2/8] COPY --from=uv /uv /bin/uv
#8 CACHED

#9 [stage-1 3/8] WORKDIR /app
#9 CACHED

#10 [stage-1 4/8] COPY source/pyproject.toml source/uv.lock ./
#10 CACHED

#11 [stage-1 5/8] RUN uv sync --frozen --no-install-project
#11 CACHED

#12 [stage-1 6/8] RUN /app/.venv/bin/playwright install --with-deps --only-shell chromium && apt-get install -y --no-install-recommends poppler-utils && chmod -R a+rX /ms-playwright && rm -rf /var/lib/apt/lists/*
#12 CACHED

#13 [stage-1 7/8] COPY source/ ./
#13 DONE 0.8s

#14 [stage-1 8/8] RUN groupadd --gid 10001 qualification && useradd --uid 10001 --gid 10001 --no-create-home qualification
#14 DONE 2.0s

#15 exporting to image
#15 exporting layers
#15 exporting layers 1.3s done
#15 exporting manifest sha256:bc5db3c910b88f084e18a07b2e8380bd12cadd205058462a97b77332971bcb2f 0.1s done
#15 exporting config sha256:cac35afb203858dac74281a852bbe87801551a4b387c9ab72b4d653a21e4fc2b
#15 exporting config sha256:cac35afb203858dac74281a852bbe87801551a4b387c9ab72b4d653a21e4fc2b 0.1s done
#15 exporting attestation manifest sha256:a0ce2430dfca2604397c33a1ce67d76c0eb2c8515effadd10e363c6c605f11dc
#15 exporting attestation manifest sha256:a0ce2430dfca2604397c33a1ce67d76c0eb2c8515effadd10e363c6c605f11dc 0.2s done
#15 exporting manifest list sha256:afd7c85b5339b47489a927c86dd036f893bc54d2e9c602dffcf1bc3edc292f1a 0.1s done
#15 naming to docker.io/library/stewardence-local-qualification:stewardence-local-4d38f945f6 0.0s done
#15 unpacking to docker.io/library/stewardence-local-qualification:stewardence-local-4d38f945f6
#15 unpacking to docker.io/library/stewardence-local-qualification:stewardence-local-4d38f945f6 0.5s done
#15 DONE 2.5s
