#0 building with "desktop-linux" instance using docker driver

#1 [internal] load build definition from Dockerfile.qualification
#1 transferring dockerfile: 525B 0.0s done
#1 DONE 0.0s

#2 [internal] load metadata for docker.io/library/python:3.14.7-slim
#2 DONE 0.4s

#3 [internal] load metadata for ghcr.io/astral-sh/uv:0.12.9
#3 DONE 0.6s

#4 [internal] load .dockerignore
#4 transferring context: 164B done
#4 DONE 0.0s

#5 [internal] load build context
#5 DONE 0.0s

#6 [stage-1 1/7] FROM docker.io/library/python:3.14.7-slim@sha256:51dafde81dbdb6ebde285137a295cf18a47ca95234fe388a343719cb97305b3d
#6 resolve docker.io/library/python:3.14.7-slim@sha256:51dafde81dbdb6ebde285137a295cf18a47ca95234fe388a343719cb97305b3d 0.1s done
#6 DONE 0.1s

#7 [uv 1/1] FROM ghcr.io/astral-sh/uv:0.12.9@sha256:8b940d3a9d65bed080436972241af2e21c84b5e8c9193f7014ed71479ee795ff
#7 resolve ghcr.io/astral-sh/uv:0.12.9@sha256:8b940d3a9d65bed080436972241af2e21c84b5e8c9193f7014ed71479ee795ff 0.1s done
#7 DONE 0.1s

#5 [internal] load build context
#5 transferring context: 40.03kB 0.0s done
#5 DONE 0.1s

#8 [stage-1 2/7] COPY --from=uv /uv /bin/uv
#8 CACHED

#9 [stage-1 3/7] WORKDIR /app
#9 CACHED

#10 [stage-1 4/7] COPY source/pyproject.toml source/uv.lock ./
#10 CACHED

#11 [stage-1 5/7] RUN uv sync --frozen --no-install-project
#11 CACHED

#12 [stage-1 6/7] COPY source/ ./
#12 DONE 0.3s

#13 [stage-1 7/7] RUN groupadd --gid 10001 qualification && useradd --uid 10001 --gid 10001 --no-create-home qualification
#13 DONE 0.6s

#14 exporting to image
#14 exporting layers
#14 exporting layers 0.4s done
#14 exporting manifest sha256:9b17ae3fb0261852caae2bf3aca7b17db8019799620f29a1601f7b929cfda09e 0.0s done
#14 exporting config sha256:affe32098e97e6e3f99443dded5ddb0f6c390caae6d425ad53df60fde1393326 0.0s done
#14 exporting attestation manifest sha256:92003c5e2ffa7b91f6c37e2a016a0347ec3f332b4efff2ecf36d44743690eb99
#14 exporting attestation manifest sha256:92003c5e2ffa7b91f6c37e2a016a0347ec3f332b4efff2ecf36d44743690eb99 0.0s done
#14 exporting manifest list sha256:9083033adaeef5ab53d812abaea051c51c4e21334374978f052a03cc9ba97e75 0.0s done
#14 naming to docker.io/library/stewardence-local-qualification:current done
#14 unpacking to docker.io/library/stewardence-local-qualification:current
#14 unpacking to docker.io/library/stewardence-local-qualification:current 0.2s done
#14 DONE 0.9s
