Operations to perform:
  Apply all migrations: accounts, assessments, audit, auth, billing, catalog, contenttypes, imports, integrations, inventory, jobs, organizations, policies, reports, sessions
Running migrations:
  Applying contenttypes.0001_initial... OK
  Applying contenttypes.0002_remove_content_type_name... OK
  Applying auth.0001_initial... OK
  Applying auth.0002_alter_permission_name_max_length... OK
  Applying auth.0003_alter_user_email_max_length... OK
  Applying auth.0004_alter_user_username_opts... OK
  Applying auth.0005_alter_user_last_login_null... OK
  Applying auth.0006_require_contenttypes_0002... OK
  Applying auth.0007_alter_validators_add_error_messages... OK
  Applying auth.0008_alter_user_username_max_length... OK
  Applying auth.0009_alter_user_last_name_max_length... OK
  Applying auth.0010_alter_group_name_max_length... OK
  Applying auth.0011_update_proxy_permissions... OK
  Applying auth.0012_alter_user_first_name_max_length... OK
  Applying accounts.0001_initial... OK
  Applying sessions.0001_initial... OK
  Applying organizations.0001_initial... OK
  Applying inventory.0001_initial... OK
  Applying inventory.0002_database_security... OK
  Applying catalog.0001_initial... OK
  Applying inventory.0003_remove_inventoryitem_product_id_and_more... OK
  Applying assessments.0001_initial... OK
  Applying assessments.0002_snapshot_security... OK
  Applying audit.0001_initial... OK
  Applying audit.0002_audit_security... OK
  Applying organizations.0002_public_onboarding... OK
  Applying billing.0001_initial... OK
  Applying billing.0002_stripewebhookevent... OK
  Applying billing.0003_founderslot... OK
  Applying billing.0004_founderslot_reservation_token... OK
  Applying billing.0005_billing_security... OK
  Applying catalog.0002_catalog_security... OK
  Applying imports.0001_initial... OK
  Applying imports.0002_import_staging_security... OK
  Applying integrations.0001_initial... OK
  Applying integrations.0002_providerconnection_providerattempt_providerevent_and_more... OK
  Applying inventory.0004_discovery_evidence... OK
  Applying inventory.0005_discovery_security... OK
  Applying inventory.0006_detectionevidence_inventory_item_and_more... OK
  Applying inventory.0007_inventoryitem_declared_fields... OK
  Applying jobs.0001_initial... OK
  Applying jobs.0002_job_security... OK
  Applying policies.0001_initial... OK
  Applying policies.0002_organization_rule_security... OK
  Applying policies.0003_remove_organizationrule_unique_organization_rule_name_and_more... OK
  Applying reports.0001_initial... OK
  Applying reports.0002_report_security... OK
  Applying reports.0003_reportartifact... OK
  Applying reports.0004_reportartifact_security... OK
............FF........................                                   [100%]
=================================== FAILURES ===================================
____ test_drain_queue_records_safe_retry_without_persisting_exception_text _____

organization = <Organization: Phase 13 Queue Firm>

    def test_drain_queue_records_safe_retry_without_persisting_exception_text(
        organization,
    ):
        from apps.jobs.worker import drain_queue
    
        secret = "SECRET-CUSTOMER-DATABASE-TOKEN"
        job = enqueue(organization)
    
        def resolver(job_type):
            assert job_type == BackgroundJob.Type.RISK_REASSESSMENT
            return FailingHandler(secret)
    
        processed = drain_queue(
            "worker-a",
            resolver,
            max_jobs=1,
        )
    
        assert processed == 1
    
        job.refresh_from_db()
    
>       assert job.status == BackgroundJob.Status.QUEUED
E       AssertionError: assert 'failed' == BackgroundJob.Status.QUEUED
E         
E         - queued
E         + failed

tests/test_background_jobs.py:472: AssertionError
__________ test_drain_queue_failure_does_not_block_next_available_job __________

organization = <Organization: Phase 13 Queue Firm>

    def test_drain_queue_failure_does_not_block_next_available_job(organization):
        from apps.jobs.worker import drain_queue
    
        failed_job = enqueue(
            organization,
            job_type=BackgroundJob.Type.RISK_REASSESSMENT,
            priority=10,
        )
        successful_job = enqueue(
            organization,
            job_type=BackgroundJob.Type.REPORT_GENERATION,
            priority=20,
        )
    
        successful_handler = RecordingHandler()
    
        def resolver(job_type):
            if job_type == BackgroundJob.Type.RISK_REASSESSMENT:
                return FailingHandler("private failure detail")
            return successful_handler
    
        processed = drain_queue(
            "worker-a",
            resolver,
        )
    
        assert processed == 2
    
        failed_job.refresh_from_db()
        successful_job.refresh_from_db()
    
>       assert failed_job.status == BackgroundJob.Status.QUEUED
E       AssertionError: assert 'failed' == BackgroundJob.Status.QUEUED
E         
E         - queued
E         + failed

tests/test_background_jobs.py:522: AssertionError
=========================== short test summary info ============================
FAILED tests/test_background_jobs.py::test_drain_queue_records_safe_retry_without_persisting_exception_text
FAILED tests/test_background_jobs.py::test_drain_queue_failure_does_not_block_next_available_job
2 failed, 36 passed in 5.41s
