Operations to perform:
  Apply all migrations: accounts, assessments, audit, auth, billing, catalog, contenttypes, imports, integrations, inventory, jobs, organizations, policies, reports, sessions
Running migrations:
  Applying contenttypes.0001_initial... OK
  Applying contenttypes.0002_remove_content_type_name... OK
  Applying auth.0001_initial... OK
  Applying auth.0002_alter_permission_name_max_length... OK
  Applying auth.0003_alter_user_email_max_length... OK
  Applying auth.0004_alter_user_username_opts... OK
  Applying auth.0005_alter_user_last_login_null... OK
  Applying auth.0006_require_contenttypes_0002... OK
  Applying auth.0007_alter_validators_add_error_messages... OK
  Applying auth.0008_alter_user_username_max_length... OK
  Applying auth.0009_alter_user_last_name_max_length... OK
  Applying auth.0010_alter_group_name_max_length... OK
  Applying auth.0011_update_proxy_permissions... OK
  Applying auth.0012_alter_user_first_name_max_length... OK
  Applying accounts.0001_initial... OK
  Applying sessions.0001_initial... OK
  Applying organizations.0001_initial... OK
  Applying inventory.0001_initial... OK
  Applying inventory.0002_database_security... OK
  Applying catalog.0001_initial... OK
  Applying inventory.0003_remove_inventoryitem_product_id_and_more... OK
  Applying assessments.0001_initial... OK
  Applying assessments.0002_snapshot_security... OK
  Applying audit.0001_initial... OK
  Applying audit.0002_audit_security... OK
  Applying organizations.0002_public_onboarding... OK
  Applying billing.0001_initial... OK
  Applying billing.0002_stripewebhookevent... OK
  Applying billing.0003_founderslot... OK
  Applying billing.0004_founderslot_reservation_token... OK
  Applying billing.0005_billing_security... OK
  Applying catalog.0002_catalog_security... OK
  Applying imports.0001_initial... OK
  Applying imports.0002_import_staging_security... OK
  Applying integrations.0001_initial... OK
  Applying integrations.0002_providerconnection_providerattempt_providerevent_and_more... OK
  Applying inventory.0004_discovery_evidence... OK
  Applying inventory.0005_discovery_security... OK
  Applying inventory.0006_detectionevidence_inventory_item_and_more... OK
  Applying inventory.0007_inventoryitem_declared_fields... OK
  Applying reports.0001_initial... OK
  Applying reports.0002_report_security... OK
  Applying reports.0003_reportartifact... OK
  Applying reports.0004_reportartifact_security... OK
  Applying organizations.0003_workflow_profile... OK
  Applying jobs.0001_initial... OK
  Applying jobs.0002_job_security... OK
  Applying jobs.0003_recovery_receipts... OK
  Applying jobs.0004_receipt_admission... OK
  Applying jobs.0005_atomic_recovery_admission... OK
  Applying jobs.0006_corecontrol_workflowschedule_actioncardrevision_and_more... OK
  Applying jobs.0007_core_workflow_security... OK
  Applying jobs.0008_worker_transition_authority... OK
  Applying jobs.0009_core_issuance_authority... OK
  Applying jobs.0010_job_input_admission... OK
  Applying jobs.0011_action_card_issuance... OK
  Applying jobs.0012_core_authority_successor... OK
  Applying policies.0001_initial... OK
  Applying policies.0002_organization_rule_security... OK
  Applying policies.0003_remove_organizationrule_unique_organization_rule_name_and_more... OK
FFF                                                                      [100%]
=================================== FAILURES ===================================
_______ test_unconfigured_webhook_secret_fails_closed_before_admission[] _______

client = <django.test.client.Client object at 0x76f03d9756d0>
settings = <pytest_django.fixtures.Settings object at 0x76f03dc1b230>
secret = ''

    @pytest.mark.parametrize('secret',['','   ','whsec_'])
    def test_unconfigured_webhook_secret_fails_closed_before_admission(client,settings,secret):
        settings.STRIPE_SECRET_KEY = 'rk_test_offline_qualification_only'
        settings.STRIPE_WEBHOOK_SECRET = secret
        body = json.dumps({'id':'evt_unconfigured_auth_fixture','type':'unhandled.fixture',
                           'data':{'object':{}}},separators=(',',':')).encode()
        timestamp = str(int(time.time()))
        digest = hmac.new(secret.encode(),timestamp.encode()+b'.'+body,hashlib.sha256).hexdigest()
        response = client.post(reverse('billing:stripe-webhook'),data=body,content_type='application/json',
                               HTTP_STRIPE_SIGNATURE='t='+timestamp+',v1='+digest)
>       assert response.status_code == 503
E       assert 400 == 503
E        +  where 400 = <HttpResponse status_code=400, "text/html; charset=utf-8">.status_code

tests/test_core_checkout_admission.py:251: AssertionError
------------------------------ Captured log call -------------------------------
WARNING  django.request:log.py:253 Bad Request: /billing/webhook/stripe/
_____ test_unconfigured_webhook_secret_fails_closed_before_admission[   ] ______

client = <django.test.client.Client object at 0x76f03dbdafd0>
settings = <pytest_django.fixtures.Settings object at 0x76f03c4ca350>
secret = '   '

    @pytest.mark.parametrize('secret',['','   ','whsec_'])
    def test_unconfigured_webhook_secret_fails_closed_before_admission(client,settings,secret):
        settings.STRIPE_SECRET_KEY = 'rk_test_offline_qualification_only'
        settings.STRIPE_WEBHOOK_SECRET = secret
        body = json.dumps({'id':'evt_unconfigured_auth_fixture','type':'unhandled.fixture',
                           'data':{'object':{}}},separators=(',',':')).encode()
        timestamp = str(int(time.time()))
        digest = hmac.new(secret.encode(),timestamp.encode()+b'.'+body,hashlib.sha256).hexdigest()
        response = client.post(reverse('billing:stripe-webhook'),data=body,content_type='application/json',
                               HTTP_STRIPE_SIGNATURE='t='+timestamp+',v1='+digest)
>       assert response.status_code == 503
E       assert 200 == 503
E        +  where 200 = <HttpResponse status_code=200, "text/html; charset=utf-8">.status_code

tests/test_core_checkout_admission.py:251: AssertionError
____ test_unconfigured_webhook_secret_fails_closed_before_admission[whsec_] ____

client = <django.test.client.Client object at 0x76f03c383530>
settings = <pytest_django.fixtures.Settings object at 0x76f03c384f50>
secret = 'whsec_'

    @pytest.mark.parametrize('secret',['','   ','whsec_'])
    def test_unconfigured_webhook_secret_fails_closed_before_admission(client,settings,secret):
        settings.STRIPE_SECRET_KEY = 'rk_test_offline_qualification_only'
        settings.STRIPE_WEBHOOK_SECRET = secret
        body = json.dumps({'id':'evt_unconfigured_auth_fixture','type':'unhandled.fixture',
                           'data':{'object':{}}},separators=(',',':')).encode()
        timestamp = str(int(time.time()))
        digest = hmac.new(secret.encode(),timestamp.encode()+b'.'+body,hashlib.sha256).hexdigest()
        response = client.post(reverse('billing:stripe-webhook'),data=body,content_type='application/json',
                               HTTP_STRIPE_SIGNATURE='t='+timestamp+',v1='+digest)
>       assert response.status_code == 503
E       assert 200 == 503
E        +  where 200 = <HttpResponse status_code=200, "text/html; charset=utf-8">.status_code

tests/test_core_checkout_admission.py:251: AssertionError
=============================== warnings summary ===============================
tests/test_core_checkout_admission.py::test_unconfigured_webhook_secret_fails_closed_before_admission[]
tests/test_core_checkout_admission.py::test_unconfigured_webhook_secret_fails_closed_before_admission[   ]
tests/test_core_checkout_admission.py::test_unconfigured_webhook_secret_fails_closed_before_admission[whsec_]
  /app/.venv/lib/python3.14/site-packages/django/core/handlers/base.py:61: UserWarning: No directory at: /app/staticfiles/
    mw_instance = middleware(adapted_handler)

-- Docs: https://docs.pytest.org/en/stable/how-to/capture-warnings.html
=========================== short test summary info ============================
FAILED tests/test_core_checkout_admission.py::test_unconfigured_webhook_secret_fails_closed_before_admission[]
FAILED tests/test_core_checkout_admission.py::test_unconfigured_webhook_secret_fails_closed_before_admission[   ]
FAILED tests/test_core_checkout_admission.py::test_unconfigured_webhook_secret_fails_closed_before_admission[whsec_]
3 failed, 3 warnings in 4.91s
