Operations to perform:
  Apply all migrations: accounts, assessments, audit, auth, billing, catalog, contenttypes, imports, integrations, inventory, jobs, organizations, policies, reports, sessions
Running migrations:
  Applying contenttypes.0001_initial... OK
  Applying contenttypes.0002_remove_content_type_name... OK
  Applying auth.0001_initial... OK
  Applying auth.0002_alter_permission_name_max_length... OK
  Applying auth.0003_alter_user_email_max_length... OK
  Applying auth.0004_alter_user_username_opts... OK
  Applying auth.0005_alter_user_last_login_null... OK
  Applying auth.0006_require_contenttypes_0002... OK
  Applying auth.0007_alter_validators_add_error_messages... OK
  Applying auth.0008_alter_user_username_max_length... OK
  Applying auth.0009_alter_user_last_name_max_length... OK
  Applying auth.0010_alter_group_name_max_length... OK
  Applying auth.0011_update_proxy_permissions... OK
  Applying auth.0012_alter_user_first_name_max_length... OK
  Applying accounts.0001_initial... OK
  Applying sessions.0001_initial... OK
  Applying organizations.0001_initial... OK
  Applying inventory.0001_initial... OK
  Applying inventory.0002_database_security... OK
  Applying catalog.0001_initial... OK
  Applying inventory.0003_remove_inventoryitem_product_id_and_more... OK
  Applying assessments.0001_initial... OK
  Applying assessments.0002_snapshot_security... OK
  Applying audit.0001_initial... OK
  Applying audit.0002_audit_security... OK
  Applying organizations.0002_public_onboarding... OK
  Applying billing.0001_initial... OK
  Applying billing.0002_stripewebhookevent... OK
  Applying billing.0003_founderslot... OK
  Applying billing.0004_founderslot_reservation_token... OK
  Applying billing.0005_billing_security... OK
  Applying catalog.0002_catalog_security... OK
  Applying imports.0001_initial... OK
  Applying imports.0002_import_staging_security... OK
  Applying integrations.0001_initial... OK
  Applying integrations.0002_providerconnection_providerattempt_providerevent_and_more... OK
  Applying inventory.0004_discovery_evidence... OK
  Applying inventory.0005_discovery_security... OK
  Applying inventory.0006_detectionevidence_inventory_item_and_more... OK
  Applying inventory.0007_inventoryitem_declared_fields... OK
  Applying reports.0001_initial... OK
  Applying reports.0002_report_security... OK
  Applying reports.0003_reportartifact... OK
  Applying reports.0004_reportartifact_security... OK
  Applying organizations.0003_workflow_profile... OK
  Applying jobs.0001_initial... OK
  Applying jobs.0002_job_security... OK
  Applying jobs.0003_recovery_receipts... OK
  Applying jobs.0004_receipt_admission... OK
  Applying jobs.0005_atomic_recovery_admission... OK
  Applying jobs.0006_corecontrol_workflowschedule_actioncardrevision_and_more... OK
  Applying jobs.0007_core_workflow_security... OK
  Applying jobs.0008_worker_transition_authority... OK
  Applying jobs.0009_core_issuance_authority... OK
  Applying jobs.0010_job_input_admission... OK
  Applying jobs.0011_action_card_issuance... OK
  Applying jobs.0012_core_authority_successor... OK
  Applying policies.0001_initial... OK
  Applying policies.0002_organization_rule_security... OK
  Applying policies.0003_remove_organizationrule_unique_organization_rule_name_and_more... OK
.....................FFFFF.............................F...........      [100%]
=================================== FAILURES ===================================
____________ test_null_heartbeat_parameters_leave_claim_intact[id] _____________

configured = (<User: reports@example.com>, <Organization: Report Firm>, <OrganizationMember: reports@example.com — Report Firm (Owner)>, <InventoryItem: Payroll Assistant>, <AssessmentSnapshot: 91f8a7ac-4042-4813-bf1e-b7a9f42ad853 v1>)
field = 'id'

    @pytest.mark.parametrize("field", ["id", "worker", "token", "action", "lease"])
    def test_null_heartbeat_parameters_leave_claim_intact(configured, field):
        user, org, *_ = configured
        job = BackgroundJob.objects.create(
            organization=org,
            job_type="report_generation",
            payload={},
            available_at=timezone.now(),
            priority=-100,
        )
        claimed = claim_next_job("null-probe", using="worker_runtime")
        assert claimed.id == job.id
        values = [
            job.id,
            "null-probe",
            claimed.claim_token,
            "heartbeat",
            "1 minute",
            "",
            "",
            "",
            False,
        ]
        values[["id", "worker", "token", "action", "lease"].index(field)] = None
        with pytest.raises(DatabaseError), transaction.atomic(using="worker_runtime"):
            with connections["worker_runtime"].cursor() as c:
                c.execute(
                    "SELECT app_private.finish_job(%s,%s,%s,%s,%s::interval,%s,%s,%s,%s)",
                    values,
                )
        job.refresh_from_db()
        assert job.status == "running" and job.claim_token == claimed.claim_token
        assert (
>           job.lock_expires_at == claimed.lock_expires_at
                                   ^^^^^^^^^^^^^^^^^^^^^^^
            and not RecoveryReceipt.objects.exists()
        )
E       AttributeError: 'ClaimedJob' object has no attribute 'lock_expires_at'

tests/test_core_authority_successor.py:275: AttributeError
__________ test_null_heartbeat_parameters_leave_claim_intact[worker] ___________

configured = (<User: reports@example.com>, <Organization: Report Firm>, <OrganizationMember: reports@example.com — Report Firm (Owner)>, <InventoryItem: Payroll Assistant>, <AssessmentSnapshot: c050d5bb-da67-4adc-ab2b-80bf4613d6a8 v1>)
field = 'worker'

    @pytest.mark.parametrize("field", ["id", "worker", "token", "action", "lease"])
    def test_null_heartbeat_parameters_leave_claim_intact(configured, field):
        user, org, *_ = configured
        job = BackgroundJob.objects.create(
            organization=org,
            job_type="report_generation",
            payload={},
            available_at=timezone.now(),
            priority=-100,
        )
        claimed = claim_next_job("null-probe", using="worker_runtime")
        assert claimed.id == job.id
        values = [
            job.id,
            "null-probe",
            claimed.claim_token,
            "heartbeat",
            "1 minute",
            "",
            "",
            "",
            False,
        ]
        values[["id", "worker", "token", "action", "lease"].index(field)] = None
        with pytest.raises(DatabaseError), transaction.atomic(using="worker_runtime"):
            with connections["worker_runtime"].cursor() as c:
                c.execute(
                    "SELECT app_private.finish_job(%s,%s,%s,%s,%s::interval,%s,%s,%s,%s)",
                    values,
                )
        job.refresh_from_db()
        assert job.status == "running" and job.claim_token == claimed.claim_token
        assert (
>           job.lock_expires_at == claimed.lock_expires_at
                                   ^^^^^^^^^^^^^^^^^^^^^^^
            and not RecoveryReceipt.objects.exists()
        )
E       AttributeError: 'ClaimedJob' object has no attribute 'lock_expires_at'

tests/test_core_authority_successor.py:275: AttributeError
___________ test_null_heartbeat_parameters_leave_claim_intact[token] ___________

configured = (<User: reports@example.com>, <Organization: Report Firm>, <OrganizationMember: reports@example.com — Report Firm (Owner)>, <InventoryItem: Payroll Assistant>, <AssessmentSnapshot: 81d0b1fa-7bf2-4759-a51b-ab9e0c2e3298 v1>)
field = 'token'

    @pytest.mark.parametrize("field", ["id", "worker", "token", "action", "lease"])
    def test_null_heartbeat_parameters_leave_claim_intact(configured, field):
        user, org, *_ = configured
        job = BackgroundJob.objects.create(
            organization=org,
            job_type="report_generation",
            payload={},
            available_at=timezone.now(),
            priority=-100,
        )
        claimed = claim_next_job("null-probe", using="worker_runtime")
        assert claimed.id == job.id
        values = [
            job.id,
            "null-probe",
            claimed.claim_token,
            "heartbeat",
            "1 minute",
            "",
            "",
            "",
            False,
        ]
        values[["id", "worker", "token", "action", "lease"].index(field)] = None
        with pytest.raises(DatabaseError), transaction.atomic(using="worker_runtime"):
            with connections["worker_runtime"].cursor() as c:
                c.execute(
                    "SELECT app_private.finish_job(%s,%s,%s,%s,%s::interval,%s,%s,%s,%s)",
                    values,
                )
        job.refresh_from_db()
        assert job.status == "running" and job.claim_token == claimed.claim_token
        assert (
>           job.lock_expires_at == claimed.lock_expires_at
                                   ^^^^^^^^^^^^^^^^^^^^^^^
            and not RecoveryReceipt.objects.exists()
        )
E       AttributeError: 'ClaimedJob' object has no attribute 'lock_expires_at'

tests/test_core_authority_successor.py:275: AttributeError
__________ test_null_heartbeat_parameters_leave_claim_intact[action] ___________

configured = (<User: reports@example.com>, <Organization: Report Firm>, <OrganizationMember: reports@example.com — Report Firm (Owner)>, <InventoryItem: Payroll Assistant>, <AssessmentSnapshot: a88fc152-26b1-45a0-80d9-2ebaec9d7866 v1>)
field = 'action'

    @pytest.mark.parametrize("field", ["id", "worker", "token", "action", "lease"])
    def test_null_heartbeat_parameters_leave_claim_intact(configured, field):
        user, org, *_ = configured
        job = BackgroundJob.objects.create(
            organization=org,
            job_type="report_generation",
            payload={},
            available_at=timezone.now(),
            priority=-100,
        )
        claimed = claim_next_job("null-probe", using="worker_runtime")
        assert claimed.id == job.id
        values = [
            job.id,
            "null-probe",
            claimed.claim_token,
            "heartbeat",
            "1 minute",
            "",
            "",
            "",
            False,
        ]
        values[["id", "worker", "token", "action", "lease"].index(field)] = None
        with pytest.raises(DatabaseError), transaction.atomic(using="worker_runtime"):
            with connections["worker_runtime"].cursor() as c:
                c.execute(
                    "SELECT app_private.finish_job(%s,%s,%s,%s,%s::interval,%s,%s,%s,%s)",
                    values,
                )
        job.refresh_from_db()
        assert job.status == "running" and job.claim_token == claimed.claim_token
        assert (
>           job.lock_expires_at == claimed.lock_expires_at
                                   ^^^^^^^^^^^^^^^^^^^^^^^
            and not RecoveryReceipt.objects.exists()
        )
E       AttributeError: 'ClaimedJob' object has no attribute 'lock_expires_at'

tests/test_core_authority_successor.py:275: AttributeError
___________ test_null_heartbeat_parameters_leave_claim_intact[lease] ___________

configured = (<User: reports@example.com>, <Organization: Report Firm>, <OrganizationMember: reports@example.com — Report Firm (Owner)>, <InventoryItem: Payroll Assistant>, <AssessmentSnapshot: 64cb5555-7031-4669-b16b-ec3737d60615 v1>)
field = 'lease'

    @pytest.mark.parametrize("field", ["id", "worker", "token", "action", "lease"])
    def test_null_heartbeat_parameters_leave_claim_intact(configured, field):
        user, org, *_ = configured
        job = BackgroundJob.objects.create(
            organization=org,
            job_type="report_generation",
            payload={},
            available_at=timezone.now(),
            priority=-100,
        )
        claimed = claim_next_job("null-probe", using="worker_runtime")
        assert claimed.id == job.id
        values = [
            job.id,
            "null-probe",
            claimed.claim_token,
            "heartbeat",
            "1 minute",
            "",
            "",
            "",
            False,
        ]
        values[["id", "worker", "token", "action", "lease"].index(field)] = None
        with pytest.raises(DatabaseError), transaction.atomic(using="worker_runtime"):
            with connections["worker_runtime"].cursor() as c:
                c.execute(
                    "SELECT app_private.finish_job(%s,%s,%s,%s,%s::interval,%s,%s,%s,%s)",
                    values,
                )
        job.refresh_from_db()
        assert job.status == "running" and job.claim_token == claimed.claim_token
        assert (
>           job.lock_expires_at == claimed.lock_expires_at
                                   ^^^^^^^^^^^^^^^^^^^^^^^
            and not RecoveryReceipt.objects.exists()
        )
E       AttributeError: 'ClaimedJob' object has no attribute 'lock_expires_at'

tests/test_core_authority_successor.py:275: AttributeError
_________ test_persistence_waiting_for_pause_does_not_use_old_snapshot _________

configured = (<User: reports@example.com>, <Organization: Report Firm>, <OrganizationMember: reports@example.com — Report Firm (Owner)>, <InventoryItem: Payroll Assistant>, <AssessmentSnapshot: 00dedcc8-7584-4ffc-bb49-0db5ad0572c9 v1>)

    def test_persistence_waiting_for_pause_does_not_use_old_snapshot(configured):
        from concurrent.futures import ThreadPoolExecutor
        from django.db import close_old_connections
        from apps.jobs.queue import lock_job_for_persistence
        user,org,*_=configured
        job=BackgroundJob.objects.create(organization=org,job_type='report_generation',payload={},available_at=timezone.now(),priority=-100)
        claimed=claim_next_job('waiting-worker',using='worker_runtime')
>       assert claimed.id==job.id
               ^^^^^^^^^^
E       AttributeError: 'NoneType' object has no attribute 'id'

tests/test_lyra_authority_findings.py:163: AttributeError
=============================== warnings summary ===============================
tests/test_lyra_authority_findings.py::test_owner_can_stop_after_entitlement_lapses_and_cannot_resume
tests/test_core_workflows.py::test_core_workspace_private_and_forbids_cross_tenant_snapshot
tests/test_report_recovery_states.py::test_report_retry_cannot_bypass_review_hold
  /app/.venv/lib/python3.14/site-packages/django/core/handlers/base.py:61: UserWarning: No directory at: /app/staticfiles/
    mw_instance = middleware(adapted_handler)

-- Docs: https://docs.pytest.org/en/stable/how-to/capture-warnings.html
=========================== short test summary info ============================
FAILED tests/test_core_authority_successor.py::test_null_heartbeat_parameters_leave_claim_intact[id]
FAILED tests/test_core_authority_successor.py::test_null_heartbeat_parameters_leave_claim_intact[worker]
FAILED tests/test_core_authority_successor.py::test_null_heartbeat_parameters_leave_claim_intact[token]
FAILED tests/test_core_authority_successor.py::test_null_heartbeat_parameters_leave_claim_intact[action]
FAILED tests/test_core_authority_successor.py::test_null_heartbeat_parameters_leave_claim_intact[lease]
FAILED tests/test_lyra_authority_findings.py::test_persistence_waiting_for_pause_does_not_use_old_snapshot
6 failed, 61 passed, 3 warnings in 22.52s
