#0 building with "desktop-linux" instance using docker driver

#1 [internal] load build definition from Dockerfile.qualification
#1 transferring dockerfile: 836B 0.0s done
#1 DONE 0.1s

#2 [internal] load metadata for docker.io/library/python:3.14.7-slim
#2 DONE 0.9s

#3 [internal] load metadata for ghcr.io/astral-sh/uv:0.12.9
#3 DONE 0.9s

#4 [internal] load .dockerignore
#4 transferring context: 164B 0.0s done
#4 DONE 0.1s

#5 [internal] load build context
#5 DONE 0.0s

#6 [stage-1 1/8] FROM docker.io/library/python:3.14.7-slim@sha256:51dafde81dbdb6ebde285137a295cf18a47ca95234fe388a343719cb97305b3d
#6 resolve docker.io/library/python:3.14.7-slim@sha256:51dafde81dbdb6ebde285137a295cf18a47ca95234fe388a343719cb97305b3d
#6 resolve docker.io/library/python:3.14.7-slim@sha256:51dafde81dbdb6ebde285137a295cf18a47ca95234fe388a343719cb97305b3d 0.2s done
#6 DONE 0.2s

#7 [uv 1/1] FROM ghcr.io/astral-sh/uv:0.12.9@sha256:8b940d3a9d65bed080436972241af2e21c84b5e8c9193f7014ed71479ee795ff
#7 resolve ghcr.io/astral-sh/uv:0.12.9@sha256:8b940d3a9d65bed080436972241af2e21c84b5e8c9193f7014ed71479ee795ff 0.2s done
#7 DONE 0.2s

#5 [internal] load build context
#5 transferring context: 35.72kB 0.1s done
#5 DONE 0.1s

#8 [stage-1 2/8] COPY --from=uv /uv /bin/uv
#8 CACHED

#9 [stage-1 3/8] WORKDIR /app
#9 CACHED

#10 [stage-1 4/8] COPY source/pyproject.toml source/uv.lock ./
#10 CACHED

#11 [stage-1 5/8] RUN uv sync --frozen --no-install-project
#11 CACHED

#12 [stage-1 6/8] RUN /app/.venv/bin/playwright install --with-deps --only-shell chromium && apt-get install -y --no-install-recommends poppler-utils && chmod -R a+rX /ms-playwright && rm -rf /var/lib/apt/lists/*
#12 CACHED

#13 [stage-1 7/8] COPY source/ ./
#13 DONE 0.8s

#14 [stage-1 8/8] RUN groupadd --gid 10001 qualification && useradd --uid 10001 --gid 10001 --no-create-home qualification
#14 DONE 1.6s

#15 exporting to image
#15 exporting layers
#15 exporting layers 1.3s done
#15 exporting manifest sha256:b07894ade5c4600054ebb9d3b00cf8104946b0bc2a20cdcc8017a1ffd5497234 0.1s done
#15 exporting config sha256:81a63ef7ad42e49845473cecb87347b2d975ad0f3244be0fc41e784bdac36a58
#15 exporting config sha256:81a63ef7ad42e49845473cecb87347b2d975ad0f3244be0fc41e784bdac36a58 0.1s done
#15 exporting attestation manifest sha256:951e3b5104a7125ac1dc81f32332bb0c07bd617ddc894198891d0b540f7f6dea
#15 exporting attestation manifest sha256:951e3b5104a7125ac1dc81f32332bb0c07bd617ddc894198891d0b540f7f6dea 0.1s done
#15 exporting manifest list sha256:69c3454e9f1aef46cc1101a01a1dfcbe67f2a550d28065fb1e00b9dffbf3eea4 0.1s done
#15 naming to docker.io/library/stewardence-local-qualification:stewardence-local-30f389e23e
#15 naming to docker.io/library/stewardence-local-qualification:stewardence-local-30f389e23e done
#15 unpacking to docker.io/library/stewardence-local-qualification:stewardence-local-30f389e23e
#15 unpacking to docker.io/library/stewardence-local-qualification:stewardence-local-30f389e23e 0.5s done
#15 DONE 2.3s
