#0 building with "desktop-linux" instance using docker driver

#1 [internal] load build definition from Dockerfile.qualification
#1 transferring dockerfile: 836B 0.0s done
#1 DONE 0.2s

#2 [internal] load metadata for docker.io/library/python:3.14.7-slim
#2 ...

#3 [auth] library/python:pull token for registry-1.docker.io
#3 DONE 0.0s

#4 [internal] load metadata for ghcr.io/astral-sh/uv:0.12.9
#4 DONE 1.3s

#2 [internal] load metadata for docker.io/library/python:3.14.7-slim
#2 DONE 1.4s

#5 [internal] load .dockerignore
#5 transferring context: 32B
#5 transferring context: 164B 0.2s done
#5 DONE 0.3s

#6 [internal] load build context
#6 DONE 0.0s

#7 [uv 1/1] FROM ghcr.io/astral-sh/uv:0.12.9@sha256:8b940d3a9d65bed080436972241af2e21c84b5e8c9193f7014ed71479ee795ff
#7 resolve ghcr.io/astral-sh/uv:0.12.9@sha256:8b940d3a9d65bed080436972241af2e21c84b5e8c9193f7014ed71479ee795ff
#7 resolve ghcr.io/astral-sh/uv:0.12.9@sha256:8b940d3a9d65bed080436972241af2e21c84b5e8c9193f7014ed71479ee795ff 0.2s done
#7 DONE 1.0s

#8 [stage-1 1/8] FROM docker.io/library/python:3.14.7-slim@sha256:51dafde81dbdb6ebde285137a295cf18a47ca95234fe388a343719cb97305b3d
#8 resolve docker.io/library/python:3.14.7-slim@sha256:51dafde81dbdb6ebde285137a295cf18a47ca95234fe388a343719cb97305b3d 0.2s done
#8 DONE 1.0s

#6 [internal] load build context
#6 transferring context: 32.30kB 0.4s done
#6 DONE 0.5s

#9 [stage-1 2/8] COPY --from=uv /uv /bin/uv
#9 CACHED

#10 [stage-1 3/8] WORKDIR /app
#10 CACHED

#11 [stage-1 4/8] COPY source/pyproject.toml source/uv.lock ./
#11 CACHED

#12 [stage-1 5/8] RUN uv sync --frozen --no-install-project
#12 CACHED

#13 [stage-1 6/8] RUN /app/.venv/bin/playwright install --with-deps --only-shell chromium && apt-get install -y --no-install-recommends poppler-utils && chmod -R a+rX /ms-playwright && rm -rf /var/lib/apt/lists/*
#13 CACHED

#14 [stage-1 7/8] COPY source/ ./
#14 DONE 1.9s

#15 [stage-1 8/8] RUN groupadd --gid 10001 qualification && useradd --uid 10001 --gid 10001 --no-create-home qualification
#15 DONE 3.5s

#16 exporting to image
#16 exporting layers
#16 exporting layers 1.1s done
#16 exporting manifest sha256:6fb8384249e4f26440d62c5ecb21565238ba442d8eda5f95831c2588337368fb 0.1s done
#16 exporting config sha256:278affdcdfe565e201e7bef2f6940cef89d065bb026689b2c51655ac9f55b982 0.1s done
#16 exporting attestation manifest sha256:887667c2b561e9e21ddf871862f17a93c5e9b86c2826d733954f37732d8369ab
#16 exporting attestation manifest sha256:887667c2b561e9e21ddf871862f17a93c5e9b86c2826d733954f37732d8369ab 0.2s done
#16 exporting manifest list sha256:ee7aeb7f2a8601e254bb64c70baa8049e702e284ab08f3d0b1c7034e6b8b39fc
#16 exporting manifest list sha256:ee7aeb7f2a8601e254bb64c70baa8049e702e284ab08f3d0b1c7034e6b8b39fc 0.1s done
#16 naming to docker.io/library/stewardence-local-qualification:stewardence-local-5fd8797bff done
#16 unpacking to docker.io/library/stewardence-local-qualification:stewardence-local-5fd8797bff
#16 unpacking to docker.io/library/stewardence-local-qualification:stewardence-local-5fd8797bff 0.7s done
#16 DONE 2.4s
