#0 building with "desktop-linux" instance using docker driver

#1 [internal] load build definition from Dockerfile.qualification
#1 transferring dockerfile: 836B 0.1s done
#1 DONE 0.1s

#2 [internal] load metadata for ghcr.io/astral-sh/uv:0.12.9
#2 ...

#3 [auth] library/python:pull token for registry-1.docker.io
#3 DONE 0.0s

#4 [internal] load metadata for docker.io/library/python:3.14.7-slim
#4 ...

#2 [internal] load metadata for ghcr.io/astral-sh/uv:0.12.9
#2 DONE 1.3s

#4 [internal] load metadata for docker.io/library/python:3.14.7-slim
#4 DONE 1.3s

#5 [internal] load .dockerignore
#5 transferring context: 164B 0.0s done
#5 DONE 0.1s

#6 [internal] load build context
#6 DONE 0.0s

#7 [uv 1/1] FROM ghcr.io/astral-sh/uv:0.12.9@sha256:8b940d3a9d65bed080436972241af2e21c84b5e8c9193f7014ed71479ee795ff
#7 resolve ghcr.io/astral-sh/uv:0.12.9@sha256:8b940d3a9d65bed080436972241af2e21c84b5e8c9193f7014ed71479ee795ff
#7 resolve ghcr.io/astral-sh/uv:0.12.9@sha256:8b940d3a9d65bed080436972241af2e21c84b5e8c9193f7014ed71479ee795ff 0.2s done
#7 DONE 0.3s

#8 [stage-1 1/8] FROM docker.io/library/python:3.14.7-slim@sha256:51dafde81dbdb6ebde285137a295cf18a47ca95234fe388a343719cb97305b3d
#8 resolve docker.io/library/python:3.14.7-slim@sha256:51dafde81dbdb6ebde285137a295cf18a47ca95234fe388a343719cb97305b3d 0.2s done
#8 DONE 0.3s

#6 [internal] load build context
#6 transferring context: 44.38kB 0.3s done
#6 DONE 0.4s

#9 [stage-1 2/8] COPY --from=uv /uv /bin/uv
#9 CACHED

#10 [stage-1 3/8] WORKDIR /app
#10 CACHED

#11 [stage-1 4/8] COPY source/pyproject.toml source/uv.lock ./
#11 CACHED

#12 [stage-1 5/8] RUN uv sync --frozen --no-install-project
#12 CACHED

#13 [stage-1 6/8] RUN /app/.venv/bin/playwright install --with-deps --only-shell chromium && apt-get install -y --no-install-recommends poppler-utils && chmod -R a+rX /ms-playwright && rm -rf /var/lib/apt/lists/*
#13 CACHED

#14 [stage-1 7/8] COPY source/ ./
#14 DONE 2.5s

#15 [stage-1 8/8] RUN groupadd --gid 10001 qualification && useradd --uid 10001 --gid 10001 --no-create-home qualification
#15 DONE 2.2s

#16 exporting to image
#16 exporting layers
#16 exporting layers 2.1s done
#16 exporting manifest sha256:ee0366bd5e8ac46b9662af4dedeb389091b43023f38e9dd9bc2657965a063dec 0.1s done
#16 exporting config sha256:0b810a7b42949bd8dca78311857c2d562b89d52944a82dbba58a2d5f75620a84 0.1s done
#16 exporting attestation manifest sha256:a4add0b5695a8f5fc0c88dec556e01b1c213b6ac6f268cc0ce93e718a3eef313 0.1s done
#16 exporting manifest list sha256:885c415e2cbf0586f7a372d46d41b7ccde102915816b42db88b6512f8c2baf64
#16 exporting manifest list sha256:885c415e2cbf0586f7a372d46d41b7ccde102915816b42db88b6512f8c2baf64 0.1s done
#16 naming to docker.io/library/stewardence-local-qualification:stewardence-local-e951a6264b 0.0s done
#16 unpacking to docker.io/library/stewardence-local-qualification:stewardence-local-e951a6264b
#16 unpacking to docker.io/library/stewardence-local-qualification:stewardence-local-e951a6264b 0.7s done
#16 DONE 3.3s

View build details: docker-desktop://dashboard/build/desktop-linux/desktop-linux/qio96jnpan4g8wv1mcnodskj5
#0 building with "desktop-linux" instance using docker driver

#1 [internal] load build definition from Dockerfile.renderer
#1 transferring dockerfile:
#1 transferring dockerfile: 1.59kB 0.3s done
#1 DONE 0.3s

#2 resolve image config for docker-image://docker.io/docker/dockerfile:1
#2 ...

#3 [auth] docker/dockerfile:pull token for registry-1.docker.io
#3 DONE 0.0s

#2 resolve image config for docker-image://docker.io/docker/dockerfile:1
#2 DONE 1.4s

#4 docker-image://docker.io/docker/dockerfile:1@sha256:4edf897a3ffa55b89f906fc8cc78afdb3f1834cc9c7083565e611a8a7d5fe99e
#4 resolve docker.io/docker/dockerfile:1@sha256:4edf897a3ffa55b89f906fc8cc78afdb3f1834cc9c7083565e611a8a7d5fe99e
#4 resolve docker.io/docker/dockerfile:1@sha256:4edf897a3ffa55b89f906fc8cc78afdb3f1834cc9c7083565e611a8a7d5fe99e 0.2s done
#4 CACHED

#5 [internal] load metadata for ghcr.io/astral-sh/uv:0.12.9
#5 DONE 0.3s

#6 [internal] load metadata for docker.io/library/python:3.14.7-slim
#6 DONE 0.3s

#7 [internal] load .dockerignore
#7 transferring context: 121B 0.0s done
#7 DONE 0.0s

#8 [internal] load build context
#8 DONE 0.0s

#9 [uv 1/1] FROM ghcr.io/astral-sh/uv:0.12.9@sha256:8b940d3a9d65bed080436972241af2e21c84b5e8c9193f7014ed71479ee795ff
#9 resolve ghcr.io/astral-sh/uv:0.12.9@sha256:8b940d3a9d65bed080436972241af2e21c84b5e8c9193f7014ed71479ee795ff 0.1s done
#9 DONE 0.1s

#10 [builder 1/5] FROM docker.io/library/python:3.14.7-slim@sha256:51dafde81dbdb6ebde285137a295cf18a47ca95234fe388a343719cb97305b3d
#10 resolve docker.io/library/python:3.14.7-slim@sha256:51dafde81dbdb6ebde285137a295cf18a47ca95234fe388a343719cb97305b3d
#10 resolve docker.io/library/python:3.14.7-slim@sha256:51dafde81dbdb6ebde285137a295cf18a47ca95234fe388a343719cb97305b3d 0.1s done
#10 DONE 0.1s

#8 [internal] load build context
#8 transferring context: 1.28kB 0.0s done
#8 DONE 0.0s

#11 [runtime  8/10] COPY static/brand/stewardence-helix-orbit-light.png ./static/brand/stewardence-helix-orbit-light.png
#11 CACHED

#12 [runtime  3/10] COPY --from=builder /app/.venv /app/.venv
#12 CACHED

#13 [runtime  7/10] COPY renderer ./renderer
#13 CACHED

#14 [runtime  4/10] COPY --from=builder /ms-playwright /ms-playwright
#14 CACHED

#15 [runtime  5/10] RUN .venv/bin/playwright install-deps chromium     && chmod -R a+rX /ms-playwright     && rm -rf /tmp/* /var/lib/apt/lists/*
#15 CACHED

#16 [runtime  6/10] RUN groupadd --gid 10001 renderer     && useradd --uid 10001 --gid renderer --home-dir /app --no-create-home renderer
#16 CACHED

#17 [builder 4/5] COPY pyproject.toml uv.lock ./
#17 CACHED

#18 [builder 2/5] WORKDIR /app
#18 CACHED

#19 [builder 5/5] RUN uv sync --frozen --only-group renderer --no-install-project     && uv run --no-sync playwright install --only-shell chromium     && rm -rf /tmp/* /var/lib/apt/lists/*
#19 CACHED

#20 [runtime  9/10] COPY static/brand/atlas/reports.svg ./static/brand/atlas/reports.svg
#20 CACHED

#21 [builder 3/5] COPY --from=uv /uv /bin/uv
#21 CACHED

#22 [runtime 10/10] RUN install -d -o renderer -g renderer -m 0700 /work/output
#22 CACHED

#23 exporting to image
#23 exporting layers
#23 exporting layers 0.0s done
#23 exporting manifest sha256:c211ba3125e833e78248aba5a8dd406981fcb3a3d3eb66b430c501fcd3eb017f done
#23 exporting config sha256:4354dcbacd2d6f65bd15bd6207d49da0257d8f2e2162f552b954283c0a3e0510 done
#23 exporting attestation manifest sha256:1d2007880a24ef66d3948eabec704596e6a9051341a3a35b96a0bda7f9d25b9a 0.1s done
#23 exporting manifest list sha256:c4b6871b5950baf007b97fb71f6920f367cfa7e962856de252a76ac6c079d339
#23 exporting manifest list sha256:c4b6871b5950baf007b97fb71f6920f367cfa7e962856de252a76ac6c079d339 0.1s done
#23 naming to docker.io/library/stewardence-local-qualification:stewardence-local-e951a6264b-renderer 0.0s done
#23 unpacking to docker.io/library/stewardence-local-qualification:stewardence-local-e951a6264b-renderer 0.0s done
#23 DONE 0.4s

View build details: docker-desktop://dashboard/build/desktop-linux/desktop-linux/odrh1luem6be5rbpjx7z2vkwf
