#0 building with "desktop-linux" instance using docker driver

#1 [internal] load build definition from Dockerfile.qualification
#1 transferring dockerfile: 836B 0.0s done
#1 DONE 0.1s

#2 [internal] load metadata for docker.io/library/python:3.14.7-slim
#2 ...

#3 [auth] library/python:pull token for registry-1.docker.io
#3 DONE 0.0s

#4 [internal] load metadata for ghcr.io/astral-sh/uv:0.12.9
#4 ...

#2 [internal] load metadata for docker.io/library/python:3.14.7-slim
#2 DONE 1.3s

#4 [internal] load metadata for ghcr.io/astral-sh/uv:0.12.9
#4 DONE 1.3s

#5 [internal] load .dockerignore
#5 transferring context: 164B 0.0s done
#5 DONE 0.1s

#6 [internal] load build context
#6 DONE 0.0s

#7 [stage-1 1/8] FROM docker.io/library/python:3.14.7-slim@sha256:51dafde81dbdb6ebde285137a295cf18a47ca95234fe388a343719cb97305b3d
#7 resolve docker.io/library/python:3.14.7-slim@sha256:51dafde81dbdb6ebde285137a295cf18a47ca95234fe388a343719cb97305b3d 0.1s done
#7 DONE 0.1s

#8 [uv 1/1] FROM ghcr.io/astral-sh/uv:0.12.9@sha256:8b940d3a9d65bed080436972241af2e21c84b5e8c9193f7014ed71479ee795ff
#8 resolve ghcr.io/astral-sh/uv:0.12.9@sha256:8b940d3a9d65bed080436972241af2e21c84b5e8c9193f7014ed71479ee795ff
#8 resolve ghcr.io/astral-sh/uv:0.12.9@sha256:8b940d3a9d65bed080436972241af2e21c84b5e8c9193f7014ed71479ee795ff 0.1s done
#8 DONE 0.1s

#6 [internal] load build context
#6 transferring context: 121.29kB 0.1s done
#6 DONE 0.8s

#9 [stage-1 2/8] COPY --from=uv /uv /bin/uv
#9 CACHED

#10 [stage-1 3/8] WORKDIR /app
#10 CACHED

#11 [stage-1 4/8] COPY source/pyproject.toml source/uv.lock ./
#11 CACHED

#12 [stage-1 5/8] RUN uv sync --frozen --no-install-project
#12 CACHED

#13 [stage-1 6/8] RUN /app/.venv/bin/playwright install --with-deps --only-shell chromium && apt-get install -y --no-install-recommends poppler-utils && chmod -R a+rX /ms-playwright && rm -rf /var/lib/apt/lists/*
#13 CACHED

#14 [stage-1 7/8] COPY source/ ./
#14 DONE -0.7s

#15 [stage-1 8/8] RUN groupadd --gid 10001 qualification && useradd --uid 10001 --gid 10001 --no-create-home qualification
#15 DONE 2.0s

#16 exporting to image
#16 exporting layers
#16 exporting layers 0.7s done
#16 exporting manifest sha256:6df08b6ad7172ac185b06d74b708c60562b0f67808a3ef4b93341474b30105b8 0.0s done
#16 exporting config sha256:49e88d08511f626075757a01dc7a2f9124b25c18fcb9129c7433ee3e2cc54bca 0.0s done
#16 exporting attestation manifest sha256:9e1192abca3742a02657b2b0bc55a3e9a87898a14927bd4f748f3b7a26785e3e
#16 exporting attestation manifest sha256:9e1192abca3742a02657b2b0bc55a3e9a87898a14927bd4f748f3b7a26785e3e 0.0s done
#16 exporting manifest list sha256:1b2b3b784bd1b75c9c0bc241749454afcfa2a2a9c649d67391a57e2d9fdb4a34 0.0s done
#16 naming to docker.io/library/stewardence-local-qualification:stewardence-local-f4f9496fa8 done
#16 unpacking to docker.io/library/stewardence-local-qualification:stewardence-local-f4f9496fa8
#16 unpacking to docker.io/library/stewardence-local-qualification:stewardence-local-f4f9496fa8 0.4s done
#16 DONE 1.4s
