#0 building with "desktop-linux" instance using docker driver

#1 [internal] load build definition from Dockerfile.qualification
#1 transferring dockerfile: 836B 0.1s done
#1 DONE 0.1s

#2 [internal] load metadata for ghcr.io/astral-sh/uv:0.12.9
#2 ...

#3 [internal] load metadata for docker.io/library/python:3.14.7-slim
#3 DONE 0.5s

#2 [internal] load metadata for ghcr.io/astral-sh/uv:0.12.9
#2 DONE 0.5s

#4 [internal] load .dockerignore
#4 transferring context: 164B 0.0s done
#4 DONE 0.1s

#5 [internal] load build context
#5 DONE 0.0s

#6 [uv 1/1] FROM ghcr.io/astral-sh/uv:0.12.9@sha256:8b940d3a9d65bed080436972241af2e21c84b5e8c9193f7014ed71479ee795ff
#6 resolve ghcr.io/astral-sh/uv:0.12.9@sha256:8b940d3a9d65bed080436972241af2e21c84b5e8c9193f7014ed71479ee795ff
#6 ...

#7 [stage-1 1/8] FROM docker.io/library/python:3.14.7-slim@sha256:51dafde81dbdb6ebde285137a295cf18a47ca95234fe388a343719cb97305b3d
#7 resolve docker.io/library/python:3.14.7-slim@sha256:51dafde81dbdb6ebde285137a295cf18a47ca95234fe388a343719cb97305b3d 0.2s done
#7 DONE 0.2s

#6 [uv 1/1] FROM ghcr.io/astral-sh/uv:0.12.9@sha256:8b940d3a9d65bed080436972241af2e21c84b5e8c9193f7014ed71479ee795ff
#6 resolve ghcr.io/astral-sh/uv:0.12.9@sha256:8b940d3a9d65bed080436972241af2e21c84b5e8c9193f7014ed71479ee795ff 0.2s done
#6 DONE 0.2s

#5 [internal] load build context
#5 transferring context: 39.30kB 0.1s done
#5 DONE 0.1s

#8 [stage-1 4/8] COPY source/pyproject.toml source/uv.lock ./
#8 CACHED

#9 [stage-1 5/8] RUN uv sync --frozen --no-install-project
#9 CACHED

#10 [stage-1 2/8] COPY --from=uv /uv /bin/uv
#10 CACHED

#11 [stage-1 3/8] WORKDIR /app
#11 CACHED

#12 [stage-1 6/8] RUN /app/.venv/bin/playwright install --with-deps --only-shell chromium && apt-get install -y --no-install-recommends poppler-utils && chmod -R a+rX /ms-playwright && rm -rf /var/lib/apt/lists/*
#12 CACHED

#13 [stage-1 7/8] COPY source/ ./
#13 DONE 0.9s

#14 [stage-1 8/8] RUN groupadd --gid 10001 qualification && useradd --uid 10001 --gid 10001 --no-create-home qualification
#14 DONE 1.2s

#15 exporting to image
#15 exporting layers
#15 exporting layers done
#15 exporting manifest sha256:54843767154de8507432934c619c036431eb31c0aa9fdeff24a6a45039ca0b68 0.1s done
#15 exporting config sha256:9b34cc00a868606c43c7f235f07faa73932310e9b31f2453bfcdb33aed26280c
#15 exporting config sha256:9b34cc00a868606c43c7f235f07faa73932310e9b31f2453bfcdb33aed26280c 0.1s done
#15 exporting attestation manifest sha256:fce5dfa7cf8c5c5670da2362cdfe6f582e4f6d95359e8a7f30e5d43f7e88fc9f
#15 exporting attestation manifest sha256:fce5dfa7cf8c5c5670da2362cdfe6f582e4f6d95359e8a7f30e5d43f7e88fc9f 0.2s done
#15 exporting manifest list sha256:04cdcd11a2d0c0a1bb6b8072523af8ee86fecbc010e2869e0d4ed985885a98ea
#15 exporting manifest list sha256:04cdcd11a2d0c0a1bb6b8072523af8ee86fecbc010e2869e0d4ed985885a98ea 0.1s done
#15 naming to docker.io/library/stewardence-local-qualification:stewardence-local-93e253107a
#15 naming to docker.io/library/stewardence-local-qualification:stewardence-local-93e253107a 0.0s done
#15 unpacking to docker.io/library/stewardence-local-qualification:stewardence-local-93e253107a
#15 unpacking to docker.io/library/stewardence-local-qualification:stewardence-local-93e253107a 0.8s done
#15 DONE 1.1s
