Operations to perform:
  Apply all migrations: accounts, assessments, audit, auth, billing, catalog, contenttypes, imports, integrations, inventory, jobs, organizations, policies, reports, reviews, sessions
Running migrations:
  Applying contenttypes.0001_initial... OK
  Applying contenttypes.0002_remove_content_type_name... OK
  Applying auth.0001_initial... OK
  Applying auth.0002_alter_permission_name_max_length... OK
  Applying auth.0003_alter_user_email_max_length... OK
  Applying auth.0004_alter_user_username_opts... OK
  Applying auth.0005_alter_user_last_login_null... OK
  Applying auth.0006_require_contenttypes_0002... OK
  Applying auth.0007_alter_validators_add_error_messages... OK
  Applying auth.0008_alter_user_username_max_length... OK
  Applying auth.0009_alter_user_last_name_max_length... OK
  Applying auth.0010_alter_group_name_max_length... OK
  Applying auth.0011_update_proxy_permissions... OK
  Applying auth.0012_alter_user_first_name_max_length... OK
  Applying accounts.0001_initial... OK
  Applying sessions.0001_initial... OK
  Applying organizations.0001_initial... OK
  Applying inventory.0001_initial... OK
  Applying inventory.0002_database_security... OK
  Applying catalog.0001_initial... OK
  Applying inventory.0003_remove_inventoryitem_product_id_and_more... OK
  Applying assessments.0001_initial... OK
  Applying assessments.0002_snapshot_security... OK
  Applying audit.0001_initial... OK
  Applying audit.0002_audit_security... OK
  Applying reports.0001_initial... OK
  Applying reports.0002_report_security... OK
  Applying reports.0003_reportartifact... OK
  Applying reports.0004_reportartifact_security... OK
  Applying organizations.0002_public_onboarding... OK
  Applying organizations.0003_workflow_profile... OK
  Applying jobs.0001_initial... OK
  Applying jobs.0002_job_security... OK
  Applying jobs.0003_recovery_receipts... OK
  Applying jobs.0004_receipt_admission... OK
  Applying jobs.0005_atomic_recovery_admission... OK
  Applying jobs.0006_corecontrol_workflowschedule_actioncardrevision_and_more... OK
  Applying jobs.0007_core_workflow_security... OK
  Applying jobs.0008_worker_transition_authority... OK
  Applying billing.0001_initial... OK
  Applying billing.0002_stripewebhookevent... OK
  Applying billing.0003_founderslot... OK
  Applying billing.0004_founderslot_reservation_token... OK
  Applying billing.0005_billing_security... OK
  Applying jobs.0009_core_issuance_authority... OK
  Applying jobs.0010_job_input_admission... OK
  Applying jobs.0011_action_card_issuance... OK
  Applying jobs.0012_core_authority_successor... OK
  Applying billing.0006_paid_coverage... OK
  Applying billing.0007_ingester_effects... OK
  Applying billing.0008_checkout_intent... OK
  Applying catalog.0002_catalog_security... OK
  Applying imports.0001_initial... OK
  Applying imports.0002_import_staging_security... OK
  Applying integrations.0001_initial... OK
  Applying integrations.0002_providerconnection_providerattempt_providerevent_and_more... OK
  Applying inventory.0004_discovery_evidence... OK
  Applying inventory.0005_discovery_security... OK
  Applying inventory.0006_detectionevidence_inventory_item_and_more... OK
  Applying inventory.0007_inventoryitem_declared_fields... OK
  Applying jobs.0013_paid_entitlement... OK
  Applying policies.0001_initial... OK
  Applying policies.0002_organization_rule_security... OK
  Applying policies.0003_remove_organizationrule_unique_organization_rule_name_and_more... OK
  Applying reviews.0001_initial... OK
  Applying reviews.0002_pack_lifecycle... OK
..FF...................................................                  [100%]
=================================== FAILURES ===================================
_______ test_actual_local_readback_completes_same_frozen_identity[False] _______

self = <django.db.backends.utils.CursorWrapper object at 0x7dfa37cd8ad0>
sql = 'SELECT app_private.complete_review_pack(%s,%s,%s,%s,%s)'
params = [UUID('cda62172-42b7-45a1-a309-ac855d395540'), UUID('34e709fc-840c-4288-849e-ca460c084d8c'), UUID('6b0f11fa-3fd0-4693-80fe-67ab4e552d22'), 'review-qualification', UUID('e2951f80-e0e8-46ec-b0e7-156958c0f9aa')]
ignored_wrapper_args = (False, {'connection': <DatabaseWrapper vendor='postgresql' alias='worker_runtime'>, 'cursor': <django.db.backends.utils.CursorWrapper object at 0x7dfa37cd8ad0>})

    def _execute(self, sql, params, *ignored_wrapper_args):
        # Raise a warning during app initialization (stored_app_configs is only
        # ever set during testing).
        if not apps.ready and not apps.stored_app_configs:
            warnings.warn(self.APPS_NOT_READY_WARNING_MSG, category=RuntimeWarning)
        self.db.validate_no_broken_transaction()
        with self.db.wrap_database_errors:
            if params is None:
                # params default might be backend specific.
                return self.cursor.execute(sql)
            else:
>               return self.cursor.execute(sql, params)
                       ^^^^^^^^^^^^^^^^^^^^^^^^^^^^^^^^

.venv/lib/python3.14/site-packages/django/db/backends/utils.py:105: 
_ _ _ _ _ _ _ _ _ _ _ _ _ _ _ _ _ _ _ _ _ _ _ _ _ _ _ _ _ _ _ _ _ _ _ _ _ _ _ _ 

self = <django.db.backends.postgresql.base.Cursor [closed] [IDLE] (host=qualification-db user=agentledger_worker database=test_qualification) at 0x7dfa38068d70>
query = 'SELECT app_private.complete_review_pack(%s,%s,%s,%s,%s)'
params = [UUID('cda62172-42b7-45a1-a309-ac855d395540'), UUID('34e709fc-840c-4288-849e-ca460c084d8c'), UUID('6b0f11fa-3fd0-4693-80fe-67ab4e552d22'), 'review-qualification', UUID('e2951f80-e0e8-46ec-b0e7-156958c0f9aa')]
prepare = None, binary = None

    def execute(
        self,
        query: Query,
        params: Params | None = None,
        *,
        prepare: bool | None = None,
        binary: bool | None = None,
    ) -> Self:
        """
        Execute a query or command to the database.
        """
        try:
            with self._conn.lock:
                self._conn.wait(
                    self._execute_gen(query, params, prepare=prepare, binary=binary)
                )
        except e._NO_TRACEBACK as ex:
>           raise ex.with_traceback(None)
E           psycopg.errors.AmbiguousColumn: column reference "request_id" is ambiguous
E           LINE 1: ...        FROM public.review_pack_completions WHERE request_id...
E                                                                        ^
E           DETAIL:  It could refer to either a PL/pgSQL variable or a table column.
E           QUERY:  SELECT *               FROM public.review_pack_completions WHERE request_id=q.id
E           CONTEXT:  PL/pgSQL function app_private.complete_review_pack(uuid,uuid,uuid,text,uuid) line 33 at SQL statement

.venv/lib/python3.14/site-packages/psycopg/cursor.py:117: AmbiguousColumn

The above exception was the direct cause of the following exception:

pack_context = (<User: reports@example.com>, <Organization: Report Firm>, <AssessmentSnapshot: e566d495-0aed-469a-8fc3-b2be842801a9 v1>, <PackIdentity: PackIdentity object (48abc415-b089-4058-af7d-01e4d592f342)>)
enabled = None
tmp_path = PosixPath('/tmp/pytest-of-qualification/pytest-0/test_actual_local_readback_com0')
promotion = False

    @pytest.mark.parametrize('promotion',[False,True])
    def test_actual_local_readback_completes_same_frozen_identity(pack_context,enabled,tmp_path,promotion):
        staged=request(pack_context,promote_baseline=promotion)
        pack=pack_context[3]
        job=claimed(pack_context)
>       execute_claimed_job(JobExecution(job=job,worker_id='review-qualification'),handler(tmp_path),using='worker_runtime')

tests/test_review_pack_lifecycle.py:88: 
_ _ _ _ _ _ _ _ _ _ _ _ _ _ _ _ _ _ _ _ _ _ _ _ _ _ _ _ _ _ _ _ _ _ _ _ _ _ _ _ 
apps/jobs/worker.py:79: in execute_claimed_job
    handler.persist(job, result)
apps/reviews/jobs.py:38: in persist
    cursor.execute('SELECT app_private.complete_review_pack(%s,%s,%s,%s,%s)',
.venv/lib/python3.14/site-packages/django/db/backends/utils.py:79: in execute
    return self._execute_with_wrappers(
.venv/lib/python3.14/site-packages/django/db/backends/utils.py:92: in _execute_with_wrappers
    return executor(sql, params, many, context)
           ^^^^^^^^^^^^^^^^^^^^^^^^^^^^^^^^^^^^
.venv/lib/python3.14/site-packages/django/db/backends/utils.py:100: in _execute
    with self.db.wrap_database_errors:
         ^^^^^^^^^^^^^^^^^^^^^^^^^^^^
.venv/lib/python3.14/site-packages/django/db/utils.py:91: in __exit__
    raise dj_exc_value.with_traceback(traceback) from exc_value
.venv/lib/python3.14/site-packages/django/db/backends/utils.py:105: in _execute
    return self.cursor.execute(sql, params)
           ^^^^^^^^^^^^^^^^^^^^^^^^^^^^^^^^
_ _ _ _ _ _ _ _ _ _ _ _ _ _ _ _ _ _ _ _ _ _ _ _ _ _ _ _ _ _ _ _ _ _ _ _ _ _ _ _ 

self = <django.db.backends.postgresql.base.Cursor [closed] [IDLE] (host=qualification-db user=agentledger_worker database=test_qualification) at 0x7dfa38068d70>
query = 'SELECT app_private.complete_review_pack(%s,%s,%s,%s,%s)'
params = [UUID('cda62172-42b7-45a1-a309-ac855d395540'), UUID('34e709fc-840c-4288-849e-ca460c084d8c'), UUID('6b0f11fa-3fd0-4693-80fe-67ab4e552d22'), 'review-qualification', UUID('e2951f80-e0e8-46ec-b0e7-156958c0f9aa')]
prepare = None, binary = None

    def execute(
        self,
        query: Query,
        params: Params | None = None,
        *,
        prepare: bool | None = None,
        binary: bool | None = None,
    ) -> Self:
        """
        Execute a query or command to the database.
        """
        try:
            with self._conn.lock:
                self._conn.wait(
                    self._execute_gen(query, params, prepare=prepare, binary=binary)
                )
        except e._NO_TRACEBACK as ex:
>           raise ex.with_traceback(None)
E           django.db.utils.ProgrammingError: column reference "request_id" is ambiguous
E           LINE 1: ...        FROM public.review_pack_completions WHERE request_id...
E                                                                        ^
E           DETAIL:  It could refer to either a PL/pgSQL variable or a table column.
E           QUERY:  SELECT *               FROM public.review_pack_completions WHERE request_id=q.id
E           CONTEXT:  PL/pgSQL function app_private.complete_review_pack(uuid,uuid,uuid,text,uuid) line 33 at SQL statement

.venv/lib/python3.14/site-packages/psycopg/cursor.py:117: ProgrammingError
_______ test_actual_local_readback_completes_same_frozen_identity[True] ________

self = <django.db.backends.utils.CursorWrapper object at 0x7dfa37b36930>
sql = 'SELECT app_private.complete_review_pack(%s,%s,%s,%s,%s)'
params = [UUID('9e8fe270-ffb7-4343-907c-3c73f7fd2d07'), UUID('2646f88a-9ebd-40f2-9b11-340280bc4dce'), UUID('54a064ad-ba9a-43f0-8e53-7a7c215012d7'), 'review-qualification', UUID('68289d67-d2dd-448d-9396-6516b26337be')]
ignored_wrapper_args = (False, {'connection': <DatabaseWrapper vendor='postgresql' alias='worker_runtime'>, 'cursor': <django.db.backends.utils.CursorWrapper object at 0x7dfa37b36930>})

    def _execute(self, sql, params, *ignored_wrapper_args):
        # Raise a warning during app initialization (stored_app_configs is only
        # ever set during testing).
        if not apps.ready and not apps.stored_app_configs:
            warnings.warn(self.APPS_NOT_READY_WARNING_MSG, category=RuntimeWarning)
        self.db.validate_no_broken_transaction()
        with self.db.wrap_database_errors:
            if params is None:
                # params default might be backend specific.
                return self.cursor.execute(sql)
            else:
>               return self.cursor.execute(sql, params)
                       ^^^^^^^^^^^^^^^^^^^^^^^^^^^^^^^^

.venv/lib/python3.14/site-packages/django/db/backends/utils.py:105: 
_ _ _ _ _ _ _ _ _ _ _ _ _ _ _ _ _ _ _ _ _ _ _ _ _ _ _ _ _ _ _ _ _ _ _ _ _ _ _ _ 

self = <django.db.backends.postgresql.base.Cursor [closed] [IDLE] (host=qualification-db user=agentledger_worker database=test_qualification) at 0x7dfa380719b0>
query = 'SELECT app_private.complete_review_pack(%s,%s,%s,%s,%s)'
params = [UUID('9e8fe270-ffb7-4343-907c-3c73f7fd2d07'), UUID('2646f88a-9ebd-40f2-9b11-340280bc4dce'), UUID('54a064ad-ba9a-43f0-8e53-7a7c215012d7'), 'review-qualification', UUID('68289d67-d2dd-448d-9396-6516b26337be')]
prepare = None, binary = None

    def execute(
        self,
        query: Query,
        params: Params | None = None,
        *,
        prepare: bool | None = None,
        binary: bool | None = None,
    ) -> Self:
        """
        Execute a query or command to the database.
        """
        try:
            with self._conn.lock:
                self._conn.wait(
                    self._execute_gen(query, params, prepare=prepare, binary=binary)
                )
        except e._NO_TRACEBACK as ex:
>           raise ex.with_traceback(None)
E           psycopg.errors.AmbiguousColumn: column reference "request_id" is ambiguous
E           LINE 1: ...        FROM public.review_pack_completions WHERE request_id...
E                                                                        ^
E           DETAIL:  It could refer to either a PL/pgSQL variable or a table column.
E           QUERY:  SELECT *               FROM public.review_pack_completions WHERE request_id=q.id
E           CONTEXT:  PL/pgSQL function app_private.complete_review_pack(uuid,uuid,uuid,text,uuid) line 33 at SQL statement

.venv/lib/python3.14/site-packages/psycopg/cursor.py:117: AmbiguousColumn

The above exception was the direct cause of the following exception:

pack_context = (<User: reports@example.com>, <Organization: Report Firm>, <AssessmentSnapshot: 2b1b100d-fb5b-4f04-9ddc-efb722dc0d22 v1>, <PackIdentity: PackIdentity object (d88f8fec-c6f0-4436-a8bf-6221f373d8fc)>)
enabled = None
tmp_path = PosixPath('/tmp/pytest-of-qualification/pytest-0/test_actual_local_readback_com1')
promotion = True

    @pytest.mark.parametrize('promotion',[False,True])
    def test_actual_local_readback_completes_same_frozen_identity(pack_context,enabled,tmp_path,promotion):
        staged=request(pack_context,promote_baseline=promotion)
        pack=pack_context[3]
        job=claimed(pack_context)
>       execute_claimed_job(JobExecution(job=job,worker_id='review-qualification'),handler(tmp_path),using='worker_runtime')

tests/test_review_pack_lifecycle.py:88: 
_ _ _ _ _ _ _ _ _ _ _ _ _ _ _ _ _ _ _ _ _ _ _ _ _ _ _ _ _ _ _ _ _ _ _ _ _ _ _ _ 
apps/jobs/worker.py:79: in execute_claimed_job
    handler.persist(job, result)
apps/reviews/jobs.py:38: in persist
    cursor.execute('SELECT app_private.complete_review_pack(%s,%s,%s,%s,%s)',
.venv/lib/python3.14/site-packages/django/db/backends/utils.py:79: in execute
    return self._execute_with_wrappers(
.venv/lib/python3.14/site-packages/django/db/backends/utils.py:92: in _execute_with_wrappers
    return executor(sql, params, many, context)
           ^^^^^^^^^^^^^^^^^^^^^^^^^^^^^^^^^^^^
.venv/lib/python3.14/site-packages/django/db/backends/utils.py:100: in _execute
    with self.db.wrap_database_errors:
         ^^^^^^^^^^^^^^^^^^^^^^^^^^^^
.venv/lib/python3.14/site-packages/django/db/utils.py:91: in __exit__
    raise dj_exc_value.with_traceback(traceback) from exc_value
.venv/lib/python3.14/site-packages/django/db/backends/utils.py:105: in _execute
    return self.cursor.execute(sql, params)
           ^^^^^^^^^^^^^^^^^^^^^^^^^^^^^^^^
_ _ _ _ _ _ _ _ _ _ _ _ _ _ _ _ _ _ _ _ _ _ _ _ _ _ _ _ _ _ _ _ _ _ _ _ _ _ _ _ 

self = <django.db.backends.postgresql.base.Cursor [closed] [IDLE] (host=qualification-db user=agentledger_worker database=test_qualification) at 0x7dfa380719b0>
query = 'SELECT app_private.complete_review_pack(%s,%s,%s,%s,%s)'
params = [UUID('9e8fe270-ffb7-4343-907c-3c73f7fd2d07'), UUID('2646f88a-9ebd-40f2-9b11-340280bc4dce'), UUID('54a064ad-ba9a-43f0-8e53-7a7c215012d7'), 'review-qualification', UUID('68289d67-d2dd-448d-9396-6516b26337be')]
prepare = None, binary = None

    def execute(
        self,
        query: Query,
        params: Params | None = None,
        *,
        prepare: bool | None = None,
        binary: bool | None = None,
    ) -> Self:
        """
        Execute a query or command to the database.
        """
        try:
            with self._conn.lock:
                self._conn.wait(
                    self._execute_gen(query, params, prepare=prepare, binary=binary)
                )
        except e._NO_TRACEBACK as ex:
>           raise ex.with_traceback(None)
E           django.db.utils.ProgrammingError: column reference "request_id" is ambiguous
E           LINE 1: ...        FROM public.review_pack_completions WHERE request_id...
E                                                                        ^
E           DETAIL:  It could refer to either a PL/pgSQL variable or a table column.
E           QUERY:  SELECT *               FROM public.review_pack_completions WHERE request_id=q.id
E           CONTEXT:  PL/pgSQL function app_private.complete_review_pack(uuid,uuid,uuid,text,uuid) line 33 at SQL statement

.venv/lib/python3.14/site-packages/psycopg/cursor.py:117: ProgrammingError
=========================== short test summary info ============================
FAILED tests/test_review_pack_lifecycle.py::test_actual_local_readback_completes_same_frozen_identity[False]
FAILED tests/test_review_pack_lifecycle.py::test_actual_local_readback_completes_same_frozen_identity[True]
2 failed, 53 passed in 34.56s
