Operations to perform:
  Apply all migrations: accounts, assessments, audit, auth, billing, catalog, contenttypes, imports, integrations, inventory, jobs, organizations, policies, reports, reviews, sessions
Running migrations:
  Applying contenttypes.0001_initial... OK
  Applying contenttypes.0002_remove_content_type_name... OK
  Applying auth.0001_initial... OK
  Applying auth.0002_alter_permission_name_max_length... OK
  Applying auth.0003_alter_user_email_max_length... OK
  Applying auth.0004_alter_user_username_opts... OK
  Applying auth.0005_alter_user_last_login_null... OK
  Applying auth.0006_require_contenttypes_0002... OK
  Applying auth.0007_alter_validators_add_error_messages... OK
  Applying auth.0008_alter_user_username_max_length... OK
  Applying auth.0009_alter_user_last_name_max_length... OK
  Applying auth.0010_alter_group_name_max_length... OK
  Applying auth.0011_update_proxy_permissions... OK
  Applying auth.0012_alter_user_first_name_max_length... OK
  Applying accounts.0001_initial... OK
  Applying organizations.0001_initial... OK
  Applying sessions.0001_initial... OK
  Applying inventory.0001_initial... OK
  Applying inventory.0002_database_security... OK
  Applying catalog.0001_initial... OK
  Applying inventory.0003_remove_inventoryitem_product_id_and_more... OK
  Applying assessments.0001_initial... OK
  Applying assessments.0002_snapshot_security... OK
  Applying reports.0001_initial... OK
  Applying audit.0001_initial... OK
  Applying audit.0002_audit_security... OK
  Applying reports.0002_report_security... OK
  Applying reports.0003_reportartifact... OK
  Applying reports.0004_reportartifact_security... OK
  Applying organizations.0002_public_onboarding... OK
  Applying organizations.0003_workflow_profile... OK
  Applying jobs.0001_initial... OK
  Applying jobs.0002_job_security... OK
  Applying jobs.0003_recovery_receipts... OK
  Applying jobs.0004_receipt_admission... OK
  Applying jobs.0005_atomic_recovery_admission... OK
  Applying jobs.0006_corecontrol_workflowschedule_actioncardrevision_and_more... OK
  Applying jobs.0007_core_workflow_security... OK
  Applying jobs.0008_worker_transition_authority... OK
  Applying billing.0001_initial... OK
  Applying billing.0002_stripewebhookevent... OK
  Applying billing.0003_founderslot... OK
  Applying billing.0004_founderslot_reservation_token... OK
  Applying billing.0005_billing_security... OK
  Applying jobs.0009_core_issuance_authority... OK
  Applying jobs.0010_job_input_admission... OK
  Applying jobs.0011_action_card_issuance... OK
  Applying jobs.0012_core_authority_successor... OK
  Applying billing.0006_paid_coverage... OK
  Applying jobs.0013_paid_entitlement... OK
  Applying inventory.0004_discovery_evidence... OK
  Applying inventory.0005_discovery_security... OK
  Applying catalog.0002_catalog_security... OK
  Applying inventory.0006_detectionevidence_inventory_item_and_more... OK
  Applying inventory.0007_inventoryitem_declared_fields... OK
  Applying inventory.0008_explicit_declarations... OK
  Applying assessments.0003_deliberate_capture... OK
  Applying billing.0007_ingester_effects... OK
  Applying billing.0008_checkout_intent... OK
  Applying billing.0009_customer_request... OK
  Applying imports.0001_initial... OK
  Applying imports.0002_import_staging_security... OK
  Applying integrations.0001_initial... OK
  Applying integrations.0002_providerconnection_providerattempt_providerevent_and_more... OK
  Applying reviews.0001_initial... OK
  Applying jobs.0014_decision_desk... OK
  Applying reviews.0002_pack_lifecycle... OK
  Applying reviews.0003_worker_pack_projection... OK
  Applying reviews.0004_capture_pack_projection... OK
  Applying jobs.0015_legacy_action_card_schema_fence... OK
  Applying reviews.0005_capture_proposal_admission... OK
  Applying jobs.0016_capture_decisions... OK
  Applying policies.0001_initial... OK
  Applying policies.0002_organization_rule_security... OK
  Applying policies.0003_remove_organizationrule_unique_organization_rule_name_and_more... OK
  Applying reports.0005_review_pack_read_authority... OK
  Applying reports.0006_capture_owner_read... OK
FF............FFFFF...F................................................. [ 92%]
......                                                                   [100%]
=================================== FAILURES ===================================
_ test_genuine_past_paid_interval_retained_owner_read_and_viewer_privacy[30-True] _

self = <django.db.backends.utils.CursorWrapper object at 0x7de6ca86bcb0>
sql = 'INSERT INTO "background_jobs" ("id", "organization_id", "job_type", "payload", "input_sha256", "status", "priority", ...rprint", "created_at", "completed_at") VALUES (%s, %s, %s, %s, %s, %s, %s, %s, %s, %s, %s, %s, %s, %s, %s, %s, %s, %s)'
params = (UUID('cde907f7-f1bb-4ee9-8ab2-4e71df53725a'), UUID('f5655fe2-4a50-4e96-a82a-188a3d17bea7'), 'report_generation', Json...b4dc102-e8fc-41e5-b ... (53 chars)), 'a0ed744b0a0b6f4a5f0dccef564535a5552ece762f8a82111e3e9cd38939909a', 'queued', ...)
ignored_wrapper_args = (False, {'connection': <DatabaseWrapper vendor='postgresql' alias='default'>, 'cursor': <django.db.backends.utils.CursorWrapper object at 0x7de6ca86bcb0>})

    def _execute(self, sql, params, *ignored_wrapper_args):
        # Raise a warning during app initialization (stored_app_configs is only
        # ever set during testing).
        if not apps.ready and not apps.stored_app_configs:
            warnings.warn(self.APPS_NOT_READY_WARNING_MSG, category=RuntimeWarning)
        self.db.validate_no_broken_transaction()
        with self.db.wrap_database_errors:
            if params is None:
                # params default might be backend specific.
                return self.cursor.execute(sql)
            else:
>               return self.cursor.execute(sql, params)
                       ^^^^^^^^^^^^^^^^^^^^^^^^^^^^^^^^

.venv/lib/python3.14/site-packages/django/db/backends/utils.py:105: 
_ _ _ _ _ _ _ _ _ _ _ _ _ _ _ _ _ _ _ _ _ _ _ _ _ _ _ _ _ _ _ _ _ _ _ _ _ _ _ _ 

self = <django.db.backends.postgresql.base.Cursor [closed] [IDLE] (host=qualification-db user=postgres database=test_qualification) at 0x7de6cd841470>
query = 'INSERT INTO "background_jobs" ("id", "organization_id", "job_type", "payload", "input_sha256", "status", "priority", ...rprint", "created_at", "completed_at") VALUES (%s, %s, %s, %s, %s, %s, %s, %s, %s, %s, %s, %s, %s, %s, %s, %s, %s, %s)'
params = (UUID('cde907f7-f1bb-4ee9-8ab2-4e71df53725a'), UUID('f5655fe2-4a50-4e96-a82a-188a3d17bea7'), 'report_generation', Json...b4dc102-e8fc-41e5-b ... (53 chars)), 'a0ed744b0a0b6f4a5f0dccef564535a5552ece762f8a82111e3e9cd38939909a', 'queued', ...)
prepare = None, binary = None

    def execute(
        self,
        query: Query,
        params: Params | None = None,
        *,
        prepare: bool | None = None,
        binary: bool | None = None,
    ) -> Self:
        """
        Execute a query or command to the database.
        """
        try:
            with self._conn.lock:
                self._conn.wait(
                    self._execute_gen(query, params, prepare=prepare, binary=binary)
                )
        except e._NO_TRACEBACK as ex:
>           raise ex.with_traceback(None)
E           psycopg.errors.NotNullViolation: null value in column "available_at" of relation "background_jobs" violates not-null constraint

.venv/lib/python3.14/site-packages/psycopg/cursor.py:117: NotNullViolation

The above exception was the direct cause of the following exception:

admitted = (<User: paid-authority@example.invalid>, <Organization: Synthetic paid authority>, <Subscription: Subscription object ...: 'cd2194dc-076c-4d32-b481-f5eefae9a4bf', 'stripe_subscription_id': 'sub_test', 'stripe_customer_id': 'cus_test', ...})
age_days = 30, allowed = True
tmp_path = PosixPath('/tmp/pytest-of-qualification/pytest-0/test_genuine_past_paid_interva0')
client = <django.test.client.Client object at 0x7de6cb854e10>
settings = <pytest_django.fixtures.Settings object at 0x7de6cb9ea270>
monkeypatch = <_pytest.monkeypatch.MonkeyPatch object at 0x7de6cb87d810>

    @pytest.mark.parametrize("age_days,allowed", [(30, True), (91, False)])
    def test_genuine_past_paid_interval_retained_owner_read_and_viewer_privacy(
        admitted, age_days, allowed, tmp_path, client, settings, monkeypatch
    ):
>       user, org, subscription, report, storage, pdf = synthetic_archive(
            admitted, age_days, tmp_path
        )

tests/test_capture_archived_reads.py:209: 
_ _ _ _ _ _ _ _ _ _ _ _ _ _ _ _ _ _ _ _ _ _ _ _ _ _ _ _ _ _ _ _ _ _ _ _ _ _ _ _ 
tests/test_capture_archived_reads.py:52: in synthetic_archive
    return _synthetic_archive_owner(admitted, age_days, path)
           ^^^^^^^^^^^^^^^^^^^^^^^^^^^^^^^^^^^^^^^^^^^^^^^^^^
tests/test_capture_archived_reads.py:140: in _synthetic_archive_owner
    job = BackgroundJob.objects.create(
.venv/lib/python3.14/site-packages/django/db/models/manager.py:87: in manager_method
    return getattr(self.get_queryset(), name)(*args, **kwargs)
           ^^^^^^^^^^^^^^^^^^^^^^^^^^^^^^^^^^^^^^^^^^^^^^^^^^^
.venv/lib/python3.14/site-packages/django/db/models/query.py:665: in create
    obj.save(force_insert=True, using=self.db)
apps/jobs/models.py:120: in save
    super().save(*args, **kwargs)
.venv/lib/python3.14/site-packages/django/db/models/base.py:902: in save
    self.save_base(
.venv/lib/python3.14/site-packages/django/db/models/base.py:1008: in save_base
    updated = self._save_table(
.venv/lib/python3.14/site-packages/django/db/models/base.py:1169: in _save_table
    results = self._do_insert(
.venv/lib/python3.14/site-packages/django/db/models/base.py:1210: in _do_insert
    return manager._insert(
.venv/lib/python3.14/site-packages/django/db/models/manager.py:87: in manager_method
    return getattr(self.get_queryset(), name)(*args, **kwargs)
           ^^^^^^^^^^^^^^^^^^^^^^^^^^^^^^^^^^^^^^^^^^^^^^^^^^^
.venv/lib/python3.14/site-packages/django/db/models/query.py:1873: in _insert
    return query.get_compiler(using=using).execute_sql(returning_fields)
           ^^^^^^^^^^^^^^^^^^^^^^^^^^^^^^^^^^^^^^^^^^^^^^^^^^^^^^^^^^^^^
.venv/lib/python3.14/site-packages/django/db/models/sql/compiler.py:1882: in execute_sql
    cursor.execute(sql, params)
.venv/lib/python3.14/site-packages/django/db/backends/utils.py:79: in execute
    return self._execute_with_wrappers(
.venv/lib/python3.14/site-packages/django/db/backends/utils.py:92: in _execute_with_wrappers
    return executor(sql, params, many, context)
           ^^^^^^^^^^^^^^^^^^^^^^^^^^^^^^^^^^^^
.venv/lib/python3.14/site-packages/django/db/backends/utils.py:100: in _execute
    with self.db.wrap_database_errors:
         ^^^^^^^^^^^^^^^^^^^^^^^^^^^^
.venv/lib/python3.14/site-packages/django/db/utils.py:91: in __exit__
    raise dj_exc_value.with_traceback(traceback) from exc_value
.venv/lib/python3.14/site-packages/django/db/backends/utils.py:105: in _execute
    return self.cursor.execute(sql, params)
           ^^^^^^^^^^^^^^^^^^^^^^^^^^^^^^^^
_ _ _ _ _ _ _ _ _ _ _ _ _ _ _ _ _ _ _ _ _ _ _ _ _ _ _ _ _ _ _ _ _ _ _ _ _ _ _ _ 

self = <django.db.backends.postgresql.base.Cursor [closed] [IDLE] (host=qualification-db user=postgres database=test_qualification) at 0x7de6cd841470>
query = 'INSERT INTO "background_jobs" ("id", "organization_id", "job_type", "payload", "input_sha256", "status", "priority", ...rprint", "created_at", "completed_at") VALUES (%s, %s, %s, %s, %s, %s, %s, %s, %s, %s, %s, %s, %s, %s, %s, %s, %s, %s)'
params = (UUID('cde907f7-f1bb-4ee9-8ab2-4e71df53725a'), UUID('f5655fe2-4a50-4e96-a82a-188a3d17bea7'), 'report_generation', Json...b4dc102-e8fc-41e5-b ... (53 chars)), 'a0ed744b0a0b6f4a5f0dccef564535a5552ece762f8a82111e3e9cd38939909a', 'queued', ...)
prepare = None, binary = None

    def execute(
        self,
        query: Query,
        params: Params | None = None,
        *,
        prepare: bool | None = None,
        binary: bool | None = None,
    ) -> Self:
        """
        Execute a query or command to the database.
        """
        try:
            with self._conn.lock:
                self._conn.wait(
                    self._execute_gen(query, params, prepare=prepare, binary=binary)
                )
        except e._NO_TRACEBACK as ex:
>           raise ex.with_traceback(None)
E           django.db.utils.IntegrityError: null value in column "available_at" of relation "background_jobs" violates not-null constraint

.venv/lib/python3.14/site-packages/psycopg/cursor.py:117: IntegrityError
_ test_genuine_past_paid_interval_retained_owner_read_and_viewer_privacy[91-False] _

self = <django.db.backends.utils.CursorWrapper object at 0x7de6ca570590>
sql = 'INSERT INTO "background_jobs" ("id", "organization_id", "job_type", "payload", "input_sha256", "status", "priority", ...rprint", "created_at", "completed_at") VALUES (%s, %s, %s, %s, %s, %s, %s, %s, %s, %s, %s, %s, %s, %s, %s, %s, %s, %s)'
params = (UUID('b5d0a7f7-b959-4157-812a-a4320e51cf50'), UUID('a0b4cc1b-d8a9-44ba-a55e-be02e47c48a6'), 'report_generation', Json...8ef5da3-b238-4807-8 ... (53 chars)), '1a3997b75e48748646c4289448ab19f59c00fd65a81e872964d861d86c6e0b84', 'queued', ...)
ignored_wrapper_args = (False, {'connection': <DatabaseWrapper vendor='postgresql' alias='default'>, 'cursor': <django.db.backends.utils.CursorWrapper object at 0x7de6ca570590>})

    def _execute(self, sql, params, *ignored_wrapper_args):
        # Raise a warning during app initialization (stored_app_configs is only
        # ever set during testing).
        if not apps.ready and not apps.stored_app_configs:
            warnings.warn(self.APPS_NOT_READY_WARNING_MSG, category=RuntimeWarning)
        self.db.validate_no_broken_transaction()
        with self.db.wrap_database_errors:
            if params is None:
                # params default might be backend specific.
                return self.cursor.execute(sql)
            else:
>               return self.cursor.execute(sql, params)
                       ^^^^^^^^^^^^^^^^^^^^^^^^^^^^^^^^

.venv/lib/python3.14/site-packages/django/db/backends/utils.py:105: 
_ _ _ _ _ _ _ _ _ _ _ _ _ _ _ _ _ _ _ _ _ _ _ _ _ _ _ _ _ _ _ _ _ _ _ _ _ _ _ _ 

self = <django.db.backends.postgresql.base.Cursor [closed] [IDLE] (host=qualification-db user=postgres database=test_qualification) at 0x7de6cb87baf0>
query = 'INSERT INTO "background_jobs" ("id", "organization_id", "job_type", "payload", "input_sha256", "status", "priority", ...rprint", "created_at", "completed_at") VALUES (%s, %s, %s, %s, %s, %s, %s, %s, %s, %s, %s, %s, %s, %s, %s, %s, %s, %s)'
params = (UUID('b5d0a7f7-b959-4157-812a-a4320e51cf50'), UUID('a0b4cc1b-d8a9-44ba-a55e-be02e47c48a6'), 'report_generation', Json...8ef5da3-b238-4807-8 ... (53 chars)), '1a3997b75e48748646c4289448ab19f59c00fd65a81e872964d861d86c6e0b84', 'queued', ...)
prepare = None, binary = None

    def execute(
        self,
        query: Query,
        params: Params | None = None,
        *,
        prepare: bool | None = None,
        binary: bool | None = None,
    ) -> Self:
        """
        Execute a query or command to the database.
        """
        try:
            with self._conn.lock:
                self._conn.wait(
                    self._execute_gen(query, params, prepare=prepare, binary=binary)
                )
        except e._NO_TRACEBACK as ex:
>           raise ex.with_traceback(None)
E           psycopg.errors.NotNullViolation: null value in column "available_at" of relation "background_jobs" violates not-null constraint

.venv/lib/python3.14/site-packages/psycopg/cursor.py:117: NotNullViolation

The above exception was the direct cause of the following exception:

admitted = (<User: paid-authority@example.invalid>, <Organization: Synthetic paid authority>, <Subscription: Subscription object ...: '7b33c613-b773-49e0-b0fa-0c8cff436c8f', 'stripe_subscription_id': 'sub_test', 'stripe_customer_id': 'cus_test', ...})
age_days = 91, allowed = False
tmp_path = PosixPath('/tmp/pytest-of-qualification/pytest-0/test_genuine_past_paid_interva1')
client = <django.test.client.Client object at 0x7de6cb87cfc0>
settings = <pytest_django.fixtures.Settings object at 0x7de6ca85fd90>
monkeypatch = <_pytest.monkeypatch.MonkeyPatch object at 0x7de6ca75a690>

    @pytest.mark.parametrize("age_days,allowed", [(30, True), (91, False)])
    def test_genuine_past_paid_interval_retained_owner_read_and_viewer_privacy(
        admitted, age_days, allowed, tmp_path, client, settings, monkeypatch
    ):
>       user, org, subscription, report, storage, pdf = synthetic_archive(
            admitted, age_days, tmp_path
        )

tests/test_capture_archived_reads.py:209: 
_ _ _ _ _ _ _ _ _ _ _ _ _ _ _ _ _ _ _ _ _ _ _ _ _ _ _ _ _ _ _ _ _ _ _ _ _ _ _ _ 
tests/test_capture_archived_reads.py:52: in synthetic_archive
    return _synthetic_archive_owner(admitted, age_days, path)
           ^^^^^^^^^^^^^^^^^^^^^^^^^^^^^^^^^^^^^^^^^^^^^^^^^^
tests/test_capture_archived_reads.py:140: in _synthetic_archive_owner
    job = BackgroundJob.objects.create(
.venv/lib/python3.14/site-packages/django/db/models/manager.py:87: in manager_method
    return getattr(self.get_queryset(), name)(*args, **kwargs)
           ^^^^^^^^^^^^^^^^^^^^^^^^^^^^^^^^^^^^^^^^^^^^^^^^^^^
.venv/lib/python3.14/site-packages/django/db/models/query.py:665: in create
    obj.save(force_insert=True, using=self.db)
apps/jobs/models.py:120: in save
    super().save(*args, **kwargs)
.venv/lib/python3.14/site-packages/django/db/models/base.py:902: in save
    self.save_base(
.venv/lib/python3.14/site-packages/django/db/models/base.py:1008: in save_base
    updated = self._save_table(
.venv/lib/python3.14/site-packages/django/db/models/base.py:1169: in _save_table
    results = self._do_insert(
.venv/lib/python3.14/site-packages/django/db/models/base.py:1210: in _do_insert
    return manager._insert(
.venv/lib/python3.14/site-packages/django/db/models/manager.py:87: in manager_method
    return getattr(self.get_queryset(), name)(*args, **kwargs)
           ^^^^^^^^^^^^^^^^^^^^^^^^^^^^^^^^^^^^^^^^^^^^^^^^^^^
.venv/lib/python3.14/site-packages/django/db/models/query.py:1873: in _insert
    return query.get_compiler(using=using).execute_sql(returning_fields)
           ^^^^^^^^^^^^^^^^^^^^^^^^^^^^^^^^^^^^^^^^^^^^^^^^^^^^^^^^^^^^^
.venv/lib/python3.14/site-packages/django/db/models/sql/compiler.py:1882: in execute_sql
    cursor.execute(sql, params)
.venv/lib/python3.14/site-packages/django/db/backends/utils.py:79: in execute
    return self._execute_with_wrappers(
.venv/lib/python3.14/site-packages/django/db/backends/utils.py:92: in _execute_with_wrappers
    return executor(sql, params, many, context)
           ^^^^^^^^^^^^^^^^^^^^^^^^^^^^^^^^^^^^
.venv/lib/python3.14/site-packages/django/db/backends/utils.py:100: in _execute
    with self.db.wrap_database_errors:
         ^^^^^^^^^^^^^^^^^^^^^^^^^^^^
.venv/lib/python3.14/site-packages/django/db/utils.py:91: in __exit__
    raise dj_exc_value.with_traceback(traceback) from exc_value
.venv/lib/python3.14/site-packages/django/db/backends/utils.py:105: in _execute
    return self.cursor.execute(sql, params)
           ^^^^^^^^^^^^^^^^^^^^^^^^^^^^^^^^
_ _ _ _ _ _ _ _ _ _ _ _ _ _ _ _ _ _ _ _ _ _ _ _ _ _ _ _ _ _ _ _ _ _ _ _ _ _ _ _ 

self = <django.db.backends.postgresql.base.Cursor [closed] [IDLE] (host=qualification-db user=postgres database=test_qualification) at 0x7de6cb87baf0>
query = 'INSERT INTO "background_jobs" ("id", "organization_id", "job_type", "payload", "input_sha256", "status", "priority", ...rprint", "created_at", "completed_at") VALUES (%s, %s, %s, %s, %s, %s, %s, %s, %s, %s, %s, %s, %s, %s, %s, %s, %s, %s)'
params = (UUID('b5d0a7f7-b959-4157-812a-a4320e51cf50'), UUID('a0b4cc1b-d8a9-44ba-a55e-be02e47c48a6'), 'report_generation', Json...8ef5da3-b238-4807-8 ... (53 chars)), '1a3997b75e48748646c4289448ab19f59c00fd65a81e872964d861d86c6e0b84', 'queued', ...)
prepare = None, binary = None

    def execute(
        self,
        query: Query,
        params: Params | None = None,
        *,
        prepare: bool | None = None,
        binary: bool | None = None,
    ) -> Self:
        """
        Execute a query or command to the database.
        """
        try:
            with self._conn.lock:
                self._conn.wait(
                    self._execute_gen(query, params, prepare=prepare, binary=binary)
                )
        except e._NO_TRACEBACK as ex:
>           raise ex.with_traceback(None)
E           django.db.utils.IntegrityError: null value in column "available_at" of relation "background_jobs" violates not-null constraint

.venv/lib/python3.14/site-packages/psycopg/cursor.py:117: IntegrityError
____ test_sql_issuance_matches_complete_permanent_python_contract[approval] ____

capture_context = (<User: reports@example.com>, <Organization: Report Firm>)
enabled = None, case = 'approval'

    @pytest.mark.parametrize(
        "case",
        ["unknown", "approval", "accounting_fail", "non_accounting", "known_no_actions", "external_transfer"],
    )
    def test_sql_issuance_matches_complete_permanent_python_contract(
        capture_context, enabled, case
    ):
        user, org = capture_context
        if case == "non_accounting":
            org.industry = "legal"
            org.save(update_fields=["industry"])
        if case in {"approval", "accounting_fail", "known_no_actions", "non_accounting", "external_transfer"}:
            issue(
                capture_context,
>               form(
                    display_name="Explicit proposal specimen",
                    business_owner="Responsible owner",
                    business_purpose="Review declared workflow",
                    human_approval="false",
                    autonomy_level="3" if case != "known_no_actions" else "0",
                    permissions=["write"] if case != "known_no_actions" else [],
                    capabilities=["financial_transaction", "record_modification"]
                    if case != "known_no_actions"
                    else [],
                    connected_systems=["banking"],
                    data_categories=["payroll", "tax_records"],
                ),
            )

tests/test_capture_proposal_admission.py:67: 
_ _ _ _ _ _ _ _ _ _ _ _ _ _ _ _ _ _ _ _ _ _ _ _ _ _ _ _ _ _ _ _ _ _ _ _ _ _ _ _ 

values = {'display_name': 'Explicit proposal specimen', 'business_owner': 'Responsible owner', 'business_purpose': 'Review declared workflow', 'human_approval': 'false', ...}

    def form(**values):
        result = ExplicitInventoryForm(
            {"display_name": "Workflow helper", "declaration_as_of": "2026-01-01", **values}
        )
>       assert result.is_valid(), result.errors
E       AssertionError: {'human_approval': ['Select a valid choice. false is not one of the available choices.']}
E       assert False
E        +  where False = is_valid()
E        +    where is_valid = <ExplicitInventoryForm bound=True, valid=False, fields=(display_name;vendor_name;business_owner;department;business_pu...ost;human_approval;autonomy_level;status;declaration_as_of;connected_systems;data_categories;permissions;capabilities)>.is_valid

tests/test_explicit_inventory.py:49: AssertionError
_ test_sql_issuance_matches_complete_permanent_python_contract[accounting_fail] _

capture_context = (<User: reports@example.com>, <Organization: Report Firm>)
enabled = None, case = 'accounting_fail'

    @pytest.mark.parametrize(
        "case",
        ["unknown", "approval", "accounting_fail", "non_accounting", "known_no_actions", "external_transfer"],
    )
    def test_sql_issuance_matches_complete_permanent_python_contract(
        capture_context, enabled, case
    ):
        user, org = capture_context
        if case == "non_accounting":
            org.industry = "legal"
            org.save(update_fields=["industry"])
        if case in {"approval", "accounting_fail", "known_no_actions", "non_accounting", "external_transfer"}:
            issue(
                capture_context,
>               form(
                    display_name="Explicit proposal specimen",
                    business_owner="Responsible owner",
                    business_purpose="Review declared workflow",
                    human_approval="false",
                    autonomy_level="3" if case != "known_no_actions" else "0",
                    permissions=["write"] if case != "known_no_actions" else [],
                    capabilities=["financial_transaction", "record_modification"]
                    if case != "known_no_actions"
                    else [],
                    connected_systems=["banking"],
                    data_categories=["payroll", "tax_records"],
                ),
            )

tests/test_capture_proposal_admission.py:67: 
_ _ _ _ _ _ _ _ _ _ _ _ _ _ _ _ _ _ _ _ _ _ _ _ _ _ _ _ _ _ _ _ _ _ _ _ _ _ _ _ 

values = {'display_name': 'Explicit proposal specimen', 'business_owner': 'Responsible owner', 'business_purpose': 'Review declared workflow', 'human_approval': 'false', ...}

    def form(**values):
        result = ExplicitInventoryForm(
            {"display_name": "Workflow helper", "declaration_as_of": "2026-01-01", **values}
        )
>       assert result.is_valid(), result.errors
E       AssertionError: {'human_approval': ['Select a valid choice. false is not one of the available choices.']}
E       assert False
E        +  where False = is_valid()
E        +    where is_valid = <ExplicitInventoryForm bound=True, valid=False, fields=(display_name;vendor_name;business_owner;department;business_pu...ost;human_approval;autonomy_level;status;declaration_as_of;connected_systems;data_categories;permissions;capabilities)>.is_valid

tests/test_explicit_inventory.py:49: AssertionError
_ test_sql_issuance_matches_complete_permanent_python_contract[non_accounting] _

capture_context = (<User: reports@example.com>, <Organization: Report Firm>)
enabled = None, case = 'non_accounting'

    @pytest.mark.parametrize(
        "case",
        ["unknown", "approval", "accounting_fail", "non_accounting", "known_no_actions", "external_transfer"],
    )
    def test_sql_issuance_matches_complete_permanent_python_contract(
        capture_context, enabled, case
    ):
        user, org = capture_context
        if case == "non_accounting":
            org.industry = "legal"
            org.save(update_fields=["industry"])
        if case in {"approval", "accounting_fail", "known_no_actions", "non_accounting", "external_transfer"}:
            issue(
                capture_context,
>               form(
                    display_name="Explicit proposal specimen",
                    business_owner="Responsible owner",
                    business_purpose="Review declared workflow",
                    human_approval="false",
                    autonomy_level="3" if case != "known_no_actions" else "0",
                    permissions=["write"] if case != "known_no_actions" else [],
                    capabilities=["financial_transaction", "record_modification"]
                    if case != "known_no_actions"
                    else [],
                    connected_systems=["banking"],
                    data_categories=["payroll", "tax_records"],
                ),
            )

tests/test_capture_proposal_admission.py:67: 
_ _ _ _ _ _ _ _ _ _ _ _ _ _ _ _ _ _ _ _ _ _ _ _ _ _ _ _ _ _ _ _ _ _ _ _ _ _ _ _ 

values = {'display_name': 'Explicit proposal specimen', 'business_owner': 'Responsible owner', 'business_purpose': 'Review declared workflow', 'human_approval': 'false', ...}

    def form(**values):
        result = ExplicitInventoryForm(
            {"display_name": "Workflow helper", "declaration_as_of": "2026-01-01", **values}
        )
>       assert result.is_valid(), result.errors
E       AssertionError: {'human_approval': ['Select a valid choice. false is not one of the available choices.']}
E       assert False
E        +  where False = is_valid()
E        +    where is_valid = <ExplicitInventoryForm bound=True, valid=False, fields=(display_name;vendor_name;business_owner;department;business_pu...ost;human_approval;autonomy_level;status;declaration_as_of;connected_systems;data_categories;permissions;capabilities)>.is_valid

tests/test_explicit_inventory.py:49: AssertionError
_ test_sql_issuance_matches_complete_permanent_python_contract[known_no_actions] _

capture_context = (<User: reports@example.com>, <Organization: Report Firm>)
enabled = None, case = 'known_no_actions'

    @pytest.mark.parametrize(
        "case",
        ["unknown", "approval", "accounting_fail", "non_accounting", "known_no_actions", "external_transfer"],
    )
    def test_sql_issuance_matches_complete_permanent_python_contract(
        capture_context, enabled, case
    ):
        user, org = capture_context
        if case == "non_accounting":
            org.industry = "legal"
            org.save(update_fields=["industry"])
        if case in {"approval", "accounting_fail", "known_no_actions", "non_accounting", "external_transfer"}:
            issue(
                capture_context,
>               form(
                    display_name="Explicit proposal specimen",
                    business_owner="Responsible owner",
                    business_purpose="Review declared workflow",
                    human_approval="false",
                    autonomy_level="3" if case != "known_no_actions" else "0",
                    permissions=["write"] if case != "known_no_actions" else [],
                    capabilities=["financial_transaction", "record_modification"]
                    if case != "known_no_actions"
                    else [],
                    connected_systems=["banking"],
                    data_categories=["payroll", "tax_records"],
                ),
            )

tests/test_capture_proposal_admission.py:67: 
_ _ _ _ _ _ _ _ _ _ _ _ _ _ _ _ _ _ _ _ _ _ _ _ _ _ _ _ _ _ _ _ _ _ _ _ _ _ _ _ 

values = {'display_name': 'Explicit proposal specimen', 'business_owner': 'Responsible owner', 'business_purpose': 'Review declared workflow', 'human_approval': 'false', ...}

    def form(**values):
        result = ExplicitInventoryForm(
            {"display_name": "Workflow helper", "declaration_as_of": "2026-01-01", **values}
        )
>       assert result.is_valid(), result.errors
E       AssertionError: {'human_approval': ['Select a valid choice. false is not one of the available choices.']}
E       assert False
E        +  where False = is_valid()
E        +    where is_valid = <ExplicitInventoryForm bound=True, valid=False, fields=(display_name;vendor_name;business_owner;department;business_pu...ost;human_approval;autonomy_level;status;declaration_as_of;connected_systems;data_categories;permissions;capabilities)>.is_valid

tests/test_explicit_inventory.py:49: AssertionError
_ test_sql_issuance_matches_complete_permanent_python_contract[external_transfer] _

capture_context = (<User: reports@example.com>, <Organization: Report Firm>)
enabled = None, case = 'external_transfer'

    @pytest.mark.parametrize(
        "case",
        ["unknown", "approval", "accounting_fail", "non_accounting", "known_no_actions", "external_transfer"],
    )
    def test_sql_issuance_matches_complete_permanent_python_contract(
        capture_context, enabled, case
    ):
        user, org = capture_context
        if case == "non_accounting":
            org.industry = "legal"
            org.save(update_fields=["industry"])
        if case in {"approval", "accounting_fail", "known_no_actions", "non_accounting", "external_transfer"}:
            issue(
                capture_context,
>               form(
                    display_name="Explicit proposal specimen",
                    business_owner="Responsible owner",
                    business_purpose="Review declared workflow",
                    human_approval="false",
                    autonomy_level="3" if case != "known_no_actions" else "0",
                    permissions=["write"] if case != "known_no_actions" else [],
                    capabilities=["financial_transaction", "record_modification"]
                    if case != "known_no_actions"
                    else [],
                    connected_systems=["banking"],
                    data_categories=["payroll", "tax_records"],
                ),
            )

tests/test_capture_proposal_admission.py:67: 
_ _ _ _ _ _ _ _ _ _ _ _ _ _ _ _ _ _ _ _ _ _ _ _ _ _ _ _ _ _ _ _ _ _ _ _ _ _ _ _ 

values = {'display_name': 'Explicit proposal specimen', 'business_owner': 'Responsible owner', 'business_purpose': 'Review declared workflow', 'human_approval': 'false', ...}

    def form(**values):
        result = ExplicitInventoryForm(
            {"display_name": "Workflow helper", "declaration_as_of": "2026-01-01", **values}
        )
>       assert result.is_valid(), result.errors
E       AssertionError: {'human_approval': ['Select a valid choice. false is not one of the available choices.']}
E       assert False
E        +  where False = is_valid()
E        +    where is_valid = <ExplicitInventoryForm bound=True, valid=False, fields=(display_name;vendor_name;business_owner;department;business_pu...ost;human_approval;autonomy_level;status;declaration_as_of;connected_systems;data_categories;permissions;capabilities)>.is_valid

tests/test_explicit_inventory.py:49: AssertionError
________________ test_proposal_admission_fails_closed[profile] _________________

self = <django.db.backends.utils.CursorWrapper object at 0x7de6cab8c230>
sql = 'DELETE FROM "organization_workflow_profiles" WHERE "organization_workflow_profiles"."organization_id" = %s'
params = (UUID('b48be16a-ab1e-4d23-8b9b-980bbceb32fc'),)
ignored_wrapper_args = (False, {'connection': <DatabaseWrapper vendor='postgresql' alias='default'>, 'cursor': <django.db.backends.utils.CursorWrapper object at 0x7de6cab8c230>})

    def _execute(self, sql, params, *ignored_wrapper_args):
        # Raise a warning during app initialization (stored_app_configs is only
        # ever set during testing).
        if not apps.ready and not apps.stored_app_configs:
            warnings.warn(self.APPS_NOT_READY_WARNING_MSG, category=RuntimeWarning)
        self.db.validate_no_broken_transaction()
        with self.db.wrap_database_errors:
            if params is None:
                # params default might be backend specific.
                return self.cursor.execute(sql)
            else:
>               return self.cursor.execute(sql, params)
                       ^^^^^^^^^^^^^^^^^^^^^^^^^^^^^^^^

.venv/lib/python3.14/site-packages/django/db/backends/utils.py:105: 
_ _ _ _ _ _ _ _ _ _ _ _ _ _ _ _ _ _ _ _ _ _ _ _ _ _ _ _ _ _ _ _ _ _ _ _ _ _ _ _ 

self = <django.db.backends.postgresql.base.Cursor [closed] [IDLE] (host=qualification-db user=postgres database=test_qualification) at 0x7de6cd854670>
query = 'DELETE FROM "organization_workflow_profiles" WHERE "organization_workflow_profiles"."organization_id" = %s'
params = (UUID('b48be16a-ab1e-4d23-8b9b-980bbceb32fc'),), prepare = None
binary = None

    def execute(
        self,
        query: Query,
        params: Params | None = None,
        *,
        prepare: bool | None = None,
        binary: bool | None = None,
    ) -> Self:
        """
        Execute a query or command to the database.
        """
        try:
            with self._conn.lock:
                self._conn.wait(
                    self._execute_gen(query, params, prepare=prepare, binary=binary)
                )
        except e._NO_TRACEBACK as ex:
>           raise ex.with_traceback(None)
E           psycopg.errors.RaiseException: Workflow profile is immutable
E           CONTEXT:  PL/pgSQL function app_private.protect_workflow_profile() line 3 at RAISE

.venv/lib/python3.14/site-packages/psycopg/cursor.py:117: RaiseException

The above exception was the direct cause of the following exception:

capture_context = (<User: reports@example.com>, <Organization: Report Firm>)
enabled = None
settings = <pytest_django.fixtures.Settings object at 0x7de6ca8a6b10>
gate = 'profile'

    @pytest.mark.parametrize("gate", ["python", "database", "paid", "profile"])
    def test_proposal_admission_fails_closed(capture_context, enabled, settings, gate):
        user, org = capture_context
        snapshot = admit(capture_context, preview(capture_context))
        if gate == "python":
            settings.CORE_PROPOSAL_ADMISSION_ENABLED = False
        if gate == "database":
            CoreProposalAdmissionGate.objects.filter(id=1).update(enabled=False)
        if gate == "paid":
            with connections["default"].cursor() as cursor:
                cursor.execute(
                    "UPDATE billing_subscription SET status='canceled' "
                    "WHERE organization_id=%s",
                    [org.id],
                )
        if gate == "profile":
            from apps.organizations.models import WorkflowProfile
    
>           WorkflowProfile.objects.filter(organization=org).delete()

tests/test_capture_proposal_admission.py:128: 
_ _ _ _ _ _ _ _ _ _ _ _ _ _ _ _ _ _ _ _ _ _ _ _ _ _ _ _ _ _ _ _ _ _ _ _ _ _ _ _ 
.venv/lib/python3.14/site-packages/django/db/models/query.py:1201: in delete
    num_deleted, num_deleted_per_model = collector.delete()
                                         ^^^^^^^^^^^^^^^^^^
.venv/lib/python3.14/site-packages/django/db/models/deletion.py:467: in delete
    count = qs._raw_delete(using=self.using)
            ^^^^^^^^^^^^^^^^^^^^^^^^^^^^^^^^
.venv/lib/python3.14/site-packages/django/db/models/query.py:1223: in _raw_delete
    return query.get_compiler(using).execute_sql(ROW_COUNT)
           ^^^^^^^^^^^^^^^^^^^^^^^^^^^^^^^^^^^^^^^^^^^^^^^^
.venv/lib/python3.14/site-packages/django/db/models/sql/compiler.py:1623: in execute_sql
    cursor.execute(sql, params)
.venv/lib/python3.14/site-packages/django/db/backends/utils.py:79: in execute
    return self._execute_with_wrappers(
.venv/lib/python3.14/site-packages/django/db/backends/utils.py:92: in _execute_with_wrappers
    return executor(sql, params, many, context)
           ^^^^^^^^^^^^^^^^^^^^^^^^^^^^^^^^^^^^
.venv/lib/python3.14/site-packages/django/db/backends/utils.py:100: in _execute
    with self.db.wrap_database_errors:
         ^^^^^^^^^^^^^^^^^^^^^^^^^^^^
.venv/lib/python3.14/site-packages/django/db/utils.py:91: in __exit__
    raise dj_exc_value.with_traceback(traceback) from exc_value
.venv/lib/python3.14/site-packages/django/db/backends/utils.py:105: in _execute
    return self.cursor.execute(sql, params)
           ^^^^^^^^^^^^^^^^^^^^^^^^^^^^^^^^
_ _ _ _ _ _ _ _ _ _ _ _ _ _ _ _ _ _ _ _ _ _ _ _ _ _ _ _ _ _ _ _ _ _ _ _ _ _ _ _ 

self = <django.db.backends.postgresql.base.Cursor [closed] [IDLE] (host=qualification-db user=postgres database=test_qualification) at 0x7de6cd854670>
query = 'DELETE FROM "organization_workflow_profiles" WHERE "organization_workflow_profiles"."organization_id" = %s'
params = (UUID('b48be16a-ab1e-4d23-8b9b-980bbceb32fc'),), prepare = None
binary = None

    def execute(
        self,
        query: Query,
        params: Params | None = None,
        *,
        prepare: bool | None = None,
        binary: bool | None = None,
    ) -> Self:
        """
        Execute a query or command to the database.
        """
        try:
            with self._conn.lock:
                self._conn.wait(
                    self._execute_gen(query, params, prepare=prepare, binary=binary)
                )
        except e._NO_TRACEBACK as ex:
>           raise ex.with_traceback(None)
E           django.db.utils.ProgrammingError: Workflow profile is immutable
E           CONTEXT:  PL/pgSQL function app_private.protect_workflow_profile() line 3 at RAISE

.venv/lib/python3.14/site-packages/psycopg/cursor.py:117: ProgrammingError
=========================== short test summary info ============================
FAILED tests/test_capture_archived_reads.py::test_genuine_past_paid_interval_retained_owner_read_and_viewer_privacy[30-True]
FAILED tests/test_capture_archived_reads.py::test_genuine_past_paid_interval_retained_owner_read_and_viewer_privacy[91-False]
FAILED tests/test_capture_proposal_admission.py::test_sql_issuance_matches_complete_permanent_python_contract[approval]
FAILED tests/test_capture_proposal_admission.py::test_sql_issuance_matches_complete_permanent_python_contract[accounting_fail]
FAILED tests/test_capture_proposal_admission.py::test_sql_issuance_matches_complete_permanent_python_contract[non_accounting]
FAILED tests/test_capture_proposal_admission.py::test_sql_issuance_matches_complete_permanent_python_contract[known_no_actions]
FAILED tests/test_capture_proposal_admission.py::test_sql_issuance_matches_complete_permanent_python_contract[external_transfer]
FAILED tests/test_capture_proposal_admission.py::test_proposal_admission_fails_closed[profile]
8 failed, 70 passed in 32.43s
