#0 building with "desktop-linux" instance using docker driver

#1 [internal] load build definition from Dockerfile.qualification
#1 transferring dockerfile: 836B 0.1s done
#1 DONE 0.2s

#2 [internal] load metadata for docker.io/library/python:3.14.7-slim
#2 ...

#3 [auth] library/python:pull token for registry-1.docker.io
#3 DONE 0.0s

#4 [internal] load metadata for ghcr.io/astral-sh/uv:0.12.9
#4 DONE 3.1s

#2 [internal] load metadata for docker.io/library/python:3.14.7-slim
#2 DONE 3.1s

#5 [internal] load .dockerignore
#5 transferring context:
#5 transferring context: 164B 0.0s done
#5 DONE 0.2s

#6 [internal] load build context
#6 DONE 0.0s

#7 [uv 1/1] FROM ghcr.io/astral-sh/uv:0.12.9@sha256:8b940d3a9d65bed080436972241af2e21c84b5e8c9193f7014ed71479ee795ff
#7 resolve ghcr.io/astral-sh/uv:0.12.9@sha256:8b940d3a9d65bed080436972241af2e21c84b5e8c9193f7014ed71479ee795ff
#7 resolve ghcr.io/astral-sh/uv:0.12.9@sha256:8b940d3a9d65bed080436972241af2e21c84b5e8c9193f7014ed71479ee795ff 0.2s done
#7 DONE 0.3s

#8 [stage-1 1/8] FROM docker.io/library/python:3.14.7-slim@sha256:51dafde81dbdb6ebde285137a295cf18a47ca95234fe388a343719cb97305b3d
#8 resolve docker.io/library/python:3.14.7-slim@sha256:51dafde81dbdb6ebde285137a295cf18a47ca95234fe388a343719cb97305b3d 0.2s done
#8 DONE 0.2s

#6 [internal] load build context
#6 transferring context: 107.80kB 0.6s done
#6 DONE 0.7s

#9 [stage-1 5/8] RUN uv sync --frozen --no-install-project
#9 CACHED

#10 [stage-1 2/8] COPY --from=uv /uv /bin/uv
#10 CACHED

#11 [stage-1 3/8] WORKDIR /app
#11 CACHED

#12 [stage-1 4/8] COPY source/pyproject.toml source/uv.lock ./
#12 CACHED

#13 [stage-1 6/8] RUN /app/.venv/bin/playwright install --with-deps --only-shell chromium && apt-get install -y --no-install-recommends poppler-utils && chmod -R a+rX /ms-playwright && rm -rf /var/lib/apt/lists/*
#13 CACHED

#14 [stage-1 7/8] COPY source/ ./
#14 DONE 3.1s

#15 [stage-1 8/8] RUN groupadd --gid 10001 qualification && useradd --uid 10001 --gid 10001 --no-create-home qualification
#15 DONE 3.3s

#16 exporting to image
#16 exporting layers
#16 exporting layers 2.5s done
#16 exporting manifest sha256:ee22ab3ee96dcfb4f5a7567053aa0fd51fbf05bb22cee033b62ae8be77d7d310 0.1s done
#16 exporting config sha256:30b40bd3267c44b9f5759cb8c4829aa48a73b7540e79d678bcb1ffd882c6f198 0.1s done
#16 exporting attestation manifest sha256:f78239cca0e8347095d81a8de3de3b37e852c77620d1f71872d7bedee34f937e
#16 exporting attestation manifest sha256:f78239cca0e8347095d81a8de3de3b37e852c77620d1f71872d7bedee34f937e 0.2s done
#16 exporting manifest list sha256:13ae9acd5b66244276a1e16c37fbb5737ddae5fc77ccaeda1aca2a9c22e33e77
#16 exporting manifest list sha256:13ae9acd5b66244276a1e16c37fbb5737ddae5fc77ccaeda1aca2a9c22e33e77 0.2s done
#16 naming to docker.io/library/stewardence-local-qualification:stewardence-local-9ed07865de 0.0s done
#16 unpacking to docker.io/library/stewardence-local-qualification:stewardence-local-9ed07865de
#16 unpacking to docker.io/library/stewardence-local-qualification:stewardence-local-9ed07865de 1.4s done
#16 DONE 4.8s
