Operations to perform:
  Apply all migrations: accounts, assessments, audit, auth, billing, catalog, contenttypes, imports, integrations, inventory, jobs, organizations, policies, reports, reviews, sessions
Running migrations:
  Applying contenttypes.0001_initial... OK
  Applying contenttypes.0002_remove_content_type_name... OK
  Applying auth.0001_initial... OK
  Applying auth.0002_alter_permission_name_max_length... OK
  Applying auth.0003_alter_user_email_max_length... OK
  Applying auth.0004_alter_user_username_opts... OK
  Applying auth.0005_alter_user_last_login_null... OK
  Applying auth.0006_require_contenttypes_0002... OK
  Applying auth.0007_alter_validators_add_error_messages... OK
  Applying auth.0008_alter_user_username_max_length... OK
  Applying auth.0009_alter_user_last_name_max_length... OK
  Applying auth.0010_alter_group_name_max_length... OK
  Applying auth.0011_update_proxy_permissions... OK
  Applying auth.0012_alter_user_first_name_max_length... OK
  Applying accounts.0001_initial... OK
  Applying organizations.0001_initial... OK
  Applying sessions.0001_initial... OK
  Applying inventory.0001_initial... OK
  Applying inventory.0002_database_security... OK
  Applying catalog.0001_initial... OK
  Applying inventory.0003_remove_inventoryitem_product_id_and_more... OK
  Applying assessments.0001_initial... OK
  Applying assessments.0002_snapshot_security... OK
  Applying reports.0001_initial... OK
  Applying audit.0001_initial... OK
  Applying audit.0002_audit_security... OK
  Applying reports.0002_report_security... OK
  Applying reports.0003_reportartifact... OK
  Applying reports.0004_reportartifact_security... OK
  Applying organizations.0002_public_onboarding... OK
  Applying organizations.0003_workflow_profile... OK
  Applying jobs.0001_initial... OK
  Applying jobs.0002_job_security... OK
  Applying jobs.0003_recovery_receipts... OK
  Applying jobs.0004_receipt_admission... OK
  Applying jobs.0005_atomic_recovery_admission... OK
  Applying jobs.0006_corecontrol_workflowschedule_actioncardrevision_and_more... OK
  Applying jobs.0007_core_workflow_security... OK
  Applying jobs.0008_worker_transition_authority... OK
  Applying billing.0001_initial... OK
  Applying billing.0002_stripewebhookevent... OK
  Applying billing.0003_founderslot... OK
  Applying billing.0004_founderslot_reservation_token... OK
  Applying billing.0005_billing_security... OK
  Applying jobs.0009_core_issuance_authority... OK
  Applying jobs.0010_job_input_admission... OK
  Applying jobs.0011_action_card_issuance... OK
  Applying jobs.0012_core_authority_successor... OK
  Applying billing.0006_paid_coverage... OK
  Applying jobs.0013_paid_entitlement... OK
  Applying inventory.0004_discovery_evidence... OK
  Applying inventory.0005_discovery_security... OK
  Applying catalog.0002_catalog_security... OK
  Applying inventory.0006_detectionevidence_inventory_item_and_more... OK
  Applying inventory.0007_inventoryitem_declared_fields... OK
  Applying inventory.0008_explicit_declarations... OK
  Applying assessments.0003_deliberate_capture... OK
  Applying billing.0007_ingester_effects... OK
  Applying billing.0008_checkout_intent... OK
  Applying billing.0009_customer_request... OK
  Applying imports.0001_initial... OK
  Applying imports.0002_import_staging_security... OK
  Applying integrations.0001_initial... OK
  Applying integrations.0002_providerconnection_providerattempt_providerevent_and_more... OK
  Applying reviews.0001_initial... OK
  Applying jobs.0014_decision_desk... OK
  Applying reviews.0002_pack_lifecycle... OK
  Applying reviews.0003_worker_pack_projection... OK
  Applying reviews.0004_capture_pack_projection... OK
  Applying jobs.0015_legacy_action_card_schema_fence... OK
  Applying reviews.0005_capture_proposal_admission... OK
  Applying jobs.0016_capture_decisions... OK
  Applying policies.0001_initial... OK
  Applying policies.0002_organization_rule_security... OK
  Applying policies.0003_remove_organizationrule_unique_organization_rule_name_and_more... OK
  Applying reports.0005_review_pack_read_authority... OK
  Applying reports.0006_capture_owner_read... OK
  Applying reviews.0006_capture_proposal_packs... OK
  Applying reviews.0007_unused_stop... OK
.......................F................................................ [ 51%]
.....................................................................    [100%]
=================================== FAILURES ===================================
_ test_exact_stop_billing_exemption_never_bypasses_owner_or_tenant[foreign_owner-404] _

unused_pack = (<User: reports@example.com>, <Organization: Report Firm>, <AssessmentSnapshot: 0fde6d13-252f-4dd9-a48d-31b512267010 v1>, <PackIdentity: Review pack 407c3d88-1941-439f-9457-706eee7bb4a7>)
settings = <pytest_django.fixtures.Settings object at 0x75334025f0d0>
visitor = 'foreign_owner', status = 404

    @pytest.mark.parametrize("visitor,status", [("viewer", 403), ("foreign_owner", 404)])
    def test_exact_stop_billing_exemption_never_bypasses_owner_or_tenant(
        unused_pack, settings, visitor, status
    ):
        owner, original_org = unused_pack[:2]
        if visitor == "viewer":
            owner = get_user_model().objects.create_user("stop-viewer@example.invalid")
            org = original_org
            OrganizationMember.objects.create(organization=org, user=owner, role="viewer")
        if visitor == "foreign_owner":
            org = Organization.objects.create(name="Foreign stop workspace")
            OrganizationMember.objects.create(organization=org, user=owner, role="owner")
        # A paid owner's portfolio redirects when a different workspace is active.
        # Obtain the real CSRF cookie in that owner's subscribed workspace, then
        # deliberately select the foreign tenant for the exact stop POST.
        cookie_org = original_org if visitor == "foreign_owner" else org
        client = owner_client((owner, cookie_org), settings)
        # Obtain only CSRF cookie on an allowed authenticated billing GET. Do not
        # remove BillingEntitlementMiddleware or alter tenant/owner middleware.
        with actual_app_default():
>           assert client.get(reverse("billing:portfolio")).status_code == 200
E           assert 302 == 200
E            +  where 302 = <HttpResponseRedirect status_code=302, "text/html; charset=utf-8", url="/workspaces/">.status_code
E            +    where <HttpResponseRedirect status_code=302, "text/html; charset=utf-8", url="/workspaces/"> = get('/billing/portfolio/')
E            +      where get = <django.test.client.Client object at 0x7533426f6710>.get
E            +      and   '/billing/portfolio/' = reverse('billing:portfolio')

tests/test_review_unused_stop_ui.py:164: AssertionError
=============================== warnings summary ===============================
tests/test_review_unused_stop_ui.py: 9 warnings
tests/test_capture_v4_worker.py: 2 warnings
tests/test_capture_v4_reads.py: 6 warnings
tests/test_capture_proposal_ui.py: 10 warnings
tests/test_capture_review_ui.py: 21 warnings
  /app/.venv/lib/python3.14/site-packages/django/core/handlers/base.py:61: UserWarning: No directory at: /app/staticfiles/
    mw_instance = middleware(adapted_handler)

-- Docs: https://docs.pytest.org/en/stable/how-to/capture-warnings.html
=========================== short test summary info ============================
FAILED tests/test_review_unused_stop_ui.py::test_exact_stop_billing_exemption_never_bypasses_owner_or_tenant[foreign_owner-404]
1 failed, 140 passed, 48 warnings in 137.21s (0:02:17)
