#0 building with "desktop-linux" instance using docker driver

#1 [internal] load build definition from Dockerfile.qualification
#1 transferring dockerfile: 525B 0.0s done
#1 DONE 0.0s

#2 [internal] load metadata for docker.io/library/python:3.14.7-slim
#2 DONE 0.6s

#3 [internal] load metadata for ghcr.io/astral-sh/uv:0.12.9
#3 DONE 0.7s

#4 [internal] load .dockerignore
#4 transferring context:
#4 transferring context: 164B done
#4 DONE 0.1s

#5 [internal] load build context
#5 DONE 0.0s

#6 [uv 1/1] FROM ghcr.io/astral-sh/uv:0.12.9@sha256:8b940d3a9d65bed080436972241af2e21c84b5e8c9193f7014ed71479ee795ff
#6 resolve ghcr.io/astral-sh/uv:0.12.9@sha256:8b940d3a9d65bed080436972241af2e21c84b5e8c9193f7014ed71479ee795ff 0.1s done
#6 DONE 0.1s

#7 [stage-1 1/7] FROM docker.io/library/python:3.14.7-slim@sha256:51dafde81dbdb6ebde285137a295cf18a47ca95234fe388a343719cb97305b3d
#7 resolve docker.io/library/python:3.14.7-slim@sha256:51dafde81dbdb6ebde285137a295cf18a47ca95234fe388a343719cb97305b3d 0.1s done
#7 DONE 0.2s

#5 [internal] load build context
#5 transferring context: 30.69kB 0.0s done
#5 DONE 0.1s

#8 [stage-1 3/7] WORKDIR /app
#8 CACHED

#9 [stage-1 4/7] COPY source/pyproject.toml source/uv.lock ./
#9 CACHED

#10 [stage-1 2/7] COPY --from=uv /uv /bin/uv
#10 CACHED

#11 [stage-1 5/7] RUN uv sync --frozen --no-install-project
#11 CACHED

#12 [stage-1 6/7] COPY source/ ./
#12 DONE 0.4s

#13 [stage-1 7/7] RUN groupadd --gid 10001 qualification && useradd --uid 10001 --gid 10001 --no-create-home qualification
#13 DONE 1.1s

#14 exporting to image
#14 exporting layers
#14 exporting layers 0.9s done
#14 exporting manifest sha256:6aab69b85dceac6abdc28691c22d7992dc2c58d516e79bfcacedf538aec96686 0.1s done
#14 exporting config sha256:25b201047538751c9f169e20a20beb79d3df65a2f1edcff6280441a4a3ae8705 0.1s done
#14 exporting attestation manifest sha256:32a5000b02f45153eb3c8a00d01c3928fee49db03f03d537c9b2a149cf588b00 0.1s done
#14 exporting manifest list sha256:102af0e22bed6670586503323e0e2ee7adf397129023a1372faceaec933ad282
#14 exporting manifest list sha256:102af0e22bed6670586503323e0e2ee7adf397129023a1372faceaec933ad282 0.1s done
#14 naming to docker.io/library/stewardence-local-qualification:current
#14 naming to docker.io/library/stewardence-local-qualification:current 0.0s done
#14 unpacking to docker.io/library/stewardence-local-qualification:current
#14 unpacking to docker.io/library/stewardence-local-qualification:current 0.3s done
#14 DONE 1.7s
