#0 building with "desktop-linux" instance using docker driver

#1 [internal] load build definition from Dockerfile.qualification
#1 transferring dockerfile: 836B 0.1s done
#1 DONE 0.2s

#2 [internal] load metadata for ghcr.io/astral-sh/uv:0.12.9
#2 ...

#3 [auth] library/python:pull token for registry-1.docker.io
#3 DONE 0.0s

#4 [internal] load metadata for docker.io/library/python:3.14.7-slim
#4 ...

#2 [internal] load metadata for ghcr.io/astral-sh/uv:0.12.9
#2 DONE 2.1s

#4 [internal] load metadata for docker.io/library/python:3.14.7-slim
#4 DONE 2.2s

#5 [internal] load .dockerignore
#5 transferring context:
#5 transferring context: 164B 0.0s done
#5 DONE 0.1s

#6 [internal] load build context
#6 DONE 0.0s

#7 [uv 1/1] FROM ghcr.io/astral-sh/uv:0.12.9@sha256:8b940d3a9d65bed080436972241af2e21c84b5e8c9193f7014ed71479ee795ff
#7 resolve ghcr.io/astral-sh/uv:0.12.9@sha256:8b940d3a9d65bed080436972241af2e21c84b5e8c9193f7014ed71479ee795ff 0.1s done
#7 DONE 0.1s

#8 [stage-1 1/8] FROM docker.io/library/python:3.14.7-slim@sha256:51dafde81dbdb6ebde285137a295cf18a47ca95234fe388a343719cb97305b3d
#8 resolve docker.io/library/python:3.14.7-slim@sha256:51dafde81dbdb6ebde285137a295cf18a47ca95234fe388a343719cb97305b3d 0.1s done
#8 DONE 0.1s

#6 [internal] load build context
#6 transferring context: 39.82kB 0.5s done
#6 DONE 1.2s

#9 [stage-1 3/8] WORKDIR /app
#9 CACHED

#10 [stage-1 2/8] COPY --from=uv /uv /bin/uv
#10 CACHED

#11 [stage-1 4/8] COPY source/pyproject.toml source/uv.lock ./
#11 CACHED

#12 [stage-1 5/8] RUN uv sync --frozen --no-install-project
#12 CACHED

#13 [stage-1 6/8] RUN /app/.venv/bin/playwright install --with-deps --only-shell chromium && apt-get install -y --no-install-recommends poppler-utils && chmod -R a+rX /ms-playwright && rm -rf /var/lib/apt/lists/*
#13 CACHED

#14 [stage-1 7/8] COPY source/ ./
#14 CACHED

#15 [stage-1 8/8] RUN groupadd --gid 10001 qualification && useradd --uid 10001 --gid 10001 --no-create-home qualification
#15 CACHED

#16 exporting to image
#16 exporting layers 0.0s done
#16 exporting manifest sha256:cf810f0a6620f8e2062905f016f15e02e8e3b271a18d79552d6b3ca8fcb89a71 done
#16 exporting config sha256:f2619cde32e31f4a74b65bcfe2f1ded41d4d647c4478773cb530a7aa132a1109 done
#16 exporting attestation manifest sha256:488ee215056b7bb3f77f7f0d349f49aaa671fc120c40dd27e809c8464a92aa90
#16 exporting attestation manifest sha256:488ee215056b7bb3f77f7f0d349f49aaa671fc120c40dd27e809c8464a92aa90 0.1s done
#16 exporting manifest list sha256:d0f45d06454ba50544c597d60ad1a70c8bc439cc05f650c44036f7edea711b49 0.1s done
#16 naming to docker.io/library/stewardence-local-qualification:stewardence-local-10235dbd97 done
#16 unpacking to docker.io/library/stewardence-local-qualification:stewardence-local-10235dbd97 0.1s done
#16 DONE 0.4s

View build details: docker-desktop://dashboard/build/desktop-linux/desktop-linux/z8y3d8xv2b26rgidb13au2bwz
