#0 building with "desktop-linux" instance using docker driver

#1 [internal] load build definition from Dockerfile.qualification
#1 transferring dockerfile: 836B 0.1s done
#1 DONE 0.1s

#2 [internal] load metadata for docker.io/library/python:3.14.7-slim
#2 ...

#3 [internal] load metadata for ghcr.io/astral-sh/uv:0.12.9
#3 DONE 0.6s

#2 [internal] load metadata for docker.io/library/python:3.14.7-slim
#2 DONE 0.7s

#4 [internal] load .dockerignore
#4 transferring context: 164B 0.0s done
#4 DONE 0.1s

#5 [internal] load build context
#5 DONE 0.0s

#6 [stage-1 1/8] FROM docker.io/library/python:3.14.7-slim@sha256:51dafde81dbdb6ebde285137a295cf18a47ca95234fe388a343719cb97305b3d
#6 resolve docker.io/library/python:3.14.7-slim@sha256:51dafde81dbdb6ebde285137a295cf18a47ca95234fe388a343719cb97305b3d 0.1s done
#6 DONE 0.1s

#7 [uv 1/1] FROM ghcr.io/astral-sh/uv:0.12.9@sha256:8b940d3a9d65bed080436972241af2e21c84b5e8c9193f7014ed71479ee795ff
#7 resolve ghcr.io/astral-sh/uv:0.12.9@sha256:8b940d3a9d65bed080436972241af2e21c84b5e8c9193f7014ed71479ee795ff 0.1s done
#7 DONE 0.2s

#5 [internal] load build context
#5 transferring context: 33.80kB 0.1s done
#5 DONE 0.1s

#8 [stage-1 2/8] COPY --from=uv /uv /bin/uv
#8 CACHED

#9 [stage-1 3/8] WORKDIR /app
#9 CACHED

#10 [stage-1 4/8] COPY source/pyproject.toml source/uv.lock ./
#10 CACHED

#11 [stage-1 5/8] RUN uv sync --frozen --no-install-project
#11 CACHED

#12 [stage-1 6/8] RUN /app/.venv/bin/playwright install --with-deps --only-shell chromium && apt-get install -y --no-install-recommends poppler-utils && chmod -R a+rX /ms-playwright && rm -rf /var/lib/apt/lists/*
#12 CACHED

#13 [stage-1 7/8] COPY source/ ./
#13 DONE 0.9s

#14 [stage-1 8/8] RUN groupadd --gid 10001 qualification && useradd --uid 10001 --gid 10001 --no-create-home qualification
#14 DONE 1.0s

#15 exporting to image
#15 exporting layers
#15 exporting layers 0.8s done
#15 exporting manifest sha256:06a2603242ce33e0e68a4c01049c1bfb66137e09c1570ddcff4103c22685c2c5 0.1s done
#15 exporting config sha256:b9d7c5341a7db67ad0c5a8508eb2be0d55797cc9b98839c2c00ff65e5c2deac6
#15 exporting config sha256:b9d7c5341a7db67ad0c5a8508eb2be0d55797cc9b98839c2c00ff65e5c2deac6 0.1s done
#15 exporting attestation manifest sha256:309164cc89e8a3c428d31be8087276e1862bc4a0c0b5b812bb2104089c4f1c77
#15 exporting attestation manifest sha256:309164cc89e8a3c428d31be8087276e1862bc4a0c0b5b812bb2104089c4f1c77 0.1s done
#15 exporting manifest list sha256:2d6b7fe4553b229f87e625dff37824608f8e1640bbcd0f9867879d0d5fb25178 0.1s done
#15 naming to docker.io/library/stewardence-local-qualification:stewardence-local-6d468d8ade
#15 naming to docker.io/library/stewardence-local-qualification:stewardence-local-6d468d8ade done
#15 unpacking to docker.io/library/stewardence-local-qualification:stewardence-local-6d468d8ade
#15 unpacking to docker.io/library/stewardence-local-qualification:stewardence-local-6d468d8ade 0.6s done
#15 DONE 1.9s
