#0 building with "desktop-linux" instance using docker driver

#1 [internal] load build definition from Dockerfile.qualification
#1 transferring dockerfile: 836B 0.1s done
#1 DONE 0.1s

#2 [internal] load metadata for ghcr.io/astral-sh/uv:0.12.9
#2 ...

#3 [auth] library/python:pull token for registry-1.docker.io
#3 DONE 0.0s

#4 [internal] load metadata for docker.io/library/python:3.14.7-slim
#4 ...

#2 [internal] load metadata for ghcr.io/astral-sh/uv:0.12.9
#2 DONE 0.8s

#4 [internal] load metadata for docker.io/library/python:3.14.7-slim
#4 DONE 0.8s

#5 [internal] load .dockerignore
#5 transferring context: 164B 0.0s done
#5 DONE 0.1s

#6 [internal] load build context
#6 DONE 0.0s

#7 [uv 1/1] FROM ghcr.io/astral-sh/uv:0.12.9@sha256:8b940d3a9d65bed080436972241af2e21c84b5e8c9193f7014ed71479ee795ff
#7 resolve ghcr.io/astral-sh/uv:0.12.9@sha256:8b940d3a9d65bed080436972241af2e21c84b5e8c9193f7014ed71479ee795ff
#7 resolve ghcr.io/astral-sh/uv:0.12.9@sha256:8b940d3a9d65bed080436972241af2e21c84b5e8c9193f7014ed71479ee795ff 0.3s done
#7 DONE 0.3s

#8 [stage-1 1/8] FROM docker.io/library/python:3.14.7-slim@sha256:51dafde81dbdb6ebde285137a295cf18a47ca95234fe388a343719cb97305b3d
#8 resolve docker.io/library/python:3.14.7-slim@sha256:51dafde81dbdb6ebde285137a295cf18a47ca95234fe388a343719cb97305b3d 0.3s done
#8 DONE 0.3s

#6 [internal] load build context
#6 transferring context: 85.04kB 0.1s done
#6 DONE 0.1s

#9 [stage-1 3/8] WORKDIR /app
#9 CACHED

#10 [stage-1 4/8] COPY source/pyproject.toml source/uv.lock ./
#10 CACHED

#11 [stage-1 5/8] RUN uv sync --frozen --no-install-project
#11 CACHED

#12 [stage-1 2/8] COPY --from=uv /uv /bin/uv
#12 CACHED

#13 [stage-1 6/8] RUN /app/.venv/bin/playwright install --with-deps --only-shell chromium && apt-get install -y --no-install-recommends poppler-utils && chmod -R a+rX /ms-playwright && rm -rf /var/lib/apt/lists/*
#13 CACHED

#14 [stage-1 7/8] COPY source/ ./
#14 DONE 0.9s

#15 [stage-1 8/8] RUN groupadd --gid 10001 qualification && useradd --uid 10001 --gid 10001 --no-create-home qualification
#15 DONE 1.7s

#16 exporting to image
#16 exporting layers
#16 exporting layers 0.4s done
#16 exporting manifest sha256:43c3d218e7d72cb3335ac112a07fa640c44eef951f57c06f4d3d5f1a87725331 0.1s done
#16 exporting config sha256:29ff40666040b4e6de039233f892c5ce7bd08982ec3b89cda36f83d4b30545c9
#16 exporting config sha256:29ff40666040b4e6de039233f892c5ce7bd08982ec3b89cda36f83d4b30545c9 0.1s done
#16 exporting attestation manifest sha256:17b7c57e5e7fb7ae7c2ff59d1c3ddea0ecc9838b1546ef403f1aa74b8a357c25 0.1s done
#16 exporting manifest list sha256:039e553922502642dbd03964c2470a99b9fe3b8b1542db6dec61644f53d2e10d
#16 exporting manifest list sha256:039e553922502642dbd03964c2470a99b9fe3b8b1542db6dec61644f53d2e10d 0.1s done
#16 naming to docker.io/library/stewardence-local-qualification:stewardence-local-b8a6b60860 0.0s done
#16 unpacking to docker.io/library/stewardence-local-qualification:stewardence-local-b8a6b60860
#16 unpacking to docker.io/library/stewardence-local-qualification:stewardence-local-b8a6b60860 0.4s done
#16 DONE 1.5s
