#0 building with "desktop-linux" instance using docker driver

#1 [internal] load build definition from Dockerfile.qualification
#1 transferring dockerfile: 44B 0.0s
#1 transferring dockerfile: 836B 0.1s done
#1 DONE 0.2s

#2 [internal] load metadata for ghcr.io/astral-sh/uv:0.12.9
#2 DONE 5.5s

#3 [internal] load metadata for docker.io/library/python:3.14.7-slim
#3 DONE 5.5s

#4 [internal] load .dockerignore
#4 transferring context: 164B 0.0s done
#4 DONE 0.1s

#5 [internal] load build context
#5 DONE 0.0s

#6 [uv 1/1] FROM ghcr.io/astral-sh/uv:0.12.9@sha256:8b940d3a9d65bed080436972241af2e21c84b5e8c9193f7014ed71479ee795ff
#6 resolve ghcr.io/astral-sh/uv:0.12.9@sha256:8b940d3a9d65bed080436972241af2e21c84b5e8c9193f7014ed71479ee795ff
#6 resolve ghcr.io/astral-sh/uv:0.12.9@sha256:8b940d3a9d65bed080436972241af2e21c84b5e8c9193f7014ed71479ee795ff 0.3s done
#6 DONE 0.3s

#7 [stage-1 1/8] FROM docker.io/library/python:3.14.7-slim@sha256:51dafde81dbdb6ebde285137a295cf18a47ca95234fe388a343719cb97305b3d
#7 resolve docker.io/library/python:3.14.7-slim@sha256:51dafde81dbdb6ebde285137a295cf18a47ca95234fe388a343719cb97305b3d 0.2s done
#7 DONE 0.3s

#5 [internal] load build context
#5 transferring context: 66.13kB 0.4s done
#5 DONE 0.6s

#8 [stage-1 5/8] RUN uv sync --frozen --no-install-project
#8 CACHED

#9 [stage-1 2/8] COPY --from=uv /uv /bin/uv
#9 CACHED

#10 [stage-1 3/8] WORKDIR /app
#10 CACHED

#11 [stage-1 4/8] COPY source/pyproject.toml source/uv.lock ./
#11 CACHED

#12 [stage-1 6/8] RUN /app/.venv/bin/playwright install --with-deps --only-shell chromium && apt-get install -y --no-install-recommends poppler-utils && chmod -R a+rX /ms-playwright && rm -rf /var/lib/apt/lists/*
#12 CACHED

#13 [stage-1 7/8] COPY source/ ./
#13 DONE 4.1s

#14 [stage-1 8/8] RUN groupadd --gid 10001 qualification && useradd --uid 10001 --gid 10001 --no-create-home qualification
#14 DONE 5.2s

#15 exporting to image
#15 exporting layers
#15 exporting layers 2.9s done
#15 exporting manifest sha256:74d8b183fe1481237cf74fca388ee3a9b621f8751e9777334b971642100464a9 0.1s done
#15 exporting config sha256:168334ea69e16886a4c2bf6d70b90c85b77b930e3ecf0d3311d6d2e3ba8f0bf0 0.1s done
#15 exporting attestation manifest sha256:bc3036c7bd05472309fa979f5d15e90b83ce1c7408519ae9f7cae8586c13856a 0.1s done
#15 exporting manifest list sha256:b3edd365147551dcced15bdbe812e6eb70414db91ded58f6f05e325060e88d20
#15 exporting manifest list sha256:b3edd365147551dcced15bdbe812e6eb70414db91ded58f6f05e325060e88d20 0.1s done
#15 naming to docker.io/library/stewardence-local-qualification:stewardence-local-b7f1aa2183 0.0s done
#15 unpacking to docker.io/library/stewardence-local-qualification:stewardence-local-b7f1aa2183
#15 unpacking to docker.io/library/stewardence-local-qualification:stewardence-local-b7f1aa2183 1.5s done
#15 DONE 5.0s
