#0 building with "desktop-linux" instance using docker driver

#1 [internal] load build definition from Dockerfile.qualification
#1 transferring dockerfile: 836B 0.0s done
#1 DONE 0.1s

#2 [internal] load metadata for ghcr.io/astral-sh/uv:0.12.9
#2 ...

#3 [auth] library/python:pull token for registry-1.docker.io
#3 DONE 0.0s

#4 [internal] load metadata for docker.io/library/python:3.14.7-slim
#4 ...

#2 [internal] load metadata for ghcr.io/astral-sh/uv:0.12.9
#2 DONE 1.4s

#4 [internal] load metadata for docker.io/library/python:3.14.7-slim
#4 DONE 1.5s

#5 [internal] load .dockerignore
#5 transferring context: 164B 0.0s done
#5 DONE 0.1s

#6 [internal] load build context
#6 DONE 0.0s

#7 [stage-1 1/8] FROM docker.io/library/python:3.14.7-slim@sha256:51dafde81dbdb6ebde285137a295cf18a47ca95234fe388a343719cb97305b3d
#7 resolve docker.io/library/python:3.14.7-slim@sha256:51dafde81dbdb6ebde285137a295cf18a47ca95234fe388a343719cb97305b3d
#7 resolve docker.io/library/python:3.14.7-slim@sha256:51dafde81dbdb6ebde285137a295cf18a47ca95234fe388a343719cb97305b3d 0.2s done
#7 DONE 0.3s

#8 [uv 1/1] FROM ghcr.io/astral-sh/uv:0.12.9@sha256:8b940d3a9d65bed080436972241af2e21c84b5e8c9193f7014ed71479ee795ff
#8 resolve ghcr.io/astral-sh/uv:0.12.9@sha256:8b940d3a9d65bed080436972241af2e21c84b5e8c9193f7014ed71479ee795ff 0.2s done
#8 DONE 0.3s

#6 [internal] load build context
#6 transferring context: 97.42kB 0.1s done
#6 DONE 0.2s

#9 [stage-1 5/8] RUN uv sync --frozen --no-install-project
#9 CACHED

#10 [stage-1 2/8] COPY --from=uv /uv /bin/uv
#10 CACHED

#11 [stage-1 3/8] WORKDIR /app
#11 CACHED

#12 [stage-1 4/8] COPY source/pyproject.toml source/uv.lock ./
#12 CACHED

#13 [stage-1 6/8] RUN /app/.venv/bin/playwright install --with-deps --only-shell chromium && apt-get install -y --no-install-recommends poppler-utils && chmod -R a+rX /ms-playwright && rm -rf /var/lib/apt/lists/*
#13 CACHED

#14 [stage-1 7/8] COPY source/ ./
#14 DONE 1.4s

#15 [stage-1 8/8] RUN groupadd --gid 10001 qualification && useradd --uid 10001 --gid 10001 --no-create-home qualification
#15 DONE 1.9s

#16 exporting to image
#16 exporting layers
#16 exporting layers 1.4s done
#16 exporting manifest sha256:b1fd3ff1f600d4c8550b82be4d6ae3b33e70cc612b8733362d3f049c4e0f89a0 0.1s done
#16 exporting config sha256:e437bed8f7292865e7b0ab8193cf362b1d8ea48bf7762d77902c7546cacabfc8 0.1s done
#16 exporting attestation manifest sha256:bd438fccac749b43f621e9a41c9bff1be414a7151d3396775615ba0a7373fc34 0.1s done
#16 exporting manifest list sha256:5e977b700293fa18b13fe48e67b1d79ef5c5ec74af32c1ae8614e837bf7091a1
#16 exporting manifest list sha256:5e977b700293fa18b13fe48e67b1d79ef5c5ec74af32c1ae8614e837bf7091a1 0.1s done
#16 naming to docker.io/library/stewardence-local-qualification:stewardence-local-eca004c46c 0.0s done
#16 unpacking to docker.io/library/stewardence-local-qualification:stewardence-local-eca004c46c
#16 unpacking to docker.io/library/stewardence-local-qualification:stewardence-local-eca004c46c 0.5s done
#16 DONE 2.4s
