#0 building with "desktop-linux" instance using docker driver

#1 [internal] load build definition from Dockerfile.qualification
#1 transferring dockerfile: 836B 0.1s done
#1 DONE 0.1s

#2 [internal] load metadata for ghcr.io/astral-sh/uv:0.12.9
#2 ...

#3 [internal] load metadata for docker.io/library/python:3.14.7-slim
#3 DONE 0.9s

#2 [internal] load metadata for ghcr.io/astral-sh/uv:0.12.9
#2 DONE 1.0s

#4 [internal] load .dockerignore
#4 transferring context: 164B 0.0s done
#4 DONE 0.1s

#5 [internal] load build context
#5 DONE 0.0s

#6 [stage-1 1/8] FROM docker.io/library/python:3.14.7-slim@sha256:51dafde81dbdb6ebde285137a295cf18a47ca95234fe388a343719cb97305b3d
#6 resolve docker.io/library/python:3.14.7-slim@sha256:51dafde81dbdb6ebde285137a295cf18a47ca95234fe388a343719cb97305b3d
#6 ...

#7 [uv 1/1] FROM ghcr.io/astral-sh/uv:0.12.9@sha256:8b940d3a9d65bed080436972241af2e21c84b5e8c9193f7014ed71479ee795ff
#7 resolve ghcr.io/astral-sh/uv:0.12.9@sha256:8b940d3a9d65bed080436972241af2e21c84b5e8c9193f7014ed71479ee795ff 0.2s done
#7 DONE 0.2s

#6 [stage-1 1/8] FROM docker.io/library/python:3.14.7-slim@sha256:51dafde81dbdb6ebde285137a295cf18a47ca95234fe388a343719cb97305b3d
#6 resolve docker.io/library/python:3.14.7-slim@sha256:51dafde81dbdb6ebde285137a295cf18a47ca95234fe388a343719cb97305b3d 0.2s done
#6 DONE 0.2s

#5 [internal] load build context
#5 transferring context: 33.09kB 0.2s done
#5 DONE 0.3s

#8 [stage-1 4/8] COPY source/pyproject.toml source/uv.lock ./
#8 CACHED

#9 [stage-1 5/8] RUN uv sync --frozen --no-install-project
#9 CACHED

#10 [stage-1 2/8] COPY --from=uv /uv /bin/uv
#10 CACHED

#11 [stage-1 3/8] WORKDIR /app
#11 CACHED

#12 [stage-1 6/8] RUN /app/.venv/bin/playwright install --with-deps --only-shell chromium && apt-get install -y --no-install-recommends poppler-utils && chmod -R a+rX /ms-playwright && rm -rf /var/lib/apt/lists/*
#12 CACHED

#13 [stage-1 7/8] COPY source/ ./
#13 DONE 0.8s

#14 [stage-1 8/8] RUN groupadd --gid 10001 qualification && useradd --uid 10001 --gid 10001 --no-create-home qualification
#14 DONE 4.5s

#15 exporting to image
#15 exporting layers
#15 exporting layers 2.1s done
#15 exporting manifest sha256:4cfc707c6ec079be8255923c24f2df70d497b58995372262697c6e26266b9efe 0.1s done
#15 exporting config sha256:b416378ea0585eee8a964f3d09ee6e5070036c1497ef021eb2399eab25c4ead9
#15 exporting config sha256:b416378ea0585eee8a964f3d09ee6e5070036c1497ef021eb2399eab25c4ead9 0.1s done
#15 exporting attestation manifest sha256:a2c3268c8194797d3ce61419be5583ef5cc7aab08af6d4b83d7f15786eccccc0
#15 exporting attestation manifest sha256:a2c3268c8194797d3ce61419be5583ef5cc7aab08af6d4b83d7f15786eccccc0 0.1s done
#15 exporting manifest list sha256:35ccc5f45d81cda5d56ebf74cd52414b4103421518e301f5a88c14f1859c153e
#15 exporting manifest list sha256:35ccc5f45d81cda5d56ebf74cd52414b4103421518e301f5a88c14f1859c153e 0.1s done
#15 naming to docker.io/library/stewardence-local-qualification:stewardence-local-26d19552ba
#15 naming to docker.io/library/stewardence-local-qualification:stewardence-local-26d19552ba 0.0s done
#15 unpacking to docker.io/library/stewardence-local-qualification:stewardence-local-26d19552ba
#15 unpacking to docker.io/library/stewardence-local-qualification:stewardence-local-26d19552ba 1.1s done
#15 DONE 3.9s
