#0 building with "desktop-linux" instance using docker driver

#1 [internal] load build definition from Dockerfile.qualification
#1 transferring dockerfile: 836B 0.0s done
#1 DONE 0.1s

#2 [internal] load metadata for ghcr.io/astral-sh/uv:0.12.9
#2 ...

#3 [internal] load metadata for docker.io/library/python:3.14.7-slim
#3 DONE 0.8s

#2 [internal] load metadata for ghcr.io/astral-sh/uv:0.12.9
#2 DONE 0.9s

#4 [internal] load .dockerignore
#4 transferring context: 164B 0.0s done
#4 DONE 0.1s

#5 [internal] load build context
#5 DONE 0.0s

#6 [stage-1 1/8] FROM docker.io/library/python:3.14.7-slim@sha256:51dafde81dbdb6ebde285137a295cf18a47ca95234fe388a343719cb97305b3d
#6 resolve docker.io/library/python:3.14.7-slim@sha256:51dafde81dbdb6ebde285137a295cf18a47ca95234fe388a343719cb97305b3d
#6 resolve docker.io/library/python:3.14.7-slim@sha256:51dafde81dbdb6ebde285137a295cf18a47ca95234fe388a343719cb97305b3d 0.2s done
#6 DONE 0.2s

#7 [uv 1/1] FROM ghcr.io/astral-sh/uv:0.12.9@sha256:8b940d3a9d65bed080436972241af2e21c84b5e8c9193f7014ed71479ee795ff
#7 resolve ghcr.io/astral-sh/uv:0.12.9@sha256:8b940d3a9d65bed080436972241af2e21c84b5e8c9193f7014ed71479ee795ff 0.2s done
#7 DONE 0.3s

#5 [internal] load build context
#5 transferring context: 135.48kB 0.2s done
#5 DONE 0.3s

#8 [stage-1 6/8] RUN /app/.venv/bin/playwright install --with-deps --only-shell chromium && apt-get install -y --no-install-recommends poppler-utils && chmod -R a+rX /ms-playwright && rm -rf /var/lib/apt/lists/*
#8 CACHED

#9 [stage-1 4/8] COPY source/pyproject.toml source/uv.lock ./
#9 CACHED

#10 [stage-1 5/8] RUN uv sync --frozen --no-install-project
#10 CACHED

#11 [stage-1 6/8] RUN /app/.venv/bin/playwright install --with-deps --only-shell chromium && apt-get install -y --no-install-recommends poppler-utils && chmod -R a+rX /ms-playwright && rm -rf /var/lib/apt/lists/*
#11 CACHED

#12 [stage-1 2/8] COPY --from=uv /uv /bin/uv
#12 CACHED

#13 [stage-1 3/8] WORKDIR /app
#13 CACHED

#14 [stage-1 7/8] COPY source/ ./
#14 DONE 2.2s

#15 [stage-1 8/8] RUN groupadd --gid 10001 qualification && useradd --uid 10001 --gid 10001 --no-create-home qualification
#15 DONE 3.6s

#16 exporting to image
#16 exporting layers
#16 exporting layers 2.9s done
#16 exporting manifest sha256:fdff3deceaf18a67d81dd739ef9c9505f80648a287b06bbd30a3bceeb86c13dc
#16 exporting manifest sha256:fdff3deceaf18a67d81dd739ef9c9505f80648a287b06bbd30a3bceeb86c13dc 0.2s done
#16 exporting config sha256:68a5ec89ccce7e660fcaea1f300788e0b57d3f94cde58b75ff2f5596975a0599
#16 exporting config sha256:68a5ec89ccce7e660fcaea1f300788e0b57d3f94cde58b75ff2f5596975a0599 0.1s done
#16 exporting attestation manifest sha256:0a09010961c14fba30febbcc293ed81b08c9528bb7d4fe94f6b1e7e141aeb6b3
#16 exporting attestation manifest sha256:0a09010961c14fba30febbcc293ed81b08c9528bb7d4fe94f6b1e7e141aeb6b3 0.2s done
#16 exporting manifest list sha256:6dd9cc4510eb524d0e26aee73457c39ca6e2bc709d70fdd6a1791a52d506152a
#16 exporting manifest list sha256:6dd9cc4510eb524d0e26aee73457c39ca6e2bc709d70fdd6a1791a52d506152a 0.2s done
#16 naming to docker.io/library/stewardence-local-qualification:stewardence-local-7ccaba4fd0 0.0s done
#16 unpacking to docker.io/library/stewardence-local-qualification:stewardence-local-7ccaba4fd0
#16 unpacking to docker.io/library/stewardence-local-qualification:stewardence-local-7ccaba4fd0 1.1s done
#16 DONE 5.1s
