#0 building with "desktop-linux" instance using docker driver

#1 [internal] load build definition from Dockerfile.qualification
#1 transferring dockerfile: 836B 0.0s done
#1 DONE 0.1s

#2 [internal] load metadata for docker.io/library/python:3.14.7-slim
#2 ...

#3 [internal] load metadata for ghcr.io/astral-sh/uv:0.12.9
#3 DONE 0.5s

#2 [internal] load metadata for docker.io/library/python:3.14.7-slim
#2 DONE 0.7s

#4 [internal] load .dockerignore
#4 transferring context: 164B 0.0s done
#4 DONE 0.1s

#5 [uv 1/1] FROM ghcr.io/astral-sh/uv:0.12.9@sha256:8b940d3a9d65bed080436972241af2e21c84b5e8c9193f7014ed71479ee795ff
#5 resolve ghcr.io/astral-sh/uv:0.12.9@sha256:8b940d3a9d65bed080436972241af2e21c84b5e8c9193f7014ed71479ee795ff 0.3s done
#5 DONE 0.4s

#6 [stage-1 1/8] FROM docker.io/library/python:3.14.7-slim@sha256:51dafde81dbdb6ebde285137a295cf18a47ca95234fe388a343719cb97305b3d
#6 resolve docker.io/library/python:3.14.7-slim@sha256:51dafde81dbdb6ebde285137a295cf18a47ca95234fe388a343719cb97305b3d 0.3s done
#6 DONE 0.4s

#7 [internal] load build context
#7 transferring context: 63.11kB 0.2s done
#7 DONE 0.2s

#8 [stage-1 6/8] RUN /app/.venv/bin/playwright install --with-deps --only-shell chromium && apt-get install -y --no-install-recommends poppler-utils && chmod -R a+rX /ms-playwright && rm -rf /var/lib/apt/lists/*
#8 CACHED

#9 [stage-1 3/8] WORKDIR /app
#9 CACHED

#10 [stage-1 4/8] COPY source/pyproject.toml source/uv.lock ./
#10 CACHED

#11 [stage-1 5/8] RUN uv sync --frozen --no-install-project
#11 CACHED

#12 [stage-1 6/8] RUN /app/.venv/bin/playwright install --with-deps --only-shell chromium && apt-get install -y --no-install-recommends poppler-utils && chmod -R a+rX /ms-playwright && rm -rf /var/lib/apt/lists/*
#12 CACHED

#13 [stage-1 2/8] COPY --from=uv /uv /bin/uv
#13 CACHED

#14 [stage-1 7/8] COPY source/ ./
#14 DONE 2.1s

#15 [stage-1 8/8] RUN groupadd --gid 10001 qualification && useradd --uid 10001 --gid 10001 --no-create-home qualification
#15 DONE 8.0s

#16 exporting to image
#16 exporting layers
#16 exporting layers 3.7s done
#16 exporting manifest sha256:9fd98d6ffbb2e4172cd9feea251cceb1e88944e5c81291517b29477e9cb3ee3f 0.1s done
#16 exporting config sha256:df71483d85c711a89c3387395119788e4f9f12f71ac3aa8958cb8235e7a79bb1 0.1s done
#16 exporting attestation manifest sha256:ed004dab3a10916e4f2fd1c8a9f39a18895ae1edf3bd59cb9616ea9407c62cb8
#16 exporting attestation manifest sha256:ed004dab3a10916e4f2fd1c8a9f39a18895ae1edf3bd59cb9616ea9407c62cb8 0.3s done
#16 exporting manifest list sha256:2f306e6808fea4bd381614f811ba37ebf3328ca4f75c13eaab1db89bcd50475b
#16 exporting manifest list sha256:2f306e6808fea4bd381614f811ba37ebf3328ca4f75c13eaab1db89bcd50475b 0.2s done
#16 naming to docker.io/library/stewardence-local-qualification:stewardence-local-000f8d80af
#16 naming to docker.io/library/stewardence-local-qualification:stewardence-local-000f8d80af 0.1s done
#16 unpacking to docker.io/library/stewardence-local-qualification:stewardence-local-000f8d80af
#16 unpacking to docker.io/library/stewardence-local-qualification:stewardence-local-000f8d80af 2.1s done
#16 DONE 7.6s
