#0 building with "desktop-linux" instance using docker driver

#1 [internal] load build definition from Dockerfile.qualification
#1 transferring dockerfile: 836B 0.0s done
#1 DONE 0.1s

#2 [internal] load metadata for ghcr.io/astral-sh/uv:0.12.9
#2 ...

#3 [internal] load metadata for docker.io/library/python:3.14.7-slim
#3 DONE 0.5s

#2 [internal] load metadata for ghcr.io/astral-sh/uv:0.12.9
#2 DONE 0.8s

#4 [internal] load .dockerignore
#4 transferring context: 164B 0.0s done
#4 DONE 0.0s

#5 [internal] load build context
#5 DONE 0.0s

#6 [uv 1/1] FROM ghcr.io/astral-sh/uv:0.12.9@sha256:8b940d3a9d65bed080436972241af2e21c84b5e8c9193f7014ed71479ee795ff
#6 resolve ghcr.io/astral-sh/uv:0.12.9@sha256:8b940d3a9d65bed080436972241af2e21c84b5e8c9193f7014ed71479ee795ff 0.1s done
#6 DONE 0.1s

#7 [stage-1 1/8] FROM docker.io/library/python:3.14.7-slim@sha256:51dafde81dbdb6ebde285137a295cf18a47ca95234fe388a343719cb97305b3d
#7 resolve docker.io/library/python:3.14.7-slim@sha256:51dafde81dbdb6ebde285137a295cf18a47ca95234fe388a343719cb97305b3d
#7 resolve docker.io/library/python:3.14.7-slim@sha256:51dafde81dbdb6ebde285137a295cf18a47ca95234fe388a343719cb97305b3d 0.1s done
#7 DONE 0.1s

#5 [internal] load build context
#5 transferring context: 97.01kB 0.1s done
#5 DONE 0.1s

#8 [stage-1 2/8] COPY --from=uv /uv /bin/uv
#8 CACHED

#9 [stage-1 3/8] WORKDIR /app
#9 CACHED

#10 [stage-1 4/8] COPY source/pyproject.toml source/uv.lock ./
#10 CACHED

#11 [stage-1 5/8] RUN uv sync --frozen --no-install-project
#11 CACHED

#12 [stage-1 6/8] RUN /app/.venv/bin/playwright install --with-deps --only-shell chromium && apt-get install -y --no-install-recommends poppler-utils && chmod -R a+rX /ms-playwright && rm -rf /var/lib/apt/lists/*
#12 CACHED

#13 [stage-1 7/8] COPY source/ ./
#13 DONE 1.4s

#14 [stage-1 8/8] RUN groupadd --gid 10001 qualification && useradd --uid 10001 --gid 10001 --no-create-home qualification
#14 DONE 1.5s

#15 exporting to image
#15 exporting layers
#15 exporting layers 1.0s done
#15 exporting manifest sha256:99e3e92d845a1bf3ac01a9b202f9ee9ba8fc6e4cd37d7bf10fedddd9e0aa9be3 0.0s done
#15 exporting config sha256:16276496164f3e442f3e1a0842db0490cec8ca6774f0123422688c5df1be7c65 0.1s done
#15 exporting attestation manifest sha256:201b50a319659aa1031374968eaf2d127c86ef65188cd3e49405b5a594724274
#15 exporting attestation manifest sha256:201b50a319659aa1031374968eaf2d127c86ef65188cd3e49405b5a594724274 0.1s done
#15 exporting manifest list sha256:db99679ecdf64a23877720ad0603fb4f59e2fcc0331100d15a7d95d429c8f831 0.0s done
#15 naming to docker.io/library/stewardence-local-qualification:stewardence-local-68ecc52f15
#15 naming to docker.io/library/stewardence-local-qualification:stewardence-local-68ecc52f15 done
#15 unpacking to docker.io/library/stewardence-local-qualification:stewardence-local-68ecc52f15
#15 unpacking to docker.io/library/stewardence-local-qualification:stewardence-local-68ecc52f15 0.6s done
#15 DONE 2.1s
