Operations to perform:
  Apply all migrations: accounts, assessments, audit, auth, billing, catalog, contenttypes, imports, integrations, inventory, jobs, organizations, policies, reports, reviews, sessions
Running migrations:
  Applying contenttypes.0001_initial... OK
  Applying contenttypes.0002_remove_content_type_name... OK
  Applying auth.0001_initial... OK
  Applying auth.0002_alter_permission_name_max_length... OK
  Applying auth.0003_alter_user_email_max_length... OK
  Applying auth.0004_alter_user_username_opts... OK
  Applying auth.0005_alter_user_last_login_null... OK
  Applying auth.0006_require_contenttypes_0002... OK
  Applying auth.0007_alter_validators_add_error_messages... OK
  Applying auth.0008_alter_user_username_max_length... OK
  Applying auth.0009_alter_user_last_name_max_length... OK
  Applying auth.0010_alter_group_name_max_length... OK
  Applying auth.0011_update_proxy_permissions... OK
  Applying auth.0012_alter_user_first_name_max_length... OK
  Applying accounts.0001_initial... OK
  Applying sessions.0001_initial... OK
  Applying organizations.0001_initial... OK
  Applying inventory.0001_initial... OK
  Applying inventory.0002_database_security... OK
  Applying catalog.0001_initial... OK
  Applying inventory.0003_remove_inventoryitem_product_id_and_more... OK
  Applying assessments.0001_initial... OK
  Applying assessments.0002_snapshot_security... OK
  Applying audit.0001_initial... OK
  Applying audit.0002_audit_security... OK
  Applying reports.0001_initial... OK
  Applying reports.0002_report_security... OK
  Applying reports.0003_reportartifact... OK
  Applying reports.0004_reportartifact_security... OK
  Applying organizations.0002_public_onboarding... OK
  Applying organizations.0003_workflow_profile... OK
  Applying jobs.0001_initial... OK
  Applying jobs.0002_job_security... OK
  Applying jobs.0003_recovery_receipts... OK
  Applying jobs.0004_receipt_admission... OK
  Applying jobs.0005_atomic_recovery_admission... OK
  Applying jobs.0006_corecontrol_workflowschedule_actioncardrevision_and_more... OK
  Applying jobs.0007_core_workflow_security... OK
  Applying jobs.0008_worker_transition_authority... OK
  Applying billing.0001_initial... OK
  Applying billing.0002_stripewebhookevent... OK
  Applying billing.0003_founderslot... OK
  Applying billing.0004_founderslot_reservation_token... OK
  Applying billing.0005_billing_security... OK
  Applying jobs.0009_core_issuance_authority... OK
  Applying jobs.0010_job_input_admission... OK
  Applying jobs.0011_action_card_issuance... OK
  Applying jobs.0012_core_authority_successor... OK
  Applying billing.0006_paid_coverage... OK
  Applying billing.0007_ingester_effects... OK
  Applying catalog.0002_catalog_security... OK
  Applying imports.0001_initial... OK
  Applying imports.0002_import_staging_security... OK
  Applying integrations.0001_initial... OK
  Applying integrations.0002_providerconnection_providerattempt_providerevent_and_more... OK
  Applying inventory.0004_discovery_evidence... OK
  Applying inventory.0005_discovery_security... OK
  Applying inventory.0006_detectionevidence_inventory_item_and_more... OK
  Applying inventory.0007_inventoryitem_declared_fields... OK
  Applying jobs.0013_paid_entitlement... OK
  Applying policies.0001_initial... OK
  Applying policies.0002_organization_rule_security... OK
  Applying policies.0003_remove_organizationrule_unique_organization_rule_name_and_more... OK
  Applying reviews.0001_initial... OK
..........................FF.F..                                         [100%]
=================================== FAILURES ===================================
_______ test_storage_metadata_plus_reservation_has_exact_boundary[False] _______

self = <django.db.backends.utils.CursorWrapper object at 0x70c07a582810>
sql = 'INSERT INTO "report_artifacts" ("id", "organization_id", "report_id", "assessment_snapshot_id", "object_key", "content_type", "sha256", "size_bytes", "created_at") VALUES (%s, %s, %s, %s, %s, %s, %s, %s, %s)'
params = (UUID('61207838-5c7d-481d-98e8-5a94dd86be63'), UUID('e7d953bb-5dfe-4bbd-89b2-912d6a114890'), UUID('d286eb4c-f0ad-4ce7-...d953bb-5dfe-4bbd-89b2-912d6a114890/reports/d286eb4c-f0ad-4ce7-b667-92b0337df547/synthetic.pdf', 'application/pdf', ...)
ignored_wrapper_args = (False, {'connection': <DatabaseWrapper vendor='postgresql' alias='default'>, 'cursor': <django.db.backends.utils.CursorWrapper object at 0x70c07a582810>})

    def _execute(self, sql, params, *ignored_wrapper_args):
        # Raise a warning during app initialization (stored_app_configs is only
        # ever set during testing).
        if not apps.ready and not apps.stored_app_configs:
            warnings.warn(self.APPS_NOT_READY_WARNING_MSG, category=RuntimeWarning)
        self.db.validate_no_broken_transaction()
        with self.db.wrap_database_errors:
            if params is None:
                # params default might be backend specific.
                return self.cursor.execute(sql)
            else:
>               return self.cursor.execute(sql, params)
                       ^^^^^^^^^^^^^^^^^^^^^^^^^^^^^^^^

.venv/lib/python3.14/site-packages/django/db/backends/utils.py:105: 
_ _ _ _ _ _ _ _ _ _ _ _ _ _ _ _ _ _ _ _ _ _ _ _ _ _ _ _ _ _ _ _ _ _ _ _ _ _ _ _ 

self = <django.db.backends.postgresql.base.Cursor [closed] [IDLE] (host=qualification-db user=postgres database=test_qualification) at 0x70c07b6c6510>
query = 'INSERT INTO "report_artifacts" ("id", "organization_id", "report_id", "assessment_snapshot_id", "object_key", "content_type", "sha256", "size_bytes", "created_at") VALUES (%s, %s, %s, %s, %s, %s, %s, %s, %s)'
params = (UUID('61207838-5c7d-481d-98e8-5a94dd86be63'), UUID('e7d953bb-5dfe-4bbd-89b2-912d6a114890'), UUID('d286eb4c-f0ad-4ce7-...d953bb-5dfe-4bbd-89b2-912d6a114890/reports/d286eb4c-f0ad-4ce7-b667-92b0337df547/synthetic.pdf', 'application/pdf', ...)
prepare = None, binary = None

    def execute(
        self,
        query: Query,
        params: Params | None = None,
        *,
        prepare: bool | None = None,
        binary: bool | None = None,
    ) -> Self:
        """
        Execute a query or command to the database.
        """
        try:
            with self._conn.lock:
                self._conn.wait(
                    self._execute_gen(query, params, prepare=prepare, binary=binary)
                )
        except e._NO_TRACEBACK as ex:
>           raise ex.with_traceback(None)
E           psycopg.errors.RaiseException: report artifact object key is not canonical
E           CONTEXT:  PL/pgSQL function app_private.enforce_report_artifact_identity() line 34 at RAISE

.venv/lib/python3.14/site-packages/psycopg/cursor.py:117: RaiseException

The above exception was the direct cause of the following exception:

review_owner = (<User: reports@example.com>, <Organization: Report Firm>, <AssessmentSnapshot: 0c153241-55e0-48ce-85b0-5f054e318239 v1>)
over_limit = False

    @pytest.mark.parametrize('over_limit',[False,True])
    def test_storage_metadata_plus_reservation_has_exact_boundary(review_owner,over_limit):
        from apps.reports.models import ReportArtifact
        from apps.reports.services import create_report
        user, org, snapshot = review_owner
        report = create_report(organization_id=org.id,created_by_id=user.id,
                               assessment_snapshot_id=snapshot.id)
>       ReportArtifact.objects.create(organization=org,report=report,assessment_snapshot=snapshot,
            object_key=f'organizations/{org.id}/reports/{report.id}/synthetic.pdf',
            sha256='a'*64,size_bytes=3*1024**3-16*1048576+int(over_limit))

tests/test_review_cycle_authority.py:212: 
_ _ _ _ _ _ _ _ _ _ _ _ _ _ _ _ _ _ _ _ _ _ _ _ _ _ _ _ _ _ _ _ _ _ _ _ _ _ _ _ 
.venv/lib/python3.14/site-packages/django/db/models/manager.py:87: in manager_method
    return getattr(self.get_queryset(), name)(*args, **kwargs)
           ^^^^^^^^^^^^^^^^^^^^^^^^^^^^^^^^^^^^^^^^^^^^^^^^^^^
.venv/lib/python3.14/site-packages/django/db/models/query.py:665: in create
    obj.save(force_insert=True, using=self.db)
apps/reports/models.py:146: in save
    super().save(*args, **kwargs)
.venv/lib/python3.14/site-packages/django/db/models/base.py:902: in save
    self.save_base(
.venv/lib/python3.14/site-packages/django/db/models/base.py:1008: in save_base
    updated = self._save_table(
.venv/lib/python3.14/site-packages/django/db/models/base.py:1169: in _save_table
    results = self._do_insert(
.venv/lib/python3.14/site-packages/django/db/models/base.py:1210: in _do_insert
    return manager._insert(
.venv/lib/python3.14/site-packages/django/db/models/manager.py:87: in manager_method
    return getattr(self.get_queryset(), name)(*args, **kwargs)
           ^^^^^^^^^^^^^^^^^^^^^^^^^^^^^^^^^^^^^^^^^^^^^^^^^^^
.venv/lib/python3.14/site-packages/django/db/models/query.py:1873: in _insert
    return query.get_compiler(using=using).execute_sql(returning_fields)
           ^^^^^^^^^^^^^^^^^^^^^^^^^^^^^^^^^^^^^^^^^^^^^^^^^^^^^^^^^^^^^
.venv/lib/python3.14/site-packages/django/db/models/sql/compiler.py:1882: in execute_sql
    cursor.execute(sql, params)
.venv/lib/python3.14/site-packages/django/db/backends/utils.py:79: in execute
    return self._execute_with_wrappers(
.venv/lib/python3.14/site-packages/django/db/backends/utils.py:92: in _execute_with_wrappers
    return executor(sql, params, many, context)
           ^^^^^^^^^^^^^^^^^^^^^^^^^^^^^^^^^^^^
.venv/lib/python3.14/site-packages/django/db/backends/utils.py:100: in _execute
    with self.db.wrap_database_errors:
         ^^^^^^^^^^^^^^^^^^^^^^^^^^^^
.venv/lib/python3.14/site-packages/django/db/utils.py:91: in __exit__
    raise dj_exc_value.with_traceback(traceback) from exc_value
.venv/lib/python3.14/site-packages/django/db/backends/utils.py:105: in _execute
    return self.cursor.execute(sql, params)
           ^^^^^^^^^^^^^^^^^^^^^^^^^^^^^^^^
_ _ _ _ _ _ _ _ _ _ _ _ _ _ _ _ _ _ _ _ _ _ _ _ _ _ _ _ _ _ _ _ _ _ _ _ _ _ _ _ 

self = <django.db.backends.postgresql.base.Cursor [closed] [IDLE] (host=qualification-db user=postgres database=test_qualification) at 0x70c07b6c6510>
query = 'INSERT INTO "report_artifacts" ("id", "organization_id", "report_id", "assessment_snapshot_id", "object_key", "content_type", "sha256", "size_bytes", "created_at") VALUES (%s, %s, %s, %s, %s, %s, %s, %s, %s)'
params = (UUID('61207838-5c7d-481d-98e8-5a94dd86be63'), UUID('e7d953bb-5dfe-4bbd-89b2-912d6a114890'), UUID('d286eb4c-f0ad-4ce7-...d953bb-5dfe-4bbd-89b2-912d6a114890/reports/d286eb4c-f0ad-4ce7-b667-92b0337df547/synthetic.pdf', 'application/pdf', ...)
prepare = None, binary = None

    def execute(
        self,
        query: Query,
        params: Params | None = None,
        *,
        prepare: bool | None = None,
        binary: bool | None = None,
    ) -> Self:
        """
        Execute a query or command to the database.
        """
        try:
            with self._conn.lock:
                self._conn.wait(
                    self._execute_gen(query, params, prepare=prepare, binary=binary)
                )
        except e._NO_TRACEBACK as ex:
>           raise ex.with_traceback(None)
E           django.db.utils.ProgrammingError: report artifact object key is not canonical
E           CONTEXT:  PL/pgSQL function app_private.enforce_report_artifact_identity() line 34 at RAISE

.venv/lib/python3.14/site-packages/psycopg/cursor.py:117: ProgrammingError
_______ test_storage_metadata_plus_reservation_has_exact_boundary[True] ________

self = <django.db.backends.utils.CursorWrapper object at 0x70c07b1c2f30>
sql = 'INSERT INTO "report_artifacts" ("id", "organization_id", "report_id", "assessment_snapshot_id", "object_key", "content_type", "sha256", "size_bytes", "created_at") VALUES (%s, %s, %s, %s, %s, %s, %s, %s, %s)'
params = (UUID('c76fc7c7-1791-45ec-8d03-c2d94801196f'), UUID('bc1850f4-7bea-4727-b350-60eff2df2f85'), UUID('c945b549-2b5c-4902-...1850f4-7bea-4727-b350-60eff2df2f85/reports/c945b549-2b5c-4902-908e-63067b1481c5/synthetic.pdf', 'application/pdf', ...)
ignored_wrapper_args = (False, {'connection': <DatabaseWrapper vendor='postgresql' alias='default'>, 'cursor': <django.db.backends.utils.CursorWrapper object at 0x70c07b1c2f30>})

    def _execute(self, sql, params, *ignored_wrapper_args):
        # Raise a warning during app initialization (stored_app_configs is only
        # ever set during testing).
        if not apps.ready and not apps.stored_app_configs:
            warnings.warn(self.APPS_NOT_READY_WARNING_MSG, category=RuntimeWarning)
        self.db.validate_no_broken_transaction()
        with self.db.wrap_database_errors:
            if params is None:
                # params default might be backend specific.
                return self.cursor.execute(sql)
            else:
>               return self.cursor.execute(sql, params)
                       ^^^^^^^^^^^^^^^^^^^^^^^^^^^^^^^^

.venv/lib/python3.14/site-packages/django/db/backends/utils.py:105: 
_ _ _ _ _ _ _ _ _ _ _ _ _ _ _ _ _ _ _ _ _ _ _ _ _ _ _ _ _ _ _ _ _ _ _ _ _ _ _ _ 

self = <django.db.backends.postgresql.base.Cursor [closed] [IDLE] (host=qualification-db user=postgres database=test_qualification) at 0x70c07b69cad0>
query = 'INSERT INTO "report_artifacts" ("id", "organization_id", "report_id", "assessment_snapshot_id", "object_key", "content_type", "sha256", "size_bytes", "created_at") VALUES (%s, %s, %s, %s, %s, %s, %s, %s, %s)'
params = (UUID('c76fc7c7-1791-45ec-8d03-c2d94801196f'), UUID('bc1850f4-7bea-4727-b350-60eff2df2f85'), UUID('c945b549-2b5c-4902-...1850f4-7bea-4727-b350-60eff2df2f85/reports/c945b549-2b5c-4902-908e-63067b1481c5/synthetic.pdf', 'application/pdf', ...)
prepare = None, binary = None

    def execute(
        self,
        query: Query,
        params: Params | None = None,
        *,
        prepare: bool | None = None,
        binary: bool | None = None,
    ) -> Self:
        """
        Execute a query or command to the database.
        """
        try:
            with self._conn.lock:
                self._conn.wait(
                    self._execute_gen(query, params, prepare=prepare, binary=binary)
                )
        except e._NO_TRACEBACK as ex:
>           raise ex.with_traceback(None)
E           psycopg.errors.RaiseException: report artifact object key is not canonical
E           CONTEXT:  PL/pgSQL function app_private.enforce_report_artifact_identity() line 34 at RAISE

.venv/lib/python3.14/site-packages/psycopg/cursor.py:117: RaiseException

The above exception was the direct cause of the following exception:

review_owner = (<User: reports@example.com>, <Organization: Report Firm>, <AssessmentSnapshot: cceef4a8-e1a5-4e57-a994-2f871c61abac v1>)
over_limit = True

    @pytest.mark.parametrize('over_limit',[False,True])
    def test_storage_metadata_plus_reservation_has_exact_boundary(review_owner,over_limit):
        from apps.reports.models import ReportArtifact
        from apps.reports.services import create_report
        user, org, snapshot = review_owner
        report = create_report(organization_id=org.id,created_by_id=user.id,
                               assessment_snapshot_id=snapshot.id)
>       ReportArtifact.objects.create(organization=org,report=report,assessment_snapshot=snapshot,
            object_key=f'organizations/{org.id}/reports/{report.id}/synthetic.pdf',
            sha256='a'*64,size_bytes=3*1024**3-16*1048576+int(over_limit))

tests/test_review_cycle_authority.py:212: 
_ _ _ _ _ _ _ _ _ _ _ _ _ _ _ _ _ _ _ _ _ _ _ _ _ _ _ _ _ _ _ _ _ _ _ _ _ _ _ _ 
.venv/lib/python3.14/site-packages/django/db/models/manager.py:87: in manager_method
    return getattr(self.get_queryset(), name)(*args, **kwargs)
           ^^^^^^^^^^^^^^^^^^^^^^^^^^^^^^^^^^^^^^^^^^^^^^^^^^^
.venv/lib/python3.14/site-packages/django/db/models/query.py:665: in create
    obj.save(force_insert=True, using=self.db)
apps/reports/models.py:146: in save
    super().save(*args, **kwargs)
.venv/lib/python3.14/site-packages/django/db/models/base.py:902: in save
    self.save_base(
.venv/lib/python3.14/site-packages/django/db/models/base.py:1008: in save_base
    updated = self._save_table(
.venv/lib/python3.14/site-packages/django/db/models/base.py:1169: in _save_table
    results = self._do_insert(
.venv/lib/python3.14/site-packages/django/db/models/base.py:1210: in _do_insert
    return manager._insert(
.venv/lib/python3.14/site-packages/django/db/models/manager.py:87: in manager_method
    return getattr(self.get_queryset(), name)(*args, **kwargs)
           ^^^^^^^^^^^^^^^^^^^^^^^^^^^^^^^^^^^^^^^^^^^^^^^^^^^
.venv/lib/python3.14/site-packages/django/db/models/query.py:1873: in _insert
    return query.get_compiler(using=using).execute_sql(returning_fields)
           ^^^^^^^^^^^^^^^^^^^^^^^^^^^^^^^^^^^^^^^^^^^^^^^^^^^^^^^^^^^^^
.venv/lib/python3.14/site-packages/django/db/models/sql/compiler.py:1882: in execute_sql
    cursor.execute(sql, params)
.venv/lib/python3.14/site-packages/django/db/backends/utils.py:79: in execute
    return self._execute_with_wrappers(
.venv/lib/python3.14/site-packages/django/db/backends/utils.py:92: in _execute_with_wrappers
    return executor(sql, params, many, context)
           ^^^^^^^^^^^^^^^^^^^^^^^^^^^^^^^^^^^^
.venv/lib/python3.14/site-packages/django/db/backends/utils.py:100: in _execute
    with self.db.wrap_database_errors:
         ^^^^^^^^^^^^^^^^^^^^^^^^^^^^
.venv/lib/python3.14/site-packages/django/db/utils.py:91: in __exit__
    raise dj_exc_value.with_traceback(traceback) from exc_value
.venv/lib/python3.14/site-packages/django/db/backends/utils.py:105: in _execute
    return self.cursor.execute(sql, params)
           ^^^^^^^^^^^^^^^^^^^^^^^^^^^^^^^^
_ _ _ _ _ _ _ _ _ _ _ _ _ _ _ _ _ _ _ _ _ _ _ _ _ _ _ _ _ _ _ _ _ _ _ _ _ _ _ _ 

self = <django.db.backends.postgresql.base.Cursor [closed] [IDLE] (host=qualification-db user=postgres database=test_qualification) at 0x70c07b69cad0>
query = 'INSERT INTO "report_artifacts" ("id", "organization_id", "report_id", "assessment_snapshot_id", "object_key", "content_type", "sha256", "size_bytes", "created_at") VALUES (%s, %s, %s, %s, %s, %s, %s, %s, %s)'
params = (UUID('c76fc7c7-1791-45ec-8d03-c2d94801196f'), UUID('bc1850f4-7bea-4727-b350-60eff2df2f85'), UUID('c945b549-2b5c-4902-...1850f4-7bea-4727-b350-60eff2df2f85/reports/c945b549-2b5c-4902-908e-63067b1481c5/synthetic.pdf', 'application/pdf', ...)
prepare = None, binary = None

    def execute(
        self,
        query: Query,
        params: Params | None = None,
        *,
        prepare: bool | None = None,
        binary: bool | None = None,
    ) -> Self:
        """
        Execute a query or command to the database.
        """
        try:
            with self._conn.lock:
                self._conn.wait(
                    self._execute_gen(query, params, prepare=prepare, binary=binary)
                )
        except e._NO_TRACEBACK as ex:
>           raise ex.with_traceback(None)
E           django.db.utils.ProgrammingError: report artifact object key is not canonical
E           CONTEXT:  PL/pgSQL function app_private.enforce_report_artifact_identity() line 34 at RAISE

.venv/lib/python3.14/site-packages/psycopg/cursor.py:117: ProgrammingError
____ test_repeatable_read_cannot_admit_cycle_from_stale_authority_snapshot _____

review_owner = (<User: reports@example.com>, <Organization: Report Firm>, <AssessmentSnapshot: dc60292b-fdbc-47fc-9278-5e104d8868e1 v1>)

    def test_repeatable_read_cannot_admit_cycle_from_stale_authority_snapshot(review_owner):
        user, org, snapshot = review_owner
>       with pytest.raises(DatabaseError,match='read committed'):
             ^^^^^^^^^^^^^^^^^^^^^^^^^^^^^^^^^^^^^^^^^^^^^^^^^^^
E       AssertionError: Regex pattern did not match.
E         Expected regex: 'read committed'
E         Actual message: 'SET TRANSACTION ISOLATION LEVEL must be called before any query'

tests/test_review_cycle_authority.py:252: AssertionError
=========================== short test summary info ============================
FAILED tests/test_review_cycle_authority.py::test_storage_metadata_plus_reservation_has_exact_boundary[False]
FAILED tests/test_review_cycle_authority.py::test_storage_metadata_plus_reservation_has_exact_boundary[True]
FAILED tests/test_review_cycle_authority.py::test_repeatable_read_cannot_admit_cycle_from_stale_authority_snapshot
3 failed, 29 passed in 18.41s
