#0 building with "desktop-linux" instance using docker driver

#1 [internal] load build definition from Dockerfile.qualification
#1 transferring dockerfile: 836B 0.0s done
#1 DONE 0.1s

#2 [internal] load metadata for ghcr.io/astral-sh/uv:0.12.9
#2 ...

#3 [auth] library/python:pull token for registry-1.docker.io
#3 DONE 0.0s

#4 [internal] load metadata for docker.io/library/python:3.14.7-slim
#4 ...

#2 [internal] load metadata for ghcr.io/astral-sh/uv:0.12.9
#2 DONE 1.2s

#4 [internal] load metadata for docker.io/library/python:3.14.7-slim
#4 DONE 1.3s

#5 [internal] load .dockerignore
#5 transferring context: 164B 0.0s done
#5 DONE 0.1s

#6 [internal] load build context
#6 DONE 0.0s

#7 [stage-1 1/8] FROM docker.io/library/python:3.14.7-slim@sha256:51dafde81dbdb6ebde285137a295cf18a47ca95234fe388a343719cb97305b3d
#7 resolve docker.io/library/python:3.14.7-slim@sha256:51dafde81dbdb6ebde285137a295cf18a47ca95234fe388a343719cb97305b3d 0.2s done
#7 DONE 0.2s

#8 [uv 1/1] FROM ghcr.io/astral-sh/uv:0.12.9@sha256:8b940d3a9d65bed080436972241af2e21c84b5e8c9193f7014ed71479ee795ff
#8 resolve ghcr.io/astral-sh/uv:0.12.9@sha256:8b940d3a9d65bed080436972241af2e21c84b5e8c9193f7014ed71479ee795ff 0.2s done
#8 DONE 0.2s

#6 [internal] load build context
#6 transferring context: 47.70kB 0.2s done
#6 DONE 1.6s

#9 [stage-1 2/8] COPY --from=uv /uv /bin/uv
#9 CACHED

#10 [stage-1 3/8] WORKDIR /app
#10 CACHED

#11 [stage-1 4/8] COPY source/pyproject.toml source/uv.lock ./
#11 CACHED

#12 [stage-1 5/8] RUN uv sync --frozen --no-install-project
#12 CACHED

#13 [stage-1 6/8] RUN /app/.venv/bin/playwright install --with-deps --only-shell chromium && apt-get install -y --no-install-recommends poppler-utils && chmod -R a+rX /ms-playwright && rm -rf /var/lib/apt/lists/*
#13 CACHED

#14 [stage-1 7/8] COPY source/ ./
#14 DONE 0.4s

#15 [stage-1 8/8] RUN groupadd --gid 10001 qualification && useradd --uid 10001 --gid 10001 --no-create-home qualification
#15 DONE 2.6s

#16 exporting to image
#16 exporting layers
#16 exporting layers 1.6s done
#16 exporting manifest sha256:bab36aeccb31d69026235bb1f8b0ea721f8ae667c3c01cf70ddfbc0a3d75bd9b 0.1s done
#16 exporting config sha256:37a64fc3227a616298a9ab59eaecd03110170940a567e5b47e83d8aaf9f5533a
#16 exporting config sha256:37a64fc3227a616298a9ab59eaecd03110170940a567e5b47e83d8aaf9f5533a 0.1s done
#16 exporting attestation manifest sha256:edfee1412a50b30a4714d91d2389631ade4cba60a63b92b82279bfd3a2dd24cf
#16 exporting attestation manifest sha256:edfee1412a50b30a4714d91d2389631ade4cba60a63b92b82279bfd3a2dd24cf 0.1s done
#16 exporting manifest list sha256:3f3f65e77dc4e6f44efae22f6828da82fedbb405451b54605a5fb606aba123eb
#16 exporting manifest list sha256:3f3f65e77dc4e6f44efae22f6828da82fedbb405451b54605a5fb606aba123eb 0.1s done
#16 naming to docker.io/library/stewardence-local-qualification:stewardence-local-6ca9ba6b1d 0.0s done
#16 unpacking to docker.io/library/stewardence-local-qualification:stewardence-local-6ca9ba6b1d
#16 unpacking to docker.io/library/stewardence-local-qualification:stewardence-local-6ca9ba6b1d 1.2s done
#16 DONE 3.6s

View build details: docker-desktop://dashboard/build/desktop-linux/desktop-linux/ku13t276500k57wsg34k2l51f
