Operations to perform:
  Apply all migrations: accounts, assessments, audit, auth, billing, catalog, contenttypes, imports, integrations, inventory, jobs, organizations, policies, reports, reviews, sessions
Running migrations:
  Applying contenttypes.0001_initial... OK
  Applying contenttypes.0002_remove_content_type_name... OK
  Applying auth.0001_initial... OK
  Applying auth.0002_alter_permission_name_max_length... OK
  Applying auth.0003_alter_user_email_max_length... OK
  Applying auth.0004_alter_user_username_opts... OK
  Applying auth.0005_alter_user_last_login_null... OK
  Applying auth.0006_require_contenttypes_0002... OK
  Applying auth.0007_alter_validators_add_error_messages... OK
  Applying auth.0008_alter_user_username_max_length... OK
  Applying auth.0009_alter_user_last_name_max_length... OK
  Applying auth.0010_alter_group_name_max_length... OK
  Applying auth.0011_update_proxy_permissions... OK
  Applying auth.0012_alter_user_first_name_max_length... OK
  Applying accounts.0001_initial... OK
  Applying organizations.0001_initial... OK
  Applying sessions.0001_initial... OK
  Applying inventory.0001_initial... OK
  Applying inventory.0002_database_security... OK
  Applying catalog.0001_initial... OK
  Applying inventory.0003_remove_inventoryitem_product_id_and_more... OK
  Applying assessments.0001_initial... OK
  Applying assessments.0002_snapshot_security... OK
  Applying reports.0001_initial... OK
  Applying audit.0001_initial... OK
  Applying audit.0002_audit_security... OK
  Applying reports.0002_report_security... OK
  Applying reports.0003_reportartifact... OK
  Applying reports.0004_reportartifact_security... OK
  Applying organizations.0002_public_onboarding... OK
  Applying organizations.0003_workflow_profile... OK
  Applying jobs.0001_initial... OK
  Applying jobs.0002_job_security... OK
  Applying jobs.0003_recovery_receipts... OK
  Applying jobs.0004_receipt_admission... OK
  Applying jobs.0005_atomic_recovery_admission... OK
  Applying jobs.0006_corecontrol_workflowschedule_actioncardrevision_and_more... OK
  Applying jobs.0007_core_workflow_security... OK
  Applying jobs.0008_worker_transition_authority... OK
  Applying billing.0001_initial... OK
  Applying billing.0002_stripewebhookevent... OK
  Applying billing.0003_founderslot... OK
  Applying billing.0004_founderslot_reservation_token... OK
  Applying billing.0005_billing_security... OK
  Applying jobs.0009_core_issuance_authority... OK
  Applying jobs.0010_job_input_admission... OK
  Applying jobs.0011_action_card_issuance... OK
  Applying jobs.0012_core_authority_successor... OK
  Applying billing.0006_paid_coverage... OK
  Applying jobs.0013_paid_entitlement... OK
  Applying inventory.0004_discovery_evidence... OK
  Applying inventory.0005_discovery_security... OK
  Applying catalog.0002_catalog_security... OK
  Applying inventory.0006_detectionevidence_inventory_item_and_more... OK
  Applying inventory.0007_inventoryitem_declared_fields... OK
  Applying inventory.0008_explicit_declarations... OK
  Applying assessments.0003_deliberate_capture... OK
  Applying billing.0007_ingester_effects... OK
  Applying billing.0008_checkout_intent... OK
  Applying billing.0009_customer_request... OK
  Applying imports.0001_initial... OK
  Applying imports.0002_import_staging_security... OK
  Applying integrations.0001_initial... OK
  Applying integrations.0002_providerconnection_providerattempt_providerevent_and_more... OK
  Applying reviews.0001_initial... OK
  Applying jobs.0014_decision_desk... OK
  Applying reviews.0002_pack_lifecycle... OK
  Applying reviews.0003_worker_pack_projection... OK
  Applying reviews.0004_capture_pack_projection... OK
  Applying jobs.0015_legacy_action_card_schema_fence... OK
  Applying reviews.0005_capture_proposal_admission... OK
  Applying jobs.0016_capture_decisions... OK
  Applying policies.0001_initial... OK
  Applying policies.0002_organization_rule_security... OK
  Applying policies.0003_remove_organizationrule_unique_organization_rule_name_and_more... OK
  Applying reports.0005_review_pack_read_authority... OK
  Applying reports.0006_capture_owner_read... OK
  Applying reviews.0006_capture_proposal_packs... OK
  Applying reviews.0007_unused_stop... OK
  Applying reviews.0008_proposal_post_effect_authority... OK
usage: python -m pytest [options] [file_or_dir] [file_or_dir] [...]

positional arguments:
  file_or_dir

general:
  -k EXPRESSION         Only run tests which match the given substring
                        expression. An expression is a Python evaluable
                        expression where all names are substring-matched against
                        test names and their parent classes. Example: -k
                        'test_method or test_other' matches all test functions
                        and classes whose name contains 'test_method' or
                        'test_other', while -k 'not test_method' matches those
                        that don't contain 'test_method' in their names. -k 'not
                        test_method and not test_other' will eliminate the
                        matches. Additionally keywords are matched to classes
                        and functions containing extra names in their
                        'extra_keyword_matches' set, as well as functions which
                        have names assigned directly to them. The matching is
                        case-insensitive.
  -m MARKEXPR           Only run tests matching given mark expression. For
                        example: -m 'mark1 and not mark2'.
  --markers             show markers (builtin, plugin and per-project ones).
  -x, --exitfirst       Exit instantly on first error or failed test
  --maxfail=num         Exit after first num failures or errors
  --strict-config       Enables the strict_config option
  --strict-markers      Enables the strict_markers option
  --strict              Enables the strict option
  --fixtures, --funcargs
                        Show available fixtures, sorted by plugin appearance
                        (fixtures with leading '_' are only shown with '-v')
  --fixtures-per-test   Show fixtures per test
  --pdb                 Start the interactive Python debugger on errors or
                        KeyboardInterrupt
  --pdbcls=modulename:classname
                        Specify a custom interactive Python debugger for use
                        with --pdb.For example:
                        --pdbcls=IPython.terminal.debugger:TerminalPdb
  --trace               Immediately break when running each test
  --capture=method      Per-test capturing method: one of fd|sys|no|tee-sys
  -s                    Shortcut for --capture=no
  --runxfail            Report the results of xfail tests as if they were not
                        marked

Reporting:
  --durations=N         Show N slowest setup/test durations (N=0 for all)
  --durations-min=N     Minimal duration in seconds for inclusion in slowest
                        list. Default: 0.005 (or 0.0 if -vv is given).
  -v, --verbose         Increase verbosity
  --no-header           Disable header
  --no-summary          Disable summary
  --no-fold-skipped     Do not fold skipped tests in short summary.
  --force-short-summary
                        Force condensed summary output regardless of verbosity
                        level.
  -q, --quiet           Decrease verbosity
  --verbosity=VERBOSE   Set verbosity. Default: 0.
  -r, --report-chars chars
                        Show extra test summary info as specified by chars:
                        (f)ailed, (E)rror, (s)kipped, (x)failed, (X)passed,
                        (p)assed, (P)assed with output, (a)ll except passed
                        (p/P), or (A)ll. (w)arnings are enabled by default (see
                        --disable-warnings), 'N' can be used to reset the list.
                        (default: 'fE').
  --disable-warnings, --disable-pytest-warnings
                        Disable warnings summary
  -l, --showlocals      Show locals in tracebacks (disabled by default)
  --no-showlocals       Hide locals in tracebacks (negate --showlocals passed
                        through addopts)
  --tb=style            Traceback print mode (auto/long/short/line/native/no)
  --xfail-tb            Show tracebacks for xfail (as long as --tb != no)
  --show-capture={no,stdout,stderr,log,all}
                        Controls how captured stdout/stderr/log is shown on
                        failed tests. Default: all.
  --full-trace          Don't cut any tracebacks (default is to cut)
  --color=color         Color terminal output (yes/no/auto)
  --code-highlight={yes,no}
                        Whether code should be highlighted (only if --color is
                        also enabled). Default: yes.
  --pastebin=mode       Send failed|all info to bpaste.net pastebin service
  --junitxml, --junit-xml=path
                        Create junit-xml style report file at given path
  --junitprefix, --junit-prefix=str
                        Prepend prefix to classnames in junit-xml output

pytest-warnings:
  -W, --pythonwarnings PYTHONWARNINGS
                        Set which warnings to report, see -W option of Python
                        itself
  --max-warnings=num    Exit with error if all tests pass but the number of
                        warnings exceeds this threshold

collection:
  --collect-only, --co  Only collect tests, don't execute them
  --pyargs              Try to interpret all arguments as Python packages
  --ignore=path         Ignore path during collection (multi-allowed)
  --ignore-glob=path    Ignore path pattern during collection (multi-allowed)
  --deselect=nodeid_prefix
                        Deselect item (via node id prefix) during collection
                        (multi-allowed)
  --confcutdir=dir      Only load conftest.py's relative to specified dir
  --noconftest          Don't load any conftest.py files
  --keep-duplicates     Keep duplicate tests
  --collect-in-virtualenv
                        Don't ignore tests in a local virtualenv directory
  --continue-on-collection-errors
                        Force test execution even if collection errors occur
  --import-mode={prepend,append,importlib}
                        Prepend/append to sys.path when importing test modules
                        and conftest files. Default: prepend.
  --doctest-modules     Run doctests in all .py modules
  --doctest-report={none,cdiff,ndiff,udiff,only_first_failure}
                        Choose another output format for diffs on doctest
                        failure
  --doctest-glob=pat    Doctests file matching pattern, default: test*.txt
  --doctest-ignore-import-errors
                        Ignore doctest collection errors
  --doctest-continue-on-failure
                        For a given doctest, continue to run after the first
                        failure

test session debugging and configuration:
  -c, --config-file FILE
                        Load configuration from `FILE` instead of trying to
                        locate one of the implicit configuration files.
  --rootdir=ROOTDIR     Define root directory for tests. Can be relative path:
                        'root_dir', './root_dir', 'root_dir/another_dir/';
                        absolute path: '/home/user/root_dir'; path with
                        variables: '$HOME/root_dir'.
  --basetemp=dir        Base temporary directory for this test run. (Warning:
                        this directory is removed if it exists.)
  -V, --version         Display pytest version and information about plugins.
                        When given twice, also display information about
                        plugins.
  -h, --help            Show help message and configuration info
  -p name               Early-load given plugin module name or entry point
                        (multi-allowed). To avoid loading of plugins, use the
                        `no:` prefix, e.g. `no:doctest`. See also --disable-
                        plugin-autoload.
  --disable-plugin-autoload
                        Disable plugin auto-loading through entry point
                        packaging metadata. Only plugins explicitly specified in
                        -p or env var PYTEST_PLUGINS will be loaded.
  --trace-config        Trace considerations of conftest.py files
  --debug=[DEBUG_FILE_NAME]
                        Store internal tracing debug information in this log
                        file. This file is opened with 'w' and truncated as a
                        result, care advised. Default: pytestdebug.log.
  -o, --override-ini OVERRIDE_INI
                        Override configuration option with "option=value" style,
                        e.g. `-o strict_xfail=True -o cache_dir=cache`.
  --assert=MODE         Control assertion debugging tools.
                        'plain' performs no assertion debugging.
                        'rewrite' (the default) rewrites assert statements in
                        test modules on import to provide assert expression
                        information.
  --setup-only          Only setup fixtures, do not execute tests
  --setup-show          Show setup of fixtures while executing tests
  --setup-plan          Show what fixtures and tests would be executed but don't
                        execute anything

logging:
  --log-level=LEVEL     Level of messages to catch/display. Not set by default,
                        so it depends on the root/parent log handler's effective
                        level, where it is "WARNING" by default.
  --log-format=LOG_FORMAT
                        Log format used by the logging module
  --log-date-format=LOG_DATE_FORMAT
                        Log date format used by the logging module
  --log-cli-level=LOG_CLI_LEVEL
                        CLI logging level
  --log-cli-format=LOG_CLI_FORMAT
                        Log format used by the logging module
  --log-cli-date-format=LOG_CLI_DATE_FORMAT
                        Log date format used by the logging module
  --log-file=LOG_FILE   Path to a file when logging will be written to
  --log-file-mode={w,a}
                        Log file open mode
  --log-file-level=LOG_FILE_LEVEL
                        Log file logging level
  --log-file-format=LOG_FILE_FORMAT
                        Log format used by the logging module
  --log-file-date-format=LOG_FILE_DATE_FORMAT
                        Log date format used by the logging module
  --log-auto-indent=LOG_AUTO_INDENT
                        Auto-indent multiline messages passed to the logging
                        module. Accepts true|on, false|off or an integer.
  --log-disable=LOGGER_DISABLE
                        Disable a logger by name. Can be passed multiple times.

django:
  --reuse-db            Re-use the testing database if it already exists, and do
                        not remove it when the test finishes.
  --create-db           Re-create the database, even if it exists. This option
                        can be used to override --reuse-db.
  --ds=DS               Set DJANGO_SETTINGS_MODULE.
  --dc=DC               Set DJANGO_CONFIGURATION.
  --no-migrations       Disable Django migrations on test setup
  --migrations          Enable Django migrations on test setup
  --liveserver=LIVESERVER
                        Address and port for the live_server fixture.
  --fail-on-template-vars
                        Fail for invalid variables in templates.

coverage reporting with distributed testing support:
  --cov=[SOURCE]        Path or package name to measure during execution (multi-
                        allowed). Use --cov= to not do any source filtering and
                        record everything.
  --cov-reset           Reset cov sources accumulated in options so far.
  --cov-report=TYPE     Type of report to generate: term, term-missing,
                        annotate, html, xml, json, markdown, markdown-append,
                        lcov (multi-allowed). term, term-missing may be followed
                        by ":skip-covered". annotate, html, xml, json, markdown,
                        markdown-append and lcov may be followed by ":DEST"
                        where DEST specifies the output location. Use --cov-
                        report= to not generate any output.
  --cov-config=PATH     Config file for coverage. Default: .coveragerc
  --no-cov-on-fail      Do not report coverage if test run fails. Default: False
  --no-cov              Disable coverage report completely (useful for
                        debuggers). Default: False
  --cov-fail-under=MIN  Fail if the total coverage is less than MIN.
  --cov-append          Do not delete coverage but append to current. Default:
                        False
  --cov-branch          Enable branch coverage.
  --cov-precision=COV_PRECISION
                        Override the reporting precision.
  --cov-context=CONTEXT
                        Dynamic contexts to use. "test" for now.

anyio:
  --anyio-mode=ANYIO_MODE
                        'auto'   - All async test functions will be handled by
                        AnyIO pytest plugin
                        'strict' - Disabling autoprocessing(useful when anyio
                        tests
                        need to coexist with other async test plugins)

[pytest] configuration options in the first pytest.toml|pytest.ini|tox.ini|setup.cfg|pyproject.toml file found:

  markers (linelist):   Register new markers for test functions
  empty_parameter_set_mark (string):
                        Default marker for empty parametersets
  strict_config (bool): Any warnings encountered while parsing the `pytest`
                        section of the configuration file raise errors
  strict_markers (bool):
                        Markers not registered in the `markers` section of the
                        configuration file raise errors
  strict (bool):        Enables all strictness options, currently:
                        strict_config, strict_markers, strict_xfail,
                        strict_parametrization_ids
  filterwarnings (linelist):
                        Each line specifies a pattern for
                        warnings.filterwarnings. Processed after
                        -W/--pythonwarnings.
  max_warnings (string):
                        Exit with error if all tests pass but the number of
                        warnings exceeds this threshold
  norecursedirs (args): Directory patterns to avoid for recursion
  testpaths (args):     Directories to search for tests when no files or
                        directories are given on the command line
  collect_imported_tests (bool):
                        Whether to collect tests in imported modules outside
                        `testpaths`
  consider_namespace_packages (bool):
                        Consider namespace packages when resolving module names
                        during import
  usefixtures (args):   List of default fixtures to be used with this project
  python_files (args):  Glob-style file patterns for Python test module
                        discovery
  python_classes (args):
                        Prefixes or glob names for Python test class discovery
  python_functions (args):
                        Prefixes or glob names for Python test function and
                        method discovery
  disable_test_id_escaping_and_forfeit_all_rights_to_community_support (bool):
                        Disable string escape non-ASCII characters, might cause
                        unwanted side effects(use at your own risk)
  strict_parametrization_ids (bool):
                        Emit an error if non-unique parameter set IDs are
                        detected
  console_output_style (string):
                        Console output: "classic", or with additional progress
                        information ("progress" (percentage) | "count" |
                        "progress-even-when-capture-no" (forces progress even
                        when capture=no)
  verbosity_test_cases (string):
                        Specify a verbosity level for test case execution,
                        overriding the main level. Higher levels will provide
                        more detailed information about each test case executed.
  strict_xfail (bool):  Default for the strict parameter of xfail markers when
                        not given explicitly (default: False) (alias:
                        xfail_strict)
  tmp_path_retention_count (string):
                        How many sessions should we keep the `tmp_path`
                        directories, according to `tmp_path_retention_policy`.
  tmp_path_retention_policy (string):
                        Controls which directories created by the `tmp_path`
                        fixture are kept around, based on test outcome.
                        (all/failed/none)
  enable_assertion_pass_hook (bool):
                        Enables the pytest_assertion_pass hook. Make sure to
                        delete any previously generated pyc cache files.
  truncation_limit_lines (string):
                        Set threshold of LINES after which truncation will take
                        effect
  truncation_limit_chars (string):
                        Set threshold of CHARS after which truncation will take
                        effect
  assertion_text_diff_style (string):
                        Choose how pytest renders diffs for string equality
                        assertions: ndiff or block
  verbosity_assertions (string):
                        Specify a verbosity level for assertions, overriding the
                        main level. Higher levels will provide more detailed
                        explanation when an assertion fails.
  junit_suite_name (string):
                        Test suite name for JUnit report
  junit_logging (string):
                        Write captured log messages to JUnit report: one of
                        no|log|system-out|system-err|out-err|all
  junit_log_passing_tests (bool):
                        Capture log information for passing tests to JUnit
                        report:
  junit_duration_report (string):
                        Duration time to report: one of total|call
  junit_family (string):
                        Emit XML for schema: one of legacy|xunit1|xunit2
  doctest_optionflags (args):
                        Option flags for doctests
  doctest_encoding (string):
                        Encoding used for doctest files
  log_level (string):   Default value for --log-level
  log_format (string):  Default value for --log-format
  log_date_format (string):
                        Default value for --log-date-format
  log_cli (bool):       Enable log display during test run (also known as "live
                        logging")
  log_cli_level (string):
                        Default value for --log-cli-level
  log_cli_format (string):
                        Default value for --log-cli-format
  log_cli_date_format (string):
                        Default value for --log-cli-date-format
  log_file (string):    Default value for --log-file
  log_file_mode (string):
                        Default value for --log-file-mode
  log_file_level (string):
                        Default value for --log-file-level
  log_file_format (string):
                        Default value for --log-file-format
  log_file_date_format (string):
                        Default value for --log-file-date-format
  log_auto_indent (string):
                        Default value for --log-auto-indent
  faulthandler_timeout (string):
                        Dump the traceback of all threads if a test takes more
                        than TIMEOUT seconds to finish
  faulthandler_exit_on_timeout (bool):
                        Exit the test process if a test takes more than
                        faulthandler_timeout seconds to finish
  verbosity_subtests (string):
                        Specify verbosity level for subtests. Higher levels will
                        generate output for passed subtests. Failed subtests are
                        always reported.
  addopts (args):       Extra command line options
  minversion (string):  Minimally required pytest version
  pythonpath (paths):   Add paths to sys.path
  required_plugins (args):
                        Plugins that must be present for pytest to run
  DJANGO_CONFIGURATION (string):
                        django-configurations class to use by pytest-django.
  DJANGO_SETTINGS_MODULE (string):
                        Django settings module to use by pytest-django.
  django_find_project (bool):
                        Automatically find and add a Django project to the
                        Python path.
  django_debug_mode (string):
                        How to set the Django DEBUG setting (default `False`).
                        Use `keep` to not override.
  FAIL_INVALID_TEMPLATE_VARS (bool):
                        Fail for invalid variables in templates.
  anyio_mode (string):  AnyIO plugin mode (either "strict" or "auto")

Environment variables:
  CI                       When set to a non-empty value, pytest knows it is running in a CI process and does not truncate summary info
  BUILD_NUMBER             Equivalent to CI
  PYTEST_ADDOPTS           Extra command line options
  PYTEST_PLUGINS           Comma-separated plugins to load during startup
  PYTEST_DISABLE_PLUGIN_AUTOLOAD Set to disable plugin auto-loading
  PYTEST_DEBUG             Set to enable debug tracing of pytest's internals
  PYTEST_DEBUG_TEMPROOT    Override the system temporary directory
  PYTEST_THEME             The Pygments style to use for code output
  PYTEST_THEME_MODE        Set the PYTEST_THEME to be either 'dark' or 'light'


to see available markers type: pytest --markers
to see available fixtures type: pytest --fixtures
(shown according to specified file_or_dir or current dir if not specified; fixtures with leading '_' are only shown with the '-v' option
