#0 building with "desktop-linux" instance using docker driver

#1 [internal] load build definition from Dockerfile.qualification
#1 transferring dockerfile: 836B 0.1s done
#1 DONE 0.1s

#2 [internal] load metadata for ghcr.io/astral-sh/uv:0.12.9
#2 ...

#3 [auth] library/python:pull token for registry-1.docker.io
#3 DONE 0.0s

#4 [internal] load metadata for docker.io/library/python:3.14.7-slim
#4 DONE 1.7s

#2 [internal] load metadata for ghcr.io/astral-sh/uv:0.12.9
#2 DONE 1.7s

#5 [internal] load .dockerignore
#5 transferring context: 164B 0.0s done
#5 DONE 0.1s

#6 [internal] load build context
#6 DONE 0.0s

#7 [uv 1/1] FROM ghcr.io/astral-sh/uv:0.12.9@sha256:8b940d3a9d65bed080436972241af2e21c84b5e8c9193f7014ed71479ee795ff
#7 resolve ghcr.io/astral-sh/uv:0.12.9@sha256:8b940d3a9d65bed080436972241af2e21c84b5e8c9193f7014ed71479ee795ff
#7 resolve ghcr.io/astral-sh/uv:0.12.9@sha256:8b940d3a9d65bed080436972241af2e21c84b5e8c9193f7014ed71479ee795ff 0.2s done
#7 DONE 0.2s

#8 [stage-1 1/8] FROM docker.io/library/python:3.14.7-slim@sha256:51dafde81dbdb6ebde285137a295cf18a47ca95234fe388a343719cb97305b3d
#8 resolve docker.io/library/python:3.14.7-slim@sha256:51dafde81dbdb6ebde285137a295cf18a47ca95234fe388a343719cb97305b3d 0.2s done
#8 DONE 0.2s

#6 [internal] load build context
#6 transferring context: 41.24kB 0.1s done
#6 DONE 0.2s

#9 [stage-1 4/8] COPY source/pyproject.toml source/uv.lock ./
#9 CACHED

#10 [stage-1 5/8] RUN uv sync --frozen --no-install-project
#10 CACHED

#11 [stage-1 2/8] COPY --from=uv /uv /bin/uv
#11 CACHED

#12 [stage-1 3/8] WORKDIR /app
#12 CACHED

#13 [stage-1 6/8] RUN /app/.venv/bin/playwright install --with-deps --only-shell chromium && apt-get install -y --no-install-recommends poppler-utils && chmod -R a+rX /ms-playwright && rm -rf /var/lib/apt/lists/*
#13 CACHED

#14 [stage-1 7/8] COPY source/ ./
#14 DONE 2.1s

#15 [stage-1 8/8] RUN groupadd --gid 10001 qualification && useradd --uid 10001 --gid 10001 --no-create-home qualification
#15 DONE 1.9s

#16 exporting to image
#16 exporting layers
#16 exporting layers 1.2s done
#16 exporting manifest sha256:461a2be2c703e7e9a0b36a3a4ef87f350fab2c49d47cfbb2acde764474ea3a5e 0.1s done
#16 exporting config sha256:346a033786c326e0a0c19026df13b31cf01acdc7bd99a59a4dee83f9397457ed 0.1s done
#16 exporting attestation manifest sha256:1ece6cb5a41da199c85deaff4abf4ab49309ace0a6592c3aea76ede5e429900c 0.1s done
#16 exporting manifest list sha256:6c9830f499bd8fe6e9215c5e2f36dedc9669a01014dc4c349aef7ae572e797c7
#16 exporting manifest list sha256:6c9830f499bd8fe6e9215c5e2f36dedc9669a01014dc4c349aef7ae572e797c7 0.1s done
#16 naming to docker.io/library/stewardence-local-qualification:stewardence-local-6621546fe6
#16 naming to docker.io/library/stewardence-local-qualification:stewardence-local-6621546fe6 0.0s done
#16 unpacking to docker.io/library/stewardence-local-qualification:stewardence-local-6621546fe6
#16 unpacking to docker.io/library/stewardence-local-qualification:stewardence-local-6621546fe6 1.0s done
#16 DONE 2.8s
