#0 building with "desktop-linux" instance using docker driver

#1 [internal] load build definition from Dockerfile
#1 transferring dockerfile: 1.56kB 0.1s done
#1 DONE 0.1s

#2 resolve image config for docker-image://docker.io/docker/dockerfile:1
#2 ...

#3 [auth] docker/dockerfile:pull token for registry-1.docker.io
#3 DONE 0.0s

#2 resolve image config for docker-image://docker.io/docker/dockerfile:1
#2 DONE 1.2s

#4 docker-image://docker.io/docker/dockerfile:1@sha256:4edf897a3ffa55b89f906fc8cc78afdb3f1834cc9c7083565e611a8a7d5fe99e
#4 resolve docker.io/docker/dockerfile:1@sha256:4edf897a3ffa55b89f906fc8cc78afdb3f1834cc9c7083565e611a8a7d5fe99e 0.1s done
#4 CACHED

#5 [internal] load metadata for ghcr.io/astral-sh/uv:0.12.9
#5 ...

#6 [auth] library/python:pull token for registry-1.docker.io
#6 DONE 0.0s

#7 [internal] load metadata for docker.io/library/python:3.14.7-slim
#7 DONE 0.5s

#5 [internal] load metadata for ghcr.io/astral-sh/uv:0.12.9
#5 DONE 0.6s

#8 [internal] load .dockerignore
#8 transferring context: 121B 0.0s done
#8 DONE 0.1s

#9 [internal] load build context
#9 DONE 0.0s

#10 [builder  1/12] FROM docker.io/library/python:3.14.7-slim@sha256:51dafde81dbdb6ebde285137a295cf18a47ca95234fe388a343719cb97305b3d
#10 resolve docker.io/library/python:3.14.7-slim@sha256:51dafde81dbdb6ebde285137a295cf18a47ca95234fe388a343719cb97305b3d 0.1s done
#10 DONE 0.1s

#11 [uv 1/1] FROM ghcr.io/astral-sh/uv:0.12.9@sha256:8b940d3a9d65bed080436972241af2e21c84b5e8c9193f7014ed71479ee795ff
#11 resolve ghcr.io/astral-sh/uv:0.12.9@sha256:8b940d3a9d65bed080436972241af2e21c84b5e8c9193f7014ed71479ee795ff
#11 resolve ghcr.io/astral-sh/uv:0.12.9@sha256:8b940d3a9d65bed080436972241af2e21c84b5e8c9193f7014ed71479ee795ff 0.1s done
#11 DONE 0.1s

#10 [builder  1/12] FROM docker.io/library/python:3.14.7-slim@sha256:51dafde81dbdb6ebde285137a295cf18a47ca95234fe388a343719cb97305b3d
#10 CACHED

#9 [internal] load build context
#9 transferring context: 1.44MB 1.7s done
#9 DONE 1.8s

#12 [runtime 2/4] RUN groupadd --gid 10001 agentledger     && useradd --uid 10001 --gid agentledger --home-dir /app --no-create-home agentledger
#12 ...

#13 [builder  2/12] WORKDIR /app
#13 CACHED

#14 [builder  3/12] COPY --from=uv /uv /bin/uv
#14 CACHED

#15 [builder  4/12] COPY pyproject.toml uv.lock ./
#15 CACHED

#16 [builder  5/12] RUN uv sync --frozen --no-default-groups --no-install-project
#16 ...

#12 [runtime 2/4] RUN groupadd --gid 10001 agentledger     && useradd --uid 10001 --gid agentledger --home-dir /app --no-create-home agentledger
#12 DONE 2.6s

#17 [runtime 3/4] WORKDIR /app
#17 DONE 0.3s

#16 [builder  5/12] RUN uv sync --frozen --no-default-groups --no-install-project
#16 1.604 Using CPython 3.14.7 interpreter at: /usr/local/bin/python3
#16 1.607 Creating virtual environment at: .venv
#16 2.005 Downloading cryptography (4.5MiB)
#16 2.068 Downloading psycopg-binary (5.0MiB)
#16 2.071 Downloading stripe (1.9MiB)
#16 2.074 Downloading django (7.9MiB)
#16 2.081 Downloading botocore (15.0MiB)
#16 4.207  Downloaded psycopg-binary
#16 4.363  Downloaded cryptography
#16 4.743  Downloaded stripe
#16 7.056  Downloaded botocore
#16 8.854  Downloaded django
#16 8.856 Prepared 34 packages in 7.16s
#16 17.19 Installed 34 packages in 8.30s
#16 20.30 Bytecode compiled 2727 files in 3.10s
#16 20.30  + anyio==4.15.0
#16 20.30  + asgiref==3.12.1
#16 20.30  + attrs==26.1.0
#16 20.30  + boto3==1.43.88
#16 20.30  + botocore==1.43.88
#16 20.30  + certifi==2026.7.22
#16 20.30  + cffi==2.1.1
#16 20.30  + charset-normalizer==3.5.1
#16 20.30  + cryptography==50.0.1
#16 20.30  + django==5.2.17
#16 20.30  + gunicorn==23.0.0
#16 20.30  + h11==0.16.0
#16 20.30  + httpcore==1.0.9
#16 20.30  + httpx==0.28.1
#16 20.30  + idna==3.19
#16 20.30  + jmespath==1.1.0
#16 20.30  + jsonschema==4.26.0
#16 20.30  + jsonschema-specifications==2025.9.1
#16 20.30  + packaging==26.3
#16 20.30  + psycopg==3.3.5
#16 20.30  + psycopg-binary==3.3.5
#16 20.30  + pycparser==3.0
#16 20.30  + python-dateutil==2.9.0.post0
#16 20.30  + referencing==0.37.0
#16 20.30  + requests==2.34.2
#16 20.30  + rfc8785==0.1.4
#16 20.30  + rpds-py==2026.6.3
#16 20.31  + s3transfer==0.19.2
#16 20.31  + six==1.17.0
#16 20.31  + sqlparse==0.6.0
#16 20.31  + stripe==13.2.0
#16 20.31  + typing-extensions==4.16.0
#16 20.31  + urllib3==2.7.0
#16 20.31  + whitenoise==6.12.0
#16 DONE 23.7s

#18 [builder  6/12] COPY manage.py ./
#18 DONE 0.5s

#19 [builder  7/12] COPY apps ./apps
#19 DONE 0.6s

#20 [builder  8/12] COPY collector ./collector
#20 DONE 0.2s

#21 [builder  9/12] COPY src ./src
#21 DONE 0.3s

#22 [builder 10/12] COPY templates ./templates
#22 DONE 0.2s

#23 [builder 11/12] COPY static ./static
#23 DONE 0.2s

#24 [builder 12/12] RUN DJANGO_SETTINGS_MODULE=agentledger.settings.production     DJANGO_SECRET_KEY=build-only-staticfiles-secret-with-no-runtime-authority-123456     DATABASE_URL=postgresql://build:build@localhost/build     ALLOWED_HOSTS=localhost     CSRF_TRUSTED_ORIGINS=https://localhost     REPORTS_BUCKET_NAME=build     REPORTS_BUCKET_ENDPOINT=https://localhost     REPORTS_BUCKET_ACCESS_KEY_ID=build     REPORTS_BUCKET_SECRET_ACCESS_KEY=build     REPORT_RENDERER_URL=http://localhost     .venv/bin/python manage.py collectstatic --no-input
#24 2.493 
#24 2.493 9 static files copied to '/app/staticfiles', 21 post-processed.
#24 DONE 2.7s

#25 [runtime 4/4] COPY --from=builder --chown=agentledger:agentledger /app /app
#25 DONE 13.7s

#26 exporting to image
#26 exporting layers
#26 exporting layers 7.2s done
#26 exporting manifest sha256:90c47a481f4c1f6edb167b29b237300e5db937ed3b236886a616fd6f7c42060e 0.1s done
#26 exporting config sha256:05dedb2b6ba0cf86dd0b0f815d99a16d8e7ac5038cdf59823c13efa4224e4207 0.1s done
#26 exporting attestation manifest sha256:35c2fb4dc216ee0e53c17dddf933cc601ab7bfb288ddca9c9104719e4a0f0d63 0.1s done
#26 exporting manifest list sha256:ec3899d389135a6f2aeb39401972fc7331b0a0e6e2cc6a41340ac2ea36107a1c
#26 exporting manifest list sha256:ec3899d389135a6f2aeb39401972fc7331b0a0e6e2cc6a41340ac2ea36107a1c 0.1s done
#26 naming to docker.io/library/stewardence-app-local:core-standard-20261003
#26 naming to docker.io/library/stewardence-app-local:core-standard-20261003 done
#26 unpacking to docker.io/library/stewardence-app-local:core-standard-20261003
#26 unpacking to docker.io/library/stewardence-app-local:core-standard-20261003 7.4s done
#26 DONE 15.1s
