#0 building with "desktop-linux" instance using docker driver

#1 [internal] load build definition from Dockerfile.renderer
#1 transferring dockerfile: 1.59kB 0.0s done
#1 DONE 0.0s

#2 resolve image config for docker-image://docker.io/docker/dockerfile:1
#2 DONE 0.5s

#3 docker-image://docker.io/docker/dockerfile:1@sha256:4edf897a3ffa55b89f906fc8cc78afdb3f1834cc9c7083565e611a8a7d5fe99e
#3 resolve docker.io/docker/dockerfile:1@sha256:4edf897a3ffa55b89f906fc8cc78afdb3f1834cc9c7083565e611a8a7d5fe99e 0.1s done
#3 CACHED

#4 [internal] load metadata for docker.io/library/python:3.14.7-slim
#4 DONE 0.3s

#5 [internal] load metadata for ghcr.io/astral-sh/uv:0.12.9
#5 DONE 0.5s

#6 [internal] load .dockerignore
#6 transferring context: 121B done
#6 DONE 0.0s

#7 [uv 1/1] FROM ghcr.io/astral-sh/uv:0.12.9@sha256:8b940d3a9d65bed080436972241af2e21c84b5e8c9193f7014ed71479ee795ff
#7 resolve ghcr.io/astral-sh/uv:0.12.9@sha256:8b940d3a9d65bed080436972241af2e21c84b5e8c9193f7014ed71479ee795ff 0.1s done
#7 DONE 0.1s

#8 [builder 1/5] FROM docker.io/library/python:3.14.7-slim@sha256:51dafde81dbdb6ebde285137a295cf18a47ca95234fe388a343719cb97305b3d
#8 resolve docker.io/library/python:3.14.7-slim@sha256:51dafde81dbdb6ebde285137a295cf18a47ca95234fe388a343719cb97305b3d 0.1s done
#8 DONE 0.1s

#9 [internal] load build context
#9 transferring context: 11.30kB 0.0s done
#9 DONE 0.0s

#10 [builder 5/5] RUN uv sync --frozen --only-group renderer --no-install-project     && uv run --no-sync playwright install --only-shell chromium     && rm -rf /tmp/* /var/lib/apt/lists/*
#10 CACHED

#11 [builder 3/5] COPY --from=uv /uv /bin/uv
#11 CACHED

#12 [runtime  3/10] COPY --from=builder /app/.venv /app/.venv
#12 CACHED

#13 [builder 4/5] COPY pyproject.toml uv.lock ./
#13 CACHED

#14 [runtime  4/10] COPY --from=builder /ms-playwright /ms-playwright
#14 CACHED

#15 [runtime  5/10] RUN .venv/bin/playwright install-deps chromium     && chmod -R a+rX /ms-playwright     && rm -rf /tmp/* /var/lib/apt/lists/*
#15 CACHED

#16 [builder 2/5] WORKDIR /app
#16 CACHED

#17 [runtime  6/10] RUN groupadd --gid 10001 renderer     && useradd --uid 10001 --gid renderer --home-dir /app --no-create-home renderer
#17 CACHED

#18 [runtime  7/10] COPY renderer ./renderer
#18 DONE 0.1s

#19 [runtime  8/10] COPY static/brand/stewardence-helix-orbit-light.png ./static/brand/stewardence-helix-orbit-light.png
#19 DONE 0.1s

#20 [runtime  9/10] COPY static/brand/atlas/reports.svg ./static/brand/atlas/reports.svg
#20 DONE 0.1s

#21 [runtime 10/10] RUN install -d -o renderer -g renderer -m 0700 /work/output
#21 DONE 1.0s

#22 exporting to image
#22 exporting layers
#22 exporting layers 0.8s done
#22 exporting manifest sha256:1e1b0386a6c0e33fe87f53c7b10b28e2cb3eef857a512b5234719aca651dbeec 0.1s done
#22 exporting config sha256:0ca6f7706a8fa19bb9529d396acfe5bd98eb60822a0a1662f0a038f08146f77a 0.1s done
#22 exporting attestation manifest sha256:c6a1049d34480cd93ccd8971e38815c7f473e15d33177b54dd1306e76b6380f1 0.1s done
#22 exporting manifest list sha256:d4c73ead4d1c6bf16c77089a6837e039a0ab84c4a9a48d8b4f60852809e57a27
#22 exporting manifest list sha256:d4c73ead4d1c6bf16c77089a6837e039a0ab84c4a9a48d8b4f60852809e57a27 0.1s done
#22 naming to docker.io/library/stewardence-renderer-local:layout-final-20261003 0.0s done
#22 unpacking to docker.io/library/stewardence-renderer-local:layout-final-20261003
#22 unpacking to docker.io/library/stewardence-renderer-local:layout-final-20261003 0.3s done
#22 DONE 1.5s
