#0 building with "desktop-linux" instance using docker driver

#1 [internal] load build definition from Dockerfile.renderer
#1 transferring dockerfile: 1.59kB 0.0s done
#1 DONE 0.1s

#2 resolve image config for docker-image://docker.io/docker/dockerfile:1
#2 ...

#3 [auth] docker/dockerfile:pull token for registry-1.docker.io
#3 DONE 0.0s

#2 resolve image config for docker-image://docker.io/docker/dockerfile:1
#2 DONE 1.1s

#4 docker-image://docker.io/docker/dockerfile:1@sha256:4edf897a3ffa55b89f906fc8cc78afdb3f1834cc9c7083565e611a8a7d5fe99e
#4 resolve docker.io/docker/dockerfile:1@sha256:4edf897a3ffa55b89f906fc8cc78afdb3f1834cc9c7083565e611a8a7d5fe99e 0.1s done
#4 CACHED

#5 [internal] load metadata for ghcr.io/astral-sh/uv:0.12.9
#5 ...

#6 [auth] library/python:pull token for registry-1.docker.io
#6 DONE 0.0s

#7 [internal] load metadata for docker.io/library/python:3.14.7-slim
#7 DONE 0.5s

#5 [internal] load metadata for ghcr.io/astral-sh/uv:0.12.9
#5 DONE 0.7s

#8 [internal] load .dockerignore
#8 transferring context: 121B done
#8 DONE 0.1s

#9 [internal] load build context
#9 DONE 0.0s

#10 [builder 1/5] FROM docker.io/library/python:3.14.7-slim@sha256:51dafde81dbdb6ebde285137a295cf18a47ca95234fe388a343719cb97305b3d
#10 resolve docker.io/library/python:3.14.7-slim@sha256:51dafde81dbdb6ebde285137a295cf18a47ca95234fe388a343719cb97305b3d 0.1s done
#10 DONE 0.2s

#11 [uv 1/1] FROM ghcr.io/astral-sh/uv:0.12.9@sha256:8b940d3a9d65bed080436972241af2e21c84b5e8c9193f7014ed71479ee795ff
#11 resolve ghcr.io/astral-sh/uv:0.12.9@sha256:8b940d3a9d65bed080436972241af2e21c84b5e8c9193f7014ed71479ee795ff
#11 resolve ghcr.io/astral-sh/uv:0.12.9@sha256:8b940d3a9d65bed080436972241af2e21c84b5e8c9193f7014ed71479ee795ff 0.1s done
#11 DONE 0.2s

#9 [internal] load build context
#9 transferring context: 26.61kB 0.1s done
#9 DONE 0.1s

#12 [builder 4/5] COPY pyproject.toml uv.lock ./
#12 CACHED

#13 [runtime  4/10] COPY --from=builder /ms-playwright /ms-playwright
#13 CACHED

#14 [builder 5/5] RUN uv sync --frozen --only-group renderer --no-install-project     && uv run --no-sync playwright install --only-shell chromium     && rm -rf /tmp/* /var/lib/apt/lists/*
#14 CACHED

#15 [runtime  3/10] COPY --from=builder /app/.venv /app/.venv
#15 CACHED

#16 [runtime  5/10] RUN .venv/bin/playwright install-deps chromium     && chmod -R a+rX /ms-playwright     && rm -rf /tmp/* /var/lib/apt/lists/*
#16 CACHED

#17 [builder 2/5] WORKDIR /app
#17 CACHED

#18 [builder 3/5] COPY --from=uv /uv /bin/uv
#18 CACHED

#19 [runtime  6/10] RUN groupadd --gid 10001 renderer     && useradd --uid 10001 --gid renderer --home-dir /app --no-create-home renderer
#19 CACHED

#20 [runtime  7/10] COPY renderer ./renderer
#20 DONE 0.2s

#21 [runtime  8/10] COPY static/brand/stewardence-helix-orbit-light.png ./static/brand/stewardence-helix-orbit-light.png
#21 DONE 0.2s

#22 [runtime  9/10] COPY static/brand/atlas/reports.svg ./static/brand/atlas/reports.svg
#22 DONE 0.3s

#23 [runtime 10/10] RUN install -d -o renderer -g renderer -m 0700 /work/output
#23 DONE 0.9s

#24 exporting to image
#24 exporting layers
#24 exporting layers 1.7s done
#24 exporting manifest sha256:47c193b0f041258373b5eae4b82da9c5503375eec9b8a5ee686a23a880cfba96 0.1s done
#24 exporting config sha256:88dd765d7f271a1193ad0a188621c5700de228a0fffecf9bc76d75675ea3cfd4 0.1s done
#24 exporting attestation manifest sha256:9bc1bda7221ebde9a1e49d724816b7e028f352f840a9f5aae527e1978a4a6840 0.1s done
#24 exporting manifest list sha256:58f005f2e4103ebf2eaa2388d184854244662cd7ef4cd9babe59811092b1b46b
#24 exporting manifest list sha256:58f005f2e4103ebf2eaa2388d184854244662cd7ef4cd9babe59811092b1b46b 0.1s done
#24 naming to docker.io/library/stewardence-renderer-local:layout-successor-20261003
#24 naming to docker.io/library/stewardence-renderer-local:layout-successor-20261003 0.0s done
#24 unpacking to docker.io/library/stewardence-renderer-local:layout-successor-20261003
#24 unpacking to docker.io/library/stewardence-renderer-local:layout-successor-20261003 0.4s done
#24 DONE 2.6s
