#0 building with "desktop-linux" instance using docker driver

#1 [internal] load build definition from Dockerfile.qualification
#1 transferring dockerfile: 836B 0.0s done
#1 DONE 0.1s

#2 [internal] load metadata for ghcr.io/astral-sh/uv:0.12.9
#2 ...

#3 [internal] load metadata for docker.io/library/python:3.14.7-slim
#3 DONE -0.3s

#2 [internal] load metadata for ghcr.io/astral-sh/uv:0.12.9
#2 DONE -0.2s

#4 [internal] load .dockerignore
#4 transferring context: 164B 0.0s done
#4 DONE 0.1s

#5 [internal] load build context
#5 DONE 0.0s

#6 [uv 1/1] FROM ghcr.io/astral-sh/uv:0.12.9@sha256:8b940d3a9d65bed080436972241af2e21c84b5e8c9193f7014ed71479ee795ff
#6 resolve ghcr.io/astral-sh/uv:0.12.9@sha256:8b940d3a9d65bed080436972241af2e21c84b5e8c9193f7014ed71479ee795ff
#6 resolve ghcr.io/astral-sh/uv:0.12.9@sha256:8b940d3a9d65bed080436972241af2e21c84b5e8c9193f7014ed71479ee795ff 0.2s done
#6 DONE 0.2s

#7 [stage-1 1/8] FROM docker.io/library/python:3.14.7-slim@sha256:51dafde81dbdb6ebde285137a295cf18a47ca95234fe388a343719cb97305b3d
#7 resolve docker.io/library/python:3.14.7-slim@sha256:51dafde81dbdb6ebde285137a295cf18a47ca95234fe388a343719cb97305b3d 0.2s done
#7 DONE 0.2s

#5 [internal] load build context
#5 transferring context: 34.05kB 0.1s done
#5 DONE 0.2s

#8 [stage-1 2/8] COPY --from=uv /uv /bin/uv
#8 CACHED

#9 [stage-1 3/8] WORKDIR /app
#9 CACHED

#10 [stage-1 4/8] COPY source/pyproject.toml source/uv.lock ./
#10 CACHED

#11 [stage-1 5/8] RUN uv sync --frozen --no-install-project
#11 CACHED

#12 [stage-1 6/8] RUN /app/.venv/bin/playwright install --with-deps --only-shell chromium && apt-get install -y --no-install-recommends poppler-utils && chmod -R a+rX /ms-playwright && rm -rf /var/lib/apt/lists/*
#12 CACHED

#13 [stage-1 7/8] COPY source/ ./
#13 DONE 1.2s

#14 [stage-1 8/8] RUN groupadd --gid 10001 qualification && useradd --uid 10001 --gid 10001 --no-create-home qualification
#14 DONE 2.0s

#15 exporting to image
#15 exporting layers
#15 exporting layers 1.4s done
#15 exporting manifest sha256:d010480740d1fb18ddf5417e1fac789b1e2f0d4ad1a56c067fb8acd1f8baeb6e 0.1s done
#15 exporting config sha256:0a39b9f81d747ca423b04c7ed2bc8f48269a433ffd1bbd356b0eca8dbb626cd4
#15 exporting config sha256:0a39b9f81d747ca423b04c7ed2bc8f48269a433ffd1bbd356b0eca8dbb626cd4 0.1s done
#15 exporting attestation manifest sha256:85ff5ba1659209469a3e6f9398c6d609480f2a0f5dc557071b028c2d053121c0
#15 exporting attestation manifest sha256:85ff5ba1659209469a3e6f9398c6d609480f2a0f5dc557071b028c2d053121c0 0.1s done
#15 exporting manifest list sha256:ac89dff808c9f1e4c16e3a2e6e9780d02914d2cfd8df0d7caafd766c19c89336 0.1s done
#15 naming to docker.io/library/stewardence-local-qualification:stewardence-local-7338c5d7b2 done
#15 unpacking to docker.io/library/stewardence-local-qualification:stewardence-local-7338c5d7b2
#15 unpacking to docker.io/library/stewardence-local-qualification:stewardence-local-7338c5d7b2 1.0s done
#15 DONE 3.2s
