#0 building with "desktop-linux" instance using docker driver

#1 [internal] load build definition from Dockerfile.qualification
#1 transferring dockerfile: 836B 0.1s done
#1 DONE 0.3s

#2 [internal] load metadata for ghcr.io/astral-sh/uv:0.12.9
#2 ...

#3 [auth] library/python:pull token for registry-1.docker.io
#3 DONE 0.0s

#4 [internal] load metadata for docker.io/library/python:3.14.7-slim
#4 DONE 3.2s

#2 [internal] load metadata for ghcr.io/astral-sh/uv:0.12.9
#2 DONE 3.2s

#5 [internal] load .dockerignore
#5 transferring context: 32B 0.0s
#5 transferring context: 164B 0.1s done
#5 DONE 0.2s

#6 [internal] load build context
#6 DONE 0.0s

#7 [uv 1/1] FROM ghcr.io/astral-sh/uv:0.12.9@sha256:8b940d3a9d65bed080436972241af2e21c84b5e8c9193f7014ed71479ee795ff
#7 resolve ghcr.io/astral-sh/uv:0.12.9@sha256:8b940d3a9d65bed080436972241af2e21c84b5e8c9193f7014ed71479ee795ff
#7 resolve ghcr.io/astral-sh/uv:0.12.9@sha256:8b940d3a9d65bed080436972241af2e21c84b5e8c9193f7014ed71479ee795ff 0.2s done
#7 DONE 0.2s

#8 [stage-1 1/8] FROM docker.io/library/python:3.14.7-slim@sha256:51dafde81dbdb6ebde285137a295cf18a47ca95234fe388a343719cb97305b3d
#8 resolve docker.io/library/python:3.14.7-slim@sha256:51dafde81dbdb6ebde285137a295cf18a47ca95234fe388a343719cb97305b3d 0.2s done
#8 DONE 0.3s

#6 [internal] load build context
#6 transferring context: 76.03kB 0.4s done
#6 DONE 0.5s

#9 [stage-1 4/8] COPY source/pyproject.toml source/uv.lock ./
#9 CACHED

#10 [stage-1 5/8] RUN uv sync --frozen --no-install-project
#10 CACHED

#11 [stage-1 2/8] COPY --from=uv /uv /bin/uv
#11 CACHED

#12 [stage-1 3/8] WORKDIR /app
#12 CACHED

#13 [stage-1 6/8] RUN /app/.venv/bin/playwright install --with-deps --only-shell chromium && apt-get install -y --no-install-recommends poppler-utils && chmod -R a+rX /ms-playwright && rm -rf /var/lib/apt/lists/*
#13 CACHED

#14 [stage-1 7/8] COPY source/ ./
#14 DONE 3.5s

#15 [stage-1 8/8] RUN groupadd --gid 10001 qualification && useradd --uid 10001 --gid 10001 --no-create-home qualification
#15 DONE 5.1s

#16 exporting to image
#16 exporting layers
#16 exporting layers 2.7s done
#16 exporting manifest sha256:6494e15363b22f17c7806b708e61d81e3bd0a164355c9daeb47e0ecc58b79ea4 0.1s done
#16 exporting config sha256:70539a6abf754bb35e1cf9312a0189ee0d94ba92250720b05c2117272beb17ce
#16 exporting config sha256:70539a6abf754bb35e1cf9312a0189ee0d94ba92250720b05c2117272beb17ce 0.2s done
#16 exporting attestation manifest sha256:f44fa597702fd0780b823e488c6ab40043a7bcf6ee3108faa2867af2ec5a3543
#16 exporting attestation manifest sha256:f44fa597702fd0780b823e488c6ab40043a7bcf6ee3108faa2867af2ec5a3543 0.1s done
#16 exporting manifest list sha256:42bddcb1ead5cc4ceff5bf4512cb218e2e511013e113660a91156e9af2f7f21c
#16 exporting manifest list sha256:42bddcb1ead5cc4ceff5bf4512cb218e2e511013e113660a91156e9af2f7f21c 0.2s done
#16 naming to docker.io/library/stewardence-local-qualification:stewardence-local-b492bb362c 0.0s done
#16 unpacking to docker.io/library/stewardence-local-qualification:stewardence-local-b492bb362c
#16 unpacking to docker.io/library/stewardence-local-qualification:stewardence-local-b492bb362c 1.2s done
#16 DONE 4.8s
