Operations to perform:
  Apply all migrations: accounts, assessments, audit, auth, billing, catalog, contenttypes, imports, integrations, inventory, jobs, organizations, policies, reports, reviews, sessions
Running migrations:
  Applying contenttypes.0001_initial... OK
  Applying contenttypes.0002_remove_content_type_name... OK
  Applying auth.0001_initial... OK
  Applying auth.0002_alter_permission_name_max_length... OK
  Applying auth.0003_alter_user_email_max_length... OK
  Applying auth.0004_alter_user_username_opts... OK
  Applying auth.0005_alter_user_last_login_null... OK
  Applying auth.0006_require_contenttypes_0002... OK
  Applying auth.0007_alter_validators_add_error_messages... OK
  Applying auth.0008_alter_user_username_max_length... OK
  Applying auth.0009_alter_user_last_name_max_length... OK
  Applying auth.0010_alter_group_name_max_length... OK
  Applying auth.0011_update_proxy_permissions... OK
  Applying auth.0012_alter_user_first_name_max_length... OK
  Applying accounts.0001_initial... OK
  Applying sessions.0001_initial... OK
  Applying organizations.0001_initial... OK
  Applying inventory.0001_initial... OK
  Applying inventory.0002_database_security... OK
  Applying catalog.0001_initial... OK
  Applying inventory.0003_remove_inventoryitem_product_id_and_more... OK
  Applying assessments.0001_initial... OK
  Applying assessments.0002_snapshot_security... OK
  Applying audit.0001_initial... OK
  Applying audit.0002_audit_security... OK
  Applying reports.0001_initial... OK
  Applying reports.0002_report_security... OK
  Applying reports.0003_reportartifact... OK
  Applying reports.0004_reportartifact_security... OK
  Applying organizations.0002_public_onboarding... OK
  Applying organizations.0003_workflow_profile... OK
  Applying jobs.0001_initial... OK
  Applying jobs.0002_job_security... OK
  Applying jobs.0003_recovery_receipts... OK
  Applying jobs.0004_receipt_admission... OK
  Applying jobs.0005_atomic_recovery_admission... OK
  Applying jobs.0006_corecontrol_workflowschedule_actioncardrevision_and_more... OK
  Applying jobs.0007_core_workflow_security... OK
  Applying jobs.0008_worker_transition_authority... OK
  Applying billing.0001_initial... OK
  Applying billing.0002_stripewebhookevent... OK
  Applying billing.0003_founderslot... OK
  Applying billing.0004_founderslot_reservation_token... OK
  Applying billing.0005_billing_security... OK
  Applying jobs.0009_core_issuance_authority... OK
  Applying jobs.0010_job_input_admission... OK
  Applying jobs.0011_action_card_issuance... OK
  Applying jobs.0012_core_authority_successor... OK
  Applying billing.0006_paid_coverage... OK
  Applying billing.0007_ingester_effects... OK
  Applying billing.0008_checkout_intent... OK
  Applying billing.0009_customer_request... OK
  Applying catalog.0002_catalog_security... OK
  Applying imports.0001_initial... OK
  Applying imports.0002_import_staging_security... OK
  Applying integrations.0001_initial... OK
  Applying integrations.0002_providerconnection_providerattempt_providerevent_and_more... OK
  Applying inventory.0004_discovery_evidence... OK
  Applying inventory.0005_discovery_security... OK
  Applying inventory.0006_detectionevidence_inventory_item_and_more... OK
  Applying inventory.0007_inventoryitem_declared_fields... OK
  Applying jobs.0013_paid_entitlement... OK
  Applying jobs.0014_decision_desk... OK
  Applying policies.0001_initial... OK
  Applying policies.0002_organization_rule_security... OK
  Applying policies.0003_remove_organizationrule_unique_organization_rule_name_and_more... OK
  Applying reviews.0001_initial... OK
  Applying reviews.0002_pack_lifecycle... OK
  Applying reviews.0003_worker_pack_projection... OK
  Applying reports.0005_review_pack_read_authority... OK
............F........................................................... [ 83%]
..............                                                           [100%]
=================================== FAILURES ===================================
_________ test_actual_worker_context_keeps_permanent_exposure_version __________

pack_context = (<User: reports@example.com>, <Organization: Report Firm>, <AssessmentSnapshot: 74f450e0-1628-44ad-ae29-3f266a313806 v1>, <PackIdentity: Review pack 697aa864-9a59-4234-a701-4ad61d4a2ff8>)
enabled = None
tmp_path = PosixPath('/tmp/pytest-of-qualification/pytest-0/test_actual_worker_context_kee0')
monkeypatch = <_pytest.monkeypatch.MonkeyPatch object at 0x797c6b111a90>

    @pytest.mark.django_db(transaction=True, databases="__all__")
    def test_actual_worker_context_keeps_permanent_exposure_version(
        pack_context, enabled, tmp_path, monkeypatch
    ):
        _, org, snapshot, pack = pack_context
        request(pack_context)
        job = claimed(pack_context)
    
        def forbidden_current(_):
            raise AssertionError("Historical rendering used the current exposure alias")
    
        monkeypatch.setattr(exposure, "review_record", forbidden_current)
        with tenant_transaction(org.id, using="worker_runtime"):
            context = handler(tmp_path).prepare(job).report_context
        assert context["review_pack"]["manifest"] == pack.manifest
>       assert [
            entry["review"] for entry in context["review_pack"]["exposure_reviews"]
        ] == [permanent_v1(record) for record in snapshot.input_payload["inventory"]]
E       AssertionError: assert [{'schema': '...}, ...], ...}] == [{'schema': '...}, ...], ...}]
E         
E         At index 0 diff: {'schema': 'core.exposure.declarations.v1', 'inventory_item_id': 'e1398a8a-c14c-443d-92c3-cc5345f99e0b', 'record_sha256': 'e57fa476b0950e03e2b69a3d59bb361c9405f1eb2d8cd75af0c250230a027b97', 'questions': [{'question_id': 'business_owner', 'outcome': 'CONCERN', 'explanation': 'Responsible person is blank in the declaration.', 'source_fields': ['business_owner'], 'basis': 'customer_declaration', 'verification': 'not_established'}, {'question_id': 'business_purpose', 'outcome': 'CONCERN', 'explanation': 'Business purpose is blank in the declaration.', 'sour...
E         
E         ...Full output truncated (2 lines hidden), use '-vv' to show

tests/test_historical_exposure_version.py:54: AssertionError
=============================== warnings summary ===============================
tests/test_review_profile_handoff.py::test_owner_can_choose_meaning_and_return_without_implicit_work[business.v1-details0]
tests/test_review_profile_handoff.py::test_owner_can_choose_meaning_and_return_without_implicit_work[development.v1-details1]
tests/test_review_profile_handoff.py::test_recorded_profile_does_not_advertise_closed_review_workspace
tests/test_workflow_profile_setup.py::test_owner_records_profile_once_and_malicious_fields_cannot_reinterpret_it
tests/test_workflow_profile_setup.py::test_cross_profile_settings_fail_and_viewers_cannot_decide
tests/test_workflow_profile_setup.py::test_profile_setup_requires_csrf
tests/test_paid_workflow_boundary.py::test_expired_owner_can_read_frozen_review_history_but_not_admit_work
tests/test_paid_workflow_boundary.py::test_expired_customer_can_read_existing_reports_but_not_generate
tests/test_paid_workflow_boundary.py::test_expired_read_exception_cannot_select_another_workspace
  /app/.venv/lib/python3.14/site-packages/django/core/handlers/base.py:61: UserWarning: No directory at: /app/staticfiles/
    mw_instance = middleware(adapted_handler)

-- Docs: https://docs.pytest.org/en/stable/how-to/capture-warnings.html
=========================== short test summary info ============================
FAILED tests/test_historical_exposure_version.py::test_actual_worker_context_keeps_permanent_exposure_version
1 failed, 85 passed, 9 warnings in 71.71s (0:01:11)
