#0 building with "desktop-linux" instance using docker driver

#1 [internal] load build definition from Dockerfile.qualification
#1 transferring dockerfile: 836B 0.1s done
#1 DONE 0.1s

#2 [internal] load metadata for ghcr.io/astral-sh/uv:0.12.9
#2 ...

#3 [internal] load metadata for docker.io/library/python:3.14.7-slim
#3 DONE 0.8s

#2 [internal] load metadata for ghcr.io/astral-sh/uv:0.12.9
#2 DONE 0.9s

#4 [internal] load .dockerignore
#4 transferring context: 164B 0.0s done
#4 DONE 0.1s

#5 [internal] load build context
#5 DONE 0.0s

#6 [uv 1/1] FROM ghcr.io/astral-sh/uv:0.12.9@sha256:8b940d3a9d65bed080436972241af2e21c84b5e8c9193f7014ed71479ee795ff
#6 resolve ghcr.io/astral-sh/uv:0.12.9@sha256:8b940d3a9d65bed080436972241af2e21c84b5e8c9193f7014ed71479ee795ff
#6 resolve ghcr.io/astral-sh/uv:0.12.9@sha256:8b940d3a9d65bed080436972241af2e21c84b5e8c9193f7014ed71479ee795ff 0.2s done
#6 DONE 0.2s

#7 [stage-1 1/8] FROM docker.io/library/python:3.14.7-slim@sha256:51dafde81dbdb6ebde285137a295cf18a47ca95234fe388a343719cb97305b3d
#7 resolve docker.io/library/python:3.14.7-slim@sha256:51dafde81dbdb6ebde285137a295cf18a47ca95234fe388a343719cb97305b3d 0.2s done
#7 DONE 0.3s

#5 [internal] load build context
#5 transferring context: 47.26kB 0.1s done
#5 DONE 0.2s

#8 [stage-1 3/8] WORKDIR /app
#8 CACHED

#9 [stage-1 4/8] COPY source/pyproject.toml source/uv.lock ./
#9 CACHED

#10 [stage-1 5/8] RUN uv sync --frozen --no-install-project
#10 CACHED

#11 [stage-1 2/8] COPY --from=uv /uv /bin/uv
#11 CACHED

#12 [stage-1 6/8] RUN /app/.venv/bin/playwright install --with-deps --only-shell chromium && apt-get install -y --no-install-recommends poppler-utils && chmod -R a+rX /ms-playwright && rm -rf /var/lib/apt/lists/*
#12 CACHED

#13 [stage-1 7/8] COPY source/ ./
#13 DONE 1.1s

#14 [stage-1 8/8] RUN groupadd --gid 10001 qualification && useradd --uid 10001 --gid 10001 --no-create-home qualification
#14 DONE 1.4s

#15 exporting to image
#15 exporting layers
#15 exporting layers 1.6s done
#15 exporting manifest sha256:36d774b7d39d8f3c9058b2d9cf7ed54f590f5b43bd59332e53a41b51d3ffaec9
#15 exporting manifest sha256:36d774b7d39d8f3c9058b2d9cf7ed54f590f5b43bd59332e53a41b51d3ffaec9 0.2s done
#15 exporting config sha256:32c6cefdeb86ea3d4821bb77e7c58dfcc5bf82f19d0b9134b00d778f826b3a59
#15 exporting config sha256:32c6cefdeb86ea3d4821bb77e7c58dfcc5bf82f19d0b9134b00d778f826b3a59 0.2s done
#15 exporting attestation manifest sha256:0b4a32f1edcb1192c1c7de9a457fca0b52a28b72504ec8e69ddca8a2687e7841
#15 exporting attestation manifest sha256:0b4a32f1edcb1192c1c7de9a457fca0b52a28b72504ec8e69ddca8a2687e7841 0.3s done
#15 exporting manifest list sha256:e77ae97f93ac99eba99fed6984bb14913943264dc880cd5057392037ebff29ee
#15 exporting manifest list sha256:e77ae97f93ac99eba99fed6984bb14913943264dc880cd5057392037ebff29ee 0.2s done
#15 naming to docker.io/library/stewardence-local-qualification:stewardence-local-64e592f3af
#15 naming to docker.io/library/stewardence-local-qualification:stewardence-local-64e592f3af 0.0s done
#15 unpacking to docker.io/library/stewardence-local-qualification:stewardence-local-64e592f3af
#15 unpacking to docker.io/library/stewardence-local-qualification:stewardence-local-64e592f3af 1.5s done
#15 DONE 4.4s
