#0 building with "desktop-linux" instance using docker driver

#1 [internal] load build definition from Dockerfile.qualification
#1 transferring dockerfile: 836B 0.0s done
#1 DONE 0.1s

#2 [internal] load metadata for ghcr.io/astral-sh/uv:0.12.9
#2 ...

#3 [auth] library/python:pull token for registry-1.docker.io
#3 DONE 0.0s

#4 [internal] load metadata for docker.io/library/python:3.14.7-slim
#4 ...

#2 [internal] load metadata for ghcr.io/astral-sh/uv:0.12.9
#2 DONE 0.9s

#4 [internal] load metadata for docker.io/library/python:3.14.7-slim
#4 DONE 0.9s

#5 [internal] load .dockerignore
#5 transferring context: 164B done
#5 DONE 0.1s

#6 [internal] load build context
#6 DONE 0.0s

#7 [uv 1/1] FROM ghcr.io/astral-sh/uv:0.12.9@sha256:8b940d3a9d65bed080436972241af2e21c84b5e8c9193f7014ed71479ee795ff
#7 resolve ghcr.io/astral-sh/uv:0.12.9@sha256:8b940d3a9d65bed080436972241af2e21c84b5e8c9193f7014ed71479ee795ff
#7 resolve ghcr.io/astral-sh/uv:0.12.9@sha256:8b940d3a9d65bed080436972241af2e21c84b5e8c9193f7014ed71479ee795ff 0.3s done
#7 DONE 0.3s

#8 [stage-1 1/8] FROM docker.io/library/python:3.14.7-slim@sha256:51dafde81dbdb6ebde285137a295cf18a47ca95234fe388a343719cb97305b3d
#8 resolve docker.io/library/python:3.14.7-slim@sha256:51dafde81dbdb6ebde285137a295cf18a47ca95234fe388a343719cb97305b3d 0.3s done
#8 DONE 0.3s

#6 [internal] load build context
#6 transferring context: 40.22kB 0.1s done
#6 DONE 0.1s

#9 [stage-1 6/8] RUN /app/.venv/bin/playwright install --with-deps --only-shell chromium && apt-get install -y --no-install-recommends poppler-utils && chmod -R a+rX /ms-playwright && rm -rf /var/lib/apt/lists/*
#9 CACHED

#10 [stage-1 7/8] COPY source/ ./
#10 CACHED

#11 [stage-1 2/8] COPY --from=uv /uv /bin/uv
#11 CACHED

#12 [stage-1 4/8] COPY source/pyproject.toml source/uv.lock ./
#12 CACHED

#13 [stage-1 5/8] RUN uv sync --frozen --no-install-project
#13 CACHED

#14 [stage-1 3/8] WORKDIR /app
#14 CACHED

#15 [stage-1 8/8] RUN groupadd --gid 10001 qualification && useradd --uid 10001 --gid 10001 --no-create-home qualification
#15 CACHED

#16 exporting to image
#16 exporting layers 0.0s done
#16 exporting manifest sha256:bab36aeccb31d69026235bb1f8b0ea721f8ae667c3c01cf70ddfbc0a3d75bd9b 0.0s done
#16 exporting config sha256:37a64fc3227a616298a9ab59eaecd03110170940a567e5b47e83d8aaf9f5533a 0.0s done
#16 exporting attestation manifest sha256:e60a8d2b85f0120454dd270a4cf0fe490ae603c343ea9e5c785c719eb4ef2020
#16 exporting attestation manifest sha256:e60a8d2b85f0120454dd270a4cf0fe490ae603c343ea9e5c785c719eb4ef2020 0.2s done
#16 exporting manifest list sha256:0ac12802025ea66c0384924b6deee3dbe6045731f4c2f0fbcedac00a0fb907f8
#16 exporting manifest list sha256:0ac12802025ea66c0384924b6deee3dbe6045731f4c2f0fbcedac00a0fb907f8 0.1s done
#16 naming to docker.io/library/stewardence-local-qualification:stewardence-local-ec9dd43e43
#16 naming to docker.io/library/stewardence-local-qualification:stewardence-local-ec9dd43e43 0.0s done
#16 unpacking to docker.io/library/stewardence-local-qualification:stewardence-local-ec9dd43e43 0.0s done
#16 DONE 0.7s

View build details: docker-desktop://dashboard/build/desktop-linux/desktop-linux/0cznuszbdnwcsrdxr0mklgy8i
