Operations to perform:
  Apply all migrations: accounts, assessments, audit, auth, billing, catalog, contenttypes, imports, integrations, inventory, jobs, organizations, policies, reports, reviews, sessions
Running migrations:
  Applying contenttypes.0001_initial... OK
  Applying contenttypes.0002_remove_content_type_name... OK
  Applying auth.0001_initial... OK
  Applying auth.0002_alter_permission_name_max_length... OK
  Applying auth.0003_alter_user_email_max_length... OK
  Applying auth.0004_alter_user_username_opts... OK
  Applying auth.0005_alter_user_last_login_null... OK
  Applying auth.0006_require_contenttypes_0002... OK
  Applying auth.0007_alter_validators_add_error_messages... OK
  Applying auth.0008_alter_user_username_max_length... OK
  Applying auth.0009_alter_user_last_name_max_length... OK
  Applying auth.0010_alter_group_name_max_length... OK
  Applying auth.0011_update_proxy_permissions... OK
  Applying auth.0012_alter_user_first_name_max_length... OK
  Applying accounts.0001_initial... OK
  Applying sessions.0001_initial... OK
  Applying organizations.0001_initial... OK
  Applying inventory.0001_initial... OK
  Applying inventory.0002_database_security... OK
  Applying catalog.0001_initial... OK
  Applying inventory.0003_remove_inventoryitem_product_id_and_more... OK
  Applying assessments.0001_initial... OK
  Applying assessments.0002_snapshot_security... OK
  Applying audit.0001_initial... OK
  Applying audit.0002_audit_security... OK
  Applying reports.0001_initial... OK
  Applying reports.0002_report_security... OK
  Applying reports.0003_reportartifact... OK
  Applying reports.0004_reportartifact_security... OK
  Applying organizations.0002_public_onboarding... OK
  Applying organizations.0003_workflow_profile... OK
  Applying jobs.0001_initial... OK
  Applying jobs.0002_job_security... OK
  Applying jobs.0003_recovery_receipts... OK
  Applying jobs.0004_receipt_admission... OK
  Applying jobs.0005_atomic_recovery_admission... OK
  Applying jobs.0006_corecontrol_workflowschedule_actioncardrevision_and_more... OK
  Applying jobs.0007_core_workflow_security... OK
  Applying jobs.0008_worker_transition_authority... OK
  Applying billing.0001_initial... OK
  Applying billing.0002_stripewebhookevent... OK
  Applying billing.0003_founderslot... OK
  Applying billing.0004_founderslot_reservation_token... OK
  Applying billing.0005_billing_security... OK
  Applying jobs.0009_core_issuance_authority... OK
  Applying jobs.0010_job_input_admission... OK
  Applying jobs.0011_action_card_issuance... OK
  Applying jobs.0012_core_authority_successor... OK
  Applying billing.0006_paid_coverage... OK
  Applying billing.0007_ingester_effects... OK
  Applying billing.0008_checkout_intent... OK
  Applying billing.0009_customer_request... OK
  Applying catalog.0002_catalog_security... OK
  Applying imports.0001_initial... OK
  Applying imports.0002_import_staging_security... OK
  Applying integrations.0001_initial... OK
  Applying integrations.0002_providerconnection_providerattempt_providerevent_and_more... OK
  Applying inventory.0004_discovery_evidence... OK
  Applying inventory.0005_discovery_security... OK
  Applying inventory.0006_detectionevidence_inventory_item_and_more... OK
  Applying inventory.0007_inventoryitem_declared_fields... OK
  Applying jobs.0013_paid_entitlement... OK
  Applying policies.0001_initial... OK
  Applying policies.0002_organization_rule_security... OK
  Applying policies.0003_remove_organizationrule_unique_organization_rule_name_and_more... OK
  Applying reviews.0001_initial... OK
  Applying reviews.0002_pack_lifecycle... OK
..FF...................................................                  [100%]
=================================== FAILURES ===================================
_______ test_actual_local_readback_completes_same_frozen_identity[False] _______

self = <django.db.backends.utils.CursorWrapper object at 0x768152cf0950>
sql = 'SELECT "review_pack_identities"."id", "review_pack_identities"."organization_id", "review_pack_identities"."created_b...st", "review_pack_identities"."sha256" FROM "review_pack_identities" WHERE "review_pack_identities"."id" = %s LIMIT 21'
params = (UUID('bfb7147e-8d4e-4a5f-99ea-bf2fd3729f34'),)
ignored_wrapper_args = (False, {'connection': <DatabaseWrapper vendor='postgresql' alias='app_runtime'>, 'cursor': <django.db.backends.utils.CursorWrapper object at 0x768152cf0950>})

    def _execute(self, sql, params, *ignored_wrapper_args):
        # Raise a warning during app initialization (stored_app_configs is only
        # ever set during testing).
        if not apps.ready and not apps.stored_app_configs:
            warnings.warn(self.APPS_NOT_READY_WARNING_MSG, category=RuntimeWarning)
        self.db.validate_no_broken_transaction()
        with self.db.wrap_database_errors:
            if params is None:
                # params default might be backend specific.
                return self.cursor.execute(sql)
            else:
>               return self.cursor.execute(sql, params)
                       ^^^^^^^^^^^^^^^^^^^^^^^^^^^^^^^^

.venv/lib/python3.14/site-packages/django/db/backends/utils.py:105: 
_ _ _ _ _ _ _ _ _ _ _ _ _ _ _ _ _ _ _ _ _ _ _ _ _ _ _ _ _ _ _ _ _ _ _ _ _ _ _ _ 

self = <django.db.backends.postgresql.base.Cursor [closed] [IDLE] (host=qualification-db user=agentledger_app database=test_qualification) at 0x7681536657f0>
query = 'SELECT "review_pack_identities"."id", "review_pack_identities"."organization_id", "review_pack_identities"."created_b...st", "review_pack_identities"."sha256" FROM "review_pack_identities" WHERE "review_pack_identities"."id" = %s LIMIT 21'
params = (UUID('bfb7147e-8d4e-4a5f-99ea-bf2fd3729f34'),), prepare = None
binary = None

    def execute(
        self,
        query: Query,
        params: Params | None = None,
        *,
        prepare: bool | None = None,
        binary: bool | None = None,
    ) -> Self:
        """
        Execute a query or command to the database.
        """
        try:
            with self._conn.lock:
                self._conn.wait(
                    self._execute_gen(query, params, prepare=prepare, binary=binary)
                )
        except e._NO_TRACEBACK as ex:
>           raise ex.with_traceback(None)
E           psycopg.errors.InsufficientPrivilege: Authenticated user context is not set
E           CONTEXT:  PL/pgSQL function app_private.current_user_id() line 7 at RAISE

.venv/lib/python3.14/site-packages/psycopg/cursor.py:117: InsufficientPrivilege

The above exception was the direct cause of the following exception:

pack_context = (<User: reports@example.com>, <Organization: Report Firm>, <AssessmentSnapshot: d3f7464e-ba7b-473d-b12f-c1a563d2e58a v1>, <PackIdentity: PackIdentity object (bfb7147e-8d4e-4a5f-99ea-bf2fd3729f34)>)
enabled = None
tmp_path = PosixPath('/tmp/pytest-of-qualification/pytest-0/test_actual_local_readback_com0')
promotion = False

    @pytest.mark.parametrize('promotion',[False,True])
    def test_actual_local_readback_completes_same_frozen_identity(pack_context,enabled,tmp_path,promotion):
        staged=request(pack_context,promote_baseline=promotion)
        pack=pack_context[3]
        job=claimed(pack_context)
        execute_claimed_job(JobExecution(job=job,worker_id='review-qualification'),handler(tmp_path),using='worker_runtime')
        completion=PackCompletion.objects.get(request=staged)
        assert completion.artifact.report_id==staged.report_id
        assert completion.payload['manifest_sha256']==pack.sha256
        assert completion.payload['verification']=='trusted_handler_storage_readback'
        assert completion.payload['baseline_outcome']==('promoted' if promotion else 'not_requested')
        assert BaselineHead.objects.exists()==promotion
        assert ReviewCycle.objects.get(id=pack.cycle_id).state=='COMPLETED'
        assert list(ReservationEvent.objects.order_by('revision').values_list('state',flat=True))==['reserved','consumed']
>       pack.refresh_from_db()

tests/test_review_pack_lifecycle.py:97: 
_ _ _ _ _ _ _ _ _ _ _ _ _ _ _ _ _ _ _ _ _ _ _ _ _ _ _ _ _ _ _ _ _ _ _ _ _ _ _ _ 
.venv/lib/python3.14/site-packages/django/db/models/base.py:737: in refresh_from_db
    db_instance = db_instance_qs.get()
                  ^^^^^^^^^^^^^^^^^^^^
.venv/lib/python3.14/site-packages/django/db/models/query.py:631: in get
    num = len(clone)
          ^^^^^^^^^^
.venv/lib/python3.14/site-packages/django/db/models/query.py:368: in __len__
    self._fetch_all()
.venv/lib/python3.14/site-packages/django/db/models/query.py:1954: in _fetch_all
    self._result_cache = list(self._iterable_class(self))
                         ^^^^^^^^^^^^^^^^^^^^^^^^^^^^^^^^
.venv/lib/python3.14/site-packages/django/db/models/query.py:93: in __iter__
    results = compiler.execute_sql(
.venv/lib/python3.14/site-packages/django/db/models/sql/compiler.py:1623: in execute_sql
    cursor.execute(sql, params)
.venv/lib/python3.14/site-packages/django/db/backends/utils.py:79: in execute
    return self._execute_with_wrappers(
.venv/lib/python3.14/site-packages/django/db/backends/utils.py:92: in _execute_with_wrappers
    return executor(sql, params, many, context)
           ^^^^^^^^^^^^^^^^^^^^^^^^^^^^^^^^^^^^
.venv/lib/python3.14/site-packages/django/db/backends/utils.py:100: in _execute
    with self.db.wrap_database_errors:
         ^^^^^^^^^^^^^^^^^^^^^^^^^^^^
.venv/lib/python3.14/site-packages/django/db/utils.py:91: in __exit__
    raise dj_exc_value.with_traceback(traceback) from exc_value
.venv/lib/python3.14/site-packages/django/db/backends/utils.py:105: in _execute
    return self.cursor.execute(sql, params)
           ^^^^^^^^^^^^^^^^^^^^^^^^^^^^^^^^
_ _ _ _ _ _ _ _ _ _ _ _ _ _ _ _ _ _ _ _ _ _ _ _ _ _ _ _ _ _ _ _ _ _ _ _ _ _ _ _ 

self = <django.db.backends.postgresql.base.Cursor [closed] [IDLE] (host=qualification-db user=agentledger_app database=test_qualification) at 0x7681536657f0>
query = 'SELECT "review_pack_identities"."id", "review_pack_identities"."organization_id", "review_pack_identities"."created_b...st", "review_pack_identities"."sha256" FROM "review_pack_identities" WHERE "review_pack_identities"."id" = %s LIMIT 21'
params = (UUID('bfb7147e-8d4e-4a5f-99ea-bf2fd3729f34'),), prepare = None
binary = None

    def execute(
        self,
        query: Query,
        params: Params | None = None,
        *,
        prepare: bool | None = None,
        binary: bool | None = None,
    ) -> Self:
        """
        Execute a query or command to the database.
        """
        try:
            with self._conn.lock:
                self._conn.wait(
                    self._execute_gen(query, params, prepare=prepare, binary=binary)
                )
        except e._NO_TRACEBACK as ex:
>           raise ex.with_traceback(None)
E           django.db.utils.ProgrammingError: Authenticated user context is not set
E           CONTEXT:  PL/pgSQL function app_private.current_user_id() line 7 at RAISE

.venv/lib/python3.14/site-packages/psycopg/cursor.py:117: ProgrammingError
_______ test_actual_local_readback_completes_same_frozen_identity[True] ________

self = <django.db.backends.utils.CursorWrapper object at 0x768152eb5f10>
sql = 'SELECT "review_pack_identities"."id", "review_pack_identities"."organization_id", "review_pack_identities"."created_b...st", "review_pack_identities"."sha256" FROM "review_pack_identities" WHERE "review_pack_identities"."id" = %s LIMIT 21'
params = (UUID('73dd7249-e2a3-43eb-9bf6-c32699951a96'),)
ignored_wrapper_args = (False, {'connection': <DatabaseWrapper vendor='postgresql' alias='app_runtime'>, 'cursor': <django.db.backends.utils.CursorWrapper object at 0x768152eb5f10>})

    def _execute(self, sql, params, *ignored_wrapper_args):
        # Raise a warning during app initialization (stored_app_configs is only
        # ever set during testing).
        if not apps.ready and not apps.stored_app_configs:
            warnings.warn(self.APPS_NOT_READY_WARNING_MSG, category=RuntimeWarning)
        self.db.validate_no_broken_transaction()
        with self.db.wrap_database_errors:
            if params is None:
                # params default might be backend specific.
                return self.cursor.execute(sql)
            else:
>               return self.cursor.execute(sql, params)
                       ^^^^^^^^^^^^^^^^^^^^^^^^^^^^^^^^

.venv/lib/python3.14/site-packages/django/db/backends/utils.py:105: 
_ _ _ _ _ _ _ _ _ _ _ _ _ _ _ _ _ _ _ _ _ _ _ _ _ _ _ _ _ _ _ _ _ _ _ _ _ _ _ _ 

self = <django.db.backends.postgresql.base.Cursor [closed] [IDLE] (host=qualification-db user=agentledger_app database=test_qualification) at 0x768153665c50>
query = 'SELECT "review_pack_identities"."id", "review_pack_identities"."organization_id", "review_pack_identities"."created_b...st", "review_pack_identities"."sha256" FROM "review_pack_identities" WHERE "review_pack_identities"."id" = %s LIMIT 21'
params = (UUID('73dd7249-e2a3-43eb-9bf6-c32699951a96'),), prepare = None
binary = None

    def execute(
        self,
        query: Query,
        params: Params | None = None,
        *,
        prepare: bool | None = None,
        binary: bool | None = None,
    ) -> Self:
        """
        Execute a query or command to the database.
        """
        try:
            with self._conn.lock:
                self._conn.wait(
                    self._execute_gen(query, params, prepare=prepare, binary=binary)
                )
        except e._NO_TRACEBACK as ex:
>           raise ex.with_traceback(None)
E           psycopg.errors.InsufficientPrivilege: Authenticated user context is not set
E           CONTEXT:  PL/pgSQL function app_private.current_user_id() line 7 at RAISE

.venv/lib/python3.14/site-packages/psycopg/cursor.py:117: InsufficientPrivilege

The above exception was the direct cause of the following exception:

pack_context = (<User: reports@example.com>, <Organization: Report Firm>, <AssessmentSnapshot: 7408e90f-afff-48ef-93b4-ac2fd4228113 v1>, <PackIdentity: PackIdentity object (73dd7249-e2a3-43eb-9bf6-c32699951a96)>)
enabled = None
tmp_path = PosixPath('/tmp/pytest-of-qualification/pytest-0/test_actual_local_readback_com1')
promotion = True

    @pytest.mark.parametrize('promotion',[False,True])
    def test_actual_local_readback_completes_same_frozen_identity(pack_context,enabled,tmp_path,promotion):
        staged=request(pack_context,promote_baseline=promotion)
        pack=pack_context[3]
        job=claimed(pack_context)
        execute_claimed_job(JobExecution(job=job,worker_id='review-qualification'),handler(tmp_path),using='worker_runtime')
        completion=PackCompletion.objects.get(request=staged)
        assert completion.artifact.report_id==staged.report_id
        assert completion.payload['manifest_sha256']==pack.sha256
        assert completion.payload['verification']=='trusted_handler_storage_readback'
        assert completion.payload['baseline_outcome']==('promoted' if promotion else 'not_requested')
        assert BaselineHead.objects.exists()==promotion
        assert ReviewCycle.objects.get(id=pack.cycle_id).state=='COMPLETED'
        assert list(ReservationEvent.objects.order_by('revision').values_list('state',flat=True))==['reserved','consumed']
>       pack.refresh_from_db()

tests/test_review_pack_lifecycle.py:97: 
_ _ _ _ _ _ _ _ _ _ _ _ _ _ _ _ _ _ _ _ _ _ _ _ _ _ _ _ _ _ _ _ _ _ _ _ _ _ _ _ 
.venv/lib/python3.14/site-packages/django/db/models/base.py:737: in refresh_from_db
    db_instance = db_instance_qs.get()
                  ^^^^^^^^^^^^^^^^^^^^
.venv/lib/python3.14/site-packages/django/db/models/query.py:631: in get
    num = len(clone)
          ^^^^^^^^^^
.venv/lib/python3.14/site-packages/django/db/models/query.py:368: in __len__
    self._fetch_all()
.venv/lib/python3.14/site-packages/django/db/models/query.py:1954: in _fetch_all
    self._result_cache = list(self._iterable_class(self))
                         ^^^^^^^^^^^^^^^^^^^^^^^^^^^^^^^^
.venv/lib/python3.14/site-packages/django/db/models/query.py:93: in __iter__
    results = compiler.execute_sql(
.venv/lib/python3.14/site-packages/django/db/models/sql/compiler.py:1623: in execute_sql
    cursor.execute(sql, params)
.venv/lib/python3.14/site-packages/django/db/backends/utils.py:79: in execute
    return self._execute_with_wrappers(
.venv/lib/python3.14/site-packages/django/db/backends/utils.py:92: in _execute_with_wrappers
    return executor(sql, params, many, context)
           ^^^^^^^^^^^^^^^^^^^^^^^^^^^^^^^^^^^^
.venv/lib/python3.14/site-packages/django/db/backends/utils.py:100: in _execute
    with self.db.wrap_database_errors:
         ^^^^^^^^^^^^^^^^^^^^^^^^^^^^
.venv/lib/python3.14/site-packages/django/db/utils.py:91: in __exit__
    raise dj_exc_value.with_traceback(traceback) from exc_value
.venv/lib/python3.14/site-packages/django/db/backends/utils.py:105: in _execute
    return self.cursor.execute(sql, params)
           ^^^^^^^^^^^^^^^^^^^^^^^^^^^^^^^^
_ _ _ _ _ _ _ _ _ _ _ _ _ _ _ _ _ _ _ _ _ _ _ _ _ _ _ _ _ _ _ _ _ _ _ _ _ _ _ _ 

self = <django.db.backends.postgresql.base.Cursor [closed] [IDLE] (host=qualification-db user=agentledger_app database=test_qualification) at 0x768153665c50>
query = 'SELECT "review_pack_identities"."id", "review_pack_identities"."organization_id", "review_pack_identities"."created_b...st", "review_pack_identities"."sha256" FROM "review_pack_identities" WHERE "review_pack_identities"."id" = %s LIMIT 21'
params = (UUID('73dd7249-e2a3-43eb-9bf6-c32699951a96'),), prepare = None
binary = None

    def execute(
        self,
        query: Query,
        params: Params | None = None,
        *,
        prepare: bool | None = None,
        binary: bool | None = None,
    ) -> Self:
        """
        Execute a query or command to the database.
        """
        try:
            with self._conn.lock:
                self._conn.wait(
                    self._execute_gen(query, params, prepare=prepare, binary=binary)
                )
        except e._NO_TRACEBACK as ex:
>           raise ex.with_traceback(None)
E           django.db.utils.ProgrammingError: Authenticated user context is not set
E           CONTEXT:  PL/pgSQL function app_private.current_user_id() line 7 at RAISE

.venv/lib/python3.14/site-packages/psycopg/cursor.py:117: ProgrammingError
=========================== short test summary info ============================
FAILED tests/test_review_pack_lifecycle.py::test_actual_local_readback_completes_same_frozen_identity[False]
FAILED tests/test_review_pack_lifecycle.py::test_actual_local_readback_completes_same_frozen_identity[True]
2 failed, 53 passed in 50.56s
