Operations to perform:
  Apply all migrations: accounts, assessments, audit, auth, billing, catalog, contenttypes, imports, integrations, inventory, jobs, organizations, policies, reports, reviews, sessions
Running migrations:
  Applying contenttypes.0001_initial... OK
  Applying contenttypes.0002_remove_content_type_name... OK
  Applying auth.0001_initial... OK
  Applying auth.0002_alter_permission_name_max_length... OK
  Applying auth.0003_alter_user_email_max_length... OK
  Applying auth.0004_alter_user_username_opts... OK
  Applying auth.0005_alter_user_last_login_null... OK
  Applying auth.0006_require_contenttypes_0002... OK
  Applying auth.0007_alter_validators_add_error_messages... OK
  Applying auth.0008_alter_user_username_max_length... OK
  Applying auth.0009_alter_user_last_name_max_length... OK
  Applying auth.0010_alter_group_name_max_length... OK
  Applying auth.0011_update_proxy_permissions... OK
  Applying auth.0012_alter_user_first_name_max_length... OK
  Applying accounts.0001_initial... OK
  Applying sessions.0001_initial... OK
  Applying organizations.0001_initial... OK
  Applying inventory.0001_initial... OK
  Applying inventory.0002_database_security... OK
  Applying catalog.0001_initial... OK
  Applying inventory.0003_remove_inventoryitem_product_id_and_more... OK
  Applying assessments.0001_initial... OK
  Applying assessments.0002_snapshot_security... OK
  Applying audit.0001_initial... OK
  Applying audit.0002_audit_security... OK
  Applying reports.0001_initial... OK
  Applying reports.0002_report_security... OK
  Applying reports.0003_reportartifact... OK
  Applying reports.0004_reportartifact_security... OK
  Applying organizations.0002_public_onboarding... OK
  Applying organizations.0003_workflow_profile... OK
  Applying jobs.0001_initial... OK
  Applying jobs.0002_job_security... OK
  Applying jobs.0003_recovery_receipts... OK
  Applying jobs.0004_receipt_admission... OK
  Applying jobs.0005_atomic_recovery_admission... OK
  Applying jobs.0006_corecontrol_workflowschedule_actioncardrevision_and_more... OK
  Applying jobs.0007_core_workflow_security... OK
  Applying jobs.0008_worker_transition_authority... OK
  Applying billing.0001_initial... OK
  Applying billing.0002_stripewebhookevent... OK
  Applying billing.0003_founderslot... OK
  Applying billing.0004_founderslot_reservation_token... OK
  Applying billing.0005_billing_security... OK
  Applying jobs.0009_core_issuance_authority... OK
  Applying jobs.0010_job_input_admission... OK
  Applying jobs.0011_action_card_issuance... OK
  Applying jobs.0012_core_authority_successor... OK
  Applying billing.0006_paid_coverage... OK
  Applying billing.0007_ingester_effects... OK
  Applying billing.0008_checkout_intent... OK
  Applying billing.0009_customer_request... OK
  Applying catalog.0002_catalog_security... OK
  Applying imports.0001_initial... OK
  Applying imports.0002_import_staging_security... OK
  Applying integrations.0001_initial... OK
  Applying integrations.0002_providerconnection_providerattempt_providerevent_and_more... OK
  Applying inventory.0004_discovery_evidence... OK
  Applying inventory.0005_discovery_security... OK
  Applying inventory.0006_detectionevidence_inventory_item_and_more... OK
  Applying inventory.0007_inventoryitem_declared_fields... OK
  Applying jobs.0013_paid_entitlement... OK
  Applying jobs.0014_decision_desk... OK
  Applying policies.0001_initial... OK
  Applying policies.0002_organization_rule_security... OK
  Applying policies.0003_remove_organizationrule_unique_organization_rule_name_and_more... OK
  Applying reviews.0001_initial... OK
  Applying reviews.0002_pack_lifecycle... OK
FFFF                                                                     [100%]
=================================== FAILURES ===================================
_____ test_routed_post_commits_frozen_requests_before_provider_write[None] _____

client = <django.test.client.Client object at 0x79fa7fd7a490>
setup = (<User: flow@example.invalid>, {'customer': [], 'session': [], 'retrieve': []}, {}, {})
settings = <pytest_django.fixtures.Settings object at 0x79fa7f6f2f90>
monkeypatch = <_pytest.monkeypatch.MonkeyPatch object at 0x79fa7f74f5c0>
lost_stage = None

    @pytest.mark.parametrize('lost_stage',[None,'customer','session'])
    def test_routed_post_commits_frozen_requests_before_provider_write(client,setup,settings,monkeypatch,lost_stage):
        settings.FOUNDER_OFFER_ENABLED=False
        settings.ALLOWED_HOSTS=['testserver']
        client.force_login(setup[0])
        observed=observe_before_writes(setup,monkeypatch)
        if lost_stage:setup[2][lost_stage]=True
        with actual_app_default():
>           first=client.post(reverse('billing:start-core-checkout'))
                              ^^^^^^^^^^^^^^^^^^^^^^^^^^^^^^^^^^^^^^

tests/test_standard_checkout_route_durability.py:55: 
_ _ _ _ _ _ _ _ _ _ _ _ _ _ _ _ _ _ _ _ _ _ _ _ _ _ _ _ _ _ _ _ _ _ _ _ _ _ _ _ 
.venv/lib/python3.14/site-packages/django/urls/base.py:98: in reverse
    resolved_url = resolver._reverse_with_prefix(view, prefix, *args, **kwargs)
                   ^^^^^^^^^^^^^^^^^^^^^^^^^^^^^^^^^^^^^^^^^^^^^^^^^^^^^^^^^^^^
_ _ _ _ _ _ _ _ _ _ _ _ _ _ _ _ _ _ _ _ _ _ _ _ _ _ _ _ _ _ _ _ _ _ _ _ _ _ _ _ 

self = <URLResolver <URLResolver list> (None:None) '^/'>
lookup_view = 'start-core-checkout', _prefix = '/', args = (), kwargs = {}

    def _reverse_with_prefix(self, lookup_view, _prefix, *args, **kwargs):
        if args and kwargs:
            raise ValueError("Don't mix *args and **kwargs in call to reverse()!")
    
        if not self._populated:
            self._populate()
    
        possibilities = self.reverse_dict.getlist(lookup_view)
    
        for possibility, pattern, defaults, converters in possibilities:
            for result, params in possibility:
                if args:
                    if len(args) != len(params):
                        continue
                    candidate_subs = dict(zip(params, args))
                else:
                    if set(kwargs).symmetric_difference(params).difference(defaults):
                        continue
                    matches = True
                    for k, v in defaults.items():
                        if k in params:
                            continue
                        if kwargs.get(k, v) != v:
                            matches = False
                            break
                    if not matches:
                        continue
                    candidate_subs = kwargs
                # Convert the candidate subs to text using Converter.to_url().
                text_candidate_subs = {}
                match = True
                for k, v in candidate_subs.items():
                    if k in converters:
                        try:
                            text_candidate_subs[k] = converters[k].to_url(v)
                        except ValueError:
                            match = False
                            break
                    else:
                        text_candidate_subs[k] = str(v)
                if not match:
                    continue
                # WSGI provides decoded URLs, without %xx escapes, and the URL
                # resolver operates on such URLs. First substitute arguments
                # without quoting to build a decoded URL and look for a match.
                # Then, if we have a match, redo the substitution with quoted
                # arguments in order to return a properly encoded URL.
                candidate_pat = _prefix.replace("%", "%%") + result
                if re.search(
                    "^%s%s" % (re.escape(_prefix), pattern),
                    candidate_pat % text_candidate_subs,
                ):
                    # safe characters from `pchar` definition of RFC 3986
                    url = quote(
                        candidate_pat % text_candidate_subs,
                        safe=RFC3986_SUBDELIMS + "/~:@",
                    )
                    # Don't allow construction of scheme relative urls.
                    return escape_leading_slashes(url)
        # lookup_view can be URL name or callable, but callables are not
        # friendly in error messages.
        m = getattr(lookup_view, "__module__", None)
        n = getattr(lookup_view, "__name__", None)
        if m is not None and n is not None:
            lookup_view_s = "%s.%s" % (m, n)
        else:
            lookup_view_s = lookup_view
    
        patterns = [pattern for (_, pattern, _, _) in possibilities]
        if patterns:
            if args:
                arg_msg = "arguments '%s'" % (args,)
            elif kwargs:
                arg_msg = "keyword arguments '%s'" % kwargs
            else:
                arg_msg = "no arguments"
            msg = "Reverse for '%s' with %s not found. %d pattern(s) tried: %s" % (
                lookup_view_s,
                arg_msg,
                len(patterns),
                patterns,
            )
        else:
            msg = (
                "Reverse for '%(view)s' not found. '%(view)s' is not "
                "a valid view function or pattern name." % {"view": lookup_view_s}
            )
>       raise NoReverseMatch(msg)
E       django.urls.exceptions.NoReverseMatch: Reverse for 'start-core-checkout' not found. 'start-core-checkout' is not a valid view function or pattern name.

.venv/lib/python3.14/site-packages/django/urls/resolvers.py:831: NoReverseMatch
___ test_routed_post_commits_frozen_requests_before_provider_write[customer] ___

client = <django.test.client.Client object at 0x79fa7f74e780>
setup = (<User: flow@example.invalid>, {'customer': [], 'session': [], 'retrieve': []}, {'customer': True}, {})
settings = <pytest_django.fixtures.Settings object at 0x79fa7f140a50>
monkeypatch = <_pytest.monkeypatch.MonkeyPatch object at 0x79fa7f089130>
lost_stage = 'customer'

    @pytest.mark.parametrize('lost_stage',[None,'customer','session'])
    def test_routed_post_commits_frozen_requests_before_provider_write(client,setup,settings,monkeypatch,lost_stage):
        settings.FOUNDER_OFFER_ENABLED=False
        settings.ALLOWED_HOSTS=['testserver']
        client.force_login(setup[0])
        observed=observe_before_writes(setup,monkeypatch)
        if lost_stage:setup[2][lost_stage]=True
        with actual_app_default():
>           first=client.post(reverse('billing:start-core-checkout'))
                              ^^^^^^^^^^^^^^^^^^^^^^^^^^^^^^^^^^^^^^

tests/test_standard_checkout_route_durability.py:55: 
_ _ _ _ _ _ _ _ _ _ _ _ _ _ _ _ _ _ _ _ _ _ _ _ _ _ _ _ _ _ _ _ _ _ _ _ _ _ _ _ 
.venv/lib/python3.14/site-packages/django/urls/base.py:98: in reverse
    resolved_url = resolver._reverse_with_prefix(view, prefix, *args, **kwargs)
                   ^^^^^^^^^^^^^^^^^^^^^^^^^^^^^^^^^^^^^^^^^^^^^^^^^^^^^^^^^^^^
_ _ _ _ _ _ _ _ _ _ _ _ _ _ _ _ _ _ _ _ _ _ _ _ _ _ _ _ _ _ _ _ _ _ _ _ _ _ _ _ 

self = <URLResolver <URLResolver list> (None:None) '^/'>
lookup_view = 'start-core-checkout', _prefix = '/', args = (), kwargs = {}

    def _reverse_with_prefix(self, lookup_view, _prefix, *args, **kwargs):
        if args and kwargs:
            raise ValueError("Don't mix *args and **kwargs in call to reverse()!")
    
        if not self._populated:
            self._populate()
    
        possibilities = self.reverse_dict.getlist(lookup_view)
    
        for possibility, pattern, defaults, converters in possibilities:
            for result, params in possibility:
                if args:
                    if len(args) != len(params):
                        continue
                    candidate_subs = dict(zip(params, args))
                else:
                    if set(kwargs).symmetric_difference(params).difference(defaults):
                        continue
                    matches = True
                    for k, v in defaults.items():
                        if k in params:
                            continue
                        if kwargs.get(k, v) != v:
                            matches = False
                            break
                    if not matches:
                        continue
                    candidate_subs = kwargs
                # Convert the candidate subs to text using Converter.to_url().
                text_candidate_subs = {}
                match = True
                for k, v in candidate_subs.items():
                    if k in converters:
                        try:
                            text_candidate_subs[k] = converters[k].to_url(v)
                        except ValueError:
                            match = False
                            break
                    else:
                        text_candidate_subs[k] = str(v)
                if not match:
                    continue
                # WSGI provides decoded URLs, without %xx escapes, and the URL
                # resolver operates on such URLs. First substitute arguments
                # without quoting to build a decoded URL and look for a match.
                # Then, if we have a match, redo the substitution with quoted
                # arguments in order to return a properly encoded URL.
                candidate_pat = _prefix.replace("%", "%%") + result
                if re.search(
                    "^%s%s" % (re.escape(_prefix), pattern),
                    candidate_pat % text_candidate_subs,
                ):
                    # safe characters from `pchar` definition of RFC 3986
                    url = quote(
                        candidate_pat % text_candidate_subs,
                        safe=RFC3986_SUBDELIMS + "/~:@",
                    )
                    # Don't allow construction of scheme relative urls.
                    return escape_leading_slashes(url)
        # lookup_view can be URL name or callable, but callables are not
        # friendly in error messages.
        m = getattr(lookup_view, "__module__", None)
        n = getattr(lookup_view, "__name__", None)
        if m is not None and n is not None:
            lookup_view_s = "%s.%s" % (m, n)
        else:
            lookup_view_s = lookup_view
    
        patterns = [pattern for (_, pattern, _, _) in possibilities]
        if patterns:
            if args:
                arg_msg = "arguments '%s'" % (args,)
            elif kwargs:
                arg_msg = "keyword arguments '%s'" % kwargs
            else:
                arg_msg = "no arguments"
            msg = "Reverse for '%s' with %s not found. %d pattern(s) tried: %s" % (
                lookup_view_s,
                arg_msg,
                len(patterns),
                patterns,
            )
        else:
            msg = (
                "Reverse for '%(view)s' not found. '%(view)s' is not "
                "a valid view function or pattern name." % {"view": lookup_view_s}
            )
>       raise NoReverseMatch(msg)
E       django.urls.exceptions.NoReverseMatch: Reverse for 'start-core-checkout' not found. 'start-core-checkout' is not a valid view function or pattern name.

.venv/lib/python3.14/site-packages/django/urls/resolvers.py:831: NoReverseMatch
___ test_routed_post_commits_frozen_requests_before_provider_write[session] ____

client = <django.test.client.Client object at 0x79fa7f08b2f0>
setup = (<User: flow@example.invalid>, {'customer': [], 'session': [], 'retrieve': []}, {'session': True}, {})
settings = <pytest_django.fixtures.Settings object at 0x79fa7f6c56d0>
monkeypatch = <_pytest.monkeypatch.MonkeyPatch object at 0x79fa7f567ac0>
lost_stage = 'session'

    @pytest.mark.parametrize('lost_stage',[None,'customer','session'])
    def test_routed_post_commits_frozen_requests_before_provider_write(client,setup,settings,monkeypatch,lost_stage):
        settings.FOUNDER_OFFER_ENABLED=False
        settings.ALLOWED_HOSTS=['testserver']
        client.force_login(setup[0])
        observed=observe_before_writes(setup,monkeypatch)
        if lost_stage:setup[2][lost_stage]=True
        with actual_app_default():
>           first=client.post(reverse('billing:start-core-checkout'))
                              ^^^^^^^^^^^^^^^^^^^^^^^^^^^^^^^^^^^^^^

tests/test_standard_checkout_route_durability.py:55: 
_ _ _ _ _ _ _ _ _ _ _ _ _ _ _ _ _ _ _ _ _ _ _ _ _ _ _ _ _ _ _ _ _ _ _ _ _ _ _ _ 
.venv/lib/python3.14/site-packages/django/urls/base.py:98: in reverse
    resolved_url = resolver._reverse_with_prefix(view, prefix, *args, **kwargs)
                   ^^^^^^^^^^^^^^^^^^^^^^^^^^^^^^^^^^^^^^^^^^^^^^^^^^^^^^^^^^^^
_ _ _ _ _ _ _ _ _ _ _ _ _ _ _ _ _ _ _ _ _ _ _ _ _ _ _ _ _ _ _ _ _ _ _ _ _ _ _ _ 

self = <URLResolver <URLResolver list> (None:None) '^/'>
lookup_view = 'start-core-checkout', _prefix = '/', args = (), kwargs = {}

    def _reverse_with_prefix(self, lookup_view, _prefix, *args, **kwargs):
        if args and kwargs:
            raise ValueError("Don't mix *args and **kwargs in call to reverse()!")
    
        if not self._populated:
            self._populate()
    
        possibilities = self.reverse_dict.getlist(lookup_view)
    
        for possibility, pattern, defaults, converters in possibilities:
            for result, params in possibility:
                if args:
                    if len(args) != len(params):
                        continue
                    candidate_subs = dict(zip(params, args))
                else:
                    if set(kwargs).symmetric_difference(params).difference(defaults):
                        continue
                    matches = True
                    for k, v in defaults.items():
                        if k in params:
                            continue
                        if kwargs.get(k, v) != v:
                            matches = False
                            break
                    if not matches:
                        continue
                    candidate_subs = kwargs
                # Convert the candidate subs to text using Converter.to_url().
                text_candidate_subs = {}
                match = True
                for k, v in candidate_subs.items():
                    if k in converters:
                        try:
                            text_candidate_subs[k] = converters[k].to_url(v)
                        except ValueError:
                            match = False
                            break
                    else:
                        text_candidate_subs[k] = str(v)
                if not match:
                    continue
                # WSGI provides decoded URLs, without %xx escapes, and the URL
                # resolver operates on such URLs. First substitute arguments
                # without quoting to build a decoded URL and look for a match.
                # Then, if we have a match, redo the substitution with quoted
                # arguments in order to return a properly encoded URL.
                candidate_pat = _prefix.replace("%", "%%") + result
                if re.search(
                    "^%s%s" % (re.escape(_prefix), pattern),
                    candidate_pat % text_candidate_subs,
                ):
                    # safe characters from `pchar` definition of RFC 3986
                    url = quote(
                        candidate_pat % text_candidate_subs,
                        safe=RFC3986_SUBDELIMS + "/~:@",
                    )
                    # Don't allow construction of scheme relative urls.
                    return escape_leading_slashes(url)
        # lookup_view can be URL name or callable, but callables are not
        # friendly in error messages.
        m = getattr(lookup_view, "__module__", None)
        n = getattr(lookup_view, "__name__", None)
        if m is not None and n is not None:
            lookup_view_s = "%s.%s" % (m, n)
        else:
            lookup_view_s = lookup_view
    
        patterns = [pattern for (_, pattern, _, _) in possibilities]
        if patterns:
            if args:
                arg_msg = "arguments '%s'" % (args,)
            elif kwargs:
                arg_msg = "keyword arguments '%s'" % kwargs
            else:
                arg_msg = "no arguments"
            msg = "Reverse for '%s' with %s not found. %d pattern(s) tried: %s" % (
                lookup_view_s,
                arg_msg,
                len(patterns),
                patterns,
            )
        else:
            msg = (
                "Reverse for '%(view)s' not found. '%(view)s' is not "
                "a valid view function or pattern name." % {"view": lookup_view_s}
            )
>       raise NoReverseMatch(msg)
E       django.urls.exceptions.NoReverseMatch: Reverse for 'start-core-checkout' not found. 'start-core-checkout' is not a valid view function or pattern name.

.venv/lib/python3.14/site-packages/django/urls/resolvers.py:831: NoReverseMatch
________________ test_routed_closed_gate_does_not_call_provider ________________

client = <django.test.client.Client object at 0x79fa7f1447c0>
setup = (<User: flow@example.invalid>, {'customer': [], 'session': [], 'retrieve': []}, {}, {})
settings = <pytest_django.fixtures.Settings object at 0x79fa7f100770>
monkeypatch = <_pytest.monkeypatch.MonkeyPatch object at 0x79fa7f1446b0>

    def test_routed_closed_gate_does_not_call_provider(client,setup,settings,monkeypatch):
        settings.FOUNDER_OFFER_ENABLED=False
        settings.STANDARD_CHECKOUT_INTENTS_ENABLED=False
        client.force_login(setup[0])
        monkeypatch.setattr(flow,'_client',lambda key:pytest.fail('Closed gate reached provider client'))
>       with actual_app_default():response=client.post(reverse('billing:start-core-checkout'))
                                                       ^^^^^^^^^^^^^^^^^^^^^^^^^^^^^^^^^^^^^^

tests/test_standard_checkout_route_durability.py:73: 
_ _ _ _ _ _ _ _ _ _ _ _ _ _ _ _ _ _ _ _ _ _ _ _ _ _ _ _ _ _ _ _ _ _ _ _ _ _ _ _ 
.venv/lib/python3.14/site-packages/django/urls/base.py:98: in reverse
    resolved_url = resolver._reverse_with_prefix(view, prefix, *args, **kwargs)
                   ^^^^^^^^^^^^^^^^^^^^^^^^^^^^^^^^^^^^^^^^^^^^^^^^^^^^^^^^^^^^
_ _ _ _ _ _ _ _ _ _ _ _ _ _ _ _ _ _ _ _ _ _ _ _ _ _ _ _ _ _ _ _ _ _ _ _ _ _ _ _ 

self = <URLResolver <URLResolver list> (None:None) '^/'>
lookup_view = 'start-core-checkout', _prefix = '/', args = (), kwargs = {}

    def _reverse_with_prefix(self, lookup_view, _prefix, *args, **kwargs):
        if args and kwargs:
            raise ValueError("Don't mix *args and **kwargs in call to reverse()!")
    
        if not self._populated:
            self._populate()
    
        possibilities = self.reverse_dict.getlist(lookup_view)
    
        for possibility, pattern, defaults, converters in possibilities:
            for result, params in possibility:
                if args:
                    if len(args) != len(params):
                        continue
                    candidate_subs = dict(zip(params, args))
                else:
                    if set(kwargs).symmetric_difference(params).difference(defaults):
                        continue
                    matches = True
                    for k, v in defaults.items():
                        if k in params:
                            continue
                        if kwargs.get(k, v) != v:
                            matches = False
                            break
                    if not matches:
                        continue
                    candidate_subs = kwargs
                # Convert the candidate subs to text using Converter.to_url().
                text_candidate_subs = {}
                match = True
                for k, v in candidate_subs.items():
                    if k in converters:
                        try:
                            text_candidate_subs[k] = converters[k].to_url(v)
                        except ValueError:
                            match = False
                            break
                    else:
                        text_candidate_subs[k] = str(v)
                if not match:
                    continue
                # WSGI provides decoded URLs, without %xx escapes, and the URL
                # resolver operates on such URLs. First substitute arguments
                # without quoting to build a decoded URL and look for a match.
                # Then, if we have a match, redo the substitution with quoted
                # arguments in order to return a properly encoded URL.
                candidate_pat = _prefix.replace("%", "%%") + result
                if re.search(
                    "^%s%s" % (re.escape(_prefix), pattern),
                    candidate_pat % text_candidate_subs,
                ):
                    # safe characters from `pchar` definition of RFC 3986
                    url = quote(
                        candidate_pat % text_candidate_subs,
                        safe=RFC3986_SUBDELIMS + "/~:@",
                    )
                    # Don't allow construction of scheme relative urls.
                    return escape_leading_slashes(url)
        # lookup_view can be URL name or callable, but callables are not
        # friendly in error messages.
        m = getattr(lookup_view, "__module__", None)
        n = getattr(lookup_view, "__name__", None)
        if m is not None and n is not None:
            lookup_view_s = "%s.%s" % (m, n)
        else:
            lookup_view_s = lookup_view
    
        patterns = [pattern for (_, pattern, _, _) in possibilities]
        if patterns:
            if args:
                arg_msg = "arguments '%s'" % (args,)
            elif kwargs:
                arg_msg = "keyword arguments '%s'" % kwargs
            else:
                arg_msg = "no arguments"
            msg = "Reverse for '%s' with %s not found. %d pattern(s) tried: %s" % (
                lookup_view_s,
                arg_msg,
                len(patterns),
                patterns,
            )
        else:
            msg = (
                "Reverse for '%(view)s' not found. '%(view)s' is not "
                "a valid view function or pattern name." % {"view": lookup_view_s}
            )
>       raise NoReverseMatch(msg)
E       django.urls.exceptions.NoReverseMatch: Reverse for 'start-core-checkout' not found. 'start-core-checkout' is not a valid view function or pattern name.

.venv/lib/python3.14/site-packages/django/urls/resolvers.py:831: NoReverseMatch
=========================== short test summary info ============================
FAILED tests/test_standard_checkout_route_durability.py::test_routed_post_commits_frozen_requests_before_provider_write[None]
FAILED tests/test_standard_checkout_route_durability.py::test_routed_post_commits_frozen_requests_before_provider_write[customer]
FAILED tests/test_standard_checkout_route_durability.py::test_routed_post_commits_frozen_requests_before_provider_write[session]
FAILED tests/test_standard_checkout_route_durability.py::test_routed_closed_gate_does_not_call_provider
4 failed in 13.46s
