#0 building with "desktop-linux" instance using docker driver

#1 [internal] load build definition from Dockerfile.qualification
#1 transferring dockerfile: 836B 0.0s done
#1 DONE 0.1s

#2 [internal] load metadata for ghcr.io/astral-sh/uv:0.12.9
#2 ...

#3 [internal] load metadata for docker.io/library/python:3.14.7-slim
#3 DONE 0.6s

#2 [internal] load metadata for ghcr.io/astral-sh/uv:0.12.9
#2 DONE 0.9s

#4 [internal] load .dockerignore
#4 transferring context: 164B done
#4 DONE 0.1s

#5 [internal] load build context
#5 DONE 0.0s

#6 [uv 1/1] FROM ghcr.io/astral-sh/uv:0.12.9@sha256:8b940d3a9d65bed080436972241af2e21c84b5e8c9193f7014ed71479ee795ff
#6 resolve ghcr.io/astral-sh/uv:0.12.9@sha256:8b940d3a9d65bed080436972241af2e21c84b5e8c9193f7014ed71479ee795ff
#6 resolve ghcr.io/astral-sh/uv:0.12.9@sha256:8b940d3a9d65bed080436972241af2e21c84b5e8c9193f7014ed71479ee795ff 0.2s done
#6 DONE 0.2s

#7 [stage-1 1/8] FROM docker.io/library/python:3.14.7-slim@sha256:51dafde81dbdb6ebde285137a295cf18a47ca95234fe388a343719cb97305b3d
#7 resolve docker.io/library/python:3.14.7-slim@sha256:51dafde81dbdb6ebde285137a295cf18a47ca95234fe388a343719cb97305b3d 0.2s done
#7 DONE 0.2s

#5 [internal] load build context
#5 transferring context: 58.80kB 0.1s done
#5 DONE 0.9s

#8 [stage-1 4/8] COPY source/pyproject.toml source/uv.lock ./
#8 CACHED

#9 [stage-1 5/8] RUN uv sync --frozen --no-install-project
#9 CACHED

#10 [stage-1 2/8] COPY --from=uv /uv /bin/uv
#10 CACHED

#11 [stage-1 3/8] WORKDIR /app
#11 CACHED

#12 [stage-1 6/8] RUN /app/.venv/bin/playwright install --with-deps --only-shell chromium && apt-get install -y --no-install-recommends poppler-utils && chmod -R a+rX /ms-playwright && rm -rf /var/lib/apt/lists/*
#12 CACHED

#13 [stage-1 7/8] COPY source/ ./
#13 DONE 1.8s

#14 [stage-1 8/8] RUN groupadd --gid 10001 qualification && useradd --uid 10001 --gid 10001 --no-create-home qualification
#14 DONE 3.2s

#15 exporting to image
#15 exporting layers
#15 exporting layers 1.9s done
#15 exporting manifest sha256:2a8c334ca0f61d61a1a02f4ccc9d362ee64e72dff93fa9eca433d82645f67d2c 0.1s done
#15 exporting config sha256:4c85255f428ccc997dce912eb3706269845db2d365f4a148db14c209c1b3717b
#15 exporting config sha256:4c85255f428ccc997dce912eb3706269845db2d365f4a148db14c209c1b3717b 0.1s done
#15 exporting attestation manifest sha256:aa7808eb4974d87e5c48deb7990db919e4154fb1779beaaf557d1dbeda2c3580
#15 exporting attestation manifest sha256:aa7808eb4974d87e5c48deb7990db919e4154fb1779beaaf557d1dbeda2c3580 0.1s done
#15 exporting manifest list sha256:64a4e4c60c7aef59352c9a4f9f4356ec3c683315363c4d732aed8e36e3f43fe4
#15 exporting manifest list sha256:64a4e4c60c7aef59352c9a4f9f4356ec3c683315363c4d732aed8e36e3f43fe4 0.1s done
#15 naming to docker.io/library/stewardence-local-qualification:stewardence-local-1f85de3b20 0.0s done
#15 unpacking to docker.io/library/stewardence-local-qualification:stewardence-local-1f85de3b20
#15 unpacking to docker.io/library/stewardence-local-qualification:stewardence-local-1f85de3b20 0.8s done
#15 DONE 3.4s

View build details: docker-desktop://dashboard/build/desktop-linux/desktop-linux/j4ya5k3kou2u23v4zcjdrrxy8
