#0 building with "desktop-linux" instance using docker driver

#1 [internal] load build definition from Dockerfile.qualification
#1 transferring dockerfile: 836B 0.0s done
#1 DONE 0.1s

#2 [internal] load metadata for ghcr.io/astral-sh/uv:0.12.9
#2 DONE 0.3s

#3 [internal] load metadata for docker.io/library/python:3.14.7-slim
#3 DONE 0.4s

#4 [internal] load .dockerignore
#4 transferring context:
#4 transferring context: 164B 0.0s done
#4 DONE 0.0s

#5 [internal] load build context
#5 DONE 0.0s

#6 [stage-1 1/8] FROM docker.io/library/python:3.14.7-slim@sha256:51dafde81dbdb6ebde285137a295cf18a47ca95234fe388a343719cb97305b3d
#6 resolve docker.io/library/python:3.14.7-slim@sha256:51dafde81dbdb6ebde285137a295cf18a47ca95234fe388a343719cb97305b3d 0.1s done
#6 DONE 0.1s

#7 [uv 1/1] FROM ghcr.io/astral-sh/uv:0.12.9@sha256:8b940d3a9d65bed080436972241af2e21c84b5e8c9193f7014ed71479ee795ff
#7 resolve ghcr.io/astral-sh/uv:0.12.9@sha256:8b940d3a9d65bed080436972241af2e21c84b5e8c9193f7014ed71479ee795ff 0.1s done
#7 DONE 0.1s

#5 [internal] load build context
#5 transferring context: 44.95kB 0.1s done
#5 DONE 0.1s

#8 [stage-1 2/8] COPY --from=uv /uv /bin/uv
#8 CACHED

#9 [stage-1 3/8] WORKDIR /app
#9 CACHED

#10 [stage-1 4/8] COPY source/pyproject.toml source/uv.lock ./
#10 CACHED

#11 [stage-1 5/8] RUN uv sync --frozen --no-install-project
#11 CACHED

#12 [stage-1 6/8] RUN /app/.venv/bin/playwright install --with-deps --only-shell chromium && apt-get install -y --no-install-recommends poppler-utils && chmod -R a+rX /ms-playwright && rm -rf /var/lib/apt/lists/*
#12 CACHED

#13 [stage-1 7/8] COPY source/ ./
#13 DONE 0.6s

#14 [stage-1 8/8] RUN groupadd --gid 10001 qualification && useradd --uid 10001 --gid 10001 --no-create-home qualification
#14 DONE 0.7s

#15 exporting to image
#15 exporting layers
#15 exporting layers 0.7s done
#15 exporting manifest sha256:be8199786e5f5672f8b4a1a8f59686ba4b1afe80c6bcc475cc8208386253ead9 0.0s done
#15 exporting config sha256:aad0850fd07e168f70b6ce5f681c0670a6da4436aa97a20f41748641b1e6be66 0.0s done
#15 exporting attestation manifest sha256:f4216d3eed0724098b6221438ca0e8b50570299d4786b88311ae3fe870621a3e
#15 exporting attestation manifest sha256:f4216d3eed0724098b6221438ca0e8b50570299d4786b88311ae3fe870621a3e 0.1s done
#15 exporting manifest list sha256:91a66f036631c162642d1a339860c5bfe34889dc86e3be259342ad9913cb4897 0.0s done
#15 naming to docker.io/library/stewardence-local-qualification:stewardence-local-565d9c4009 done
#15 unpacking to docker.io/library/stewardence-local-qualification:stewardence-local-565d9c4009
#15 unpacking to docker.io/library/stewardence-local-qualification:stewardence-local-565d9c4009 0.4s done
#15 DONE 0.6s
