#0 building with "desktop-linux" instance using docker driver

#1 [internal] load build definition from Dockerfile.qualification
#1 transferring dockerfile: 836B 0.0s done
#1 DONE 0.1s

#2 [internal] load metadata for docker.io/library/python:3.14.7-slim
#2 DONE 0.7s

#3 [internal] load metadata for ghcr.io/astral-sh/uv:0.12.9
#3 DONE 0.9s

#4 [internal] load .dockerignore
#4 transferring context: 164B 0.0s done
#4 DONE 0.1s

#5 [internal] load build context
#5 DONE 0.0s

#6 [stage-1 1/8] FROM docker.io/library/python:3.14.7-slim@sha256:51dafde81dbdb6ebde285137a295cf18a47ca95234fe388a343719cb97305b3d
#6 resolve docker.io/library/python:3.14.7-slim@sha256:51dafde81dbdb6ebde285137a295cf18a47ca95234fe388a343719cb97305b3d
#6 ...

#7 [uv 1/1] FROM ghcr.io/astral-sh/uv:0.12.9@sha256:8b940d3a9d65bed080436972241af2e21c84b5e8c9193f7014ed71479ee795ff
#7 resolve ghcr.io/astral-sh/uv:0.12.9@sha256:8b940d3a9d65bed080436972241af2e21c84b5e8c9193f7014ed71479ee795ff 0.1s done
#7 DONE 0.1s

#6 [stage-1 1/8] FROM docker.io/library/python:3.14.7-slim@sha256:51dafde81dbdb6ebde285137a295cf18a47ca95234fe388a343719cb97305b3d
#6 resolve docker.io/library/python:3.14.7-slim@sha256:51dafde81dbdb6ebde285137a295cf18a47ca95234fe388a343719cb97305b3d 0.1s done
#6 DONE 0.1s

#5 [internal] load build context
#5 transferring context: 72.80kB 0.1s done
#5 DONE 0.1s

#8 [stage-1 3/8] WORKDIR /app
#8 CACHED

#9 [stage-1 4/8] COPY source/pyproject.toml source/uv.lock ./
#9 CACHED

#10 [stage-1 5/8] RUN uv sync --frozen --no-install-project
#10 CACHED

#11 [stage-1 2/8] COPY --from=uv /uv /bin/uv
#11 CACHED

#12 [stage-1 6/8] RUN /app/.venv/bin/playwright install --with-deps --only-shell chromium && apt-get install -y --no-install-recommends poppler-utils && chmod -R a+rX /ms-playwright && rm -rf /var/lib/apt/lists/*
#12 CACHED

#13 [stage-1 7/8] COPY source/ ./
#13 DONE 0.9s

#14 [stage-1 8/8] RUN groupadd --gid 10001 qualification && useradd --uid 10001 --gid 10001 --no-create-home qualification
#14 DONE 1.1s

#15 exporting to image
#15 exporting layers
#15 exporting layers 1.4s done
#15 exporting manifest sha256:b75bf5eb6d65fd6f4ef79980e4d79797658aa68327f3546816c22c95909723d7 0.1s done
#15 exporting config sha256:2207f617a81c05788b2021da4095affda0112f655e11d2f1824fa0c6ceefecc8
#15 exporting config sha256:2207f617a81c05788b2021da4095affda0112f655e11d2f1824fa0c6ceefecc8 0.1s done
#15 exporting attestation manifest sha256:2e6554ca115c0ab5ddfecf7a6b802844f724dbd16bfbbfcbbda4730183323d9b
#15 exporting attestation manifest sha256:2e6554ca115c0ab5ddfecf7a6b802844f724dbd16bfbbfcbbda4730183323d9b 0.1s done
#15 exporting manifest list sha256:41acb3a56e51cd37ddb878e4bb19dab460504c7697fa44a98055d408bec27681 0.1s done
#15 naming to docker.io/library/stewardence-local-qualification:stewardence-local-f953b0eb5a
#15 naming to docker.io/library/stewardence-local-qualification:stewardence-local-f953b0eb5a 0.0s done
#15 unpacking to docker.io/library/stewardence-local-qualification:stewardence-local-f953b0eb5a
#15 unpacking to docker.io/library/stewardence-local-qualification:stewardence-local-f953b0eb5a 1.2s done
#15 DONE 3.2s
