#0 building with "desktop-linux" instance using docker driver

#1 [internal] load build definition from Dockerfile.qualification
#1 transferring dockerfile: 836B 0.0s done
#1 DONE 0.1s

#2 [internal] load metadata for ghcr.io/astral-sh/uv:0.12.9
#2 ...

#3 [auth] library/python:pull token for registry-1.docker.io
#3 DONE 0.0s

#4 [internal] load metadata for docker.io/library/python:3.14.7-slim
#4 ...

#2 [internal] load metadata for ghcr.io/astral-sh/uv:0.12.9
#2 DONE 0.7s

#4 [internal] load metadata for docker.io/library/python:3.14.7-slim
#4 DONE 0.7s

#5 [internal] load .dockerignore
#5 transferring context: 164B done
#5 DONE 0.0s

#6 [internal] load build context
#6 DONE 0.0s

#7 [uv 1/1] FROM ghcr.io/astral-sh/uv:0.12.9@sha256:8b940d3a9d65bed080436972241af2e21c84b5e8c9193f7014ed71479ee795ff
#7 resolve ghcr.io/astral-sh/uv:0.12.9@sha256:8b940d3a9d65bed080436972241af2e21c84b5e8c9193f7014ed71479ee795ff 0.1s done
#7 DONE 0.1s

#8 [stage-1 1/8] FROM docker.io/library/python:3.14.7-slim@sha256:51dafde81dbdb6ebde285137a295cf18a47ca95234fe388a343719cb97305b3d
#8 resolve docker.io/library/python:3.14.7-slim@sha256:51dafde81dbdb6ebde285137a295cf18a47ca95234fe388a343719cb97305b3d 0.1s done
#8 DONE 0.1s

#6 [internal] load build context
#6 transferring context: 82.49kB 0.1s done
#6 DONE 0.2s

#9 [stage-1 2/8] COPY --from=uv /uv /bin/uv
#9 CACHED

#10 [stage-1 3/8] WORKDIR /app
#10 CACHED

#11 [stage-1 4/8] COPY source/pyproject.toml source/uv.lock ./
#11 CACHED

#12 [stage-1 5/8] RUN uv sync --frozen --no-install-project
#12 CACHED

#13 [stage-1 6/8] RUN /app/.venv/bin/playwright install --with-deps --only-shell chromium && apt-get install -y --no-install-recommends poppler-utils && chmod -R a+rX /ms-playwright && rm -rf /var/lib/apt/lists/*
#13 CACHED

#14 [stage-1 7/8] COPY source/ ./
#14 DONE 2.1s

#15 [stage-1 8/8] RUN groupadd --gid 10001 qualification && useradd --uid 10001 --gid 10001 --no-create-home qualification
#15 DONE 2.5s

#16 exporting to image
#16 exporting layers
#16 exporting layers 1.0s done
#16 exporting manifest sha256:64e706893908bc0d94759c2d1b7b623e7aa1152a82ece40e93a673be9ea2e4a3 0.0s done
#16 exporting config sha256:27ae1d6a7fbd18eeaf84df58a9dfe53f5e7d20508f66cb28ec58e2428cf21a44 0.0s done
#16 exporting attestation manifest sha256:f956f9be1e7fa8e668756f794955b466862af376dc9094a25d238dfd8b3fa6a6
#16 exporting attestation manifest sha256:f956f9be1e7fa8e668756f794955b466862af376dc9094a25d238dfd8b3fa6a6 0.0s done
#16 exporting manifest list sha256:523c89107cb157fa4be454aab62c82d0c5476e7a5086372e68cebf04411d3bbd 0.0s done
#16 naming to docker.io/library/stewardence-local-qualification:stewardence-local-1bcc3c633b done
#16 unpacking to docker.io/library/stewardence-local-qualification:stewardence-local-1bcc3c633b
#16 unpacking to docker.io/library/stewardence-local-qualification:stewardence-local-1bcc3c633b 0.6s done
#16 DONE 1.9s

View build details: docker-desktop://dashboard/build/desktop-linux/desktop-linux/u3qtiq62qetpdljuo1f81g3nx
