#0 building with "desktop-linux" instance using docker driver

#1 [internal] load build definition from Dockerfile.qualification
#1 transferring dockerfile: 525B done
#1 DONE 0.0s

#2 [auth] library/python:pull token for registry-1.docker.io
#2 DONE 0.0s

#3 [internal] load metadata for ghcr.io/astral-sh/uv:0.12.9
#3 DONE 0.7s

#4 [internal] load metadata for docker.io/library/python:3.14.7-slim
#4 DONE 0.7s

#5 [internal] load .dockerignore
#5 transferring context: 164B done
#5 DONE 0.0s

#6 [internal] load build context
#6 DONE 0.0s

#7 [stage-1 1/7] FROM docker.io/library/python:3.14.7-slim@sha256:51dafde81dbdb6ebde285137a295cf18a47ca95234fe388a343719cb97305b3d
#7 resolve docker.io/library/python:3.14.7-slim@sha256:51dafde81dbdb6ebde285137a295cf18a47ca95234fe388a343719cb97305b3d
#7 resolve docker.io/library/python:3.14.7-slim@sha256:51dafde81dbdb6ebde285137a295cf18a47ca95234fe388a343719cb97305b3d 0.1s done
#7 DONE 0.1s

#8 [uv 1/1] FROM ghcr.io/astral-sh/uv:0.12.9@sha256:8b940d3a9d65bed080436972241af2e21c84b5e8c9193f7014ed71479ee795ff
#8 resolve ghcr.io/astral-sh/uv:0.12.9@sha256:8b940d3a9d65bed080436972241af2e21c84b5e8c9193f7014ed71479ee795ff 0.1s done
#8 DONE 0.1s

#6 [internal] load build context
#6 transferring context: 37.41kB 0.1s done
#6 DONE 0.1s

#9 [stage-1 2/7] COPY --from=uv /uv /bin/uv
#9 CACHED

#10 [stage-1 3/7] WORKDIR /app
#10 CACHED

#11 [stage-1 4/7] COPY source/pyproject.toml source/uv.lock ./
#11 CACHED

#12 [stage-1 5/7] RUN uv sync --frozen --no-install-project
#12 CACHED

#13 [stage-1 6/7] COPY source/ ./
#13 DONE 0.4s

#14 [stage-1 7/7] RUN groupadd --gid 10001 qualification && useradd --uid 10001 --gid 10001 --no-create-home qualification
#14 DONE 0.8s

#15 exporting to image
#15 exporting layers
#15 exporting layers 0.7s done
#15 exporting manifest sha256:7184ee02853457caf1c14df403df7d63c4f6254299a12f40a16e9f8582beea2c 0.1s done
#15 exporting config sha256:71df6d09c08ff2a2c3f68f9c99ecadff2c18f9df5041289a2c8e3a937dc6f8ce 0.1s done
#15 exporting attestation manifest sha256:606062fb8c036c0d81ea8fae63400def2debe26de987747588cd9ebb11c0c06f 0.1s done
#15 exporting manifest list sha256:e2d2f4d35cc11fc9478091a7b4cf839b4d2f4a89fcc927f4fd54774c997a7728
#15 exporting manifest list sha256:e2d2f4d35cc11fc9478091a7b4cf839b4d2f4a89fcc927f4fd54774c997a7728 0.0s done
#15 naming to docker.io/library/stewardence-local-qualification:current done
#15 unpacking to docker.io/library/stewardence-local-qualification:current
#15 unpacking to docker.io/library/stewardence-local-qualification:current 0.2s done
#15 DONE 1.2s
