#0 building with "desktop-linux" instance using docker driver

#1 [internal] load build definition from Dockerfile.qualification
#1 transferring dockerfile: 44B 0.1s
#1 transferring dockerfile: 836B 0.1s done
#1 DONE 0.3s

#2 [internal] load metadata for ghcr.io/astral-sh/uv:0.12.9
#2 ...

#3 [auth] library/python:pull token for registry-1.docker.io
#3 DONE 0.0s

#4 [internal] load metadata for docker.io/library/python:3.14.7-slim
#4 ...

#2 [internal] load metadata for ghcr.io/astral-sh/uv:0.12.9
#2 DONE 2.7s

#4 [internal] load metadata for docker.io/library/python:3.14.7-slim
#4 DONE 3.0s

#5 [internal] load .dockerignore
#5 transferring context:
#5 transferring context: 164B 0.0s done
#5 DONE 0.3s

#6 [internal] load build context
#6 DONE 0.0s

#7 [stage-1 1/8] FROM docker.io/library/python:3.14.7-slim@sha256:51dafde81dbdb6ebde285137a295cf18a47ca95234fe388a343719cb97305b3d
#7 resolve docker.io/library/python:3.14.7-slim@sha256:51dafde81dbdb6ebde285137a295cf18a47ca95234fe388a343719cb97305b3d 0.2s done
#7 DONE 0.2s

#8 [uv 1/1] FROM ghcr.io/astral-sh/uv:0.12.9@sha256:8b940d3a9d65bed080436972241af2e21c84b5e8c9193f7014ed71479ee795ff
#8 resolve ghcr.io/astral-sh/uv:0.12.9@sha256:8b940d3a9d65bed080436972241af2e21c84b5e8c9193f7014ed71479ee795ff 0.2s done
#8 DONE 0.2s

#6 [internal] load build context
#6 transferring context: 65.75kB 0.3s done
#6 DONE 0.4s

#9 [stage-1 5/8] RUN uv sync --frozen --no-install-project
#9 CACHED

#10 [stage-1 2/8] COPY --from=uv /uv /bin/uv
#10 CACHED

#11 [stage-1 3/8] WORKDIR /app
#11 CACHED

#12 [stage-1 4/8] COPY source/pyproject.toml source/uv.lock ./
#12 CACHED

#13 [stage-1 6/8] RUN /app/.venv/bin/playwright install --with-deps --only-shell chromium && apt-get install -y --no-install-recommends poppler-utils && chmod -R a+rX /ms-playwright && rm -rf /var/lib/apt/lists/*
#13 CACHED

#14 [stage-1 7/8] COPY source/ ./
#14 DONE 3.8s

#15 [stage-1 8/8] RUN groupadd --gid 10001 qualification && useradd --uid 10001 --gid 10001 --no-create-home qualification
#15 DONE 3.4s

#16 exporting to image
#16 exporting layers
#16 exporting layers 2.9s done
#16 exporting manifest sha256:977edd4206e1ac1c797eca89c24132c0c396ed6e7856dacf3bdff192be15a685 0.2s done
#16 exporting config sha256:ffcb25eccd23dbcf7556007e11d74d0654da4a845e28e8fe0974ed8edb76c1e2
#16 exporting config sha256:ffcb25eccd23dbcf7556007e11d74d0654da4a845e28e8fe0974ed8edb76c1e2 0.1s done
#16 exporting attestation manifest sha256:d476e5418f5a8e4411eafd2a6286243e1e7eb8f1d89c089a46e1893e7fb3aa30
#16 exporting attestation manifest sha256:d476e5418f5a8e4411eafd2a6286243e1e7eb8f1d89c089a46e1893e7fb3aa30 0.2s done
#16 exporting manifest list sha256:acb68d23b5398c8dc0bbebe7ea374a143bc4d7db794251210b0d5c60a7feed2b
#16 exporting manifest list sha256:acb68d23b5398c8dc0bbebe7ea374a143bc4d7db794251210b0d5c60a7feed2b 0.1s done
#16 naming to docker.io/library/stewardence-local-qualification:stewardence-local-3a1f59619d 0.0s done
#16 unpacking to docker.io/library/stewardence-local-qualification:stewardence-local-3a1f59619d
#16 unpacking to docker.io/library/stewardence-local-qualification:stewardence-local-3a1f59619d 1.5s done
#16 DONE 5.2s
#0 building with "desktop-linux" instance using docker driver

#1 [internal] load build definition from Dockerfile.renderer
#1 transferring dockerfile: 1.59kB 0.0s done
#1 DONE 0.1s

#2 [auth] docker/dockerfile:pull token for registry-1.docker.io
#2 DONE 0.0s

#3 resolve image config for docker-image://docker.io/docker/dockerfile:1
#3 DONE 2.3s

#4 docker-image://docker.io/docker/dockerfile:1@sha256:4edf897a3ffa55b89f906fc8cc78afdb3f1834cc9c7083565e611a8a7d5fe99e
#4 resolve docker.io/docker/dockerfile:1@sha256:4edf897a3ffa55b89f906fc8cc78afdb3f1834cc9c7083565e611a8a7d5fe99e
#4 resolve docker.io/docker/dockerfile:1@sha256:4edf897a3ffa55b89f906fc8cc78afdb3f1834cc9c7083565e611a8a7d5fe99e 0.2s done
#4 DONE 0.2s

#4 docker-image://docker.io/docker/dockerfile:1@sha256:4edf897a3ffa55b89f906fc8cc78afdb3f1834cc9c7083565e611a8a7d5fe99e
#4 CACHED

#5 [internal] load metadata for docker.io/library/python:3.14.7-slim
#5 DONE 0.5s

#6 [internal] load metadata for ghcr.io/astral-sh/uv:0.12.9
#6 DONE 0.6s

#7 [internal] load .dockerignore
#7 transferring context:
#7 transferring context: 121B 0.0s done
#7 DONE 0.1s

#8 [internal] load build context
#8 DONE 0.0s

#9 [uv 1/1] FROM ghcr.io/astral-sh/uv:0.12.9@sha256:8b940d3a9d65bed080436972241af2e21c84b5e8c9193f7014ed71479ee795ff
#9 resolve ghcr.io/astral-sh/uv:0.12.9@sha256:8b940d3a9d65bed080436972241af2e21c84b5e8c9193f7014ed71479ee795ff
#9 resolve ghcr.io/astral-sh/uv:0.12.9@sha256:8b940d3a9d65bed080436972241af2e21c84b5e8c9193f7014ed71479ee795ff 0.2s done
#9 DONE 0.3s

#10 [builder 1/5] FROM docker.io/library/python:3.14.7-slim@sha256:51dafde81dbdb6ebde285137a295cf18a47ca95234fe388a343719cb97305b3d
#10 resolve docker.io/library/python:3.14.7-slim@sha256:51dafde81dbdb6ebde285137a295cf18a47ca95234fe388a343719cb97305b3d 0.2s done
#10 DONE 0.3s

#8 [internal] load build context
#8 transferring context: 1.28kB 0.0s done
#8 DONE 0.1s

#11 [builder 5/5] RUN uv sync --frozen --only-group renderer --no-install-project     && uv run --no-sync playwright install --only-shell chromium     && rm -rf /tmp/* /var/lib/apt/lists/*
#11 CACHED

#12 [runtime  6/10] RUN groupadd --gid 10001 renderer     && useradd --uid 10001 --gid renderer --home-dir /app --no-create-home renderer
#12 CACHED

#13 [runtime  8/10] COPY static/brand/stewardence-helix-orbit-light.png ./static/brand/stewardence-helix-orbit-light.png
#13 CACHED

#14 [runtime  4/10] COPY --from=builder /ms-playwright /ms-playwright
#14 CACHED

#15 [runtime  9/10] COPY static/brand/atlas/reports.svg ./static/brand/atlas/reports.svg
#15 CACHED

#16 [runtime  3/10] COPY --from=builder /app/.venv /app/.venv
#16 CACHED

#17 [runtime  5/10] RUN .venv/bin/playwright install-deps chromium     && chmod -R a+rX /ms-playwright     && rm -rf /tmp/* /var/lib/apt/lists/*
#17 CACHED

#18 [builder 3/5] COPY --from=uv /uv /bin/uv
#18 CACHED

#19 [builder 4/5] COPY pyproject.toml uv.lock ./
#19 CACHED

#20 [builder 2/5] WORKDIR /app
#20 CACHED

#21 [runtime  7/10] COPY renderer ./renderer
#21 CACHED

#22 [runtime 10/10] RUN install -d -o renderer -g renderer -m 0700 /work/output
#22 CACHED

#23 exporting to image
#23 exporting layers 0.0s done
#23 exporting manifest sha256:4f242a9504e5f155cec718e914bb528b3d476a9362b429dffcdfa0c0851160c2 0.0s done
#23 exporting config sha256:27cf620f73979c07f8d766676bf98cc1bf353d86ffeb5c69b35cc24152b9d581 0.0s done
#23 exporting attestation manifest sha256:60a3a6d239da19454c92bb8582992cda65f14399983bb59b55b078b5b67e0028
#23 exporting attestation manifest sha256:60a3a6d239da19454c92bb8582992cda65f14399983bb59b55b078b5b67e0028 0.1s done
#23 exporting manifest list sha256:f665d6088c76d902994dd740ef82f4ae845b08400ebc043904234cc90bdd77c8
#23 exporting manifest list sha256:f665d6088c76d902994dd740ef82f4ae845b08400ebc043904234cc90bdd77c8 0.2s done
#23 naming to docker.io/library/stewardence-local-qualification:stewardence-local-3a1f59619d-renderer
#23 naming to docker.io/library/stewardence-local-qualification:stewardence-local-3a1f59619d-renderer 0.0s done
#23 unpacking to docker.io/library/stewardence-local-qualification:stewardence-local-3a1f59619d-renderer 0.1s done
#23 DONE 0.8s
