#0 building with "desktop-linux" instance using docker driver

#1 [internal] load build definition from Dockerfile.qualification
#1 transferring dockerfile: 836B 0.1s done
#1 DONE 0.2s

#2 [internal] load metadata for ghcr.io/astral-sh/uv:0.12.9
#2 ...

#3 [internal] load metadata for docker.io/library/python:3.14.7-slim
#3 DONE 0.8s

#2 [internal] load metadata for ghcr.io/astral-sh/uv:0.12.9
#2 DONE 1.0s

#4 [internal] load .dockerignore
#4 transferring context: 164B 0.0s done
#4 DONE 0.1s

#5 [internal] load build context
#5 DONE 0.0s

#6 [uv 1/1] FROM ghcr.io/astral-sh/uv:0.12.9@sha256:8b940d3a9d65bed080436972241af2e21c84b5e8c9193f7014ed71479ee795ff
#6 resolve ghcr.io/astral-sh/uv:0.12.9@sha256:8b940d3a9d65bed080436972241af2e21c84b5e8c9193f7014ed71479ee795ff
#6 resolve ghcr.io/astral-sh/uv:0.12.9@sha256:8b940d3a9d65bed080436972241af2e21c84b5e8c9193f7014ed71479ee795ff 0.2s done
#6 DONE 0.2s

#7 [stage-1 1/8] FROM docker.io/library/python:3.14.7-slim@sha256:51dafde81dbdb6ebde285137a295cf18a47ca95234fe388a343719cb97305b3d
#7 resolve docker.io/library/python:3.14.7-slim@sha256:51dafde81dbdb6ebde285137a295cf18a47ca95234fe388a343719cb97305b3d 0.2s done
#7 DONE 0.2s

#5 [internal] load build context
#5 transferring context: 48.32kB 0.4s done
#5 DONE 0.4s

#8 [stage-1 2/8] COPY --from=uv /uv /bin/uv
#8 CACHED

#9 [stage-1 3/8] WORKDIR /app
#9 CACHED

#10 [stage-1 4/8] COPY source/pyproject.toml source/uv.lock ./
#10 CACHED

#11 [stage-1 5/8] RUN uv sync --frozen --no-install-project
#11 CACHED

#12 [stage-1 6/8] RUN /app/.venv/bin/playwright install --with-deps --only-shell chromium && apt-get install -y --no-install-recommends poppler-utils && chmod -R a+rX /ms-playwright && rm -rf /var/lib/apt/lists/*
#12 CACHED

#13 [stage-1 7/8] COPY source/ ./
#13 DONE 2.3s

#14 [stage-1 8/8] RUN groupadd --gid 10001 qualification && useradd --uid 10001 --gid 10001 --no-create-home qualification
#14 DONE 2.4s

#15 exporting to image
#15 exporting layers
#15 exporting layers 1.8s done
#15 exporting manifest sha256:1809ac0799370fd273fd509b989f8839d4af07bd227f6dafcb5f7339395d8fdd 0.1s done
#15 exporting config sha256:d83488da769107fd5915768f301581d0e1257ddd9bed4636c60d7e34d3f1b3b3
#15 exporting config sha256:d83488da769107fd5915768f301581d0e1257ddd9bed4636c60d7e34d3f1b3b3 0.2s done
#15 exporting attestation manifest sha256:44156e2b88dac013cbe0bfd6552e1cf2e491cc8f9c623982ccbe712b852fd8f8
#15 exporting attestation manifest sha256:44156e2b88dac013cbe0bfd6552e1cf2e491cc8f9c623982ccbe712b852fd8f8 0.1s done
#15 exporting manifest list sha256:e60137fd6956a1c8eae25ec9338a3585d95de07ba708821a80bbb616a21aad0d
#15 exporting manifest list sha256:e60137fd6956a1c8eae25ec9338a3585d95de07ba708821a80bbb616a21aad0d 0.1s done
#15 naming to docker.io/library/stewardence-local-qualification:stewardence-local-e862e3d170 0.0s done
#15 unpacking to docker.io/library/stewardence-local-qualification:stewardence-local-e862e3d170
#15 unpacking to docker.io/library/stewardence-local-qualification:stewardence-local-e862e3d170 1.4s done
#15 DONE 4.1s
