#0 building with "desktop-linux" instance using docker driver

#1 [internal] load build definition from Dockerfile.qualification
#1 transferring dockerfile: 836B 0.1s done
#1 DONE 0.1s

#2 [internal] load metadata for ghcr.io/astral-sh/uv:0.12.9
#2 DONE 0.6s

#3 [internal] load metadata for docker.io/library/python:3.14.7-slim
#3 DONE 0.7s

#4 [internal] load .dockerignore
#4 transferring context: 164B 0.0s done
#4 DONE 0.1s

#5 [internal] load build context
#5 DONE 0.0s

#6 [uv 1/1] FROM ghcr.io/astral-sh/uv:0.12.9@sha256:8b940d3a9d65bed080436972241af2e21c84b5e8c9193f7014ed71479ee795ff
#6 resolve ghcr.io/astral-sh/uv:0.12.9@sha256:8b940d3a9d65bed080436972241af2e21c84b5e8c9193f7014ed71479ee795ff
#6 resolve ghcr.io/astral-sh/uv:0.12.9@sha256:8b940d3a9d65bed080436972241af2e21c84b5e8c9193f7014ed71479ee795ff 0.3s done
#6 DONE 0.3s

#7 [stage-1 1/8] FROM docker.io/library/python:3.14.7-slim@sha256:51dafde81dbdb6ebde285137a295cf18a47ca95234fe388a343719cb97305b3d
#7 resolve docker.io/library/python:3.14.7-slim@sha256:51dafde81dbdb6ebde285137a295cf18a47ca95234fe388a343719cb97305b3d
#7 resolve docker.io/library/python:3.14.7-slim@sha256:51dafde81dbdb6ebde285137a295cf18a47ca95234fe388a343719cb97305b3d 0.3s done
#7 DONE 0.3s

#5 [internal] load build context
#5 transferring context: 62.67kB 0.1s done
#5 DONE 0.1s

#8 [stage-1 2/8] COPY --from=uv /uv /bin/uv
#8 CACHED

#9 [stage-1 3/8] WORKDIR /app
#9 CACHED

#10 [stage-1 4/8] COPY source/pyproject.toml source/uv.lock ./
#10 CACHED

#11 [stage-1 5/8] RUN uv sync --frozen --no-install-project
#11 CACHED

#12 [stage-1 6/8] RUN /app/.venv/bin/playwright install --with-deps --only-shell chromium && apt-get install -y --no-install-recommends poppler-utils && chmod -R a+rX /ms-playwright && rm -rf /var/lib/apt/lists/*
#12 CACHED

#13 [stage-1 7/8] COPY source/ ./
#13 DONE 1.1s

#14 [stage-1 8/8] RUN groupadd --gid 10001 qualification && useradd --uid 10001 --gid 10001 --no-create-home qualification
#14 DONE 1.3s

#15 exporting to image
#15 exporting layers
#15 exporting layers 1.4s done
#15 exporting manifest sha256:6cb3ef3f5f1dc8e132348dbae0c488cc8489ebd2992aca8c3fb18eede3e6012f 0.1s done
#15 exporting config sha256:f179fdd17ed76557033e5516c9efc6def843b817e7617c669e2300a3294a1f50
#15 exporting config sha256:f179fdd17ed76557033e5516c9efc6def843b817e7617c669e2300a3294a1f50 0.2s done
#15 exporting attestation manifest sha256:fc0f887a20fba91cf3bfe898424c1d9dc26980336bf3a123093dc5e9e1a75a66 0.1s done
#15 exporting manifest list sha256:3f16ba203b268a3ab63dd5798ed03f6ae173e905eb108622e5602a30edc6d013
#15 exporting manifest list sha256:3f16ba203b268a3ab63dd5798ed03f6ae173e905eb108622e5602a30edc6d013 0.1s done
#15 naming to docker.io/library/stewardence-local-qualification:stewardence-local-b789a0c7fe
#15 naming to docker.io/library/stewardence-local-qualification:stewardence-local-b789a0c7fe 0.0s done
#15 unpacking to docker.io/library/stewardence-local-qualification:stewardence-local-b789a0c7fe
#15 unpacking to docker.io/library/stewardence-local-qualification:stewardence-local-b789a0c7fe 0.8s done
#15 DONE 3.1s
