#0 building with "desktop-linux" instance using docker driver

#1 [internal] load build definition from Dockerfile.qualification
#1 transferring dockerfile: 836B 0.0s done
#1 DONE 0.1s

#2 [internal] load metadata for docker.io/library/python:3.14.7-slim
#2 ...

#3 [auth] library/python:pull token for registry-1.docker.io
#3 DONE 0.0s

#4 [internal] load metadata for ghcr.io/astral-sh/uv:0.12.9
#4 ...

#2 [internal] load metadata for docker.io/library/python:3.14.7-slim
#2 DONE 1.0s

#4 [internal] load metadata for ghcr.io/astral-sh/uv:0.12.9
#4 DONE 1.0s

#5 [internal] load .dockerignore
#5 transferring context: 164B 0.0s done
#5 DONE 0.0s

#6 [internal] load build context
#6 DONE 0.0s

#7 [uv 1/1] FROM ghcr.io/astral-sh/uv:0.12.9@sha256:8b940d3a9d65bed080436972241af2e21c84b5e8c9193f7014ed71479ee795ff
#7 resolve ghcr.io/astral-sh/uv:0.12.9@sha256:8b940d3a9d65bed080436972241af2e21c84b5e8c9193f7014ed71479ee795ff 0.1s done
#7 DONE 0.1s

#8 [stage-1 1/8] FROM docker.io/library/python:3.14.7-slim@sha256:51dafde81dbdb6ebde285137a295cf18a47ca95234fe388a343719cb97305b3d
#8 resolve docker.io/library/python:3.14.7-slim@sha256:51dafde81dbdb6ebde285137a295cf18a47ca95234fe388a343719cb97305b3d 0.1s done
#8 DONE 0.1s

#6 [internal] load build context
#6 transferring context: 111.38kB 0.1s done
#6 DONE 0.2s

#9 [stage-1 3/8] WORKDIR /app
#9 CACHED

#10 [stage-1 4/8] COPY source/pyproject.toml source/uv.lock ./
#10 CACHED

#11 [stage-1 5/8] RUN uv sync --frozen --no-install-project
#11 CACHED

#12 [stage-1 2/8] COPY --from=uv /uv /bin/uv
#12 CACHED

#13 [stage-1 6/8] RUN /app/.venv/bin/playwright install --with-deps --only-shell chromium && apt-get install -y --no-install-recommends poppler-utils && chmod -R a+rX /ms-playwright && rm -rf /var/lib/apt/lists/*
#13 CACHED

#14 [stage-1 7/8] COPY source/ ./
#14 DONE 1.5s

#15 [stage-1 8/8] RUN groupadd --gid 10001 qualification && useradd --uid 10001 --gid 10001 --no-create-home qualification
#15 DONE 3.8s

#16 exporting to image
#16 exporting layers
#16 exporting layers 1.1s done
#16 exporting manifest sha256:578a5f11288f7db66708ecbfc3c37d736811ef8ec694abc206ceeb17e600f1a6 0.1s done
#16 exporting config sha256:debd29748da9d149d00a7e29ccc16e519e7494c50f67967492bd46bcacbcfbb1 0.1s done
#16 exporting attestation manifest sha256:4bdf559529f1a6f446dff07b530c75020932f496150b52a2ef433c99a7e5dbd1 0.1s done
#16 exporting manifest list sha256:d3025859825a99c64b1acd9f1f6c44a48debc5c956964bb0ef429b86a82bd6df
#16 exporting manifest list sha256:d3025859825a99c64b1acd9f1f6c44a48debc5c956964bb0ef429b86a82bd6df 0.0s done
#16 naming to docker.io/library/stewardence-local-qualification:stewardence-local-2dd4680fc1 done
#16 unpacking to docker.io/library/stewardence-local-qualification:stewardence-local-2dd4680fc1
#16 unpacking to docker.io/library/stewardence-local-qualification:stewardence-local-2dd4680fc1 0.6s done
#16 DONE 2.1s
