#0 building with "desktop-linux" instance using docker driver

#1 [internal] load build definition from Dockerfile.qualification
#1 transferring dockerfile: 836B 0.1s done
#1 DONE 0.1s

#2 [internal] load metadata for ghcr.io/astral-sh/uv:0.12.9
#2 ...

#3 [auth] library/python:pull token for registry-1.docker.io
#3 DONE 0.0s

#4 [internal] load metadata for docker.io/library/python:3.14.7-slim
#4 ...

#2 [internal] load metadata for ghcr.io/astral-sh/uv:0.12.9
#2 DONE 1.0s

#4 [internal] load metadata for docker.io/library/python:3.14.7-slim
#4 DONE 1.0s

#5 [internal] load .dockerignore
#5 transferring context: 164B 0.0s done
#5 DONE 0.0s

#6 [internal] load build context
#6 DONE 0.0s

#7 [stage-1 1/8] FROM docker.io/library/python:3.14.7-slim@sha256:51dafde81dbdb6ebde285137a295cf18a47ca95234fe388a343719cb97305b3d
#7 resolve docker.io/library/python:3.14.7-slim@sha256:51dafde81dbdb6ebde285137a295cf18a47ca95234fe388a343719cb97305b3d 0.1s done
#7 DONE 0.1s

#8 [uv 1/1] FROM ghcr.io/astral-sh/uv:0.12.9@sha256:8b940d3a9d65bed080436972241af2e21c84b5e8c9193f7014ed71479ee795ff
#8 resolve ghcr.io/astral-sh/uv:0.12.9@sha256:8b940d3a9d65bed080436972241af2e21c84b5e8c9193f7014ed71479ee795ff 0.1s done
#8 DONE 0.1s

#6 [internal] load build context
#6 transferring context: 46.20kB 0.1s done
#6 DONE 0.5s

#9 [stage-1 2/8] COPY --from=uv /uv /bin/uv
#9 CACHED

#10 [stage-1 3/8] WORKDIR /app
#10 CACHED

#11 [stage-1 4/8] COPY source/pyproject.toml source/uv.lock ./
#11 CACHED

#12 [stage-1 5/8] RUN uv sync --frozen --no-install-project
#12 CACHED

#13 [stage-1 6/8] RUN /app/.venv/bin/playwright install --with-deps --only-shell chromium && apt-get install -y --no-install-recommends poppler-utils && chmod -R a+rX /ms-playwright && rm -rf /var/lib/apt/lists/*
#13 CACHED

#14 [stage-1 7/8] COPY source/ ./
#14 DONE 1.0s

#15 [stage-1 8/8] RUN groupadd --gid 10001 qualification && useradd --uid 10001 --gid 10001 --no-create-home qualification
#15 DONE 1.5s

#16 exporting to image
#16 exporting layers
#16 exporting layers 0.8s done
#16 exporting manifest sha256:4ed3ccb86742804ceb826e8b59c3fb20b0b872ffde438919cd981a9e7148451a 0.0s done
#16 exporting config sha256:0b966159422e89de1beb840a29da2cfd058e26d02e19c008964f8bfd12617789 0.0s done
#16 exporting attestation manifest sha256:2482e3991bb4354560b5d3741413731aa6c334a04412646bf9a317c4ff10d1f2
#16 exporting attestation manifest sha256:2482e3991bb4354560b5d3741413731aa6c334a04412646bf9a317c4ff10d1f2 0.1s done
#16 exporting manifest list sha256:7c9ae94e9b0ef0d46ce42df5963f0ab13f57e2c57b53f1f73a763bc3818e35f1 0.0s done
#16 naming to docker.io/library/stewardence-local-qualification:stewardence-local-32e0172c22 done
#16 unpacking to docker.io/library/stewardence-local-qualification:stewardence-local-32e0172c22
#16 unpacking to docker.io/library/stewardence-local-qualification:stewardence-local-32e0172c22 0.7s done
#16 DONE 1.8s
