#0 building with "desktop-linux" instance using docker driver

#1 [internal] load build definition from Dockerfile.qualification
#1 transferring dockerfile: 44B 0.1s
#1 transferring dockerfile: 836B 0.1s done
#1 DONE 0.2s

#2 [internal] load metadata for ghcr.io/astral-sh/uv:0.12.9
#2 DONE 2.0s

#3 [internal] load metadata for docker.io/library/python:3.14.7-slim
#3 DONE 2.0s

#4 [internal] load .dockerignore
#4 transferring context: 164B 0.1s done
#4 DONE 0.2s

#5 [internal] load build context
#5 DONE 0.0s

#6 [stage-1 1/8] FROM docker.io/library/python:3.14.7-slim@sha256:51dafde81dbdb6ebde285137a295cf18a47ca95234fe388a343719cb97305b3d
#6 resolve docker.io/library/python:3.14.7-slim@sha256:51dafde81dbdb6ebde285137a295cf18a47ca95234fe388a343719cb97305b3d
#6 resolve docker.io/library/python:3.14.7-slim@sha256:51dafde81dbdb6ebde285137a295cf18a47ca95234fe388a343719cb97305b3d 0.3s done
#6 DONE 0.4s

#7 [uv 1/1] FROM ghcr.io/astral-sh/uv:0.12.9@sha256:8b940d3a9d65bed080436972241af2e21c84b5e8c9193f7014ed71479ee795ff
#7 resolve ghcr.io/astral-sh/uv:0.12.9@sha256:8b940d3a9d65bed080436972241af2e21c84b5e8c9193f7014ed71479ee795ff 0.3s done
#7 DONE 0.4s

#5 [internal] load build context
#5 transferring context: 48.62kB 0.1s done
#5 DONE 0.2s

#8 [stage-1 2/8] COPY --from=uv /uv /bin/uv
#8 CACHED

#9 [stage-1 3/8] WORKDIR /app
#9 CACHED

#10 [stage-1 4/8] COPY source/pyproject.toml source/uv.lock ./
#10 CACHED

#11 [stage-1 5/8] RUN uv sync --frozen --no-install-project
#11 CACHED

#12 [stage-1 6/8] RUN /app/.venv/bin/playwright install --with-deps --only-shell chromium && apt-get install -y --no-install-recommends poppler-utils && chmod -R a+rX /ms-playwright && rm -rf /var/lib/apt/lists/*
#12 CACHED

#13 [stage-1 7/8] COPY source/ ./
#13 DONE 3.4s

#14 [stage-1 8/8] RUN groupadd --gid 10001 qualification && useradd --uid 10001 --gid 10001 --no-create-home qualification
#14 DONE 8.5s

#15 exporting to image
#15 exporting layers
#15 exporting layers 3.1s done
#15 exporting manifest sha256:3117c22cd495e556af69a7c6e5f693b073d8526ba53c58fb17a295c66aac5c18 0.1s done
#15 exporting config sha256:a23807aa1c5cbf65a14df1760bf946ceb6ca63600da3d07774439c38b1e4585d
#15 exporting config sha256:a23807aa1c5cbf65a14df1760bf946ceb6ca63600da3d07774439c38b1e4585d 0.1s done
#15 exporting attestation manifest sha256:0a31d1403d2137cdc4ceb11c2b023afad954a7e24133795d824f6056dc860b7f
#15 exporting attestation manifest sha256:0a31d1403d2137cdc4ceb11c2b023afad954a7e24133795d824f6056dc860b7f 0.2s done
#15 exporting manifest list sha256:0d86e8d623cd328fc19c4f13a74d54d9639fcb7de2dc22ee4dc1242b4f9aeaf3
#15 exporting manifest list sha256:0d86e8d623cd328fc19c4f13a74d54d9639fcb7de2dc22ee4dc1242b4f9aeaf3 0.1s done
#15 naming to docker.io/library/stewardence-local-qualification:stewardence-local-175a8eb750 0.0s done
#15 unpacking to docker.io/library/stewardence-local-qualification:stewardence-local-175a8eb750
#15 unpacking to docker.io/library/stewardence-local-qualification:stewardence-local-175a8eb750 1.8s done
#15 DONE 5.7s
