#0 building with "desktop-linux" instance using docker driver

#1 [internal] load build definition from Dockerfile.qualification
#1 DONE 0.0s

#1 [internal] load build definition from Dockerfile.qualification
#1 transferring dockerfile: 525B 0.0s done
#1 DONE 0.0s

#2 [internal] load metadata for ghcr.io/astral-sh/uv:0.12.9
#2 ...

#3 [internal] load metadata for docker.io/library/python:3.14.7-slim
#3 DONE 0.4s

#2 [internal] load metadata for ghcr.io/astral-sh/uv:0.12.9
#2 DONE 0.6s

#4 [internal] load .dockerignore
#4 transferring context: 164B done
#4 DONE 0.0s

#5 [internal] load build context
#5 DONE 0.0s

#6 [stage-1 1/7] FROM docker.io/library/python:3.14.7-slim@sha256:51dafde81dbdb6ebde285137a295cf18a47ca95234fe388a343719cb97305b3d
#6 resolve docker.io/library/python:3.14.7-slim@sha256:51dafde81dbdb6ebde285137a295cf18a47ca95234fe388a343719cb97305b3d 0.1s done
#6 DONE 0.2s

#7 [uv 1/1] FROM ghcr.io/astral-sh/uv:0.12.9@sha256:8b940d3a9d65bed080436972241af2e21c84b5e8c9193f7014ed71479ee795ff
#7 resolve ghcr.io/astral-sh/uv:0.12.9@sha256:8b940d3a9d65bed080436972241af2e21c84b5e8c9193f7014ed71479ee795ff 0.2s done
#7 DONE 0.2s

#5 [internal] load build context
#5 transferring context: 38.02kB 0.0s done
#5 DONE 0.1s

#8 [stage-1 2/7] COPY --from=uv /uv /bin/uv
#8 CACHED

#9 [stage-1 3/7] WORKDIR /app
#9 CACHED

#10 [stage-1 4/7] COPY source/pyproject.toml source/uv.lock ./
#10 CACHED

#11 [stage-1 5/7] RUN uv sync --frozen --no-install-project
#11 CACHED

#12 [stage-1 6/7] COPY source/ ./
#12 DONE 0.6s

#13 [stage-1 7/7] RUN groupadd --gid 10001 qualification && useradd --uid 10001 --gid 10001 --no-create-home qualification
#13 DONE 0.6s

#14 exporting to image
#14 exporting layers
#14 exporting layers 0.7s done
#14 exporting manifest sha256:fdd08bd826b1b1b36054f16dc36701ad828acfe886110c67e0d943a42ece1587 0.0s done
#14 exporting config sha256:8ced91ea4f189bac09b50592e150cdd52db229867ff67804ad11da1604e32ebd 0.1s done
#14 exporting attestation manifest sha256:3684ec4514de544300b848858c6fc9639e6821c2afbf7c8c763acf37b00f353f 0.1s done
#14 exporting manifest list sha256:0422e24ae219f5b750c0127a9d21cdbb107a33ffb6933407fe7b02b99b842afd
#14 exporting manifest list sha256:0422e24ae219f5b750c0127a9d21cdbb107a33ffb6933407fe7b02b99b842afd 0.1s done
#14 naming to docker.io/library/stewardence-local-qualification:current 0.0s done
#14 unpacking to docker.io/library/stewardence-local-qualification:current
#14 unpacking to docker.io/library/stewardence-local-qualification:current 0.3s done
#14 DONE 1.4s
