#0 building with "desktop-linux" instance using docker driver

#1 [internal] load build definition from Dockerfile.qualification
#1 transferring dockerfile: 836B 0.0s done
#1 DONE 0.1s

#2 [internal] load metadata for docker.io/library/python:3.14.7-slim
#2 ...

#3 [internal] load metadata for ghcr.io/astral-sh/uv:0.12.9
#3 DONE 0.7s

#2 [internal] load metadata for docker.io/library/python:3.14.7-slim
#2 DONE 0.8s

#4 [internal] load .dockerignore
#4 transferring context: 164B 0.0s done
#4 DONE 0.1s

#5 [internal] load build context
#5 DONE 0.0s

#6 [uv 1/1] FROM ghcr.io/astral-sh/uv:0.12.9@sha256:8b940d3a9d65bed080436972241af2e21c84b5e8c9193f7014ed71479ee795ff
#6 resolve ghcr.io/astral-sh/uv:0.12.9@sha256:8b940d3a9d65bed080436972241af2e21c84b5e8c9193f7014ed71479ee795ff
#6 resolve ghcr.io/astral-sh/uv:0.12.9@sha256:8b940d3a9d65bed080436972241af2e21c84b5e8c9193f7014ed71479ee795ff 0.2s done
#6 DONE 0.2s

#7 [stage-1 1/8] FROM docker.io/library/python:3.14.7-slim@sha256:51dafde81dbdb6ebde285137a295cf18a47ca95234fe388a343719cb97305b3d
#7 resolve docker.io/library/python:3.14.7-slim@sha256:51dafde81dbdb6ebde285137a295cf18a47ca95234fe388a343719cb97305b3d 0.2s done
#7 DONE 0.3s

#5 [internal] load build context
#5 transferring context: 66.19kB 0.2s done
#5 DONE 0.2s

#8 [stage-1 2/8] COPY --from=uv /uv /bin/uv
#8 CACHED

#9 [stage-1 3/8] WORKDIR /app
#9 CACHED

#10 [stage-1 4/8] COPY source/pyproject.toml source/uv.lock ./
#10 CACHED

#11 [stage-1 5/8] RUN uv sync --frozen --no-install-project
#11 CACHED

#12 [stage-1 6/8] RUN /app/.venv/bin/playwright install --with-deps --only-shell chromium && apt-get install -y --no-install-recommends poppler-utils && chmod -R a+rX /ms-playwright && rm -rf /var/lib/apt/lists/*
#12 CACHED

#13 [stage-1 7/8] COPY source/ ./
#13 DONE 1.7s

#14 [stage-1 8/8] RUN groupadd --gid 10001 qualification && useradd --uid 10001 --gid 10001 --no-create-home qualification
#14 DONE 1.9s

#15 exporting to image
#15 exporting layers
#15 exporting layers 1.5s done
#15 exporting manifest sha256:ef86c24832e4dc114c557ff6a3ea12820397c0901e29ee92094f6f138b0cbc60 0.1s done
#15 exporting config sha256:4b02b6c00994090d44f6c437ef2a8d3e8b2cdaf52feb095d9eafa1ae9e300b91 0.1s done
#15 exporting attestation manifest sha256:70bc23d50e252eb8219b4cfcee9a96634ac403ae7725f523170f9f67feb12ce2
#15 exporting attestation manifest sha256:70bc23d50e252eb8219b4cfcee9a96634ac403ae7725f523170f9f67feb12ce2 0.3s done
#15 exporting manifest list sha256:dd8f37bebae7ed47dad5e827b5f662aa69b89ebc4ddd0e5fd45ce8a9dd324016
#15 exporting manifest list sha256:dd8f37bebae7ed47dad5e827b5f662aa69b89ebc4ddd0e5fd45ce8a9dd324016 0.1s done
#15 naming to docker.io/library/stewardence-local-qualification:stewardence-local-4bcb1d7eb0 0.0s done
#15 unpacking to docker.io/library/stewardence-local-qualification:stewardence-local-4bcb1d7eb0
#15 unpacking to docker.io/library/stewardence-local-qualification:stewardence-local-4bcb1d7eb0 1.0s done
#15 DONE 3.3s
