#0 building with "desktop-linux" instance using docker driver

#1 [internal] load build definition from Dockerfile.qualification
#1 transferring dockerfile: 836B 0.0s done
#1 DONE 0.1s

#2 [internal] load metadata for ghcr.io/astral-sh/uv:0.12.9
#2 DONE 0.4s

#3 [internal] load metadata for docker.io/library/python:3.14.7-slim
#3 DONE 0.5s

#4 [internal] load .dockerignore
#4 transferring context: 164B 0.0s done
#4 DONE 0.1s

#5 [internal] load build context
#5 DONE 0.0s

#6 [stage-1 1/8] FROM docker.io/library/python:3.14.7-slim@sha256:51dafde81dbdb6ebde285137a295cf18a47ca95234fe388a343719cb97305b3d
#6 resolve docker.io/library/python:3.14.7-slim@sha256:51dafde81dbdb6ebde285137a295cf18a47ca95234fe388a343719cb97305b3d
#6 resolve docker.io/library/python:3.14.7-slim@sha256:51dafde81dbdb6ebde285137a295cf18a47ca95234fe388a343719cb97305b3d 0.2s done
#6 DONE 0.2s

#7 [uv 1/1] FROM ghcr.io/astral-sh/uv:0.12.9@sha256:8b940d3a9d65bed080436972241af2e21c84b5e8c9193f7014ed71479ee795ff
#7 resolve ghcr.io/astral-sh/uv:0.12.9@sha256:8b940d3a9d65bed080436972241af2e21c84b5e8c9193f7014ed71479ee795ff
#7 resolve ghcr.io/astral-sh/uv:0.12.9@sha256:8b940d3a9d65bed080436972241af2e21c84b5e8c9193f7014ed71479ee795ff 0.2s done
#7 DONE 0.2s

#5 [internal] load build context
#5 transferring context: 31.20kB 0.1s done
#5 DONE 0.1s

#8 [stage-1 2/8] COPY --from=uv /uv /bin/uv
#8 CACHED

#9 [stage-1 7/8] COPY source/ ./
#9 CACHED

#10 [stage-1 3/8] WORKDIR /app
#10 CACHED

#11 [stage-1 4/8] COPY source/pyproject.toml source/uv.lock ./
#11 CACHED

#12 [stage-1 5/8] RUN uv sync --frozen --no-install-project
#12 CACHED

#13 [stage-1 6/8] RUN /app/.venv/bin/playwright install --with-deps --only-shell chromium && apt-get install -y --no-install-recommends poppler-utils && chmod -R a+rX /ms-playwright && rm -rf /var/lib/apt/lists/*
#13 CACHED

#14 [stage-1 8/8] RUN groupadd --gid 10001 qualification && useradd --uid 10001 --gid 10001 --no-create-home qualification
#14 CACHED

#15 exporting to image
#15 exporting layers done
#15 exporting manifest sha256:272096ad9eb1dbd12792214c801a1fb6b12cf0499d388df4f84f4ca546d99f29 done
#15 exporting config sha256:c1ddb20f6e70046452894b6fbd722665e694d369e31676b08f6d71e265372c83 done
#15 exporting attestation manifest sha256:2d21be494adad7b6735662534f313be5ebf6e84d7c4fc8f6f6027a3a42956acf
#15 exporting attestation manifest sha256:2d21be494adad7b6735662534f313be5ebf6e84d7c4fc8f6f6027a3a42956acf 0.1s done
#15 exporting manifest list sha256:cabe54fb39c2e1f2e1e9310b99da74bc3dc0b36f713991ae0264b5b3dec17d9e 0.1s done
#15 naming to docker.io/library/stewardence-local-qualification:stewardence-local-1da5507ce8
#15 naming to docker.io/library/stewardence-local-qualification:stewardence-local-1da5507ce8 0.0s done
#15 unpacking to docker.io/library/stewardence-local-qualification:stewardence-local-1da5507ce8 0.0s done
#15 DONE 0.4s
