#0 building with "desktop-linux" instance using docker driver

#1 [internal] load build definition from Dockerfile.qualification
#1 transferring dockerfile: 836B 0.0s done
#1 DONE 0.0s

#2 [internal] load metadata for ghcr.io/astral-sh/uv:0.12.9
#2 ...

#3 [internal] load metadata for docker.io/library/python:3.14.7-slim
#3 DONE 0.4s

#2 [internal] load metadata for ghcr.io/astral-sh/uv:0.12.9
#2 DONE 0.7s

#4 [internal] load .dockerignore
#4 transferring context: 164B 0.0s done
#4 DONE 0.0s

#5 [internal] load build context
#5 DONE 0.0s

#6 [stage-1 1/8] FROM docker.io/library/python:3.14.7-slim@sha256:51dafde81dbdb6ebde285137a295cf18a47ca95234fe388a343719cb97305b3d
#6 resolve docker.io/library/python:3.14.7-slim@sha256:51dafde81dbdb6ebde285137a295cf18a47ca95234fe388a343719cb97305b3d 0.1s done
#6 DONE 0.1s

#7 [uv 1/1] FROM ghcr.io/astral-sh/uv:0.12.9@sha256:8b940d3a9d65bed080436972241af2e21c84b5e8c9193f7014ed71479ee795ff
#7 resolve ghcr.io/astral-sh/uv:0.12.9@sha256:8b940d3a9d65bed080436972241af2e21c84b5e8c9193f7014ed71479ee795ff 0.1s done
#7 DONE 0.1s

#5 [internal] load build context
#5 transferring context: 33.74kB 0.1s done
#5 DONE 0.1s

#8 [stage-1 2/8] COPY --from=uv /uv /bin/uv
#8 CACHED

#9 [stage-1 3/8] WORKDIR /app
#9 CACHED

#10 [stage-1 4/8] COPY source/pyproject.toml source/uv.lock ./
#10 CACHED

#11 [stage-1 5/8] RUN uv sync --frozen --no-install-project
#11 CACHED

#12 [stage-1 6/8] RUN /app/.venv/bin/playwright install --with-deps --only-shell chromium && apt-get install -y --no-install-recommends poppler-utils && chmod -R a+rX /ms-playwright && rm -rf /var/lib/apt/lists/*
#12 CACHED

#13 [stage-1 7/8] COPY source/ ./
#13 DONE 0.4s

#14 [stage-1 8/8] RUN groupadd --gid 10001 qualification && useradd --uid 10001 --gid 10001 --no-create-home qualification
#14 DONE 0.6s

#15 exporting to image
#15 exporting layers
#15 exporting layers 0.5s done
#15 exporting manifest sha256:364349845055cb26d548a08172ff881822160177c8799907a91f872259981d61 0.0s done
#15 exporting config sha256:4f6ede15776d0d7b7f65e96222b82687ee29b0444fb89e68432f25ac9e3587db 0.0s done
#15 exporting attestation manifest sha256:ff145e2cb555f897935808a9d39fb587c2eda03945acca2b81c7c248b22a955f
#15 exporting attestation manifest sha256:ff145e2cb555f897935808a9d39fb587c2eda03945acca2b81c7c248b22a955f 0.0s done
#15 exporting manifest list sha256:0a0df9bfe4745e4e2cde29ccd2177aaacdf7b7e08520400adb532ba684a3d70a 0.0s done
#15 naming to docker.io/library/stewardence-local-qualification:stewardence-local-bf41089fb1 done
#15 unpacking to docker.io/library/stewardence-local-qualification:stewardence-local-bf41089fb1
#15 unpacking to docker.io/library/stewardence-local-qualification:stewardence-local-bf41089fb1 0.3s done
#15 DONE 1.1s
