#0 building with "desktop-linux" instance using docker driver

#1 [internal] load build definition from Dockerfile.qualification
#1 transferring dockerfile: 836B 0.0s done
#1 DONE 0.1s

#2 [internal] load metadata for ghcr.io/astral-sh/uv:0.12.9
#2 ...

#3 [auth] library/python:pull token for registry-1.docker.io
#3 DONE 0.0s

#4 [internal] load metadata for docker.io/library/python:3.14.7-slim
#4 ...

#2 [internal] load metadata for ghcr.io/astral-sh/uv:0.12.9
#2 DONE 1.0s

#4 [internal] load metadata for docker.io/library/python:3.14.7-slim
#4 DONE 1.1s

#5 [internal] load .dockerignore
#5 transferring context: 164B 0.0s done
#5 DONE 0.1s

#6 [uv 1/1] FROM ghcr.io/astral-sh/uv:0.12.9@sha256:8b940d3a9d65bed080436972241af2e21c84b5e8c9193f7014ed71479ee795ff
#6 resolve ghcr.io/astral-sh/uv:0.12.9@sha256:8b940d3a9d65bed080436972241af2e21c84b5e8c9193f7014ed71479ee795ff 0.1s done
#6 CACHED

#7 [builder 1/5] FROM docker.io/library/python:3.14.7-slim@sha256:51dafde81dbdb6ebde285137a295cf18a47ca95234fe388a343719cb97305b3d
#7 resolve docker.io/library/python:3.14.7-slim@sha256:51dafde81dbdb6ebde285137a295cf18a47ca95234fe388a343719cb97305b3d 0.1s done
#7 CACHED

#8 [internal] load build context
#8 transferring context: 38.45kB 0.3s done
#8 DONE 0.9s

#9 [stage-1 2/8] COPY --from=uv /uv /bin/uv
#9 CACHED

#10 [stage-1 3/8] WORKDIR /app
#10 CACHED

#11 [stage-1 4/8] COPY source/pyproject.toml source/uv.lock ./
#11 CACHED

#12 [stage-1 5/8] RUN uv sync --frozen --no-install-project
#12 CACHED

#13 [stage-1 6/8] RUN /app/.venv/bin/playwright install --with-deps --only-shell chromium && apt-get install -y --no-install-recommends poppler-utils && chmod -R a+rX /ms-playwright && rm -rf /var/lib/apt/lists/*
#13 CACHED

#14 [stage-1 7/8] COPY source/ ./
#14 DONE 2.9s

#15 [stage-1 8/8] RUN groupadd --gid 10001 qualification && useradd --uid 10001 --gid 10001 --no-create-home qualification
#15 DONE 3.2s

#16 exporting to image
#16 exporting layers
#16 exporting layers 2.0s done
#16 exporting manifest sha256:f741c9374f2f9c48b4753891905ca6750a42c2c0599efad197e703d72e2a9394 0.1s done
#16 exporting config sha256:820502cdd22cd3d645484c984cb0a791cb1946a8e11eae50625957473fea63d5 0.1s done
#16 exporting attestation manifest sha256:740285848d15db76b92406b03ed70cfdfeef82cac8208d9e513ea3fa95e1d0ce 0.1s done
#16 exporting manifest list sha256:927c091876cec985029dc5599cafaac671bea1cd9566e92810e4d03a9d7d8526
#16 exporting manifest list sha256:927c091876cec985029dc5599cafaac671bea1cd9566e92810e4d03a9d7d8526 0.1s done
#16 naming to docker.io/library/stewardence-local-qualification:stewardence-local-cd42760fb9 0.0s done
#16 unpacking to docker.io/library/stewardence-local-qualification:stewardence-local-cd42760fb9
#16 unpacking to docker.io/library/stewardence-local-qualification:stewardence-local-cd42760fb9 1.4s done
#16 DONE 4.2s
