#0 building with "desktop-linux" instance using docker driver

#1 [internal] load build definition from Dockerfile.qualification
#1 DONE 0.0s

#1 [internal] load build definition from Dockerfile.qualification
#1 transferring dockerfile:
#1 transferring dockerfile: 836B 0.8s done
#1 DONE 2.2s

#2 [internal] load metadata for ghcr.io/astral-sh/uv:0.12.9
#2 ...

#3 [internal] load metadata for docker.io/library/python:3.14.7-slim
#3 ...

#4 [auth] library/python:pull token for registry-1.docker.io
#4 DONE 0.0s

#2 [internal] load metadata for ghcr.io/astral-sh/uv:0.12.9
#2 DONE 25.1s

#3 [internal] load metadata for docker.io/library/python:3.14.7-slim
#3 DONE 25.1s

#5 [internal] load .dockerignore
#5 transferring context: 32B
#5 transferring context: 164B 0.0s done
#5 DONE 0.2s

#6 [internal] load build context
#6 DONE 0.0s

#7 [stage-1 1/8] FROM docker.io/library/python:3.14.7-slim@sha256:51dafde81dbdb6ebde285137a295cf18a47ca95234fe388a343719cb97305b3d
#7 resolve docker.io/library/python:3.14.7-slim@sha256:51dafde81dbdb6ebde285137a295cf18a47ca95234fe388a343719cb97305b3d
#7 resolve docker.io/library/python:3.14.7-slim@sha256:51dafde81dbdb6ebde285137a295cf18a47ca95234fe388a343719cb97305b3d 0.6s done
#7 DONE 0.6s

#8 [uv 1/1] FROM ghcr.io/astral-sh/uv:0.12.9@sha256:8b940d3a9d65bed080436972241af2e21c84b5e8c9193f7014ed71479ee795ff
#8 resolve ghcr.io/astral-sh/uv:0.12.9@sha256:8b940d3a9d65bed080436972241af2e21c84b5e8c9193f7014ed71479ee795ff 0.6s done
#8 DONE 0.7s

#6 [internal] load build context
#6 transferring context: 134.97kB 0.8s done
#6 DONE 0.9s

#9 [stage-1 4/8] COPY source/pyproject.toml source/uv.lock ./
#9 CACHED

#10 [stage-1 5/8] RUN uv sync --frozen --no-install-project
#10 CACHED

#11 [stage-1 2/8] COPY --from=uv /uv /bin/uv
#11 CACHED

#12 [stage-1 3/8] WORKDIR /app
#12 CACHED

#13 [stage-1 6/8] RUN /app/.venv/bin/playwright install --with-deps --only-shell chromium && apt-get install -y --no-install-recommends poppler-utils && chmod -R a+rX /ms-playwright && rm -rf /var/lib/apt/lists/*
#13 CACHED

#14 [stage-1 7/8] COPY source/ ./
#14 DONE 23.7s

#15 [stage-1 8/8] RUN groupadd --gid 10001 qualification && useradd --uid 10001 --gid 10001 --no-create-home qualification
#15 DONE 17.6s

#16 exporting to image
#16 exporting layers
#16 exporting layers 13.9s done
#16 exporting manifest sha256:ea84bd39f066d58767a2e54087de66b7a55b0464ab595e692ababfe0ab769380
#16 exporting manifest sha256:ea84bd39f066d58767a2e54087de66b7a55b0464ab595e692ababfe0ab769380 0.2s done
#16 exporting config sha256:727446077612ebb1ecbe5885de8fcfb2fd16c62836959d316ca1cdb1fa57a23d
#16 exporting config sha256:727446077612ebb1ecbe5885de8fcfb2fd16c62836959d316ca1cdb1fa57a23d 0.5s done
#16 exporting attestation manifest sha256:7a1d39a70e8405d76223044c8d3ff4c31fc8341c27708e53a18b5887cf290de9
#16 exporting attestation manifest sha256:7a1d39a70e8405d76223044c8d3ff4c31fc8341c27708e53a18b5887cf290de9 0.4s done
#16 exporting manifest list sha256:7245f36b17349c4e893d9799c3b3b5282d1a9106f7be624e393eaa729f5d2db2
#16 exporting manifest list sha256:7245f36b17349c4e893d9799c3b3b5282d1a9106f7be624e393eaa729f5d2db2 0.3s done
#16 naming to docker.io/library/stewardence-local-qualification:stewardence-local-f948283b36 0.1s done
#16 unpacking to docker.io/library/stewardence-local-qualification:stewardence-local-f948283b36
#16 unpacking to docker.io/library/stewardence-local-qualification:stewardence-local-f948283b36 19.5s done
#16 DONE 35.8s
