#0 building with "desktop-linux" instance using docker driver

#1 [internal] load build definition from Dockerfile.qualification
#1 transferring dockerfile: 525B 0.0s done
#1 DONE 0.0s

#2 [internal] load metadata for docker.io/library/python:3.14.7-slim
#2 DONE 0.5s

#3 [internal] load metadata for ghcr.io/astral-sh/uv:0.12.9
#3 DONE 0.6s

#4 [internal] load .dockerignore
#4 transferring context: 164B done
#4 DONE 0.0s

#5 [internal] load build context
#5 DONE 0.0s

#6 [stage-1 1/7] FROM docker.io/library/python:3.14.7-slim@sha256:51dafde81dbdb6ebde285137a295cf18a47ca95234fe388a343719cb97305b3d
#6 resolve docker.io/library/python:3.14.7-slim@sha256:51dafde81dbdb6ebde285137a295cf18a47ca95234fe388a343719cb97305b3d 0.1s done
#6 DONE 0.1s

#7 [uv 1/1] FROM ghcr.io/astral-sh/uv:0.12.9@sha256:8b940d3a9d65bed080436972241af2e21c84b5e8c9193f7014ed71479ee795ff
#7 resolve ghcr.io/astral-sh/uv:0.12.9@sha256:8b940d3a9d65bed080436972241af2e21c84b5e8c9193f7014ed71479ee795ff
#7 resolve ghcr.io/astral-sh/uv:0.12.9@sha256:8b940d3a9d65bed080436972241af2e21c84b5e8c9193f7014ed71479ee795ff 0.1s done
#7 DONE 0.1s

#5 [internal] load build context
#5 transferring context: 75.25kB 0.1s done
#5 DONE 0.1s

#8 [stage-1 4/7] COPY source/pyproject.toml source/uv.lock ./
#8 CACHED

#9 [stage-1 2/7] COPY --from=uv /uv /bin/uv
#9 CACHED

#10 [stage-1 3/7] WORKDIR /app
#10 CACHED

#11 [stage-1 5/7] RUN uv sync --frozen --no-install-project
#11 CACHED

#12 [stage-1 6/7] COPY source/ ./
#12 DONE 0.7s

#13 [stage-1 7/7] RUN groupadd --gid 10001 qualification && useradd --uid 10001 --gid 10001 --no-create-home qualification
#13 DONE 0.9s

#14 exporting to image
#14 exporting layers
#14 exporting layers 0.7s done
#14 exporting manifest sha256:02aa7bcd365d6ef109b346d085a85ea000c0845c38b2c2d3e51b5220e940d653 0.0s done
#14 exporting config sha256:56267628783b3770a573b51d3d7b1e31552d275245bfec3f23afdda5adbee6a5 0.0s done
#14 exporting attestation manifest sha256:de91565998f065dad27c1479a41dfb45278a9acf4f3a5f888442ba6da414baf7
#14 exporting attestation manifest sha256:de91565998f065dad27c1479a41dfb45278a9acf4f3a5f888442ba6da414baf7 0.0s done
#14 exporting manifest list sha256:334afb15c757c1e5ec83e529e305f9b183cfe745d978daa75b39856310ef4fef 0.0s done
#14 naming to docker.io/library/stewardence-local-qualification:stewardence-local-1cb7883032 done
#14 unpacking to docker.io/library/stewardence-local-qualification:stewardence-local-1cb7883032
#14 unpacking to docker.io/library/stewardence-local-qualification:stewardence-local-1cb7883032 0.4s done
#14 DONE 1.4s
