#0 building with "desktop-linux" instance using docker driver

#1 [internal] load build definition from Dockerfile.qualification
#1 transferring dockerfile: 836B 0.1s done
#1 DONE 0.1s

#2 [internal] load metadata for ghcr.io/astral-sh/uv:0.12.9
#2 ...

#3 [auth] library/python:pull token for registry-1.docker.io
#3 DONE 0.0s

#4 [internal] load metadata for docker.io/library/python:3.14.7-slim
#4 ...

#2 [internal] load metadata for ghcr.io/astral-sh/uv:0.12.9
#2 DONE 1.1s

#4 [internal] load metadata for docker.io/library/python:3.14.7-slim
#4 DONE 1.1s

#5 [internal] load .dockerignore
#5 transferring context: 164B 0.0s done
#5 DONE 0.1s

#6 [internal] load build context
#6 DONE 0.0s

#7 [uv 1/1] FROM ghcr.io/astral-sh/uv:0.12.9@sha256:8b940d3a9d65bed080436972241af2e21c84b5e8c9193f7014ed71479ee795ff
#7 resolve ghcr.io/astral-sh/uv:0.12.9@sha256:8b940d3a9d65bed080436972241af2e21c84b5e8c9193f7014ed71479ee795ff
#7 resolve ghcr.io/astral-sh/uv:0.12.9@sha256:8b940d3a9d65bed080436972241af2e21c84b5e8c9193f7014ed71479ee795ff 0.2s done
#7 DONE 0.2s

#8 [stage-1 1/8] FROM docker.io/library/python:3.14.7-slim@sha256:51dafde81dbdb6ebde285137a295cf18a47ca95234fe388a343719cb97305b3d
#8 resolve docker.io/library/python:3.14.7-slim@sha256:51dafde81dbdb6ebde285137a295cf18a47ca95234fe388a343719cb97305b3d 0.2s done
#8 DONE 0.2s

#6 [internal] load build context
#6 transferring context: 35.83kB 0.1s done
#6 DONE 0.1s

#9 [stage-1 2/8] COPY --from=uv /uv /bin/uv
#9 CACHED

#10 [stage-1 3/8] WORKDIR /app
#10 CACHED

#11 [stage-1 4/8] COPY source/pyproject.toml source/uv.lock ./
#11 CACHED

#12 [stage-1 5/8] RUN uv sync --frozen --no-install-project
#12 CACHED

#13 [stage-1 6/8] RUN /app/.venv/bin/playwright install --with-deps --only-shell chromium && apt-get install -y --no-install-recommends poppler-utils && chmod -R a+rX /ms-playwright && rm -rf /var/lib/apt/lists/*
#13 CACHED

#14 [stage-1 7/8] COPY source/ ./
#14 DONE 0.9s

#15 [stage-1 8/8] RUN groupadd --gid 10001 qualification && useradd --uid 10001 --gid 10001 --no-create-home qualification
#15 DONE 2.0s

#16 exporting to image
#16 exporting layers
#16 exporting layers 1.3s done
#16 exporting manifest sha256:dca5646fcc5091de93793cea1bf7a4bea80d5f26979b4532ca38c1ad5b42b456 0.1s done
#16 exporting config sha256:f8f12784a3771670c1661dbe71f1b667ff8570ad0ea0a67a040b334ccb5f3b0a
#16 exporting config sha256:f8f12784a3771670c1661dbe71f1b667ff8570ad0ea0a67a040b334ccb5f3b0a 0.1s done
#16 exporting attestation manifest sha256:b7c5150ba648dd434a0208aceb2231c6f1c09d18ea484379f9201176f15b85c7
#16 exporting attestation manifest sha256:b7c5150ba648dd434a0208aceb2231c6f1c09d18ea484379f9201176f15b85c7 0.2s done
#16 exporting manifest list sha256:b80f5e54fff55bd7a3af5003240a33cf8d1b7ffe58642f94a2c9d23790d8a13b
#16 exporting manifest list sha256:b80f5e54fff55bd7a3af5003240a33cf8d1b7ffe58642f94a2c9d23790d8a13b 0.1s done
#16 naming to docker.io/library/stewardence-local-qualification:stewardence-local-d0ad508620
#16 naming to docker.io/library/stewardence-local-qualification:stewardence-local-d0ad508620 0.0s done
#16 unpacking to docker.io/library/stewardence-local-qualification:stewardence-local-d0ad508620
#16 unpacking to docker.io/library/stewardence-local-qualification:stewardence-local-d0ad508620 0.5s done
#16 DONE 2.6s
