#0 building with "desktop-linux" instance using docker driver

#1 [internal] load build definition from Dockerfile.qualification
#1 transferring dockerfile: 44B 0.1s
#1 transferring dockerfile: 836B 0.2s done
#1 DONE 0.4s

#2 [internal] load metadata for ghcr.io/astral-sh/uv:0.12.9
#2 ...

#3 [auth] library/python:pull token for registry-1.docker.io
#3 DONE 0.0s

#4 [internal] load metadata for docker.io/library/python:3.14.7-slim
#4 ...

#2 [internal] load metadata for ghcr.io/astral-sh/uv:0.12.9
#2 DONE 1.4s

#4 [internal] load metadata for docker.io/library/python:3.14.7-slim
#4 DONE 1.4s

#5 [internal] load .dockerignore
#5 transferring context: 164B 0.0s done
#5 DONE 0.1s

#6 [internal] load build context
#6 DONE 0.0s

#7 [stage-1 1/8] FROM docker.io/library/python:3.14.7-slim@sha256:51dafde81dbdb6ebde285137a295cf18a47ca95234fe388a343719cb97305b3d
#7 resolve docker.io/library/python:3.14.7-slim@sha256:51dafde81dbdb6ebde285137a295cf18a47ca95234fe388a343719cb97305b3d
#7 resolve docker.io/library/python:3.14.7-slim@sha256:51dafde81dbdb6ebde285137a295cf18a47ca95234fe388a343719cb97305b3d 0.2s done
#7 DONE 0.2s

#8 [uv 1/1] FROM ghcr.io/astral-sh/uv:0.12.9@sha256:8b940d3a9d65bed080436972241af2e21c84b5e8c9193f7014ed71479ee795ff
#8 resolve ghcr.io/astral-sh/uv:0.12.9@sha256:8b940d3a9d65bed080436972241af2e21c84b5e8c9193f7014ed71479ee795ff 0.2s done
#8 DONE 0.2s

#6 [internal] load build context
#6 transferring context: 97.11kB 0.1s done
#6 DONE 0.2s

#9 [stage-1 3/8] WORKDIR /app
#9 CACHED

#10 [stage-1 4/8] COPY source/pyproject.toml source/uv.lock ./
#10 CACHED

#11 [stage-1 5/8] RUN uv sync --frozen --no-install-project
#11 CACHED

#12 [stage-1 2/8] COPY --from=uv /uv /bin/uv
#12 CACHED

#13 [stage-1 6/8] RUN /app/.venv/bin/playwright install --with-deps --only-shell chromium && apt-get install -y --no-install-recommends poppler-utils && chmod -R a+rX /ms-playwright && rm -rf /var/lib/apt/lists/*
#13 CACHED

#14 [stage-1 7/8] COPY source/ ./
#14 DONE 1.5s

#15 [stage-1 8/8] RUN groupadd --gid 10001 qualification && useradd --uid 10001 --gid 10001 --no-create-home qualification
#15 DONE 2.4s

#16 exporting to image
#16 exporting layers
#16 exporting layers 1.7s done
#16 exporting manifest sha256:b9c578854c288d1b70dec38255da36f08027c71d8242a0c0f190dbcc2b4ee646 0.1s done
#16 exporting config sha256:432d3721cf628b4682fd32706c8e29c18ec0d3a9803fb3620bebb02bb1660cde 0.1s done
#16 exporting attestation manifest sha256:a93f71185ffac11175133da402f13a7cb560bc0b1ee0206c937688bf4f35e62a 0.1s done
#16 exporting manifest list sha256:e92c493bde0e592ebd30919d9e6f7b5f7d025e0f71c679575a24a0c9c7cac1c3
#16 exporting manifest list sha256:e92c493bde0e592ebd30919d9e6f7b5f7d025e0f71c679575a24a0c9c7cac1c3 0.1s done
#16 naming to docker.io/library/stewardence-local-qualification:stewardence-local-c5ab259389 0.0s done
#16 unpacking to docker.io/library/stewardence-local-qualification:stewardence-local-c5ab259389
#16 unpacking to docker.io/library/stewardence-local-qualification:stewardence-local-c5ab259389 0.9s done
#16 DONE 3.2s
