#0 building with "desktop-linux" instance using docker driver

#1 [internal] load build definition from Dockerfile.qualification
#1 transferring dockerfile: 525B 0.0s done
#1 DONE 0.0s

#2 [internal] load metadata for docker.io/library/python:3.14.7-slim
#2 ...

#3 [auth] library/python:pull token for registry-1.docker.io
#3 DONE 0.0s

#4 [internal] load metadata for ghcr.io/astral-sh/uv:0.12.9
#4 DONE 0.7s

#2 [internal] load metadata for docker.io/library/python:3.14.7-slim
#2 DONE 0.8s

#5 [internal] load .dockerignore
#5 transferring context: 164B done
#5 DONE 0.0s

#6 [uv 1/1] FROM ghcr.io/astral-sh/uv:0.12.9@sha256:8b940d3a9d65bed080436972241af2e21c84b5e8c9193f7014ed71479ee795ff
#6 resolve ghcr.io/astral-sh/uv:0.12.9@sha256:8b940d3a9d65bed080436972241af2e21c84b5e8c9193f7014ed71479ee795ff 0.1s done
#6 DONE 0.1s

#7 [stage-1 1/7] FROM docker.io/library/python:3.14.7-slim@sha256:51dafde81dbdb6ebde285137a295cf18a47ca95234fe388a343719cb97305b3d
#7 resolve docker.io/library/python:3.14.7-slim@sha256:51dafde81dbdb6ebde285137a295cf18a47ca95234fe388a343719cb97305b3d 0.1s done
#7 DONE 0.1s

#8 [internal] load build context
#8 transferring context: 75.71kB 0.1s done
#8 DONE 0.1s

#9 [stage-1 2/7] COPY --from=uv /uv /bin/uv
#9 CACHED

#10 [stage-1 3/7] WORKDIR /app
#10 CACHED

#11 [stage-1 4/7] COPY source/pyproject.toml source/uv.lock ./
#11 CACHED

#12 [stage-1 5/7] RUN uv sync --frozen --no-install-project
#12 CACHED

#13 [stage-1 6/7] COPY source/ ./
#13 DONE 0.4s

#14 [stage-1 7/7] RUN groupadd --gid 10001 qualification && useradd --uid 10001 --gid 10001 --no-create-home qualification
#14 DONE 0.9s

#15 exporting to image
#15 exporting layers
#15 exporting layers 0.4s done
#15 exporting manifest sha256:e7c8ce086dfc39634e84817841605bc6be6e8d1c73cb89cb04729812d54318ca 0.0s done
#15 exporting config sha256:ec02d57d653aaf474807f570ec6641373df62802d047598b56415109edf36c02 0.0s done
#15 exporting attestation manifest sha256:04a469f75cf1512cc33ab3655e026d5222c528fb3212f0c0e06a0935aa9cfc76
#15 exporting attestation manifest sha256:04a469f75cf1512cc33ab3655e026d5222c528fb3212f0c0e06a0935aa9cfc76 0.0s done
#15 exporting manifest list sha256:a72706f376d03b80bf591be2fdc032c8947c276b708290bec3899905e47e6620 0.0s done
#15 naming to docker.io/library/stewardence-local-qualification:stewardence-local-397246d454 done
#15 unpacking to docker.io/library/stewardence-local-qualification:stewardence-local-397246d454
#15 unpacking to docker.io/library/stewardence-local-qualification:stewardence-local-397246d454 0.2s done
#15 DONE 0.8s
