#0 building with "desktop-linux" instance using docker driver

#1 [internal] load build definition from Dockerfile.qualification
#1 transferring dockerfile: 836B 0.1s done
#1 DONE 0.1s

#2 [internal] load metadata for docker.io/library/python:3.14.7-slim
#2 DONE 0.9s

#3 [internal] load metadata for ghcr.io/astral-sh/uv:0.12.9
#3 DONE 1.1s

#4 [internal] load .dockerignore
#4 transferring context: 164B 0.0s done
#4 DONE 0.1s

#5 [internal] load build context
#5 DONE 0.0s

#6 [uv 1/1] FROM ghcr.io/astral-sh/uv:0.12.9@sha256:8b940d3a9d65bed080436972241af2e21c84b5e8c9193f7014ed71479ee795ff
#6 resolve ghcr.io/astral-sh/uv:0.12.9@sha256:8b940d3a9d65bed080436972241af2e21c84b5e8c9193f7014ed71479ee795ff
#6 resolve ghcr.io/astral-sh/uv:0.12.9@sha256:8b940d3a9d65bed080436972241af2e21c84b5e8c9193f7014ed71479ee795ff 0.2s done
#6 DONE 0.2s

#7 [stage-1 1/8] FROM docker.io/library/python:3.14.7-slim@sha256:51dafde81dbdb6ebde285137a295cf18a47ca95234fe388a343719cb97305b3d
#7 resolve docker.io/library/python:3.14.7-slim@sha256:51dafde81dbdb6ebde285137a295cf18a47ca95234fe388a343719cb97305b3d
#7 resolve docker.io/library/python:3.14.7-slim@sha256:51dafde81dbdb6ebde285137a295cf18a47ca95234fe388a343719cb97305b3d 0.2s done
#7 DONE 0.2s

#5 [internal] load build context
#5 transferring context: 62.71kB 0.1s done
#5 DONE 0.2s

#8 [stage-1 5/8] RUN uv sync --frozen --no-install-project
#8 CACHED

#9 [stage-1 2/8] COPY --from=uv /uv /bin/uv
#9 CACHED

#10 [stage-1 3/8] WORKDIR /app
#10 CACHED

#11 [stage-1 4/8] COPY source/pyproject.toml source/uv.lock ./
#11 CACHED

#12 [stage-1 6/8] RUN /app/.venv/bin/playwright install --with-deps --only-shell chromium && apt-get install -y --no-install-recommends poppler-utils && chmod -R a+rX /ms-playwright && rm -rf /var/lib/apt/lists/*
#12 CACHED

#13 [stage-1 7/8] COPY source/ ./
#13 DONE 2.1s

#14 [stage-1 8/8] RUN groupadd --gid 10001 qualification && useradd --uid 10001 --gid 10001 --no-create-home qualification
#14 DONE 2.4s

#15 exporting to image
#15 exporting layers
#15 exporting layers 1.6s done
#15 exporting manifest sha256:4b3f37cb5f849211b5342d224e8b456980c65729b33585bf7a5471f1ad9d5671
#15 exporting manifest sha256:4b3f37cb5f849211b5342d224e8b456980c65729b33585bf7a5471f1ad9d5671 0.2s done
#15 exporting config sha256:39abddfdd3f2bfede3773d6cacfcf1b7963195705242d422fa3c0a7a33c7db8a
#15 exporting config sha256:39abddfdd3f2bfede3773d6cacfcf1b7963195705242d422fa3c0a7a33c7db8a 0.1s done
#15 exporting attestation manifest sha256:da82533e8a8632a99066c92294699e337a22f8d4236446e80ef0df9d7505b8bc 0.1s done
#15 exporting manifest list sha256:0aa7d37484cce363bfbe7ba8cefb49e62dbc5f1a8b5255eb2b2177611eeea687
#15 exporting manifest list sha256:0aa7d37484cce363bfbe7ba8cefb49e62dbc5f1a8b5255eb2b2177611eeea687 done
#15 naming to docker.io/library/stewardence-local-qualification:stewardence-local-98ff5bc083 0.0s done
#15 unpacking to docker.io/library/stewardence-local-qualification:stewardence-local-98ff5bc083
#15 unpacking to docker.io/library/stewardence-local-qualification:stewardence-local-98ff5bc083 0.2s done
#15 DONE 1.9s
