2026/10/04 16:59:33 http2: server: error reading preface from client //./pipe/dockerDesktopLinuxEngine: file has already been closed
#0 building with "desktop-linux" instance using docker driver

#1 [internal] load build definition from Dockerfile.qualification
#1 transferring dockerfile: 836B 0.2s done
#1 DONE 0.3s

#2 [internal] load metadata for docker.io/library/python:3.14.7-slim
#2 ...

#3 [internal] load metadata for ghcr.io/astral-sh/uv:0.12.9
#3 DONE 4.7s

#2 [internal] load metadata for docker.io/library/python:3.14.7-slim
#2 DONE 4.7s

#4 [internal] load .dockerignore
#4 transferring context:
#4 transferring context: 164B 0.1s done
#4 DONE 0.2s

#5 [uv 1/1] FROM ghcr.io/astral-sh/uv:0.12.9@sha256:8b940d3a9d65bed080436972241af2e21c84b5e8c9193f7014ed71479ee795ff
#5 resolve ghcr.io/astral-sh/uv:0.12.9@sha256:8b940d3a9d65bed080436972241af2e21c84b5e8c9193f7014ed71479ee795ff 0.5s done
#5 DONE 0.5s

#6 [stage-1 1/8] FROM docker.io/library/python:3.14.7-slim@sha256:51dafde81dbdb6ebde285137a295cf18a47ca95234fe388a343719cb97305b3d
#6 resolve docker.io/library/python:3.14.7-slim@sha256:51dafde81dbdb6ebde285137a295cf18a47ca95234fe388a343719cb97305b3d 0.5s done
#6 DONE 0.5s

#7 [internal] load build context
#7 transferring context: 86.44kB 0.4s done
#7 DONE 0.5s

#8 [stage-1 6/8] RUN /app/.venv/bin/playwright install --with-deps --only-shell chromium && apt-get install -y --no-install-recommends poppler-utils && chmod -R a+rX /ms-playwright && rm -rf /var/lib/apt/lists/*
#8 CACHED

#9 [stage-1 4/8] COPY source/pyproject.toml source/uv.lock ./
#9 CACHED

#10 [stage-1 5/8] RUN uv sync --frozen --no-install-project
#10 CACHED

#11 [stage-1 6/8] RUN /app/.venv/bin/playwright install --with-deps --only-shell chromium && apt-get install -y --no-install-recommends poppler-utils && chmod -R a+rX /ms-playwright && rm -rf /var/lib/apt/lists/*
#11 CACHED

#12 [stage-1 2/8] COPY --from=uv /uv /bin/uv
#12 CACHED

#13 [stage-1 3/8] WORKDIR /app
#13 CACHED

#14 [stage-1 7/8] COPY source/ ./
#14 DONE 9.6s

#15 [stage-1 8/8] RUN groupadd --gid 10001 qualification && useradd --uid 10001 --gid 10001 --no-create-home qualification
#15 DONE 14.0s

#16 exporting to image
#16 exporting layers
#16 exporting layers 19.6s done
#16 exporting manifest sha256:489a2b2610358731256ddb1542d09157982e4a3aca0a8973292a23e97d2fed7b
#16 exporting manifest sha256:489a2b2610358731256ddb1542d09157982e4a3aca0a8973292a23e97d2fed7b 0.5s done
#16 exporting config sha256:dee6647761c75614dd430a8aaa6a743d8fa5a228638e8f0751447327e225359d
#16 exporting config sha256:dee6647761c75614dd430a8aaa6a743d8fa5a228638e8f0751447327e225359d 0.3s done
#16 exporting attestation manifest sha256:cbc3ac88c59fb47137d3b84b7cde0d4cffc67a04644e0254c4320ab92df18319
#16 exporting attestation manifest sha256:cbc3ac88c59fb47137d3b84b7cde0d4cffc67a04644e0254c4320ab92df18319 0.2s done
#16 exporting manifest list sha256:baffd482187bd4359b7de0a3e208684fd4e77595e566e54faeb467b6ff547087
#16 exporting manifest list sha256:baffd482187bd4359b7de0a3e208684fd4e77595e566e54faeb467b6ff547087 0.2s done
#16 naming to docker.io/library/stewardence-local-qualification:stewardence-local-7ebc7c8576 0.0s done
#16 unpacking to docker.io/library/stewardence-local-qualification:stewardence-local-7ebc7c8576
#16 unpacking to docker.io/library/stewardence-local-qualification:stewardence-local-7ebc7c8576 4.9s done
#16 DONE 26.4s
