Operations to perform:
  Apply all migrations: accounts, assessments, audit, auth, billing, catalog, contenttypes, imports, integrations, inventory, jobs, organizations, policies, reports, reviews, sessions
Running migrations:
  Applying contenttypes.0001_initial... OK
  Applying contenttypes.0002_remove_content_type_name... OK
  Applying auth.0001_initial... OK
  Applying auth.0002_alter_permission_name_max_length... OK
  Applying auth.0003_alter_user_email_max_length... OK
  Applying auth.0004_alter_user_username_opts... OK
  Applying auth.0005_alter_user_last_login_null... OK
  Applying auth.0006_require_contenttypes_0002... OK
  Applying auth.0007_alter_validators_add_error_messages... OK
  Applying auth.0008_alter_user_username_max_length... OK
  Applying auth.0009_alter_user_last_name_max_length... OK
  Applying auth.0010_alter_group_name_max_length... OK
  Applying auth.0011_update_proxy_permissions... OK
  Applying auth.0012_alter_user_first_name_max_length... OK
  Applying accounts.0001_initial... OK
  Applying organizations.0001_initial... OK
  Applying sessions.0001_initial... OK
  Applying inventory.0001_initial... OK
  Applying inventory.0002_database_security... OK
  Applying catalog.0001_initial... OK
  Applying inventory.0003_remove_inventoryitem_product_id_and_more... OK
  Applying assessments.0001_initial... OK
  Applying assessments.0002_snapshot_security... OK
  Applying reports.0001_initial... OK
  Applying audit.0001_initial... OK
  Applying audit.0002_audit_security... OK
  Applying reports.0002_report_security... OK
  Applying reports.0003_reportartifact... OK
  Applying reports.0004_reportartifact_security... OK
  Applying organizations.0002_public_onboarding... OK
  Applying organizations.0003_workflow_profile... OK
  Applying jobs.0001_initial... OK
  Applying jobs.0002_job_security... OK
  Applying jobs.0003_recovery_receipts... OK
  Applying jobs.0004_receipt_admission... OK
  Applying jobs.0005_atomic_recovery_admission... OK
  Applying jobs.0006_corecontrol_workflowschedule_actioncardrevision_and_more... OK
  Applying jobs.0007_core_workflow_security... OK
  Applying jobs.0008_worker_transition_authority... OK
  Applying billing.0001_initial... OK
  Applying billing.0002_stripewebhookevent... OK
  Applying billing.0003_founderslot... OK
  Applying billing.0004_founderslot_reservation_token... OK
  Applying billing.0005_billing_security... OK
  Applying jobs.0009_core_issuance_authority... OK
  Applying jobs.0010_job_input_admission... OK
  Applying jobs.0011_action_card_issuance... OK
  Applying jobs.0012_core_authority_successor... OK
  Applying billing.0006_paid_coverage... OK
  Applying jobs.0013_paid_entitlement... OK
  Applying inventory.0004_discovery_evidence... OK
  Applying inventory.0005_discovery_security... OK
  Applying catalog.0002_catalog_security... OK
  Applying inventory.0006_detectionevidence_inventory_item_and_more... OK
  Applying inventory.0007_inventoryitem_declared_fields... OK
  Applying inventory.0008_explicit_declarations... OK
  Applying assessments.0003_deliberate_capture... OK
  Applying billing.0007_ingester_effects... OK
  Applying billing.0008_checkout_intent... OK
  Applying billing.0009_customer_request... OK
  Applying imports.0001_initial... OK
  Applying imports.0002_import_staging_security... OK
  Applying integrations.0001_initial... OK
  Applying integrations.0002_providerconnection_providerattempt_providerevent_and_more... OK
  Applying jobs.0014_decision_desk... OK
  Applying jobs.0015_legacy_action_card_schema_fence... OK
  Applying policies.0001_initial... OK
  Applying policies.0002_organization_rule_security... OK
  Applying policies.0003_remove_organizationrule_unique_organization_rule_name_and_more... OK
  Applying reviews.0001_initial... OK
  Applying reviews.0002_pack_lifecycle... OK
  Applying reviews.0003_worker_pack_projection... OK
  Applying reports.0005_review_pack_read_authority... OK
  Applying reports.0006_capture_owner_read... OK
  Applying reviews.0004_capture_pack_projection... OK
........................................................................ [ 34%]
......................FF................................................ [ 69%]
................................................................         [100%]
=================================== FAILURES ===================================
_ test_genuine_past_paid_interval_retained_owner_read_and_viewer_privacy[30-True] _

self = <django.db.backends.utils.CursorWrapper object at 0x7fbe311b45f0>
sql = 'INSERT INTO "background_jobs" ("id", "organization_id", "job_type", "payload", "input_sha256", "status", "priority", ...rprint", "created_at", "completed_at") VALUES (%s, %s, %s, %s, %s, %s, %s, %s, %s, %s, %s, %s, %s, %s, %s, %s, %s, %s)'
params = (UUID('91e232f5-9082-4a45-a11e-76e8933e8936'), UUID('f14a6fa1-8bba-41d3-933c-f22dbd6674a6'), 'report_generation', Json...8a1c-0eab-4a5e-a ... (53 chars)), '41d61d4d26d35720d2ab56829ddab7cb29718ae1677dd561dac41dd6a2fa99ad', 'completed', ...)
ignored_wrapper_args = (False, {'connection': <DatabaseWrapper vendor='postgresql' alias='default'>, 'cursor': <django.db.backends.utils.CursorWrapper object at 0x7fbe311b45f0>})

    def _execute(self, sql, params, *ignored_wrapper_args):
        # Raise a warning during app initialization (stored_app_configs is only
        # ever set during testing).
        if not apps.ready and not apps.stored_app_configs:
            warnings.warn(self.APPS_NOT_READY_WARNING_MSG, category=RuntimeWarning)
        self.db.validate_no_broken_transaction()
        with self.db.wrap_database_errors:
            if params is None:
                # params default might be backend specific.
                return self.cursor.execute(sql)
            else:
>               return self.cursor.execute(sql, params)
                       ^^^^^^^^^^^^^^^^^^^^^^^^^^^^^^^^

.venv/lib/python3.14/site-packages/django/db/backends/utils.py:105: 
_ _ _ _ _ _ _ _ _ _ _ _ _ _ _ _ _ _ _ _ _ _ _ _ _ _ _ _ _ _ _ _ _ _ _ _ _ _ _ _ 

self = <django.db.backends.postgresql.base.Cursor [closed] [IDLE] (host=qualification-db user=postgres database=test_qualification) at 0x7fbe322ff690>
query = 'INSERT INTO "background_jobs" ("id", "organization_id", "job_type", "payload", "input_sha256", "status", "priority", ...rprint", "created_at", "completed_at") VALUES (%s, %s, %s, %s, %s, %s, %s, %s, %s, %s, %s, %s, %s, %s, %s, %s, %s, %s)'
params = (UUID('91e232f5-9082-4a45-a11e-76e8933e8936'), UUID('f14a6fa1-8bba-41d3-933c-f22dbd6674a6'), 'report_generation', Json...8a1c-0eab-4a5e-a ... (53 chars)), '41d61d4d26d35720d2ab56829ddab7cb29718ae1677dd561dac41dd6a2fa99ad', 'completed', ...)
prepare = None, binary = None

    def execute(
        self,
        query: Query,
        params: Params | None = None,
        *,
        prepare: bool | None = None,
        binary: bool | None = None,
    ) -> Self:
        """
        Execute a query or command to the database.
        """
        try:
            with self._conn.lock:
                self._conn.wait(
                    self._execute_gen(query, params, prepare=prepare, binary=binary)
                )
        except e._NO_TRACEBACK as ex:
>           raise ex.with_traceback(None)
E           psycopg.errors.RaiseException: New jobs require an unclaimed queued state
E           CONTEXT:  PL/pgSQL function app_private.protect_job_inputs() line 4 at RAISE

.venv/lib/python3.14/site-packages/psycopg/cursor.py:117: RaiseException

The above exception was the direct cause of the following exception:

admitted = (<User: paid-authority@example.invalid>, <Organization: Synthetic paid authority>, <Subscription: Subscription object ...: '86151e86-b8a3-48ab-9765-ed3ac3506c6b', 'stripe_subscription_id': 'sub_test', 'stripe_customer_id': 'cus_test', ...})
age_days = 30, allowed = True
tmp_path = PosixPath('/tmp/pytest-of-qualification/pytest-0/test_genuine_past_paid_interva0')
client = <django.test.client.Client object at 0x7fbe31225630>
settings = <pytest_django.fixtures.Settings object at 0x7fbe31547980>
monkeypatch = <_pytest.monkeypatch.MonkeyPatch object at 0x7fbe31210f30>

    @pytest.mark.parametrize("age_days,allowed", [(30, True), (91, False)])
    def test_genuine_past_paid_interval_retained_owner_read_and_viewer_privacy(
        admitted, age_days, allowed, tmp_path, client, settings, monkeypatch
    ):
>       user, org, subscription, report, storage, pdf = synthetic_archive(
            admitted, age_days, tmp_path
        )

tests/test_capture_archived_reads.py:184: 
_ _ _ _ _ _ _ _ _ _ _ _ _ _ _ _ _ _ _ _ _ _ _ _ _ _ _ _ _ _ _ _ _ _ _ _ _ _ _ _ 
tests/test_capture_archived_reads.py:51: in synthetic_archive
    return _synthetic_archive_owner(admitted, age_days, path)
           ^^^^^^^^^^^^^^^^^^^^^^^^^^^^^^^^^^^^^^^^^^^^^^^^^^
tests/test_capture_archived_reads.py:139: in _synthetic_archive_owner
    job = BackgroundJob.objects.create(
.venv/lib/python3.14/site-packages/django/db/models/manager.py:87: in manager_method
    return getattr(self.get_queryset(), name)(*args, **kwargs)
           ^^^^^^^^^^^^^^^^^^^^^^^^^^^^^^^^^^^^^^^^^^^^^^^^^^^
.venv/lib/python3.14/site-packages/django/db/models/query.py:665: in create
    obj.save(force_insert=True, using=self.db)
apps/jobs/models.py:120: in save
    super().save(*args, **kwargs)
.venv/lib/python3.14/site-packages/django/db/models/base.py:902: in save
    self.save_base(
.venv/lib/python3.14/site-packages/django/db/models/base.py:1008: in save_base
    updated = self._save_table(
.venv/lib/python3.14/site-packages/django/db/models/base.py:1169: in _save_table
    results = self._do_insert(
.venv/lib/python3.14/site-packages/django/db/models/base.py:1210: in _do_insert
    return manager._insert(
.venv/lib/python3.14/site-packages/django/db/models/manager.py:87: in manager_method
    return getattr(self.get_queryset(), name)(*args, **kwargs)
           ^^^^^^^^^^^^^^^^^^^^^^^^^^^^^^^^^^^^^^^^^^^^^^^^^^^
.venv/lib/python3.14/site-packages/django/db/models/query.py:1873: in _insert
    return query.get_compiler(using=using).execute_sql(returning_fields)
           ^^^^^^^^^^^^^^^^^^^^^^^^^^^^^^^^^^^^^^^^^^^^^^^^^^^^^^^^^^^^^
.venv/lib/python3.14/site-packages/django/db/models/sql/compiler.py:1882: in execute_sql
    cursor.execute(sql, params)
.venv/lib/python3.14/site-packages/django/db/backends/utils.py:79: in execute
    return self._execute_with_wrappers(
.venv/lib/python3.14/site-packages/django/db/backends/utils.py:92: in _execute_with_wrappers
    return executor(sql, params, many, context)
           ^^^^^^^^^^^^^^^^^^^^^^^^^^^^^^^^^^^^
.venv/lib/python3.14/site-packages/django/db/backends/utils.py:100: in _execute
    with self.db.wrap_database_errors:
         ^^^^^^^^^^^^^^^^^^^^^^^^^^^^
.venv/lib/python3.14/site-packages/django/db/utils.py:91: in __exit__
    raise dj_exc_value.with_traceback(traceback) from exc_value
.venv/lib/python3.14/site-packages/django/db/backends/utils.py:105: in _execute
    return self.cursor.execute(sql, params)
           ^^^^^^^^^^^^^^^^^^^^^^^^^^^^^^^^
_ _ _ _ _ _ _ _ _ _ _ _ _ _ _ _ _ _ _ _ _ _ _ _ _ _ _ _ _ _ _ _ _ _ _ _ _ _ _ _ 

self = <django.db.backends.postgresql.base.Cursor [closed] [IDLE] (host=qualification-db user=postgres database=test_qualification) at 0x7fbe322ff690>
query = 'INSERT INTO "background_jobs" ("id", "organization_id", "job_type", "payload", "input_sha256", "status", "priority", ...rprint", "created_at", "completed_at") VALUES (%s, %s, %s, %s, %s, %s, %s, %s, %s, %s, %s, %s, %s, %s, %s, %s, %s, %s)'
params = (UUID('91e232f5-9082-4a45-a11e-76e8933e8936'), UUID('f14a6fa1-8bba-41d3-933c-f22dbd6674a6'), 'report_generation', Json...8a1c-0eab-4a5e-a ... (53 chars)), '41d61d4d26d35720d2ab56829ddab7cb29718ae1677dd561dac41dd6a2fa99ad', 'completed', ...)
prepare = None, binary = None

    def execute(
        self,
        query: Query,
        params: Params | None = None,
        *,
        prepare: bool | None = None,
        binary: bool | None = None,
    ) -> Self:
        """
        Execute a query or command to the database.
        """
        try:
            with self._conn.lock:
                self._conn.wait(
                    self._execute_gen(query, params, prepare=prepare, binary=binary)
                )
        except e._NO_TRACEBACK as ex:
>           raise ex.with_traceback(None)
E           django.db.utils.ProgrammingError: New jobs require an unclaimed queued state
E           CONTEXT:  PL/pgSQL function app_private.protect_job_inputs() line 4 at RAISE

.venv/lib/python3.14/site-packages/psycopg/cursor.py:117: ProgrammingError
_ test_genuine_past_paid_interval_retained_owner_read_and_viewer_privacy[91-False] _

self = <django.db.backends.utils.CursorWrapper object at 0x7fbe319109b0>
sql = 'INSERT INTO "background_jobs" ("id", "organization_id", "job_type", "payload", "input_sha256", "status", "priority", ...rprint", "created_at", "completed_at") VALUES (%s, %s, %s, %s, %s, %s, %s, %s, %s, %s, %s, %s, %s, %s, %s, %s, %s, %s)'
params = (UUID('0f399887-c599-4772-a0a0-eefc533a44c3'), UUID('39c968e6-a95d-4a1c-82b5-917c21d4d209'), 'report_generation', Json...2d66-fd12-49ef-9 ... (53 chars)), 'a29d632506c604d3d524f57c66e8088c35a1c9f0c6984b7b0f15394b8f2b1e3c', 'completed', ...)
ignored_wrapper_args = (False, {'connection': <DatabaseWrapper vendor='postgresql' alias='default'>, 'cursor': <django.db.backends.utils.CursorWrapper object at 0x7fbe319109b0>})

    def _execute(self, sql, params, *ignored_wrapper_args):
        # Raise a warning during app initialization (stored_app_configs is only
        # ever set during testing).
        if not apps.ready and not apps.stored_app_configs:
            warnings.warn(self.APPS_NOT_READY_WARNING_MSG, category=RuntimeWarning)
        self.db.validate_no_broken_transaction()
        with self.db.wrap_database_errors:
            if params is None:
                # params default might be backend specific.
                return self.cursor.execute(sql)
            else:
>               return self.cursor.execute(sql, params)
                       ^^^^^^^^^^^^^^^^^^^^^^^^^^^^^^^^

.venv/lib/python3.14/site-packages/django/db/backends/utils.py:105: 
_ _ _ _ _ _ _ _ _ _ _ _ _ _ _ _ _ _ _ _ _ _ _ _ _ _ _ _ _ _ _ _ _ _ _ _ _ _ _ _ 

self = <django.db.backends.postgresql.base.Cursor [closed] [IDLE] (host=qualification-db user=postgres database=test_qualification) at 0x7fbe322fd7f0>
query = 'INSERT INTO "background_jobs" ("id", "organization_id", "job_type", "payload", "input_sha256", "status", "priority", ...rprint", "created_at", "completed_at") VALUES (%s, %s, %s, %s, %s, %s, %s, %s, %s, %s, %s, %s, %s, %s, %s, %s, %s, %s)'
params = (UUID('0f399887-c599-4772-a0a0-eefc533a44c3'), UUID('39c968e6-a95d-4a1c-82b5-917c21d4d209'), 'report_generation', Json...2d66-fd12-49ef-9 ... (53 chars)), 'a29d632506c604d3d524f57c66e8088c35a1c9f0c6984b7b0f15394b8f2b1e3c', 'completed', ...)
prepare = None, binary = None

    def execute(
        self,
        query: Query,
        params: Params | None = None,
        *,
        prepare: bool | None = None,
        binary: bool | None = None,
    ) -> Self:
        """
        Execute a query or command to the database.
        """
        try:
            with self._conn.lock:
                self._conn.wait(
                    self._execute_gen(query, params, prepare=prepare, binary=binary)
                )
        except e._NO_TRACEBACK as ex:
>           raise ex.with_traceback(None)
E           psycopg.errors.RaiseException: New jobs require an unclaimed queued state
E           CONTEXT:  PL/pgSQL function app_private.protect_job_inputs() line 4 at RAISE

.venv/lib/python3.14/site-packages/psycopg/cursor.py:117: RaiseException

The above exception was the direct cause of the following exception:

admitted = (<User: paid-authority@example.invalid>, <Organization: Synthetic paid authority>, <Subscription: Subscription object ...: 'afb6c5da-6452-4a08-9ed9-3b0abbe66bc6', 'stripe_subscription_id': 'sub_test', 'stripe_customer_id': 'cus_test', ...})
age_days = 91, allowed = False
tmp_path = PosixPath('/tmp/pytest-of-qualification/pytest-0/test_genuine_past_paid_interva1')
client = <django.test.client.Client object at 0x7fbe31f61d10>
settings = <pytest_django.fixtures.Settings object at 0x7fbe342c4140>
monkeypatch = <_pytest.monkeypatch.MonkeyPatch object at 0x7fbe315c7690>

    @pytest.mark.parametrize("age_days,allowed", [(30, True), (91, False)])
    def test_genuine_past_paid_interval_retained_owner_read_and_viewer_privacy(
        admitted, age_days, allowed, tmp_path, client, settings, monkeypatch
    ):
>       user, org, subscription, report, storage, pdf = synthetic_archive(
            admitted, age_days, tmp_path
        )

tests/test_capture_archived_reads.py:184: 
_ _ _ _ _ _ _ _ _ _ _ _ _ _ _ _ _ _ _ _ _ _ _ _ _ _ _ _ _ _ _ _ _ _ _ _ _ _ _ _ 
tests/test_capture_archived_reads.py:51: in synthetic_archive
    return _synthetic_archive_owner(admitted, age_days, path)
           ^^^^^^^^^^^^^^^^^^^^^^^^^^^^^^^^^^^^^^^^^^^^^^^^^^
tests/test_capture_archived_reads.py:139: in _synthetic_archive_owner
    job = BackgroundJob.objects.create(
.venv/lib/python3.14/site-packages/django/db/models/manager.py:87: in manager_method
    return getattr(self.get_queryset(), name)(*args, **kwargs)
           ^^^^^^^^^^^^^^^^^^^^^^^^^^^^^^^^^^^^^^^^^^^^^^^^^^^
.venv/lib/python3.14/site-packages/django/db/models/query.py:665: in create
    obj.save(force_insert=True, using=self.db)
apps/jobs/models.py:120: in save
    super().save(*args, **kwargs)
.venv/lib/python3.14/site-packages/django/db/models/base.py:902: in save
    self.save_base(
.venv/lib/python3.14/site-packages/django/db/models/base.py:1008: in save_base
    updated = self._save_table(
.venv/lib/python3.14/site-packages/django/db/models/base.py:1169: in _save_table
    results = self._do_insert(
.venv/lib/python3.14/site-packages/django/db/models/base.py:1210: in _do_insert
    return manager._insert(
.venv/lib/python3.14/site-packages/django/db/models/manager.py:87: in manager_method
    return getattr(self.get_queryset(), name)(*args, **kwargs)
           ^^^^^^^^^^^^^^^^^^^^^^^^^^^^^^^^^^^^^^^^^^^^^^^^^^^
.venv/lib/python3.14/site-packages/django/db/models/query.py:1873: in _insert
    return query.get_compiler(using=using).execute_sql(returning_fields)
           ^^^^^^^^^^^^^^^^^^^^^^^^^^^^^^^^^^^^^^^^^^^^^^^^^^^^^^^^^^^^^
.venv/lib/python3.14/site-packages/django/db/models/sql/compiler.py:1882: in execute_sql
    cursor.execute(sql, params)
.venv/lib/python3.14/site-packages/django/db/backends/utils.py:79: in execute
    return self._execute_with_wrappers(
.venv/lib/python3.14/site-packages/django/db/backends/utils.py:92: in _execute_with_wrappers
    return executor(sql, params, many, context)
           ^^^^^^^^^^^^^^^^^^^^^^^^^^^^^^^^^^^^
.venv/lib/python3.14/site-packages/django/db/backends/utils.py:100: in _execute
    with self.db.wrap_database_errors:
         ^^^^^^^^^^^^^^^^^^^^^^^^^^^^
.venv/lib/python3.14/site-packages/django/db/utils.py:91: in __exit__
    raise dj_exc_value.with_traceback(traceback) from exc_value
.venv/lib/python3.14/site-packages/django/db/backends/utils.py:105: in _execute
    return self.cursor.execute(sql, params)
           ^^^^^^^^^^^^^^^^^^^^^^^^^^^^^^^^
_ _ _ _ _ _ _ _ _ _ _ _ _ _ _ _ _ _ _ _ _ _ _ _ _ _ _ _ _ _ _ _ _ _ _ _ _ _ _ _ 

self = <django.db.backends.postgresql.base.Cursor [closed] [IDLE] (host=qualification-db user=postgres database=test_qualification) at 0x7fbe322fd7f0>
query = 'INSERT INTO "background_jobs" ("id", "organization_id", "job_type", "payload", "input_sha256", "status", "priority", ...rprint", "created_at", "completed_at") VALUES (%s, %s, %s, %s, %s, %s, %s, %s, %s, %s, %s, %s, %s, %s, %s, %s, %s, %s)'
params = (UUID('0f399887-c599-4772-a0a0-eefc533a44c3'), UUID('39c968e6-a95d-4a1c-82b5-917c21d4d209'), 'report_generation', Json...2d66-fd12-49ef-9 ... (53 chars)), 'a29d632506c604d3d524f57c66e8088c35a1c9f0c6984b7b0f15394b8f2b1e3c', 'completed', ...)
prepare = None, binary = None

    def execute(
        self,
        query: Query,
        params: Params | None = None,
        *,
        prepare: bool | None = None,
        binary: bool | None = None,
    ) -> Self:
        """
        Execute a query or command to the database.
        """
        try:
            with self._conn.lock:
                self._conn.wait(
                    self._execute_gen(query, params, prepare=prepare, binary=binary)
                )
        except e._NO_TRACEBACK as ex:
>           raise ex.with_traceback(None)
E           django.db.utils.ProgrammingError: New jobs require an unclaimed queued state
E           CONTEXT:  PL/pgSQL function app_private.protect_job_inputs() line 4 at RAISE

.venv/lib/python3.14/site-packages/psycopg/cursor.py:117: ProgrammingError
=============================== warnings summary ===============================
tests/test_capture_review_ui.py: 21 warnings
tests/test_capture_review_worker.py: 2 warnings
tests/test_capture_report_access.py: 2 warnings
tests/test_core_first_capture_journey.py: 1 warning
  /app/.venv/lib/python3.14/site-packages/django/core/handlers/base.py:61: UserWarning: No directory at: /app/staticfiles/
    mw_instance = middleware(adapted_handler)

-- Docs: https://docs.pytest.org/en/stable/how-to/capture-warnings.html
=========================== short test summary info ============================
FAILED tests/test_capture_archived_reads.py::test_genuine_past_paid_interval_retained_owner_read_and_viewer_privacy[30-True]
FAILED tests/test_capture_archived_reads.py::test_genuine_past_paid_interval_retained_owner_read_and_viewer_privacy[91-False]
2 failed, 206 passed, 26 warnings in 156.33s (0:02:36)
