#0 building with "desktop-linux" instance using docker driver

#1 [internal] load build definition from Dockerfile.qualification
#1 transferring dockerfile: 836B 0.0s done
#1 DONE 0.1s

#2 [internal] load metadata for docker.io/library/python:3.14.7-slim
#2 DONE 1.2s

#3 [internal] load metadata for ghcr.io/astral-sh/uv:0.12.9
#3 DONE 1.2s

#4 [internal] load .dockerignore
#4 transferring context: 164B 0.0s done
#4 DONE 0.1s

#5 [internal] load build context
#5 DONE 0.0s

#6 [uv 1/1] FROM ghcr.io/astral-sh/uv:0.12.9@sha256:8b940d3a9d65bed080436972241af2e21c84b5e8c9193f7014ed71479ee795ff
#6 resolve ghcr.io/astral-sh/uv:0.12.9@sha256:8b940d3a9d65bed080436972241af2e21c84b5e8c9193f7014ed71479ee795ff
#6 resolve ghcr.io/astral-sh/uv:0.12.9@sha256:8b940d3a9d65bed080436972241af2e21c84b5e8c9193f7014ed71479ee795ff 0.2s done
#6 DONE 0.2s

#7 [stage-1 1/8] FROM docker.io/library/python:3.14.7-slim@sha256:51dafde81dbdb6ebde285137a295cf18a47ca95234fe388a343719cb97305b3d
#7 resolve docker.io/library/python:3.14.7-slim@sha256:51dafde81dbdb6ebde285137a295cf18a47ca95234fe388a343719cb97305b3d 0.2s done
#7 DONE 0.2s

#5 [internal] load build context
#5 transferring context: 27.93kB 0.1s done
#5 DONE 0.1s

#8 [stage-1 2/8] COPY --from=uv /uv /bin/uv
#8 CACHED

#9 [stage-1 4/8] COPY source/pyproject.toml source/uv.lock ./
#9 CACHED

#10 [stage-1 6/8] RUN /app/.venv/bin/playwright install --with-deps --only-shell chromium && apt-get install -y --no-install-recommends poppler-utils && chmod -R a+rX /ms-playwright && rm -rf /var/lib/apt/lists/*
#10 CACHED

#11 [stage-1 7/8] COPY source/ ./
#11 CACHED

#12 [stage-1 3/8] WORKDIR /app
#12 CACHED

#13 [stage-1 5/8] RUN uv sync --frozen --no-install-project
#13 CACHED

#14 [stage-1 8/8] RUN groupadd --gid 10001 qualification && useradd --uid 10001 --gid 10001 --no-create-home qualification
#14 CACHED

#15 exporting to image
#15 exporting layers done
#15 exporting manifest sha256:61585bb2df3174e17d4ccd1e34631a1c87a699949aeef978f632ecd27524eae8 0.0s done
#15 exporting config sha256:e5a9bb888a2112dd661fea394663cba417b7c6fa1324097868ead4d60a87d415 0.0s done
#15 exporting attestation manifest sha256:7b67897903d05479417884c30fead7cb9399e972d135efe02231e922fa95c50a
#15 exporting attestation manifest sha256:7b67897903d05479417884c30fead7cb9399e972d135efe02231e922fa95c50a 0.2s done
#15 exporting manifest list sha256:4049b2b5b577772d1d78cd8710b0ef8c6cb106623ce7c367f336d960738321bf
#15 exporting manifest list sha256:4049b2b5b577772d1d78cd8710b0ef8c6cb106623ce7c367f336d960738321bf 0.1s done
#15 naming to docker.io/library/stewardence-local-qualification:stewardence-local-da12894bb6
#15 naming to docker.io/library/stewardence-local-qualification:stewardence-local-da12894bb6 0.0s done
#15 unpacking to docker.io/library/stewardence-local-qualification:stewardence-local-da12894bb6 0.1s done
#15 DONE 0.3s
