#0 building with "desktop-linux" instance using docker driver

#1 [internal] load build definition from Dockerfile.qualification
#1 transferring dockerfile: 836B 0.1s done
#1 DONE 0.2s

#2 [internal] load metadata for docker.io/library/python:3.14.7-slim
#2 ...

#3 [auth] library/python:pull token for registry-1.docker.io
#3 DONE 0.0s

#4 [internal] load metadata for ghcr.io/astral-sh/uv:0.12.9
#4 ...

#2 [internal] load metadata for docker.io/library/python:3.14.7-slim
#2 DONE 1.8s

#4 [internal] load metadata for ghcr.io/astral-sh/uv:0.12.9
#4 DONE 1.8s

#5 [internal] load .dockerignore
#5 transferring context: 32B 0.0s
#5 transferring context: 164B 0.1s done
#5 DONE 0.2s

#6 [internal] load build context
#6 DONE 0.0s

#7 [stage-1 1/8] FROM docker.io/library/python:3.14.7-slim@sha256:51dafde81dbdb6ebde285137a295cf18a47ca95234fe388a343719cb97305b3d
#7 resolve docker.io/library/python:3.14.7-slim@sha256:51dafde81dbdb6ebde285137a295cf18a47ca95234fe388a343719cb97305b3d
#7 resolve docker.io/library/python:3.14.7-slim@sha256:51dafde81dbdb6ebde285137a295cf18a47ca95234fe388a343719cb97305b3d 0.3s done
#7 DONE 0.3s

#8 [uv 1/1] FROM ghcr.io/astral-sh/uv:0.12.9@sha256:8b940d3a9d65bed080436972241af2e21c84b5e8c9193f7014ed71479ee795ff
#8 resolve ghcr.io/astral-sh/uv:0.12.9@sha256:8b940d3a9d65bed080436972241af2e21c84b5e8c9193f7014ed71479ee795ff 0.2s done
#8 DONE 0.3s

#6 [internal] load build context
#6 transferring context: 269.89kB 0.3s done
#6 DONE 2.0s

#9 [stage-1 3/8] WORKDIR /app
#9 CACHED

#10 [stage-1 4/8] COPY source/pyproject.toml source/uv.lock ./
#10 CACHED

#11 [stage-1 5/8] RUN uv sync --frozen --no-install-project
#11 CACHED

#12 [stage-1 2/8] COPY --from=uv /uv /bin/uv
#12 CACHED

#13 [stage-1 6/8] RUN /app/.venv/bin/playwright install --with-deps --only-shell chromium && apt-get install -y --no-install-recommends poppler-utils && chmod -R a+rX /ms-playwright && rm -rf /var/lib/apt/lists/*
#13 CACHED

#14 [stage-1 7/8] COPY source/ ./
#14 DONE 1.9s

#15 [stage-1 8/8] RUN groupadd --gid 10001 qualification && useradd --uid 10001 --gid 10001 --no-create-home qualification
#15 DONE 3.4s

#16 exporting to image
#16 exporting layers
#16 exporting layers 2.2s done
#16 exporting manifest sha256:1fed1a81de69649d19bd29e765e78c54f887670a8ae1e09ef086c4add5962edc 0.1s done
#16 exporting config sha256:aae63390af0124f53631d357923309d995799af99ce38edbfb42552c6c6870ab
#16 exporting config sha256:aae63390af0124f53631d357923309d995799af99ce38edbfb42552c6c6870ab 0.1s done
#16 exporting attestation manifest sha256:0d5de0f71a5cc8d1eeb0b4b60d9c67a87a7fc39c25491ebf5294333d5e2a5d02
#16 exporting attestation manifest sha256:0d5de0f71a5cc8d1eeb0b4b60d9c67a87a7fc39c25491ebf5294333d5e2a5d02 0.1s done
#16 exporting manifest list sha256:5c07a25a3280b93ac9a02cad7c9db2caefa3c4b7cc6f5b3a280112911bfc0f61
#16 exporting manifest list sha256:5c07a25a3280b93ac9a02cad7c9db2caefa3c4b7cc6f5b3a280112911bfc0f61 0.1s done
#16 naming to docker.io/library/stewardence-local-qualification:stewardence-local-2178ce4df6 0.0s done
#16 unpacking to docker.io/library/stewardence-local-qualification:stewardence-local-2178ce4df6
#16 unpacking to docker.io/library/stewardence-local-qualification:stewardence-local-2178ce4df6 2.7s done
#16 DONE 5.6s
