#0 building with "desktop-linux" instance using docker driver

#1 [internal] load build definition from Dockerfile.qualification
#1 transferring dockerfile: 44B 0.1s
#1 transferring dockerfile: 836B 0.1s done
#1 DONE 0.2s

#2 [internal] load metadata for ghcr.io/astral-sh/uv:0.12.9
#2 ...

#3 [internal] load metadata for docker.io/library/python:3.14.7-slim
#3 DONE 2.2s

#2 [internal] load metadata for ghcr.io/astral-sh/uv:0.12.9
#2 DONE 2.5s

#4 [internal] load .dockerignore
#4 transferring context: 164B 0.0s done
#4 DONE 0.1s

#5 [internal] load build context
#5 DONE 0.0s

#6 [uv 1/1] FROM ghcr.io/astral-sh/uv:0.12.9@sha256:8b940d3a9d65bed080436972241af2e21c84b5e8c9193f7014ed71479ee795ff
#6 resolve ghcr.io/astral-sh/uv:0.12.9@sha256:8b940d3a9d65bed080436972241af2e21c84b5e8c9193f7014ed71479ee795ff
#6 resolve ghcr.io/astral-sh/uv:0.12.9@sha256:8b940d3a9d65bed080436972241af2e21c84b5e8c9193f7014ed71479ee795ff 0.2s done
#6 DONE 0.3s

#7 [stage-1 1/8] FROM docker.io/library/python:3.14.7-slim@sha256:51dafde81dbdb6ebde285137a295cf18a47ca95234fe388a343719cb97305b3d
#7 resolve docker.io/library/python:3.14.7-slim@sha256:51dafde81dbdb6ebde285137a295cf18a47ca95234fe388a343719cb97305b3d 0.2s done
#7 DONE 0.2s

#5 [internal] load build context
#5 transferring context: 63.02kB 0.1s done
#5 DONE 0.1s

#8 [stage-1 4/8] COPY source/pyproject.toml source/uv.lock ./
#8 CACHED

#9 [stage-1 5/8] RUN uv sync --frozen --no-install-project
#9 CACHED

#10 [stage-1 2/8] COPY --from=uv /uv /bin/uv
#10 CACHED

#11 [stage-1 3/8] WORKDIR /app
#11 CACHED

#12 [stage-1 6/8] RUN /app/.venv/bin/playwright install --with-deps --only-shell chromium && apt-get install -y --no-install-recommends poppler-utils && chmod -R a+rX /ms-playwright && rm -rf /var/lib/apt/lists/*
#12 CACHED

#13 [stage-1 7/8] COPY source/ ./
#13 DONE 2.0s

#14 [stage-1 8/8] RUN groupadd --gid 10001 qualification && useradd --uid 10001 --gid 10001 --no-create-home qualification
#14 DONE 6.2s

#15 exporting to image
#15 exporting layers
#15 exporting layers 2.3s done
#15 exporting manifest sha256:981ba94fe83b381914c60c198a6e86c7e0345785281e291d6c0905ae470df77f
#15 exporting manifest sha256:981ba94fe83b381914c60c198a6e86c7e0345785281e291d6c0905ae470df77f 0.3s done
#15 exporting config sha256:4cead60123c17be387a8a014a6957abc70e8eb60fc44ae6205c9a1e4febe8696
#15 exporting config sha256:4cead60123c17be387a8a014a6957abc70e8eb60fc44ae6205c9a1e4febe8696 0.1s done
#15 exporting attestation manifest sha256:db33d6a2b015fcd9a83fe37eb8ad460d6ebae996c608082b2ced9c6e9dbc7a50
#15 exporting attestation manifest sha256:db33d6a2b015fcd9a83fe37eb8ad460d6ebae996c608082b2ced9c6e9dbc7a50 0.1s done
#15 exporting manifest list sha256:3e03f4c861a66ff70d9f09b1587b037deb0154c4136af775be28b66c365ad9d2
#15 exporting manifest list sha256:3e03f4c861a66ff70d9f09b1587b037deb0154c4136af775be28b66c365ad9d2 0.2s done
#15 naming to docker.io/library/stewardence-local-qualification:stewardence-local-294f449d8a
#15 naming to docker.io/library/stewardence-local-qualification:stewardence-local-294f449d8a 0.0s done
#15 unpacking to docker.io/library/stewardence-local-qualification:stewardence-local-294f449d8a
#15 unpacking to docker.io/library/stewardence-local-qualification:stewardence-local-294f449d8a 2.8s done
#15 DONE 6.3s
