#0 building with "desktop-linux" instance using docker driver

#1 [internal] load build definition from Dockerfile.qualification
#1 transferring dockerfile: 836B 0.0s done
#1 DONE 0.1s

#2 [internal] load metadata for docker.io/library/python:3.14.7-slim
#2 DONE 1.8s

#3 [internal] load metadata for ghcr.io/astral-sh/uv:0.12.9
#3 DONE 1.9s

#4 [internal] load .dockerignore
#4 transferring context: 164B 0.0s done
#4 DONE 0.1s

#5 [internal] load build context
#5 DONE 0.0s

#6 [uv 1/1] FROM ghcr.io/astral-sh/uv:0.12.9@sha256:8b940d3a9d65bed080436972241af2e21c84b5e8c9193f7014ed71479ee795ff
#6 resolve ghcr.io/astral-sh/uv:0.12.9@sha256:8b940d3a9d65bed080436972241af2e21c84b5e8c9193f7014ed71479ee795ff
#6 resolve ghcr.io/astral-sh/uv:0.12.9@sha256:8b940d3a9d65bed080436972241af2e21c84b5e8c9193f7014ed71479ee795ff 0.2s done
#6 DONE 0.2s

#7 [stage-1 1/8] FROM docker.io/library/python:3.14.7-slim@sha256:51dafde81dbdb6ebde285137a295cf18a47ca95234fe388a343719cb97305b3d
#7 resolve docker.io/library/python:3.14.7-slim@sha256:51dafde81dbdb6ebde285137a295cf18a47ca95234fe388a343719cb97305b3d 0.2s done
#7 DONE 0.2s

#5 [internal] load build context
#5 transferring context: 112.92kB 0.2s done
#5 DONE 0.3s

#8 [stage-1 2/8] COPY --from=uv /uv /bin/uv
#8 CACHED

#9 [stage-1 3/8] WORKDIR /app
#9 CACHED

#10 [stage-1 4/8] COPY source/pyproject.toml source/uv.lock ./
#10 CACHED

#11 [stage-1 5/8] RUN uv sync --frozen --no-install-project
#11 CACHED

#12 [stage-1 6/8] RUN /app/.venv/bin/playwright install --with-deps --only-shell chromium && apt-get install -y --no-install-recommends poppler-utils && chmod -R a+rX /ms-playwright && rm -rf /var/lib/apt/lists/*
#12 CACHED

#13 [stage-1 7/8] COPY source/ ./
#13 DONE 2.3s

#14 [stage-1 8/8] RUN groupadd --gid 10001 qualification && useradd --uid 10001 --gid 10001 --no-create-home qualification
#14 DONE 3.6s

#15 exporting to image
#15 exporting layers
#15 exporting layers 2.4s done
#15 exporting manifest sha256:c325b729051565292a537949a0333220daa0dac4d7eb8fc5cde0dd71b3a6bbd2 0.1s done
#15 exporting config sha256:f14ff419f25f6f9b5b4d956803ed95148155d4743c3b871c68486cd00dee2cc8
#15 exporting config sha256:f14ff419f25f6f9b5b4d956803ed95148155d4743c3b871c68486cd00dee2cc8 0.1s done
#15 exporting attestation manifest sha256:37d79e814019f05b38f29a2767241813f448ee0c25797c5a2c7d80bfead266bf
#15 exporting attestation manifest sha256:37d79e814019f05b38f29a2767241813f448ee0c25797c5a2c7d80bfead266bf 0.1s done
#15 exporting manifest list sha256:1ccce039d70f9253af7cfcd6d72d9e079cb2801f6bdf8d3a89d3ceeb450fb3a6
#15 exporting manifest list sha256:1ccce039d70f9253af7cfcd6d72d9e079cb2801f6bdf8d3a89d3ceeb450fb3a6 0.1s done
#15 naming to docker.io/library/stewardence-local-qualification:stewardence-local-85b68350c8 0.0s done
#15 unpacking to docker.io/library/stewardence-local-qualification:stewardence-local-85b68350c8
#15 unpacking to docker.io/library/stewardence-local-qualification:stewardence-local-85b68350c8 1.2s done
#15 DONE 4.2s
