#0 building with "desktop-linux" instance using docker driver

#1 [internal] load build definition from Dockerfile.qualification
#1 transferring dockerfile: 836B 0.1s done
#1 DONE 0.2s

#2 [internal] load metadata for docker.io/library/python:3.14.7-slim
#2 ...

#3 [auth] library/python:pull token for registry-1.docker.io
#3 DONE 0.0s

#4 [internal] load metadata for ghcr.io/astral-sh/uv:0.12.9
#4 ...

#2 [internal] load metadata for docker.io/library/python:3.14.7-slim
#2 DONE 1.7s

#4 [internal] load metadata for ghcr.io/astral-sh/uv:0.12.9
#4 DONE 1.8s

#5 [internal] load .dockerignore
#5 transferring context:
#5 transferring context: 164B 0.0s done
#5 DONE 0.4s

#6 [internal] load build context
#6 DONE 0.0s

#7 [uv 1/1] FROM ghcr.io/astral-sh/uv:0.12.9@sha256:8b940d3a9d65bed080436972241af2e21c84b5e8c9193f7014ed71479ee795ff
#7 resolve ghcr.io/astral-sh/uv:0.12.9@sha256:8b940d3a9d65bed080436972241af2e21c84b5e8c9193f7014ed71479ee795ff
#7 resolve ghcr.io/astral-sh/uv:0.12.9@sha256:8b940d3a9d65bed080436972241af2e21c84b5e8c9193f7014ed71479ee795ff 0.1s done
#7 DONE 0.1s

#8 [stage-1 1/8] FROM docker.io/library/python:3.14.7-slim@sha256:51dafde81dbdb6ebde285137a295cf18a47ca95234fe388a343719cb97305b3d
#8 resolve docker.io/library/python:3.14.7-slim@sha256:51dafde81dbdb6ebde285137a295cf18a47ca95234fe388a343719cb97305b3d 0.1s done
#8 DONE 0.1s

#6 [internal] load build context
#6 transferring context: 123.56kB 0.1s done
#6 DONE 0.2s

#9 [stage-1 2/8] COPY --from=uv /uv /bin/uv
#9 CACHED

#10 [stage-1 3/8] WORKDIR /app
#10 CACHED

#11 [stage-1 4/8] COPY source/pyproject.toml source/uv.lock ./
#11 CACHED

#12 [stage-1 5/8] RUN uv sync --frozen --no-install-project
#12 CACHED

#13 [stage-1 6/8] RUN /app/.venv/bin/playwright install --with-deps --only-shell chromium && apt-get install -y --no-install-recommends poppler-utils && chmod -R a+rX /ms-playwright && rm -rf /var/lib/apt/lists/*
#13 CACHED

#14 [stage-1 7/8] COPY source/ ./
#14 DONE 2.4s

#15 [stage-1 8/8] RUN groupadd --gid 10001 qualification && useradd --uid 10001 --gid 10001 --no-create-home qualification
#15 DONE 2.6s

#16 exporting to image
#16 exporting layers
#16 exporting layers 2.0s done
#16 exporting manifest sha256:74340565fa064844e4b4a1536bc1860ae7f6d61c1e34a1d97a02aabbeb79c885 0.1s done
#16 exporting config sha256:4a63ad1a96261d021190e9ec185f8460a88f376f1a8fb3bd43f218c5cbcd3121
#16 exporting config sha256:4a63ad1a96261d021190e9ec185f8460a88f376f1a8fb3bd43f218c5cbcd3121 0.1s done
#16 exporting attestation manifest sha256:563dd3c4b89073ac2d864923d36a9741b1d4798449be09d65b247d84b21bbea0
#16 exporting attestation manifest sha256:563dd3c4b89073ac2d864923d36a9741b1d4798449be09d65b247d84b21bbea0 0.1s done
#16 exporting manifest list sha256:b150e557078544cd1eb84665cb08524cdbcbc251da1f50b39e1fb54ecb3b4160
#16 exporting manifest list sha256:b150e557078544cd1eb84665cb08524cdbcbc251da1f50b39e1fb54ecb3b4160 0.1s done
#16 naming to docker.io/library/stewardence-local-qualification:stewardence-local-4481403faa 0.0s done
#16 unpacking to docker.io/library/stewardence-local-qualification:stewardence-local-4481403faa
#16 unpacking to docker.io/library/stewardence-local-qualification:stewardence-local-4481403faa 2.9s done
#16 DONE 5.5s
