#0 building with "desktop-linux" instance using docker driver

#1 [internal] load build definition from Dockerfile.qualification
#1 transferring dockerfile: 836B 0.1s done
#1 DONE 0.1s

#2 [internal] load metadata for docker.io/library/python:3.14.7-slim
#2 DONE 2.0s

#3 [internal] load metadata for ghcr.io/astral-sh/uv:0.12.9
#3 DONE 2.2s

#4 [internal] load .dockerignore
#4 transferring context: 164B 0.0s done
#4 DONE 0.1s

#5 [internal] load build context
#5 DONE 0.0s

#6 [stage-1 1/8] FROM docker.io/library/python:3.14.7-slim@sha256:51dafde81dbdb6ebde285137a295cf18a47ca95234fe388a343719cb97305b3d
#6 resolve docker.io/library/python:3.14.7-slim@sha256:51dafde81dbdb6ebde285137a295cf18a47ca95234fe388a343719cb97305b3d 0.1s done
#6 DONE 0.1s

#7 [uv 1/1] FROM ghcr.io/astral-sh/uv:0.12.9@sha256:8b940d3a9d65bed080436972241af2e21c84b5e8c9193f7014ed71479ee795ff
#7 resolve ghcr.io/astral-sh/uv:0.12.9@sha256:8b940d3a9d65bed080436972241af2e21c84b5e8c9193f7014ed71479ee795ff 0.1s done
#7 DONE 0.1s

#5 [internal] load build context
#5 transferring context: 39.82kB 0.2s done
#5 DONE 0.2s

#8 [stage-1 7/8] COPY source/ ./
#8 CACHED

#9 [stage-1 3/8] WORKDIR /app
#9 CACHED

#10 [stage-1 4/8] COPY source/pyproject.toml source/uv.lock ./
#10 CACHED

#11 [stage-1 5/8] RUN uv sync --frozen --no-install-project
#11 CACHED

#12 [stage-1 2/8] COPY --from=uv /uv /bin/uv
#12 CACHED

#13 [stage-1 6/8] RUN /app/.venv/bin/playwright install --with-deps --only-shell chromium && apt-get install -y --no-install-recommends poppler-utils && chmod -R a+rX /ms-playwright && rm -rf /var/lib/apt/lists/*
#13 CACHED

#14 [stage-1 8/8] RUN groupadd --gid 10001 qualification && useradd --uid 10001 --gid 10001 --no-create-home qualification
#14 CACHED

#15 exporting to image
#15 exporting layers 0.0s done
#15 exporting manifest sha256:cf810f0a6620f8e2062905f016f15e02e8e3b271a18d79552d6b3ca8fcb89a71 done
#15 exporting config sha256:f2619cde32e31f4a74b65bcfe2f1ded41d4d647c4478773cb530a7aa132a1109 done
#15 exporting attestation manifest sha256:33c826ea8ec03bcd71eb86606fe91a5d643551b6d4eb99f96d4e0f92380f9aa1 0.1s done
#15 exporting manifest list sha256:4a084e7d3c456685bf1f808d382c82a0a4a0dc8e0aaad421b503c059d8d52aca
#15 exporting manifest list sha256:4a084e7d3c456685bf1f808d382c82a0a4a0dc8e0aaad421b503c059d8d52aca 0.1s done
#15 naming to docker.io/library/stewardence-local-qualification:stewardence-local-e5917e1d7b 0.0s done
#15 unpacking to docker.io/library/stewardence-local-qualification:stewardence-local-e5917e1d7b 0.0s done
#15 DONE 0.4s

View build details: docker-desktop://dashboard/build/desktop-linux/desktop-linux/qdyyxs6qmj2lwwsvmk0qvdeh6
#0 building with "desktop-linux" instance using docker driver

#1 [internal] load build definition from Dockerfile.renderer
#1 transferring dockerfile: 1.59kB 0.0s done
#1 DONE 0.1s

#2 resolve image config for docker-image://docker.io/docker/dockerfile:1
#2 ...

#3 [auth] docker/dockerfile:pull token for registry-1.docker.io
#3 DONE 0.0s

#2 resolve image config for docker-image://docker.io/docker/dockerfile:1
#2 DONE 0.9s

#4 docker-image://docker.io/docker/dockerfile:1@sha256:4edf897a3ffa55b89f906fc8cc78afdb3f1834cc9c7083565e611a8a7d5fe99e
#4 resolve docker.io/docker/dockerfile:1@sha256:4edf897a3ffa55b89f906fc8cc78afdb3f1834cc9c7083565e611a8a7d5fe99e 0.1s done
#4 CACHED

#5 [internal] load metadata for docker.io/library/python:3.14.7-slim
#5 ...

#6 [internal] load metadata for ghcr.io/astral-sh/uv:0.12.9
#6 DONE 0.3s

#5 [internal] load metadata for docker.io/library/python:3.14.7-slim
#5 DONE 0.3s

#7 [internal] load .dockerignore
#7 transferring context: 121B 0.0s done
#7 DONE 0.0s

#8 [internal] load build context
#8 DONE 0.0s

#9 [builder 1/5] FROM docker.io/library/python:3.14.7-slim@sha256:51dafde81dbdb6ebde285137a295cf18a47ca95234fe388a343719cb97305b3d
#9 resolve docker.io/library/python:3.14.7-slim@sha256:51dafde81dbdb6ebde285137a295cf18a47ca95234fe388a343719cb97305b3d 0.1s done
#9 DONE 0.1s

#10 [uv 1/1] FROM ghcr.io/astral-sh/uv:0.12.9@sha256:8b940d3a9d65bed080436972241af2e21c84b5e8c9193f7014ed71479ee795ff
#10 resolve ghcr.io/astral-sh/uv:0.12.9@sha256:8b940d3a9d65bed080436972241af2e21c84b5e8c9193f7014ed71479ee795ff 0.1s done
#10 DONE 0.1s

#8 [internal] load build context
#8 transferring context: 1.28kB 0.0s done
#8 DONE 0.0s

#11 [runtime  6/10] RUN groupadd --gid 10001 renderer     && useradd --uid 10001 --gid renderer --home-dir /app --no-create-home renderer
#11 CACHED

#12 [runtime  4/10] COPY --from=builder /ms-playwright /ms-playwright
#12 CACHED

#13 [runtime  5/10] RUN .venv/bin/playwright install-deps chromium     && chmod -R a+rX /ms-playwright     && rm -rf /tmp/* /var/lib/apt/lists/*
#13 CACHED

#14 [builder 2/5] WORKDIR /app
#14 CACHED

#15 [runtime  9/10] COPY static/brand/atlas/reports.svg ./static/brand/atlas/reports.svg
#15 CACHED

#16 [builder 4/5] COPY pyproject.toml uv.lock ./
#16 CACHED

#17 [runtime  8/10] COPY static/brand/stewardence-helix-orbit-light.png ./static/brand/stewardence-helix-orbit-light.png
#17 CACHED

#18 [builder 3/5] COPY --from=uv /uv /bin/uv
#18 CACHED

#19 [runtime  7/10] COPY renderer ./renderer
#19 CACHED

#20 [runtime  3/10] COPY --from=builder /app/.venv /app/.venv
#20 CACHED

#21 [builder 5/5] RUN uv sync --frozen --only-group renderer --no-install-project     && uv run --no-sync playwright install --only-shell chromium     && rm -rf /tmp/* /var/lib/apt/lists/*
#21 CACHED

#22 [runtime 10/10] RUN install -d -o renderer -g renderer -m 0700 /work/output
#22 CACHED

#23 exporting to image
#23 exporting layers done
#23 exporting manifest sha256:c211ba3125e833e78248aba5a8dd406981fcb3a3d3eb66b430c501fcd3eb017f done
#23 exporting config sha256:4354dcbacd2d6f65bd15bd6207d49da0257d8f2e2162f552b954283c0a3e0510 done
#23 exporting attestation manifest sha256:5519722949d8a3b617fa5c8cc89b599add83d9d5488d173be30770ba04a18315 0.1s done
#23 exporting manifest list sha256:115693ddb4d03e7fce4af432af46c4ad57e168e13f5967bd60422d0af9dd18ef
#23 exporting manifest list sha256:115693ddb4d03e7fce4af432af46c4ad57e168e13f5967bd60422d0af9dd18ef 0.1s done
#23 naming to docker.io/library/stewardence-local-qualification:stewardence-local-e5917e1d7b-renderer done
#23 unpacking to docker.io/library/stewardence-local-qualification:stewardence-local-e5917e1d7b-renderer 0.0s done
#23 DONE 0.4s

View build details: docker-desktop://dashboard/build/desktop-linux/desktop-linux/iaf03pqul22vy1wmg7k5ez74f
