#0 building with "desktop-linux" instance using docker driver

#1 [internal] load build definition from Dockerfile.qualification
#1 transferring dockerfile: 836B 0.0s done
#1 DONE 0.1s

#2 [internal] load metadata for docker.io/library/python:3.14.7-slim
#2 ...

#3 [auth] library/python:pull token for registry-1.docker.io
#3 DONE 0.0s

#4 [internal] load metadata for ghcr.io/astral-sh/uv:0.12.9
#4 DONE 1.0s

#2 [internal] load metadata for docker.io/library/python:3.14.7-slim
#2 DONE 1.0s

#5 [internal] load .dockerignore
#5 transferring context:
#5 transferring context: 164B 0.0s done
#5 DONE 0.2s

#6 [internal] load build context
#6 DONE 0.0s

#7 [stage-1 1/8] FROM docker.io/library/python:3.14.7-slim@sha256:51dafde81dbdb6ebde285137a295cf18a47ca95234fe388a343719cb97305b3d
#7 resolve docker.io/library/python:3.14.7-slim@sha256:51dafde81dbdb6ebde285137a295cf18a47ca95234fe388a343719cb97305b3d
#7 resolve docker.io/library/python:3.14.7-slim@sha256:51dafde81dbdb6ebde285137a295cf18a47ca95234fe388a343719cb97305b3d 0.2s done
#7 DONE 0.2s

#8 [uv 1/1] FROM ghcr.io/astral-sh/uv:0.12.9@sha256:8b940d3a9d65bed080436972241af2e21c84b5e8c9193f7014ed71479ee795ff
#8 resolve ghcr.io/astral-sh/uv:0.12.9@sha256:8b940d3a9d65bed080436972241af2e21c84b5e8c9193f7014ed71479ee795ff 0.2s done
#8 DONE 0.2s

#6 [internal] load build context
#6 transferring context: 60.48kB 0.2s done
#6 DONE 0.4s

#9 [stage-1 2/8] COPY --from=uv /uv /bin/uv
#9 CACHED

#10 [stage-1 3/8] WORKDIR /app
#10 CACHED

#11 [stage-1 4/8] COPY source/pyproject.toml source/uv.lock ./
#11 CACHED

#12 [stage-1 5/8] RUN uv sync --frozen --no-install-project
#12 CACHED

#13 [stage-1 6/8] RUN /app/.venv/bin/playwright install --with-deps --only-shell chromium && apt-get install -y --no-install-recommends poppler-utils && chmod -R a+rX /ms-playwright && rm -rf /var/lib/apt/lists/*
#13 CACHED

#14 [stage-1 7/8] COPY source/ ./
#14 DONE 0.3s

#15 [stage-1 8/8] RUN groupadd --gid 10001 qualification && useradd --uid 10001 --gid 10001 --no-create-home qualification
#15 DONE 1.4s

#16 exporting to image
#16 exporting layers
#16 exporting layers 0.9s done
#16 exporting manifest sha256:e8d62283042885c2a2356f878d0be2b0116ee391f6b0fc97398a5240c20fe759 0.0s done
#16 exporting config sha256:49a9da584929c6a673cdbea605f6ef90b81c445a637bc51a8d1618fb8005ab22 0.1s done
#16 exporting attestation manifest sha256:f5a1ed2bb5bf2e1ab0e1dbec3b7100a3385d713bc291fac75fd916a85f76d0ba 0.1s done
#16 exporting manifest list sha256:c77c51feca653b4e16d5a2c18f4604478433feec0eef884930e5d8bd301ea534
#16 exporting manifest list sha256:c77c51feca653b4e16d5a2c18f4604478433feec0eef884930e5d8bd301ea534 0.1s done
#16 naming to docker.io/library/stewardence-local-qualification:stewardence-local-29f37080bd 0.0s done
#16 unpacking to docker.io/library/stewardence-local-qualification:stewardence-local-29f37080bd
#16 unpacking to docker.io/library/stewardence-local-qualification:stewardence-local-29f37080bd 0.4s done
#16 DONE 1.7s
