#0 building with "desktop-linux" instance using docker driver

#1 [internal] load build definition from Dockerfile.qualification
#1 transferring dockerfile: 836B 0.0s done
#1 DONE 0.1s

#2 [internal] load metadata for docker.io/library/python:3.14.7-slim
#2 ...

#3 [auth] library/python:pull token for registry-1.docker.io
#3 DONE 0.0s

#4 [internal] load metadata for ghcr.io/astral-sh/uv:0.12.9
#4 DONE 2.2s

#2 [internal] load metadata for docker.io/library/python:3.14.7-slim
#2 DONE 2.6s

#5 [internal] load .dockerignore
#5 transferring context: 164B 0.0s done
#5 DONE 0.1s

#6 [internal] load build context
#6 DONE 0.0s

#7 [uv 1/1] FROM ghcr.io/astral-sh/uv:0.12.9@sha256:8b940d3a9d65bed080436972241af2e21c84b5e8c9193f7014ed71479ee795ff
#7 resolve ghcr.io/astral-sh/uv:0.12.9@sha256:8b940d3a9d65bed080436972241af2e21c84b5e8c9193f7014ed71479ee795ff
#7 resolve ghcr.io/astral-sh/uv:0.12.9@sha256:8b940d3a9d65bed080436972241af2e21c84b5e8c9193f7014ed71479ee795ff 0.2s done
#7 DONE 0.3s

#8 [stage-1 1/8] FROM docker.io/library/python:3.14.7-slim@sha256:51dafde81dbdb6ebde285137a295cf18a47ca95234fe388a343719cb97305b3d
#8 resolve docker.io/library/python:3.14.7-slim@sha256:51dafde81dbdb6ebde285137a295cf18a47ca95234fe388a343719cb97305b3d 0.2s done
#8 DONE 0.2s

#6 [internal] load build context
#6 transferring context: 140.98kB 0.6s done
#6 DONE 0.8s

#9 [stage-1 2/8] COPY --from=uv /uv /bin/uv
#9 CACHED

#10 [stage-1 3/8] WORKDIR /app
#10 CACHED

#11 [stage-1 4/8] COPY source/pyproject.toml source/uv.lock ./
#11 CACHED

#12 [stage-1 5/8] RUN uv sync --frozen --no-install-project
#12 CACHED

#13 [stage-1 6/8] RUN /app/.venv/bin/playwright install --with-deps --only-shell chromium && apt-get install -y --no-install-recommends poppler-utils && chmod -R a+rX /ms-playwright && rm -rf /var/lib/apt/lists/*
#13 CACHED

#14 [stage-1 7/8] COPY source/ ./
#14 DONE 7.3s

#15 [stage-1 8/8] RUN groupadd --gid 10001 qualification && useradd --uid 10001 --gid 10001 --no-create-home qualification
#15 DONE 7.8s

#16 exporting to image
#16 exporting layers
#16 exporting layers 3.0s done
#16 exporting manifest sha256:8842ad337109bbec7a25f7510fec2a7bb0ecb1122d97b901266b9f40529006bd 0.1s done
#16 exporting config sha256:177c6f6c1ad67b807d1d513ea57db8330232d3447891ebf1413c153e9c829622
#16 exporting config sha256:177c6f6c1ad67b807d1d513ea57db8330232d3447891ebf1413c153e9c829622 0.2s done
#16 exporting attestation manifest sha256:24f013304bd9414440f4ef6665e107062dc97a3fbdd118addeef6d2f48ddcd19
#16 exporting attestation manifest sha256:24f013304bd9414440f4ef6665e107062dc97a3fbdd118addeef6d2f48ddcd19 0.1s done
#16 exporting manifest list sha256:03bacddb67d6b432b1a682b4fbc941cf77fd2cf42d312904fd441532120ebc29 0.1s done
#16 naming to docker.io/library/stewardence-local-qualification:stewardence-local-9fb79bbef0 0.0s done
#16 unpacking to docker.io/library/stewardence-local-qualification:stewardence-local-9fb79bbef0
#16 unpacking to docker.io/library/stewardence-local-qualification:stewardence-local-9fb79bbef0 2.2s done
#16 DONE 6.0s
