#0 building with "desktop-linux" instance using docker driver

#1 [internal] load build definition from Dockerfile.qualification
#1 transferring dockerfile: 525B 0.0s done
#1 DONE 0.0s

#2 [auth] library/python:pull token for registry-1.docker.io
#2 DONE 0.0s

#3 [internal] load metadata for ghcr.io/astral-sh/uv:0.12.9
#3 DONE 0.6s

#4 [internal] load metadata for docker.io/library/python:3.14.7-slim
#4 DONE 0.6s

#5 [internal] load .dockerignore
#5 transferring context: 164B done
#5 DONE 0.0s

#6 [internal] load build context
#6 DONE 0.0s

#7 [stage-1 1/7] FROM docker.io/library/python:3.14.7-slim@sha256:51dafde81dbdb6ebde285137a295cf18a47ca95234fe388a343719cb97305b3d
#7 resolve docker.io/library/python:3.14.7-slim@sha256:51dafde81dbdb6ebde285137a295cf18a47ca95234fe388a343719cb97305b3d
#7 resolve docker.io/library/python:3.14.7-slim@sha256:51dafde81dbdb6ebde285137a295cf18a47ca95234fe388a343719cb97305b3d 0.1s done
#7 DONE 0.1s

#8 [uv 1/1] FROM ghcr.io/astral-sh/uv:0.12.9@sha256:8b940d3a9d65bed080436972241af2e21c84b5e8c9193f7014ed71479ee795ff
#8 resolve ghcr.io/astral-sh/uv:0.12.9@sha256:8b940d3a9d65bed080436972241af2e21c84b5e8c9193f7014ed71479ee795ff 0.1s done
#8 DONE 0.1s

#6 [internal] load build context
#6 transferring context: 39.98kB 0.1s done
#6 DONE 0.1s

#9 [stage-1 2/7] COPY --from=uv /uv /bin/uv
#9 CACHED

#10 [stage-1 3/7] WORKDIR /app
#10 CACHED

#11 [stage-1 4/7] COPY source/pyproject.toml source/uv.lock ./
#11 CACHED

#12 [stage-1 5/7] RUN uv sync --frozen --no-install-project
#12 CACHED

#13 [stage-1 6/7] COPY source/ ./
#13 DONE 0.2s

#14 [stage-1 7/7] RUN groupadd --gid 10001 qualification && useradd --uid 10001 --gid 10001 --no-create-home qualification
#14 DONE 0.5s

#15 exporting to image
#15 exporting layers
#15 exporting layers 0.4s done
#15 exporting manifest sha256:ec97c88407b6001036b18f61def449bb1cb588153ffba3b633f753cf09074c65 0.0s done
#15 exporting config sha256:1e9dab857828c4e82b3b3eded70b79eee60fd87ff90b4da490d1c906f223343d 0.0s done
#15 exporting attestation manifest sha256:1511b8dc14e62d783f7195491fb3f3bde4d1cb77b48c0fd3bbf8fa36ca2dfede
#15 exporting attestation manifest sha256:1511b8dc14e62d783f7195491fb3f3bde4d1cb77b48c0fd3bbf8fa36ca2dfede 0.0s done
#15 exporting manifest list sha256:e974ec1c3de21b8ea22767e8d9e65870150f8f56e0ca8812b58a02dd5c624201 0.0s done
#15 naming to docker.io/library/stewardence-local-qualification:stewardence-local-a6fcb654d5 done
#15 unpacking to docker.io/library/stewardence-local-qualification:stewardence-local-a6fcb654d5
#15 unpacking to docker.io/library/stewardence-local-qualification:stewardence-local-a6fcb654d5 0.2s done
#15 DONE 0.9s
